[2019-08-29T15:57:05.739+0930][gc,heap] Heap region size: 1M
[2019-08-29T15:57:05.762+0930][gc     ] Using G1
[2019-08-29T15:57:05.762+0930][gc,heap,coops] Heap address: 0x00000000c0000000, size: 1024 MB, Compressed Oops mode: 32-bit
[2019-08-29T15:57:05.763+0930][gc,cds       ] Mark closed archive regions in map: [0x00000000fff00000, 0x00000000fff69ff8]
[2019-08-29T15:57:05.763+0930][gc,cds       ] Mark open archive regions in map: [0x00000000ffe00000, 0x00000000ffe33ff8]
[2019-08-29T15:57:06.794+0930][gc,start     ] GC(0) Pause Young (Normal) (G1 Evacuation Pause)
[2019-08-29T15:57:06.795+0930][gc,task      ] GC(0) Using 8 workers of 8 for evacuation
[2019-08-29T15:57:06.817+0930][gc,phases    ] GC(0)   Pre Evacuate Collection Set: 0.1ms
[2019-08-29T15:57:06.817+0930][gc,phases    ] GC(0)   Evacuate Collection Set: 17.1ms
[2019-08-29T15:57:06.817+0930][gc,phases    ] GC(0)   Post Evacuate Collection Set: 0.4ms
[2019-08-29T15:57:06.817+0930][gc,phases    ] GC(0)   Other: 5.4ms
[2019-08-29T15:57:06.817+0930][gc,heap      ] GC(0) Eden regions: 51->0(44)
[2019-08-29T15:57:06.817+0930][gc,heap      ] GC(0) Survivor regions: 0->7(7)
[2019-08-29T15:57:06.817+0930][gc,heap      ] GC(0) Old regions: 2->2
[2019-08-29T15:57:06.817+0930][gc,heap      ] GC(0) Humongous regions: 0->0
[2019-08-29T15:57:06.817+0930][gc,metaspace ] GC(0) Metaspace: 16852K->16852K(1064960K)
[2019-08-29T15:57:06.817+0930][gc           ] GC(0) Pause Young (Normal) (G1 Evacuation Pause) 51M->6M(1024M) 23.160ms
[2019-08-29T15:57:06.817+0930][gc,cpu       ] GC(0) User=0.01s Sys=0.06s Real=0.03s
[2019-08-29T15:57:07.187+0930][gc,start     ] GC(1) Pause Young (Concurrent Start) (Metadata GC Threshold)
[2019-08-29T15:57:07.187+0930][gc,task      ] GC(1) Using 8 workers of 8 for evacuation
[2019-08-29T15:57:07.199+0930][gc,phases    ] GC(1)   Pre Evacuate Collection Set: 0.0ms
[2019-08-29T15:57:07.199+0930][gc,phases    ] GC(1)   Evacuate Collection Set: 11.1ms
[2019-08-29T15:57:07.199+0930][gc,phases    ] GC(1)   Post Evacuate Collection Set: 0.3ms
[2019-08-29T15:57:07.199+0930][gc,phases    ] GC(1)   Other: 0.3ms
[2019-08-29T15:57:07.199+0930][gc,heap      ] GC(1) Eden regions: 16->0(49)
[2019-08-29T15:57:07.199+0930][gc,heap      ] GC(1) Survivor regions: 7->2(7)
[2019-08-29T15:57:07.199+0930][gc,heap      ] GC(1) Old regions: 2->8
[2019-08-29T15:57:07.199+0930][gc,heap      ] GC(1) Humongous regions: 129->129
[2019-08-29T15:57:07.199+0930][gc,metaspace ] GC(1) Metaspace: 20449K->20449K(1067008K)
[2019-08-29T15:57:07.199+0930][gc           ] GC(1) Pause Young (Concurrent Start) (Metadata GC Threshold) 151M->137M(1024M) 11.883ms
[2019-08-29T15:57:07.199+0930][gc,cpu       ] GC(1) User=0.00s Sys=0.00s Real=0.01s
[2019-08-29T15:57:07.199+0930][gc           ] GC(2) Concurrent Cycle
[2019-08-29T15:57:07.199+0930][gc,marking   ] GC(2) Concurrent Clear Claimed Marks
[2019-08-29T15:57:07.199+0930][gc,marking   ] GC(2) Concurrent Clear Claimed Marks 0.045ms
[2019-08-29T15:57:07.199+0930][gc,marking   ] GC(2) Concurrent Scan Root Regions
[2019-08-29T15:57:07.200+0930][gc,marking   ] GC(2) Concurrent Scan Root Regions 1.111ms
[2019-08-29T15:57:07.200+0930][gc,marking   ] GC(2) Concurrent Mark (1.473s)
[2019-08-29T15:57:07.200+0930][gc,marking   ] GC(2) Concurrent Mark From Roots
[2019-08-29T15:57:07.200+0930][gc,task      ] GC(2) Using 2 workers of 2 for marking
[2019-08-29T15:57:07.207+0930][gc,marking   ] GC(2) Concurrent Mark From Roots 6.232ms
[2019-08-29T15:57:07.207+0930][gc,marking   ] GC(2) Concurrent Preclean
[2019-08-29T15:57:07.207+0930][gc,marking   ] GC(2) Concurrent Preclean 0.192ms
[2019-08-29T15:57:07.207+0930][gc,marking   ] GC(2) Concurrent Mark (1.473s, 1.479s) 6.482ms
[2019-08-29T15:57:07.207+0930][gc,start     ] GC(2) Pause Remark
[2019-08-29T15:57:07.208+0930][gc,stringtable] GC(2) Cleaned string and symbol table, strings: 4815 processed, 0 removed, symbols: 49810 processed, 44 removed
[2019-08-29T15:57:07.208+0930][gc            ] GC(2) Pause Remark 138M->138M(1024M) 1.464ms
[2019-08-29T15:57:07.208+0930][gc,cpu        ] GC(2) User=0.00s Sys=0.00s Real=0.00s
[2019-08-29T15:57:07.208+0930][gc,marking    ] GC(2) Concurrent Rebuild Remembered Sets
[2019-08-29T15:57:07.211+0930][gc,marking    ] GC(2) Concurrent Rebuild Remembered Sets 2.282ms
[2019-08-29T15:57:07.211+0930][gc,start      ] GC(2) Pause Cleanup
[2019-08-29T15:57:07.211+0930][gc            ] GC(2) Pause Cleanup 138M->138M(1024M) 0.183ms
[2019-08-29T15:57:07.211+0930][gc,cpu        ] GC(2) User=0.00s Sys=0.00s Real=0.00s
[2019-08-29T15:57:07.211+0930][gc,marking    ] GC(2) Concurrent Cleanup for Next Mark
[2019-08-29T15:57:07.221+0930][gc,marking    ] GC(2) Concurrent Cleanup for Next Mark 10.059ms
[2019-08-29T15:57:07.221+0930][gc            ] GC(2) Concurrent Cycle 22.164ms
[2019-08-29T15:57:07.794+0930][gc,start      ] GC(3) Pause Young (Normal) (G1 Evacuation Pause)
[2019-08-29T15:57:07.795+0930][gc,task       ] GC(3) Using 8 workers of 8 for evacuation
[2019-08-29T15:57:07.801+0930][gc,phases     ] GC(3)   Pre Evacuate Collection Set: 0.0ms
[2019-08-29T15:57:07.801+0930][gc,phases     ] GC(3)   Evacuate Collection Set: 5.6ms
[2019-08-29T15:57:07.801+0930][gc,phases     ] GC(3)   Post Evacuate Collection Set: 0.5ms
[2019-08-29T15:57:07.801+0930][gc,phases     ] GC(3)   Other: 0.3ms
[2019-08-29T15:57:07.801+0930][gc,heap       ] GC(3) Eden regions: 49->0(45)
[2019-08-29T15:57:07.801+0930][gc,heap       ] GC(3) Survivor regions: 2->6(7)
[2019-08-29T15:57:07.801+0930][gc,heap       ] GC(3) Old regions: 8->8
[2019-08-29T15:57:07.801+0930][gc,heap       ] GC(3) Humongous regions: 129->129
[2019-08-29T15:57:07.801+0930][gc,metaspace  ] GC(3) Metaspace: 29689K->29689K(1075200K)
[2019-08-29T15:57:07.801+0930][gc            ] GC(3) Pause Young (Normal) (G1 Evacuation Pause) 186M->140M(1024M) 6.463ms
[2019-08-29T15:57:07.801+0930][gc,cpu        ] GC(3) User=0.00s Sys=0.00s Real=0.01s
[2019-08-29T15:57:09.120+0930][gc,heap,exit  ] Heap
[2019-08-29T15:57:09.120+0930][gc,heap,exit  ]  garbage-first heap   total 1048576K, used 169484K [0x00000000c0000000, 0x0000000100000000)
[2019-08-29T15:57:09.120+0930][gc,heap,exit  ]   region size 1024K, 33 young (33792K), 6 survivors (6144K)
[2019-08-29T15:57:09.121+0930][gc,heap,exit  ]  Metaspace       used 32105K, capacity 33882K, committed 33920K, reserved 1077248K
[2019-08-29T15:57:09.121+0930][gc,heap,exit  ]   class space    used 4608K, capacity 5488K, committed 5504K, reserved 1048576K
