[2019-08-29T15:15:38.314+0930][gc,heap] Heap region size: 1M
[2019-08-29T15:15:38.336+0930][gc     ] Using G1
[2019-08-29T15:15:38.336+0930][gc,heap,coops] Heap address: 0x00000000c0000000, size: 1024 MB, Compressed Oops mode: 32-bit
[2019-08-29T15:15:38.337+0930][gc,cds       ] Mark closed archive regions in map: [0x00000000fff00000, 0x00000000fff69ff8]
[2019-08-29T15:15:38.337+0930][gc,cds       ] Mark open archive regions in map: [0x00000000ffe00000, 0x00000000ffe33ff8]
[2019-08-29T15:15:39.345+0930][gc,start     ] GC(0) Pause Young (Normal) (G1 Evacuation Pause)
[2019-08-29T15:15:39.347+0930][gc,task      ] GC(0) Using 8 workers of 8 for evacuation
[2019-08-29T15:15:39.367+0930][gc,phases    ] GC(0)   Pre Evacuate Collection Set: 0.1ms
[2019-08-29T15:15:39.367+0930][gc,phases    ] GC(0)   Evacuate Collection Set: 15.5ms
[2019-08-29T15:15:39.367+0930][gc,phases    ] GC(0)   Post Evacuate Collection Set: 0.5ms
[2019-08-29T15:15:39.367+0930][gc,phases    ] GC(0)   Other: 5.5ms
[2019-08-29T15:15:39.367+0930][gc,heap      ] GC(0) Eden regions: 51->0(44)
[2019-08-29T15:15:39.367+0930][gc,heap      ] GC(0) Survivor regions: 0->7(7)
[2019-08-29T15:15:39.367+0930][gc,heap      ] GC(0) Old regions: 2->2
[2019-08-29T15:15:39.367+0930][gc,heap      ] GC(0) Humongous regions: 0->0
[2019-08-29T15:15:39.367+0930][gc,metaspace ] GC(0) Metaspace: 16927K->16927K(1064960K)
[2019-08-29T15:15:39.367+0930][gc           ] GC(0) Pause Young (Normal) (G1 Evacuation Pause) 51M->6M(1024M) 21.605ms
[2019-08-29T15:15:39.367+0930][gc,cpu       ] GC(0) User=0.06s Sys=0.02s Real=0.03s
[2019-08-29T15:15:39.736+0930][gc,start     ] GC(1) Pause Young (Concurrent Start) (Metadata GC Threshold)
[2019-08-29T15:15:39.736+0930][gc,task      ] GC(1) Using 8 workers of 8 for evacuation
[2019-08-29T15:15:39.748+0930][gc,phases    ] GC(1)   Pre Evacuate Collection Set: 0.0ms
[2019-08-29T15:15:39.748+0930][gc,phases    ] GC(1)   Evacuate Collection Set: 10.9ms
[2019-08-29T15:15:39.748+0930][gc,phases    ] GC(1)   Post Evacuate Collection Set: 0.3ms
[2019-08-29T15:15:39.748+0930][gc,phases    ] GC(1)   Other: 0.3ms
[2019-08-29T15:15:39.748+0930][gc,heap      ] GC(1) Eden regions: 15->0(49)
[2019-08-29T15:15:39.748+0930][gc,heap      ] GC(1) Survivor regions: 7->2(7)
[2019-08-29T15:15:39.748+0930][gc,heap      ] GC(1) Old regions: 2->8
[2019-08-29T15:15:39.748+0930][gc,heap      ] GC(1) Humongous regions: 129->129
[2019-08-29T15:15:39.748+0930][gc,metaspace ] GC(1) Metaspace: 20456K->20456K(1067008K)
[2019-08-29T15:15:39.748+0930][gc           ] GC(1) Pause Young (Concurrent Start) (Metadata GC Threshold) 150M->137M(1024M) 11.650ms
[2019-08-29T15:15:39.748+0930][gc,cpu       ] GC(1) User=0.07s Sys=0.01s Real=0.01s
[2019-08-29T15:15:39.748+0930][gc           ] GC(2) Concurrent Cycle
[2019-08-29T15:15:39.748+0930][gc,marking   ] GC(2) Concurrent Clear Claimed Marks
[2019-08-29T15:15:39.748+0930][gc,marking   ] GC(2) Concurrent Clear Claimed Marks 0.088ms
[2019-08-29T15:15:39.748+0930][gc,marking   ] GC(2) Concurrent Scan Root Regions
[2019-08-29T15:15:39.749+0930][gc,marking   ] GC(2) Concurrent Scan Root Regions 1.089ms
[2019-08-29T15:15:39.749+0930][gc,marking   ] GC(2) Concurrent Mark (1.446s)
[2019-08-29T15:15:39.749+0930][gc,marking   ] GC(2) Concurrent Mark From Roots
[2019-08-29T15:15:39.749+0930][gc,task      ] GC(2) Using 2 workers of 2 for marking
[2019-08-29T15:15:39.753+0930][gc,marking   ] GC(2) Concurrent Mark From Roots 4.348ms
[2019-08-29T15:15:39.753+0930][gc,marking   ] GC(2) Concurrent Preclean
[2019-08-29T15:15:39.754+0930][gc,marking   ] GC(2) Concurrent Preclean 0.198ms
[2019-08-29T15:15:39.754+0930][gc,marking   ] GC(2) Concurrent Mark (1.446s, 1.450s) 4.613ms
[2019-08-29T15:15:39.754+0930][gc,start     ] GC(2) Pause Remark
[2019-08-29T15:15:39.755+0930][gc,stringtable] GC(2) Cleaned string and symbol table, strings: 4802 processed, 0 removed, symbols: 49312 processed, 45 removed
[2019-08-29T15:15:39.755+0930][gc            ] GC(2) Pause Remark 138M->138M(1024M) 1.655ms
[2019-08-29T15:15:39.755+0930][gc,cpu        ] GC(2) User=0.00s Sys=0.00s Real=0.01s
[2019-08-29T15:15:39.756+0930][gc,marking    ] GC(2) Concurrent Rebuild Remembered Sets
[2019-08-29T15:15:39.758+0930][gc,marking    ] GC(2) Concurrent Rebuild Remembered Sets 2.336ms
[2019-08-29T15:15:39.758+0930][gc,start      ] GC(2) Pause Cleanup
[2019-08-29T15:15:39.758+0930][gc            ] GC(2) Pause Cleanup 138M->138M(1024M) 0.187ms
[2019-08-29T15:15:39.758+0930][gc,cpu        ] GC(2) User=0.00s Sys=0.00s Real=0.00s
[2019-08-29T15:15:39.758+0930][gc,marking    ] GC(2) Concurrent Cleanup for Next Mark
[2019-08-29T15:15:39.768+0930][gc,marking    ] GC(2) Concurrent Cleanup for Next Mark 9.998ms
[2019-08-29T15:15:39.768+0930][gc            ] GC(2) Concurrent Cycle 20.487ms
[2019-08-29T15:15:40.339+0930][gc,start      ] GC(3) Pause Young (Normal) (G1 Evacuation Pause)
[2019-08-29T15:15:40.339+0930][gc,task       ] GC(3) Using 8 workers of 8 for evacuation
[2019-08-29T15:15:40.345+0930][gc,phases     ] GC(3)   Pre Evacuate Collection Set: 0.0ms
[2019-08-29T15:15:40.345+0930][gc,phases     ] GC(3)   Evacuate Collection Set: 4.8ms
[2019-08-29T15:15:40.345+0930][gc,phases     ] GC(3)   Post Evacuate Collection Set: 0.4ms
[2019-08-29T15:15:40.345+0930][gc,phases     ] GC(3)   Other: 0.2ms
[2019-08-29T15:15:40.345+0930][gc,heap       ] GC(3) Eden regions: 49->0(46)
[2019-08-29T15:15:40.345+0930][gc,heap       ] GC(3) Survivor regions: 2->5(7)
[2019-08-29T15:15:40.345+0930][gc,heap       ] GC(3) Old regions: 8->8
[2019-08-29T15:15:40.345+0930][gc,heap       ] GC(3) Humongous regions: 129->129
[2019-08-29T15:15:40.345+0930][gc,metaspace  ] GC(3) Metaspace: 29837K->29837K(1075200K)
[2019-08-29T15:15:40.345+0930][gc            ] GC(3) Pause Young (Normal) (G1 Evacuation Pause) 186M->140M(1024M) 5.638ms
[2019-08-29T15:15:40.345+0930][gc,cpu        ] GC(3) User=0.11s Sys=0.00s Real=0.00s
[2019-08-29T15:15:50.117+0930][gc,start      ] GC(4) Pause Young (Concurrent Start) (Metadata GC Threshold)
[2019-08-29T15:15:50.117+0930][gc,task       ] GC(4) Using 8 workers of 8 for evacuation
[2019-08-29T15:15:50.128+0930][gc,phases     ] GC(4)   Pre Evacuate Collection Set: 0.3ms
[2019-08-29T15:15:50.128+0930][gc,phases     ] GC(4)   Evacuate Collection Set: 9.8ms
[2019-08-29T15:15:50.128+0930][gc,phases     ] GC(4)   Post Evacuate Collection Set: 0.4ms
[2019-08-29T15:15:50.128+0930][gc,phases     ] GC(4)   Other: 0.7ms
[2019-08-29T15:15:50.128+0930][gc,heap       ] GC(4) Eden regions: 33->0(48)
[2019-08-29T15:15:50.128+0930][gc,heap       ] GC(4) Survivor regions: 5->3(7)
[2019-08-29T15:15:50.128+0930][gc,heap       ] GC(4) Old regions: 8->13
[2019-08-29T15:15:50.128+0930][gc,heap       ] GC(4) Humongous regions: 129->129
[2019-08-29T15:15:50.128+0930][gc,metaspace  ] GC(4) Metaspace: 33914K->33914K(1079296K)
[2019-08-29T15:15:50.128+0930][gc            ] GC(4) Pause Young (Concurrent Start) (Metadata GC Threshold) 173M->142M(1024M) 11.258ms
[2019-08-29T15:15:50.128+0930][gc,cpu        ] GC(4) User=0.06s Sys=0.04s Real=0.01s
[2019-08-29T15:15:50.128+0930][gc            ] GC(5) Concurrent Cycle
[2019-08-29T15:15:50.128+0930][gc,marking    ] GC(5) Concurrent Clear Claimed Marks
[2019-08-29T15:15:50.128+0930][gc,marking    ] GC(5) Concurrent Clear Claimed Marks 0.090ms
[2019-08-29T15:15:50.128+0930][gc,marking    ] GC(5) Concurrent Scan Root Regions
[2019-08-29T15:15:50.129+0930][gc,marking    ] GC(5) Concurrent Scan Root Regions 0.689ms
[2019-08-29T15:15:50.129+0930][gc,marking    ] GC(5) Concurrent Mark (11.826s)
[2019-08-29T15:15:50.129+0930][gc,marking    ] GC(5) Concurrent Mark From Roots
[2019-08-29T15:15:50.129+0930][gc,task       ] GC(5) Using 2 workers of 2 for marking
[2019-08-29T15:15:50.136+0930][gc,marking    ] GC(5) Concurrent Mark From Roots 7.162ms
[2019-08-29T15:15:50.136+0930][gc,marking    ] GC(5) Concurrent Preclean
[2019-08-29T15:15:50.137+0930][gc,marking    ] GC(5) Concurrent Preclean 0.172ms
[2019-08-29T15:15:50.137+0930][gc,marking    ] GC(5) Concurrent Mark (11.826s, 11.833s) 7.425ms
[2019-08-29T15:15:50.137+0930][gc,start      ] GC(5) Pause Remark
[2019-08-29T15:15:50.139+0930][gc,stringtable] GC(5) Cleaned string and symbol table, strings: 10509 processed, 9 removed, symbols: 74947 processed, 18 removed
[2019-08-29T15:15:50.139+0930][gc            ] GC(5) Pause Remark 142M->142M(1024M) 2.034ms
[2019-08-29T15:15:50.139+0930][gc,cpu        ] GC(5) User=0.02s Sys=0.00s Real=0.00s
[2019-08-29T15:15:50.139+0930][gc,marking    ] GC(5) Concurrent Rebuild Remembered Sets
[2019-08-29T15:15:50.143+0930][gc,marking    ] GC(5) Concurrent Rebuild Remembered Sets 4.173ms
[2019-08-29T15:15:50.143+0930][gc,start      ] GC(5) Pause Cleanup
[2019-08-29T15:15:50.143+0930][gc            ] GC(5) Pause Cleanup 142M->142M(1024M) 0.153ms
[2019-08-29T15:15:50.143+0930][gc,cpu        ] GC(5) User=0.00s Sys=0.00s Real=0.00s
[2019-08-29T15:15:50.143+0930][gc,marking    ] GC(5) Concurrent Cleanup for Next Mark
[2019-08-29T15:15:50.153+0930][gc,marking    ] GC(5) Concurrent Cleanup for Next Mark 9.581ms
[2019-08-29T15:15:50.153+0930][gc            ] GC(5) Concurrent Cycle 24.639ms
[2019-08-29T15:18:32.922+0930][gc,start      ] GC(6) Pause Young (Normal) (G1 Evacuation Pause)
[2019-08-29T15:18:32.922+0930][gc,task       ] GC(6) Using 8 workers of 8 for evacuation
[2019-08-29T15:18:32.925+0930][gc,phases     ] GC(6)   Pre Evacuate Collection Set: 0.2ms
[2019-08-29T15:18:32.925+0930][gc,phases     ] GC(6)   Evacuate Collection Set: 2.4ms
[2019-08-29T15:18:32.925+0930][gc,phases     ] GC(6)   Post Evacuate Collection Set: 0.4ms
[2019-08-29T15:18:32.925+0930][gc,phases     ] GC(6)   Other: 0.2ms
[2019-08-29T15:18:32.925+0930][gc,heap       ] GC(6) Eden regions: 48->0(47)
[2019-08-29T15:18:32.925+0930][gc,heap       ] GC(6) Survivor regions: 3->4(7)
[2019-08-29T15:18:32.925+0930][gc,heap       ] GC(6) Old regions: 13->13
[2019-08-29T15:18:32.925+0930][gc,heap       ] GC(6) Humongous regions: 129->129
[2019-08-29T15:18:32.925+0930][gc,metaspace  ] GC(6) Metaspace: 35445K->35445K(1081344K)
[2019-08-29T15:18:32.925+0930][gc            ] GC(6) Pause Young (Normal) (G1 Evacuation Pause) 190M->143M(1024M) 3.361ms
[2019-08-29T15:18:32.925+0930][gc,cpu        ] GC(6) User=0.00s Sys=0.00s Real=0.00s
[2019-08-29T15:18:34.423+0930][gc,start      ] GC(7) Pause Young (Normal) (G1 Evacuation Pause)
[2019-08-29T15:18:34.423+0930][gc,task       ] GC(7) Using 8 workers of 8 for evacuation
[2019-08-29T15:18:34.427+0930][gc,phases     ] GC(7)   Pre Evacuate Collection Set: 0.0ms
[2019-08-29T15:18:34.427+0930][gc,phases     ] GC(7)   Evacuate Collection Set: 3.8ms
[2019-08-29T15:18:34.427+0930][gc,phases     ] GC(7)   Post Evacuate Collection Set: 0.5ms
[2019-08-29T15:18:34.427+0930][gc,phases     ] GC(7)   Other: 0.3ms
[2019-08-29T15:18:34.427+0930][gc,heap       ] GC(7) Eden regions: 47->0(47)
[2019-08-29T15:18:34.427+0930][gc,heap       ] GC(7) Survivor regions: 4->4(7)
[2019-08-29T15:18:34.427+0930][gc,heap       ] GC(7) Old regions: 13->13
[2019-08-29T15:18:34.427+0930][gc,heap       ] GC(7) Humongous regions: 129->129
[2019-08-29T15:18:34.427+0930][gc,metaspace  ] GC(7) Metaspace: 35450K->35450K(1081344K)
[2019-08-29T15:18:34.427+0930][gc            ] GC(7) Pause Young (Normal) (G1 Evacuation Pause) 190M->143M(1024M) 4.650ms
[2019-08-29T15:18:34.427+0930][gc,cpu        ] GC(7) User=0.00s Sys=0.00s Real=0.01s
[2019-08-29T15:18:35.555+0930][gc,start      ] GC(8) Pause Young (Normal) (G1 Evacuation Pause)
[2019-08-29T15:18:35.555+0930][gc,task       ] GC(8) Using 8 workers of 8 for evacuation
[2019-08-29T15:18:35.558+0930][gc,phases     ] GC(8)   Pre Evacuate Collection Set: 0.0ms
[2019-08-29T15:18:35.558+0930][gc,phases     ] GC(8)   Evacuate Collection Set: 2.5ms
[2019-08-29T15:18:35.558+0930][gc,phases     ] GC(8)   Post Evacuate Collection Set: 0.4ms
[2019-08-29T15:18:35.558+0930][gc,phases     ] GC(8)   Other: 0.2ms
[2019-08-29T15:18:35.558+0930][gc,heap       ] GC(8) Eden regions: 47->0(47)
[2019-08-29T15:18:35.558+0930][gc,heap       ] GC(8) Survivor regions: 4->4(7)
[2019-08-29T15:18:35.558+0930][gc,heap       ] GC(8) Old regions: 13->13
[2019-08-29T15:18:35.558+0930][gc,heap       ] GC(8) Humongous regions: 129->129
[2019-08-29T15:18:35.558+0930][gc,metaspace  ] GC(8) Metaspace: 35450K->35450K(1081344K)
[2019-08-29T15:18:35.558+0930][gc            ] GC(8) Pause Young (Normal) (G1 Evacuation Pause) 190M->143M(1024M) 3.268ms
[2019-08-29T15:18:35.558+0930][gc,cpu        ] GC(8) User=0.00s Sys=0.00s Real=0.01s
[2019-08-29T15:18:36.498+0930][gc,start      ] GC(9) Pause Young (Normal) (G1 Evacuation Pause)
[2019-08-29T15:18:36.498+0930][gc,task       ] GC(9) Using 8 workers of 8 for evacuation
[2019-08-29T15:18:36.501+0930][gc,phases     ] GC(9)   Pre Evacuate Collection Set: 0.0ms
[2019-08-29T15:18:36.501+0930][gc,phases     ] GC(9)   Evacuate Collection Set: 2.5ms
[2019-08-29T15:18:36.501+0930][gc,phases     ] GC(9)   Post Evacuate Collection Set: 0.3ms
[2019-08-29T15:18:36.501+0930][gc,phases     ] GC(9)   Other: 0.2ms
[2019-08-29T15:18:36.501+0930][gc,heap       ] GC(9) Eden regions: 47->0(55)
[2019-08-29T15:18:36.501+0930][gc,heap       ] GC(9) Survivor regions: 4->4(7)
[2019-08-29T15:18:36.501+0930][gc,heap       ] GC(9) Old regions: 13->13
[2019-08-29T15:18:36.501+0930][gc,heap       ] GC(9) Humongous regions: 129->129
[2019-08-29T15:18:36.502+0930][gc,metaspace  ] GC(9) Metaspace: 35452K->35452K(1081344K)
[2019-08-29T15:18:36.502+0930][gc            ] GC(9) Pause Young (Normal) (G1 Evacuation Pause) 190M->143M(1024M) 3.143ms
[2019-08-29T15:18:36.502+0930][gc,cpu        ] GC(9) User=0.00s Sys=0.00s Real=0.00s
[2019-08-29T15:18:37.630+0930][gc,start      ] GC(10) Pause Young (Normal) (G1 Evacuation Pause)
[2019-08-29T15:18:37.630+0930][gc,task       ] GC(10) Using 8 workers of 8 for evacuation
[2019-08-29T15:18:37.634+0930][gc,phases     ] GC(10)   Pre Evacuate Collection Set: 0.0ms
[2019-08-29T15:18:37.634+0930][gc,phases     ] GC(10)   Evacuate Collection Set: 3.9ms
[2019-08-29T15:18:37.634+0930][gc,phases     ] GC(10)   Post Evacuate Collection Set: 0.4ms
[2019-08-29T15:18:37.634+0930][gc,phases     ] GC(10)   Other: 0.2ms
[2019-08-29T15:18:37.634+0930][gc,heap       ] GC(10) Eden regions: 55->0(74)
[2019-08-29T15:18:37.634+0930][gc,heap       ] GC(10) Survivor regions: 4->4(8)
[2019-08-29T15:18:37.634+0930][gc,heap       ] GC(10) Old regions: 13->13
[2019-08-29T15:18:37.634+0930][gc,heap       ] GC(10) Humongous regions: 129->129
[2019-08-29T15:18:37.634+0930][gc,metaspace  ] GC(10) Metaspace: 35459K->35459K(1081344K)
[2019-08-29T15:18:37.635+0930][gc            ] GC(10) Pause Young (Normal) (G1 Evacuation Pause) 198M->143M(1024M) 4.704ms
[2019-08-29T15:18:37.635+0930][gc,cpu        ] GC(10) User=0.00s Sys=0.00s Real=0.00s
[2019-08-29T15:18:39.155+0930][gc,start      ] GC(11) Pause Young (Normal) (G1 Evacuation Pause)
[2019-08-29T15:18:39.155+0930][gc,task       ] GC(11) Using 8 workers of 8 for evacuation
[2019-08-29T15:18:39.160+0930][gc,phases     ] GC(11)   Pre Evacuate Collection Set: 0.0ms
[2019-08-29T15:18:39.160+0930][gc,phases     ] GC(11)   Evacuate Collection Set: 4.4ms
[2019-08-29T15:18:39.160+0930][gc,phases     ] GC(11)   Post Evacuate Collection Set: 0.3ms
[2019-08-29T15:18:39.160+0930][gc,phases     ] GC(11)   Other: 0.2ms
[2019-08-29T15:18:39.160+0930][gc,heap       ] GC(11) Eden regions: 74->0(115)
[2019-08-29T15:18:39.160+0930][gc,heap       ] GC(11) Survivor regions: 4->4(10)
[2019-08-29T15:18:39.160+0930][gc,heap       ] GC(11) Old regions: 13->13
[2019-08-29T15:18:39.160+0930][gc,heap       ] GC(11) Humongous regions: 129->129
[2019-08-29T15:18:39.160+0930][gc,metaspace  ] GC(11) Metaspace: 35459K->35459K(1081344K)
[2019-08-29T15:18:39.160+0930][gc            ] GC(11) Pause Young (Normal) (G1 Evacuation Pause) 217M->143M(1024M) 5.124ms
[2019-08-29T15:18:39.160+0930][gc,cpu        ] GC(11) User=0.00s Sys=0.00s Real=0.01s
[2019-08-29T15:18:41.482+0930][gc,start      ] GC(12) Pause Young (Normal) (G1 Evacuation Pause)
[2019-08-29T15:18:41.482+0930][gc,task       ] GC(12) Using 8 workers of 8 for evacuation
[2019-08-29T15:18:41.486+0930][gc,phases     ] GC(12)   Pre Evacuate Collection Set: 0.0ms
[2019-08-29T15:18:41.486+0930][gc,phases     ] GC(12)   Evacuate Collection Set: 4.0ms
[2019-08-29T15:18:41.486+0930][gc,phases     ] GC(12)   Post Evacuate Collection Set: 0.4ms
[2019-08-29T15:18:41.487+0930][gc,phases     ] GC(12)   Other: 0.2ms
[2019-08-29T15:18:41.487+0930][gc,heap       ] GC(12) Eden regions: 115->0(149)
[2019-08-29T15:18:41.487+0930][gc,heap       ] GC(12) Survivor regions: 4->4(15)
[2019-08-29T15:18:41.487+0930][gc,heap       ] GC(12) Old regions: 13->13
[2019-08-29T15:18:41.487+0930][gc,heap       ] GC(12) Humongous regions: 129->129
[2019-08-29T15:18:41.487+0930][gc,metaspace  ] GC(12) Metaspace: 35460K->35460K(1081344K)
[2019-08-29T15:18:41.487+0930][gc            ] GC(12) Pause Young (Normal) (G1 Evacuation Pause) 258M->143M(1024M) 4.811ms
[2019-08-29T15:18:41.487+0930][gc,cpu        ] GC(12) User=0.00s Sys=0.00s Real=0.01s
[2019-08-29T15:18:44.630+0930][gc,start      ] GC(13) Pause Young (Normal) (G1 Evacuation Pause)
[2019-08-29T15:18:44.630+0930][gc,task       ] GC(13) Using 8 workers of 8 for evacuation
[2019-08-29T15:18:44.635+0930][gc,phases     ] GC(13)   Pre Evacuate Collection Set: 0.0ms
[2019-08-29T15:18:44.635+0930][gc,phases     ] GC(13)   Evacuate Collection Set: 4.0ms
[2019-08-29T15:18:44.635+0930][gc,phases     ] GC(13)   Post Evacuate Collection Set: 0.4ms
[2019-08-29T15:18:44.635+0930][gc,phases     ] GC(13)   Other: 0.2ms
[2019-08-29T15:18:44.635+0930][gc,heap       ] GC(13) Eden regions: 149->0(181)
[2019-08-29T15:18:44.635+0930][gc,heap       ] GC(13) Survivor regions: 4->4(20)
[2019-08-29T15:18:44.635+0930][gc,heap       ] GC(13) Old regions: 13->13
[2019-08-29T15:18:44.635+0930][gc,heap       ] GC(13) Humongous regions: 129->129
[2019-08-29T15:18:44.635+0930][gc,metaspace  ] GC(13) Metaspace: 35460K->35460K(1081344K)
[2019-08-29T15:18:44.635+0930][gc            ] GC(13) Pause Young (Normal) (G1 Evacuation Pause) 292M->143M(1024M) 4.809ms
[2019-08-29T15:18:44.635+0930][gc,cpu        ] GC(13) User=0.00s Sys=0.00s Real=0.00s
[2019-08-29T15:18:48.377+0930][gc,start      ] GC(14) Pause Young (Normal) (G1 Evacuation Pause)
[2019-08-29T15:18:48.377+0930][gc,task       ] GC(14) Using 8 workers of 8 for evacuation
[2019-08-29T15:18:48.383+0930][gc,phases     ] GC(14)   Pre Evacuate Collection Set: 0.0ms
[2019-08-29T15:18:48.383+0930][gc,phases     ] GC(14)   Evacuate Collection Set: 4.4ms
[2019-08-29T15:18:48.383+0930][gc,phases     ] GC(14)   Post Evacuate Collection Set: 1.1ms
[2019-08-29T15:18:48.383+0930][gc,phases     ] GC(14)   Other: 0.2ms
[2019-08-29T15:18:48.383+0930][gc,heap       ] GC(14) Eden regions: 181->0(226)
[2019-08-29T15:18:48.383+0930][gc,heap       ] GC(14) Survivor regions: 4->4(24)
[2019-08-29T15:18:48.383+0930][gc,heap       ] GC(14) Old regions: 13->13
[2019-08-29T15:18:48.383+0930][gc,heap       ] GC(14) Humongous regions: 129->129
[2019-08-29T15:18:48.383+0930][gc,metaspace  ] GC(14) Metaspace: 35465K->35465K(1081344K)
[2019-08-29T15:18:48.383+0930][gc            ] GC(14) Pause Young (Normal) (G1 Evacuation Pause) 324M->143M(1024M) 5.837ms
[2019-08-29T15:18:48.383+0930][gc,cpu        ] GC(14) User=0.00s Sys=0.00s Real=0.00s
[2019-08-29T15:18:52.994+0930][gc,start      ] GC(15) Pause Young (Normal) (G1 Evacuation Pause)
[2019-08-29T15:18:52.994+0930][gc,task       ] GC(15) Using 8 workers of 8 for evacuation
[2019-08-29T15:18:52.999+0930][gc,phases     ] GC(15)   Pre Evacuate Collection Set: 0.0ms
[2019-08-29T15:18:52.999+0930][gc,phases     ] GC(15)   Evacuate Collection Set: 4.4ms
[2019-08-29T15:18:52.999+0930][gc,phases     ] GC(15)   Post Evacuate Collection Set: 0.4ms
[2019-08-29T15:18:52.999+0930][gc,phases     ] GC(15)   Other: 0.2ms
[2019-08-29T15:18:52.999+0930][gc,heap       ] GC(15) Eden regions: 226->0(330)
[2019-08-29T15:18:52.999+0930][gc,heap       ] GC(15) Survivor regions: 4->4(29)
[2019-08-29T15:18:52.999+0930][gc,heap       ] GC(15) Old regions: 13->13
[2019-08-29T15:18:52.999+0930][gc,heap       ] GC(15) Humongous regions: 129->129
[2019-08-29T15:18:52.999+0930][gc,metaspace  ] GC(15) Metaspace: 35469K->35469K(1081344K)
[2019-08-29T15:18:52.999+0930][gc            ] GC(15) Pause Young (Normal) (G1 Evacuation Pause) 369M->143M(1024M) 5.227ms
[2019-08-29T15:18:52.999+0930][gc,cpu        ] GC(15) User=0.11s Sys=0.00s Real=0.01s
[2019-08-29T15:18:59.936+0930][gc,start      ] GC(16) Pause Young (Normal) (G1 Evacuation Pause)
[2019-08-29T15:18:59.936+0930][gc,task       ] GC(16) Using 8 workers of 8 for evacuation
[2019-08-29T15:18:59.941+0930][gc,phases     ] GC(16)   Pre Evacuate Collection Set: 0.0ms
[2019-08-29T15:18:59.941+0930][gc,phases     ] GC(16)   Evacuate Collection Set: 4.5ms
[2019-08-29T15:18:59.941+0930][gc,phases     ] GC(16)   Post Evacuate Collection Set: 0.5ms
[2019-08-29T15:18:59.941+0930][gc,phases     ] GC(16)   Other: 0.2ms
[2019-08-29T15:18:59.941+0930][gc,heap       ] GC(16) Eden regions: 330->0(398)
[2019-08-29T15:18:59.941+0930][gc,heap       ] GC(16) Survivor regions: 4->4(42)
[2019-08-29T15:18:59.941+0930][gc,heap       ] GC(16) Old regions: 13->13
[2019-08-29T15:18:59.941+0930][gc,heap       ] GC(16) Humongous regions: 129->129
[2019-08-29T15:18:59.941+0930][gc,metaspace  ] GC(16) Metaspace: 35472K->35472K(1081344K)
[2019-08-29T15:18:59.941+0930][gc            ] GC(16) Pause Young (Normal) (G1 Evacuation Pause) 473M->143M(1024M) 5.280ms
[2019-08-29T15:18:59.941+0930][gc,cpu        ] GC(16) User=0.00s Sys=0.00s Real=0.00s
[2019-08-29T15:19:08.457+0930][gc,start      ] GC(17) Pause Young (Normal) (G1 Evacuation Pause)
[2019-08-29T15:19:08.457+0930][gc,task       ] GC(17) Using 8 workers of 8 for evacuation
[2019-08-29T15:19:08.463+0930][gc,phases     ] GC(17)   Pre Evacuate Collection Set: 0.0ms
[2019-08-29T15:19:08.463+0930][gc,phases     ] GC(17)   Evacuate Collection Set: 5.4ms
[2019-08-29T15:19:08.463+0930][gc,phases     ] GC(17)   Post Evacuate Collection Set: 0.5ms
[2019-08-29T15:19:08.463+0930][gc,phases     ] GC(17)   Other: 0.2ms
[2019-08-29T15:19:08.463+0930][gc,heap       ] GC(17) Eden regions: 398->0(457)
[2019-08-29T15:19:08.463+0930][gc,heap       ] GC(17) Survivor regions: 4->4(51)
[2019-08-29T15:19:08.463+0930][gc,heap       ] GC(17) Old regions: 13->13
[2019-08-29T15:19:08.463+0930][gc,heap       ] GC(17) Humongous regions: 129->129
[2019-08-29T15:19:08.463+0930][gc,metaspace  ] GC(17) Metaspace: 35485K->35485K(1081344K)
[2019-08-29T15:19:08.464+0930][gc            ] GC(17) Pause Young (Normal) (G1 Evacuation Pause) 541M->143M(1024M) 6.307ms
[2019-08-29T15:19:08.464+0930][gc,cpu        ] GC(17) User=0.00s Sys=0.00s Real=0.00s
[2019-08-29T15:19:18.836+0930][gc,start      ] GC(18) Pause Young (Normal) (G1 Evacuation Pause)
[2019-08-29T15:19:18.836+0930][gc,task       ] GC(18) Using 8 workers of 8 for evacuation
[2019-08-29T15:19:18.842+0930][gc,phases     ] GC(18)   Pre Evacuate Collection Set: 0.0ms
[2019-08-29T15:19:18.842+0930][gc,phases     ] GC(18)   Evacuate Collection Set: 4.6ms
[2019-08-29T15:19:18.842+0930][gc,phases     ] GC(18)   Post Evacuate Collection Set: 0.5ms
[2019-08-29T15:19:18.842+0930][gc,phases     ] GC(18)   Other: 0.3ms
[2019-08-29T15:19:18.842+0930][gc,heap       ] GC(18) Eden regions: 457->0(493)
[2019-08-29T15:19:18.842+0930][gc,heap       ] GC(18) Survivor regions: 4->4(58)
[2019-08-29T15:19:18.842+0930][gc,heap       ] GC(18) Old regions: 13->13
[2019-08-29T15:19:18.842+0930][gc,heap       ] GC(18) Humongous regions: 129->129
[2019-08-29T15:19:18.842+0930][gc,metaspace  ] GC(18) Metaspace: 35495K->35495K(1081344K)
[2019-08-29T15:19:18.842+0930][gc            ] GC(18) Pause Young (Normal) (G1 Evacuation Pause) 600M->143M(1024M) 5.557ms
[2019-08-29T15:19:18.842+0930][gc,cpu        ] GC(18) User=0.06s Sys=0.06s Real=0.00s
[2019-08-29T15:19:29.852+0930][gc,start      ] GC(19) Pause Young (Normal) (G1 Evacuation Pause)
[2019-08-29T15:19:29.852+0930][gc,task       ] GC(19) Using 8 workers of 8 for evacuation
[2019-08-29T15:19:29.858+0930][gc,phases     ] GC(19)   Pre Evacuate Collection Set: 0.0ms
[2019-08-29T15:19:29.858+0930][gc,phases     ] GC(19)   Evacuate Collection Set: 5.0ms
[2019-08-29T15:19:29.858+0930][gc,phases     ] GC(19)   Post Evacuate Collection Set: 0.5ms
[2019-08-29T15:19:29.858+0930][gc,phases     ] GC(19)   Other: 0.3ms
[2019-08-29T15:19:29.858+0930][gc,heap       ] GC(19) Eden regions: 493->0(543)
[2019-08-29T15:19:29.858+0930][gc,heap       ] GC(19) Survivor regions: 4->4(63)
[2019-08-29T15:19:29.858+0930][gc,heap       ] GC(19) Old regions: 13->13
[2019-08-29T15:19:29.858+0930][gc,heap       ] GC(19) Humongous regions: 129->129
[2019-08-29T15:19:29.858+0930][gc,metaspace  ] GC(19) Metaspace: 35521K->35521K(1081344K)
[2019-08-29T15:19:29.858+0930][gc            ] GC(19) Pause Young (Normal) (G1 Evacuation Pause) 636M->143M(1024M) 5.996ms
[2019-08-29T15:19:29.858+0930][gc,cpu        ] GC(19) User=0.07s Sys=0.05s Real=0.01s
[2019-08-29T15:19:42.007+0930][gc,start      ] GC(20) Pause Young (Normal) (G1 Evacuation Pause)
[2019-08-29T15:19:42.007+0930][gc,task       ] GC(20) Using 8 workers of 8 for evacuation
[2019-08-29T15:19:42.015+0930][gc,phases     ] GC(20)   Pre Evacuate Collection Set: 0.0ms
[2019-08-29T15:19:42.016+0930][gc,phases     ] GC(20)   Evacuate Collection Set: 7.6ms
[2019-08-29T15:19:42.016+0930][gc,phases     ] GC(20)   Post Evacuate Collection Set: 0.6ms
[2019-08-29T15:19:42.016+0930][gc,phases     ] GC(20)   Other: 0.2ms
[2019-08-29T15:19:42.016+0930][gc,heap       ] GC(20) Eden regions: 543->0(576)
[2019-08-29T15:19:42.016+0930][gc,heap       ] GC(20) Survivor regions: 4->2(69)
[2019-08-29T15:19:42.016+0930][gc,heap       ] GC(20) Old regions: 13->15
[2019-08-29T15:19:42.016+0930][gc,heap       ] GC(20) Humongous regions: 129->129
[2019-08-29T15:19:42.016+0930][gc,metaspace  ] GC(20) Metaspace: 35530K->35530K(1081344K)
[2019-08-29T15:19:42.016+0930][gc            ] GC(20) Pause Young (Normal) (G1 Evacuation Pause) 686M->143M(1024M) 8.584ms
[2019-08-29T15:19:42.016+0930][gc,cpu        ] GC(20) User=0.08s Sys=0.01s Real=0.01s
[2019-08-29T15:19:54.217+0930][gc,start      ] GC(21) Pause Young (Normal) (G1 Evacuation Pause)
[2019-08-29T15:19:54.217+0930][gc,task       ] GC(21) Using 8 workers of 8 for evacuation
[2019-08-29T15:19:54.221+0930][gc,phases     ] GC(21)   Pre Evacuate Collection Set: 0.0ms
[2019-08-29T15:19:54.221+0930][gc,phases     ] GC(21)   Evacuate Collection Set: 2.6ms
[2019-08-29T15:19:54.221+0930][gc,phases     ] GC(21)   Post Evacuate Collection Set: 0.7ms
[2019-08-29T15:19:54.221+0930][gc,phases     ] GC(21)   Other: 0.2ms
[2019-08-29T15:19:54.221+0930][gc,heap       ] GC(21) Eden regions: 576->0(588)
[2019-08-29T15:19:54.221+0930][gc,heap       ] GC(21) Survivor regions: 2->2(73)
[2019-08-29T15:19:54.221+0930][gc,heap       ] GC(21) Old regions: 15->15
[2019-08-29T15:19:54.221+0930][gc,heap       ] GC(21) Humongous regions: 129->129
[2019-08-29T15:19:54.221+0930][gc,metaspace  ] GC(21) Metaspace: 35530K->35530K(1081344K)
[2019-08-29T15:19:54.221+0930][gc            ] GC(21) Pause Young (Normal) (G1 Evacuation Pause) 719M->143M(1024M) 3.606ms
[2019-08-29T15:19:54.221+0930][gc,cpu        ] GC(21) User=0.00s Sys=0.00s Real=0.00s
[2019-08-29T15:20:06.760+0930][gc,start      ] GC(22) Pause Young (Normal) (G1 Evacuation Pause)
[2019-08-29T15:20:06.760+0930][gc,task       ] GC(22) Using 8 workers of 8 for evacuation
[2019-08-29T15:20:06.763+0930][gc,phases     ] GC(22)   Pre Evacuate Collection Set: 0.0ms
[2019-08-29T15:20:06.763+0930][gc,phases     ] GC(22)   Evacuate Collection Set: 2.8ms
[2019-08-29T15:20:06.763+0930][gc,phases     ] GC(22)   Post Evacuate Collection Set: 0.6ms
[2019-08-29T15:20:06.763+0930][gc,phases     ] GC(22)   Other: 0.3ms
[2019-08-29T15:20:06.763+0930][gc,heap       ] GC(22) Eden regions: 588->0(605)
[2019-08-29T15:20:06.763+0930][gc,heap       ] GC(22) Survivor regions: 2->2(74)
[2019-08-29T15:20:06.763+0930][gc,heap       ] GC(22) Old regions: 15->15
[2019-08-29T15:20:06.763+0930][gc,heap       ] GC(22) Humongous regions: 129->129
[2019-08-29T15:20:06.763+0930][gc,metaspace  ] GC(22) Metaspace: 35535K->35535K(1081344K)
[2019-08-29T15:20:06.763+0930][gc            ] GC(22) Pause Young (Normal) (G1 Evacuation Pause) 731M->144M(1024M) 3.839ms
[2019-08-29T15:20:06.763+0930][gc,cpu        ] GC(22) User=0.05s Sys=0.07s Real=0.00s
[2019-08-29T15:20:19.637+0930][gc,start      ] GC(23) Pause Young (Normal) (G1 Evacuation Pause)
[2019-08-29T15:20:19.637+0930][gc,task       ] GC(23) Using 8 workers of 8 for evacuation
[2019-08-29T15:20:19.641+0930][gc,phases     ] GC(23)   Pre Evacuate Collection Set: 0.0ms
[2019-08-29T15:20:19.641+0930][gc,phases     ] GC(23)   Evacuate Collection Set: 3.1ms
[2019-08-29T15:20:19.641+0930][gc,phases     ] GC(23)   Post Evacuate Collection Set: 0.7ms
[2019-08-29T15:20:19.641+0930][gc,phases     ] GC(23)   Other: 0.3ms
[2019-08-29T15:20:19.641+0930][gc,heap       ] GC(23) Eden regions: 605->0(612)
[2019-08-29T15:20:19.641+0930][gc,heap       ] GC(23) Survivor regions: 2->2(76)
[2019-08-29T15:20:19.641+0930][gc,heap       ] GC(23) Old regions: 15->15
[2019-08-29T15:20:19.641+0930][gc,heap       ] GC(23) Humongous regions: 129->129
[2019-08-29T15:20:19.641+0930][gc,metaspace  ] GC(23) Metaspace: 35543K->35543K(1081344K)
[2019-08-29T15:20:19.641+0930][gc            ] GC(23) Pause Young (Normal) (G1 Evacuation Pause) 749M->144M(1024M) 4.312ms
[2019-08-29T15:20:19.641+0930][gc,cpu        ] GC(23) User=0.12s Sys=0.00s Real=0.00s
[2019-08-29T15:20:33.168+0930][gc,start      ] GC(24) Pause Young (Normal) (G1 Evacuation Pause)
[2019-08-29T15:20:33.168+0930][gc,task       ] GC(24) Using 8 workers of 8 for evacuation
[2019-08-29T15:20:33.172+0930][gc,phases     ] GC(24)   Pre Evacuate Collection Set: 0.0ms
[2019-08-29T15:20:33.173+0930][gc,phases     ] GC(24)   Evacuate Collection Set: 3.3ms
[2019-08-29T15:20:33.173+0930][gc,phases     ] GC(24)   Post Evacuate Collection Set: 0.7ms
[2019-08-29T15:20:33.173+0930][gc,phases     ] GC(24)   Other: 0.3ms
[2019-08-29T15:20:33.173+0930][gc,heap       ] GC(24) Eden regions: 612->0(611)
[2019-08-29T15:20:33.173+0930][gc,heap       ] GC(24) Survivor regions: 2->3(77)
[2019-08-29T15:20:33.173+0930][gc,heap       ] GC(24) Old regions: 15->15
[2019-08-29T15:20:33.173+0930][gc,heap       ] GC(24) Humongous regions: 129->129
[2019-08-29T15:20:33.173+0930][gc,metaspace  ] GC(24) Metaspace: 35548K->35548K(1081344K)
[2019-08-29T15:20:33.173+0930][gc            ] GC(24) Pause Young (Normal) (G1 Evacuation Pause) 756M->144M(1024M) 4.483ms
[2019-08-29T15:20:33.173+0930][gc,cpu        ] GC(24) User=0.01s Sys=0.00s Real=0.00s
[2019-08-29T15:20:46.275+0930][gc,start      ] GC(25) Pause Young (Normal) (G1 Evacuation Pause)
[2019-08-29T15:20:46.275+0930][gc,task       ] GC(25) Using 8 workers of 8 for evacuation
[2019-08-29T15:20:46.278+0930][gc,phases     ] GC(25)   Pre Evacuate Collection Set: 0.0ms
[2019-08-29T15:20:46.278+0930][gc,phases     ] GC(25)   Evacuate Collection Set: 2.5ms
[2019-08-29T15:20:46.278+0930][gc,phases     ] GC(25)   Post Evacuate Collection Set: 0.5ms
[2019-08-29T15:20:46.278+0930][gc,phases     ] GC(25)   Other: 0.3ms
[2019-08-29T15:20:46.278+0930][gc,heap       ] GC(25) Eden regions: 611->0(611)
[2019-08-29T15:20:46.278+0930][gc,heap       ] GC(25) Survivor regions: 3->3(77)
[2019-08-29T15:20:46.278+0930][gc,heap       ] GC(25) Old regions: 15->15
[2019-08-29T15:20:46.278+0930][gc,heap       ] GC(25) Humongous regions: 129->129
[2019-08-29T15:20:46.278+0930][gc,metaspace  ] GC(25) Metaspace: 35552K->35552K(1081344K)
[2019-08-29T15:20:46.278+0930][gc            ] GC(25) Pause Young (Normal) (G1 Evacuation Pause) 755M->145M(1024M) 3.437ms
[2019-08-29T15:20:46.278+0930][gc,cpu        ] GC(25) User=0.06s Sys=0.04s Real=0.01s
[2019-08-29T15:21:01.491+0930][gc,start      ] GC(26) Pause Young (Normal) (G1 Evacuation Pause)
[2019-08-29T15:21:01.491+0930][gc,task       ] GC(26) Using 8 workers of 8 for evacuation
[2019-08-29T15:21:01.494+0930][gc,phases     ] GC(26)   Pre Evacuate Collection Set: 0.0ms
[2019-08-29T15:21:01.494+0930][gc,phases     ] GC(26)   Evacuate Collection Set: 2.8ms
[2019-08-29T15:21:01.494+0930][gc,phases     ] GC(26)   Post Evacuate Collection Set: 0.5ms
[2019-08-29T15:21:01.495+0930][gc,phases     ] GC(26)   Other: 0.2ms
[2019-08-29T15:21:01.495+0930][gc,heap       ] GC(26) Eden regions: 611->0(610)
[2019-08-29T15:21:01.495+0930][gc,heap       ] GC(26) Survivor regions: 3->4(77)
[2019-08-29T15:21:01.495+0930][gc,heap       ] GC(26) Old regions: 15->15
[2019-08-29T15:21:01.495+0930][gc,heap       ] GC(26) Humongous regions: 129->129
[2019-08-29T15:21:01.495+0930][gc,metaspace  ] GC(26) Metaspace: 35552K->35552K(1081344K)
[2019-08-29T15:21:01.495+0930][gc            ] GC(26) Pause Young (Normal) (G1 Evacuation Pause) 756M->145M(1024M) 3.764ms
[2019-08-29T15:21:01.495+0930][gc,cpu        ] GC(26) User=0.00s Sys=0.00s Real=0.00s
[2019-08-29T15:21:16.820+0930][gc,start      ] GC(27) Pause Young (Normal) (G1 Evacuation Pause)
[2019-08-29T15:21:16.820+0930][gc,task       ] GC(27) Using 8 workers of 8 for evacuation
[2019-08-29T15:21:16.824+0930][gc,phases     ] GC(27)   Pre Evacuate Collection Set: 0.0ms
[2019-08-29T15:21:16.824+0930][gc,phases     ] GC(27)   Evacuate Collection Set: 2.8ms
[2019-08-29T15:21:16.824+0930][gc,phases     ] GC(27)   Post Evacuate Collection Set: 0.6ms
[2019-08-29T15:21:16.824+0930][gc,phases     ] GC(27)   Other: 0.3ms
[2019-08-29T15:21:16.824+0930][gc,heap       ] GC(27) Eden regions: 610->0(610)
[2019-08-29T15:21:16.824+0930][gc,heap       ] GC(27) Survivor regions: 4->4(77)
[2019-08-29T15:21:16.824+0930][gc,heap       ] GC(27) Old regions: 15->15
[2019-08-29T15:21:16.824+0930][gc,heap       ] GC(27) Humongous regions: 129->129
[2019-08-29T15:21:16.824+0930][gc,metaspace  ] GC(27) Metaspace: 35556K->35556K(1081344K)
[2019-08-29T15:21:16.824+0930][gc            ] GC(27) Pause Young (Normal) (G1 Evacuation Pause) 755M->146M(1024M) 3.766ms
[2019-08-29T15:21:16.824+0930][gc,cpu        ] GC(27) User=0.00s Sys=0.00s Real=0.00s
[2019-08-29T15:21:31.407+0930][gc,start      ] GC(28) Pause Young (Normal) (G1 Evacuation Pause)
[2019-08-29T15:21:31.407+0930][gc,task       ] GC(28) Using 8 workers of 8 for evacuation
[2019-08-29T15:21:31.414+0930][gc,phases     ] GC(28)   Pre Evacuate Collection Set: 0.0ms
[2019-08-29T15:21:31.414+0930][gc,phases     ] GC(28)   Evacuate Collection Set: 5.6ms
[2019-08-29T15:21:31.414+0930][gc,phases     ] GC(28)   Post Evacuate Collection Set: 1.4ms
[2019-08-29T15:21:31.414+0930][gc,phases     ] GC(28)   Other: 0.3ms
[2019-08-29T15:21:31.414+0930][gc,heap       ] GC(28) Eden regions: 610->0(610)
[2019-08-29T15:21:31.414+0930][gc,heap       ] GC(28) Survivor regions: 4->4(77)
[2019-08-29T15:21:31.414+0930][gc,heap       ] GC(28) Old regions: 15->15
[2019-08-29T15:21:31.414+0930][gc,heap       ] GC(28) Humongous regions: 129->129
[2019-08-29T15:21:31.414+0930][gc,metaspace  ] GC(28) Metaspace: 35557K->35557K(1081344K)
[2019-08-29T15:21:31.414+0930][gc            ] GC(28) Pause Young (Normal) (G1 Evacuation Pause) 756M->146M(1024M) 7.436ms
[2019-08-29T15:21:31.414+0930][gc,cpu        ] GC(28) User=0.00s Sys=0.00s Real=0.00s
[2019-08-29T15:21:46.404+0930][gc,start      ] GC(29) Pause Young (Normal) (G1 Evacuation Pause)
[2019-08-29T15:21:46.404+0930][gc,task       ] GC(29) Using 8 workers of 8 for evacuation
[2019-08-29T15:21:46.408+0930][gc,phases     ] GC(29)   Pre Evacuate Collection Set: 0.0ms
[2019-08-29T15:21:46.408+0930][gc,phases     ] GC(29)   Evacuate Collection Set: 3.0ms
[2019-08-29T15:21:46.408+0930][gc,phases     ] GC(29)   Post Evacuate Collection Set: 0.6ms
[2019-08-29T15:21:46.408+0930][gc,phases     ] GC(29)   Other: 0.3ms
[2019-08-29T15:21:46.408+0930][gc,heap       ] GC(29) Eden regions: 610->0(609)
[2019-08-29T15:21:46.408+0930][gc,heap       ] GC(29) Survivor regions: 4->5(77)
[2019-08-29T15:21:46.408+0930][gc,heap       ] GC(29) Old regions: 15->16
[2019-08-29T15:21:46.408+0930][gc,heap       ] GC(29) Humongous regions: 129->129
[2019-08-29T15:21:46.408+0930][gc,metaspace  ] GC(29) Metaspace: 35558K->35558K(1081344K)
[2019-08-29T15:21:46.408+0930][gc            ] GC(29) Pause Young (Normal) (G1 Evacuation Pause) 756M->146M(1024M) 3.982ms
[2019-08-29T15:21:46.408+0930][gc,cpu        ] GC(29) User=0.00s Sys=0.00s Real=0.01s
[2019-08-29T15:22:01.707+0930][gc,start      ] GC(30) Pause Young (Normal) (G1 Evacuation Pause)
[2019-08-29T15:22:01.707+0930][gc,task       ] GC(30) Using 8 workers of 8 for evacuation
[2019-08-29T15:22:01.711+0930][gc,phases     ] GC(30)   Pre Evacuate Collection Set: 0.1ms
[2019-08-29T15:22:01.711+0930][gc,phases     ] GC(30)   Evacuate Collection Set: 3.0ms
[2019-08-29T15:22:01.711+0930][gc,phases     ] GC(30)   Post Evacuate Collection Set: 0.6ms
[2019-08-29T15:22:01.711+0930][gc,phases     ] GC(30)   Other: 0.6ms
[2019-08-29T15:22:01.711+0930][gc,heap       ] GC(30) Eden regions: 609->0(609)
[2019-08-29T15:22:01.711+0930][gc,heap       ] GC(30) Survivor regions: 5->5(77)
[2019-08-29T15:22:01.711+0930][gc,heap       ] GC(30) Old regions: 16->16
[2019-08-29T15:22:01.711+0930][gc,heap       ] GC(30) Humongous regions: 129->129
[2019-08-29T15:22:01.711+0930][gc,metaspace  ] GC(30) Metaspace: 35561K->35561K(1081344K)
[2019-08-29T15:22:01.711+0930][gc            ] GC(30) Pause Young (Normal) (G1 Evacuation Pause) 755M->147M(1024M) 4.294ms
[2019-08-29T15:22:01.711+0930][gc,cpu        ] GC(30) User=0.00s Sys=0.00s Real=0.00s
[2019-08-29T15:22:15.650+0930][gc,start      ] GC(31) Pause Young (Normal) (G1 Evacuation Pause)
[2019-08-29T15:22:15.650+0930][gc,task       ] GC(31) Using 8 workers of 8 for evacuation
[2019-08-29T15:22:15.654+0930][gc,phases     ] GC(31)   Pre Evacuate Collection Set: 0.0ms
[2019-08-29T15:22:15.654+0930][gc,phases     ] GC(31)   Evacuate Collection Set: 3.0ms
[2019-08-29T15:22:15.654+0930][gc,phases     ] GC(31)   Post Evacuate Collection Set: 0.8ms
[2019-08-29T15:22:15.655+0930][gc,phases     ] GC(31)   Other: 0.3ms
[2019-08-29T15:22:15.655+0930][gc,heap       ] GC(31) Eden regions: 609->0(609)
[2019-08-29T15:22:15.655+0930][gc,heap       ] GC(31) Survivor regions: 5->5(77)
[2019-08-29T15:22:15.655+0930][gc,heap       ] GC(31) Old regions: 16->16
[2019-08-29T15:22:15.655+0930][gc,heap       ] GC(31) Humongous regions: 129->129
[2019-08-29T15:22:15.655+0930][gc,metaspace  ] GC(31) Metaspace: 35561K->35561K(1081344K)
[2019-08-29T15:22:15.655+0930][gc            ] GC(31) Pause Young (Normal) (G1 Evacuation Pause) 756M->147M(1024M) 4.302ms
[2019-08-29T15:22:15.655+0930][gc,cpu        ] GC(31) User=0.10s Sys=0.03s Real=0.00s
[2019-08-29T15:22:30.076+0930][gc,start      ] GC(32) Pause Young (Normal) (G1 Evacuation Pause)
[2019-08-29T15:22:30.076+0930][gc,task       ] GC(32) Using 8 workers of 8 for evacuation
[2019-08-29T15:22:30.081+0930][gc,phases     ] GC(32)   Pre Evacuate Collection Set: 0.1ms
[2019-08-29T15:22:30.081+0930][gc,phases     ] GC(32)   Evacuate Collection Set: 3.8ms
[2019-08-29T15:22:30.081+0930][gc,phases     ] GC(32)   Post Evacuate Collection Set: 0.5ms
[2019-08-29T15:22:30.081+0930][gc,phases     ] GC(32)   Other: 0.3ms
[2019-08-29T15:22:30.081+0930][gc,heap       ] GC(32) Eden regions: 609->0(608)
[2019-08-29T15:22:30.081+0930][gc,heap       ] GC(32) Survivor regions: 5->6(77)
[2019-08-29T15:22:30.081+0930][gc,heap       ] GC(32) Old regions: 16->16
[2019-08-29T15:22:30.081+0930][gc,heap       ] GC(32) Humongous regions: 129->129
[2019-08-29T15:22:30.081+0930][gc,metaspace  ] GC(32) Metaspace: 35565K->35565K(1081344K)
[2019-08-29T15:22:30.081+0930][gc            ] GC(32) Pause Young (Normal) (G1 Evacuation Pause) 756M->147M(1024M) 4.870ms
[2019-08-29T15:22:30.081+0930][gc,cpu        ] GC(32) User=0.00s Sys=0.00s Real=0.00s
[2019-08-29T15:22:44.473+0930][gc,start      ] GC(33) Pause Young (Normal) (G1 Evacuation Pause)
[2019-08-29T15:22:44.473+0930][gc,task       ] GC(33) Using 8 workers of 8 for evacuation
[2019-08-29T15:22:44.477+0930][gc,phases     ] GC(33)   Pre Evacuate Collection Set: 0.0ms
[2019-08-29T15:22:44.477+0930][gc,phases     ] GC(33)   Evacuate Collection Set: 3.5ms
[2019-08-29T15:22:44.477+0930][gc,phases     ] GC(33)   Post Evacuate Collection Set: 0.6ms
[2019-08-29T15:22:44.477+0930][gc,phases     ] GC(33)   Other: 0.3ms
[2019-08-29T15:22:44.477+0930][gc,heap       ] GC(33) Eden regions: 608->0(608)
[2019-08-29T15:22:44.477+0930][gc,heap       ] GC(33) Survivor regions: 6->6(77)
[2019-08-29T15:22:44.477+0930][gc,heap       ] GC(33) Old regions: 16->16
[2019-08-29T15:22:44.477+0930][gc,heap       ] GC(33) Humongous regions: 129->129
[2019-08-29T15:22:44.477+0930][gc,metaspace  ] GC(33) Metaspace: 35566K->35566K(1081344K)
[2019-08-29T15:22:44.477+0930][gc            ] GC(33) Pause Young (Normal) (G1 Evacuation Pause) 755M->148M(1024M) 4.574ms
[2019-08-29T15:22:44.477+0930][gc,cpu        ] GC(33) User=0.00s Sys=0.00s Real=0.01s
[2019-08-29T15:22:59.137+0930][gc,start      ] GC(34) Pause Young (Normal) (G1 Evacuation Pause)
[2019-08-29T15:22:59.137+0930][gc,task       ] GC(34) Using 8 workers of 8 for evacuation
[2019-08-29T15:22:59.141+0930][gc,phases     ] GC(34)   Pre Evacuate Collection Set: 0.0ms
[2019-08-29T15:22:59.141+0930][gc,phases     ] GC(34)   Evacuate Collection Set: 3.8ms
[2019-08-29T15:22:59.141+0930][gc,phases     ] GC(34)   Post Evacuate Collection Set: 0.6ms
[2019-08-29T15:22:59.141+0930][gc,phases     ] GC(34)   Other: 0.3ms
[2019-08-29T15:22:59.141+0930][gc,heap       ] GC(34) Eden regions: 608->0(608)
[2019-08-29T15:22:59.141+0930][gc,heap       ] GC(34) Survivor regions: 6->6(77)
[2019-08-29T15:22:59.141+0930][gc,heap       ] GC(34) Old regions: 16->16
[2019-08-29T15:22:59.141+0930][gc,heap       ] GC(34) Humongous regions: 129->129
[2019-08-29T15:22:59.141+0930][gc,metaspace  ] GC(34) Metaspace: 35569K->35569K(1081344K)
[2019-08-29T15:22:59.141+0930][gc            ] GC(34) Pause Young (Normal) (G1 Evacuation Pause) 756M->148M(1024M) 4.832ms
[2019-08-29T15:22:59.141+0930][gc,cpu        ] GC(34) User=0.08s Sys=0.05s Real=0.00s
[2019-08-29T15:23:14.589+0930][gc,start      ] GC(35) Pause Young (Normal) (G1 Evacuation Pause)
[2019-08-29T15:23:14.589+0930][gc,task       ] GC(35) Using 8 workers of 8 for evacuation
[2019-08-29T15:23:14.593+0930][gc,phases     ] GC(35)   Pre Evacuate Collection Set: 0.0ms
[2019-08-29T15:23:14.593+0930][gc,phases     ] GC(35)   Evacuate Collection Set: 3.7ms
[2019-08-29T15:23:14.593+0930][gc,phases     ] GC(35)   Post Evacuate Collection Set: 0.6ms
[2019-08-29T15:23:14.593+0930][gc,phases     ] GC(35)   Other: 0.3ms
[2019-08-29T15:23:14.593+0930][gc,heap       ] GC(35) Eden regions: 608->0(608)
[2019-08-29T15:23:14.593+0930][gc,heap       ] GC(35) Survivor regions: 6->6(77)
[2019-08-29T15:23:14.593+0930][gc,heap       ] GC(35) Old regions: 16->16
[2019-08-29T15:23:14.593+0930][gc,heap       ] GC(35) Humongous regions: 129->129
[2019-08-29T15:23:14.593+0930][gc,metaspace  ] GC(35) Metaspace: 35580K->35580K(1081344K)
[2019-08-29T15:23:14.593+0930][gc            ] GC(35) Pause Young (Normal) (G1 Evacuation Pause) 756M->149M(1024M) 4.812ms
[2019-08-29T15:23:14.593+0930][gc,cpu        ] GC(35) User=0.12s Sys=0.00s Real=0.00s
[2019-08-29T15:23:29.955+0930][gc,start      ] GC(36) Pause Young (Normal) (G1 Evacuation Pause)
[2019-08-29T15:23:29.955+0930][gc,task       ] GC(36) Using 8 workers of 8 for evacuation
[2019-08-29T15:23:29.960+0930][gc,phases     ] GC(36)   Pre Evacuate Collection Set: 0.0ms
[2019-08-29T15:23:29.960+0930][gc,phases     ] GC(36)   Evacuate Collection Set: 4.4ms
[2019-08-29T15:23:29.960+0930][gc,phases     ] GC(36)   Post Evacuate Collection Set: 0.6ms
[2019-08-29T15:23:29.960+0930][gc,phases     ] GC(36)   Other: 0.3ms
[2019-08-29T15:23:29.960+0930][gc,heap       ] GC(36) Eden regions: 608->0(608)
[2019-08-29T15:23:29.960+0930][gc,heap       ] GC(36) Survivor regions: 6->6(77)
[2019-08-29T15:23:29.960+0930][gc,heap       ] GC(36) Old regions: 16->16
[2019-08-29T15:23:29.960+0930][gc,heap       ] GC(36) Humongous regions: 129->129
[2019-08-29T15:23:29.960+0930][gc,metaspace  ] GC(36) Metaspace: 35582K->35582K(1081344K)
[2019-08-29T15:23:29.960+0930][gc            ] GC(36) Pause Young (Normal) (G1 Evacuation Pause) 757M->149M(1024M) 5.496ms
[2019-08-29T15:23:29.961+0930][gc,cpu        ] GC(36) User=0.00s Sys=0.00s Real=0.01s
[2019-08-29T15:23:45.155+0930][gc,start      ] GC(37) Pause Young (Normal) (G1 Evacuation Pause)
[2019-08-29T15:23:45.155+0930][gc,task       ] GC(37) Using 8 workers of 8 for evacuation
[2019-08-29T15:23:45.160+0930][gc,phases     ] GC(37)   Pre Evacuate Collection Set: 0.0ms
[2019-08-29T15:23:45.160+0930][gc,phases     ] GC(37)   Evacuate Collection Set: 4.2ms
[2019-08-29T15:23:45.160+0930][gc,phases     ] GC(37)   Post Evacuate Collection Set: 0.6ms
[2019-08-29T15:23:45.160+0930][gc,phases     ] GC(37)   Other: 0.3ms
[2019-08-29T15:23:45.160+0930][gc,heap       ] GC(37) Eden regions: 608->0(607)
[2019-08-29T15:23:45.160+0930][gc,heap       ] GC(37) Survivor regions: 6->7(77)
[2019-08-29T15:23:45.160+0930][gc,heap       ] GC(37) Old regions: 16->17
[2019-08-29T15:23:45.160+0930][gc,heap       ] GC(37) Humongous regions: 129->129
[2019-08-29T15:23:45.160+0930][gc,metaspace  ] GC(37) Metaspace: 35583K->35583K(1081344K)
[2019-08-29T15:23:45.160+0930][gc            ] GC(37) Pause Young (Normal) (G1 Evacuation Pause) 757M->150M(1024M) 5.283ms
[2019-08-29T15:23:45.160+0930][gc,cpu        ] GC(37) User=0.00s Sys=0.00s Real=0.01s
[2019-08-29T15:24:01.188+0930][gc,start      ] GC(38) Pause Young (Normal) (G1 Evacuation Pause)
[2019-08-29T15:24:01.188+0930][gc,task       ] GC(38) Using 8 workers of 8 for evacuation
[2019-08-29T15:24:01.196+0930][gc,phases     ] GC(38)   Pre Evacuate Collection Set: 0.0ms
[2019-08-29T15:24:01.196+0930][gc,phases     ] GC(38)   Evacuate Collection Set: 7.1ms
[2019-08-29T15:24:01.196+0930][gc,phases     ] GC(38)   Post Evacuate Collection Set: 0.8ms
[2019-08-29T15:24:01.196+0930][gc,phases     ] GC(38)   Other: 0.3ms
[2019-08-29T15:24:01.196+0930][gc,heap       ] GC(38) Eden regions: 607->0(608)
[2019-08-29T15:24:01.196+0930][gc,heap       ] GC(38) Survivor regions: 7->6(77)
[2019-08-29T15:24:01.196+0930][gc,heap       ] GC(38) Old regions: 17->17
[2019-08-29T15:24:01.196+0930][gc,heap       ] GC(38) Humongous regions: 129->129
[2019-08-29T15:24:01.196+0930][gc,metaspace  ] GC(38) Metaspace: 35594K->35594K(1081344K)
[2019-08-29T15:24:01.196+0930][gc            ] GC(38) Pause Young (Normal) (G1 Evacuation Pause) 757M->150M(1024M) 8.373ms
[2019-08-29T15:24:01.196+0930][gc,cpu        ] GC(38) User=0.00s Sys=0.00s Real=0.01s
[2019-08-29T15:24:16.458+0930][gc,start      ] GC(39) Pause Young (Normal) (G1 Evacuation Pause)
[2019-08-29T15:24:16.458+0930][gc,task       ] GC(39) Using 8 workers of 8 for evacuation
[2019-08-29T15:24:16.465+0930][gc,phases     ] GC(39)   Pre Evacuate Collection Set: 0.1ms
[2019-08-29T15:24:16.465+0930][gc,phases     ] GC(39)   Evacuate Collection Set: 6.1ms
[2019-08-29T15:24:16.465+0930][gc,phases     ] GC(39)   Post Evacuate Collection Set: 0.7ms
[2019-08-29T15:24:16.465+0930][gc,phases     ] GC(39)   Other: 0.6ms
[2019-08-29T15:24:16.466+0930][gc,heap       ] GC(39) Eden regions: 608->0(608)
[2019-08-29T15:24:16.466+0930][gc,heap       ] GC(39) Survivor regions: 6->6(77)
[2019-08-29T15:24:16.466+0930][gc,heap       ] GC(39) Old regions: 17->18
[2019-08-29T15:24:16.466+0930][gc,heap       ] GC(39) Humongous regions: 129->129
[2019-08-29T15:24:16.466+0930][gc,metaspace  ] GC(39) Metaspace: 35599K->35599K(1081344K)
[2019-08-29T15:24:16.466+0930][gc            ] GC(39) Pause Young (Normal) (G1 Evacuation Pause) 758M->150M(1024M) 7.657ms
[2019-08-29T15:24:16.466+0930][gc,cpu        ] GC(39) User=0.00s Sys=0.01s Real=0.01s
[2019-08-29T15:24:31.967+0930][gc,start      ] GC(40) Pause Young (Normal) (G1 Evacuation Pause)
[2019-08-29T15:24:31.967+0930][gc,task       ] GC(40) Using 8 workers of 8 for evacuation
[2019-08-29T15:24:31.973+0930][gc,phases     ] GC(40)   Pre Evacuate Collection Set: 0.0ms
[2019-08-29T15:24:31.973+0930][gc,phases     ] GC(40)   Evacuate Collection Set: 4.7ms
[2019-08-29T15:24:31.973+0930][gc,phases     ] GC(40)   Post Evacuate Collection Set: 0.6ms
[2019-08-29T15:24:31.973+0930][gc,phases     ] GC(40)   Other: 0.3ms
[2019-08-29T15:24:31.973+0930][gc,heap       ] GC(40) Eden regions: 608->0(608)
[2019-08-29T15:24:31.973+0930][gc,heap       ] GC(40) Survivor regions: 6->6(77)
[2019-08-29T15:24:31.973+0930][gc,heap       ] GC(40) Old regions: 18->18
[2019-08-29T15:24:31.973+0930][gc,heap       ] GC(40) Humongous regions: 129->129
[2019-08-29T15:24:31.973+0930][gc,metaspace  ] GC(40) Metaspace: 35646K->35646K(1081344K)
[2019-08-29T15:24:31.973+0930][gc            ] GC(40) Pause Young (Normal) (G1 Evacuation Pause) 758M->150M(1024M) 5.801ms
[2019-08-29T15:24:31.973+0930][gc,cpu        ] GC(40) User=0.00s Sys=0.00s Real=0.00s
[2019-08-29T15:24:46.752+0930][gc,start      ] GC(41) Pause Young (Normal) (G1 Evacuation Pause)
[2019-08-29T15:24:46.752+0930][gc,task       ] GC(41) Using 8 workers of 8 for evacuation
[2019-08-29T15:24:46.758+0930][gc,phases     ] GC(41)   Pre Evacuate Collection Set: 0.0ms
[2019-08-29T15:24:46.758+0930][gc,phases     ] GC(41)   Evacuate Collection Set: 4.9ms
[2019-08-29T15:24:46.758+0930][gc,phases     ] GC(41)   Post Evacuate Collection Set: 0.6ms
[2019-08-29T15:24:46.758+0930][gc,phases     ] GC(41)   Other: 0.3ms
[2019-08-29T15:24:46.758+0930][gc,heap       ] GC(41) Eden regions: 608->0(608)
[2019-08-29T15:24:46.758+0930][gc,heap       ] GC(41) Survivor regions: 6->6(77)
[2019-08-29T15:24:46.758+0930][gc,heap       ] GC(41) Old regions: 18->18
[2019-08-29T15:24:46.758+0930][gc,heap       ] GC(41) Humongous regions: 129->129
[2019-08-29T15:24:46.758+0930][gc,metaspace  ] GC(41) Metaspace: 35646K->35646K(1081344K)
[2019-08-29T15:24:46.758+0930][gc            ] GC(41) Pause Young (Normal) (G1 Evacuation Pause) 758M->151M(1024M) 6.015ms
[2019-08-29T15:24:46.758+0930][gc,cpu        ] GC(41) User=0.00s Sys=0.00s Real=0.01s
[2019-08-29T15:25:01.609+0930][gc,start      ] GC(42) Pause Young (Normal) (G1 Evacuation Pause)
[2019-08-29T15:25:01.609+0930][gc,task       ] GC(42) Using 8 workers of 8 for evacuation
[2019-08-29T15:25:01.615+0930][gc,phases     ] GC(42)   Pre Evacuate Collection Set: 0.0ms
[2019-08-29T15:25:01.615+0930][gc,phases     ] GC(42)   Evacuate Collection Set: 4.8ms
[2019-08-29T15:25:01.615+0930][gc,phases     ] GC(42)   Post Evacuate Collection Set: 0.6ms
[2019-08-29T15:25:01.615+0930][gc,phases     ] GC(42)   Other: 0.3ms
[2019-08-29T15:25:01.615+0930][gc,heap       ] GC(42) Eden regions: 608->0(608)
[2019-08-29T15:25:01.615+0930][gc,heap       ] GC(42) Survivor regions: 6->6(77)
[2019-08-29T15:25:01.615+0930][gc,heap       ] GC(42) Old regions: 18->19
[2019-08-29T15:25:01.615+0930][gc,heap       ] GC(42) Humongous regions: 129->129
[2019-08-29T15:25:01.615+0930][gc,metaspace  ] GC(42) Metaspace: 35653K->35653K(1081344K)
[2019-08-29T15:25:01.615+0930][gc            ] GC(42) Pause Young (Normal) (G1 Evacuation Pause) 759M->151M(1024M) 5.875ms
[2019-08-29T15:25:01.615+0930][gc,cpu        ] GC(42) User=0.00s Sys=0.00s Real=0.00s
[2019-08-29T15:25:17.713+0930][gc,start      ] GC(43) Pause Young (Normal) (G1 Evacuation Pause)
[2019-08-29T15:25:17.713+0930][gc,task       ] GC(43) Using 8 workers of 8 for evacuation
[2019-08-29T15:25:17.720+0930][gc,phases     ] GC(43)   Pre Evacuate Collection Set: 0.0ms
[2019-08-29T15:25:17.720+0930][gc,phases     ] GC(43)   Evacuate Collection Set: 6.4ms
[2019-08-29T15:25:17.720+0930][gc,phases     ] GC(43)   Post Evacuate Collection Set: 0.7ms
[2019-08-29T15:25:17.720+0930][gc,phases     ] GC(43)   Other: 0.3ms
[2019-08-29T15:25:17.720+0930][gc,heap       ] GC(43) Eden regions: 608->0(608)
[2019-08-29T15:25:17.720+0930][gc,heap       ] GC(43) Survivor regions: 6->6(77)
[2019-08-29T15:25:17.720+0930][gc,heap       ] GC(43) Old regions: 19->19
[2019-08-29T15:25:17.720+0930][gc,heap       ] GC(43) Humongous regions: 129->129
[2019-08-29T15:25:17.720+0930][gc,metaspace  ] GC(43) Metaspace: 35655K->35655K(1081344K)
[2019-08-29T15:25:17.720+0930][gc            ] GC(43) Pause Young (Normal) (G1 Evacuation Pause) 759M->152M(1024M) 7.515ms
[2019-08-29T15:25:17.720+0930][gc,cpu        ] GC(43) User=0.11s Sys=0.00s Real=0.01s
[2019-08-29T15:25:33.627+0930][gc,start      ] GC(44) Pause Young (Normal) (G1 Evacuation Pause)
[2019-08-29T15:25:33.627+0930][gc,task       ] GC(44) Using 8 workers of 8 for evacuation
[2019-08-29T15:25:33.632+0930][gc,phases     ] GC(44)   Pre Evacuate Collection Set: 0.0ms
[2019-08-29T15:25:33.632+0930][gc,phases     ] GC(44)   Evacuate Collection Set: 4.8ms
[2019-08-29T15:25:33.632+0930][gc,phases     ] GC(44)   Post Evacuate Collection Set: 0.6ms
[2019-08-29T15:25:33.632+0930][gc,phases     ] GC(44)   Other: 0.3ms
[2019-08-29T15:25:33.632+0930][gc,heap       ] GC(44) Eden regions: 608->0(608)
[2019-08-29T15:25:33.632+0930][gc,heap       ] GC(44) Survivor regions: 6->6(77)
[2019-08-29T15:25:33.632+0930][gc,heap       ] GC(44) Old regions: 19->20
[2019-08-29T15:25:33.632+0930][gc,heap       ] GC(44) Humongous regions: 129->129
[2019-08-29T15:25:33.632+0930][gc,metaspace  ] GC(44) Metaspace: 35658K->35658K(1081344K)
[2019-08-29T15:25:33.633+0930][gc            ] GC(44) Pause Young (Normal) (G1 Evacuation Pause) 760M->152M(1024M) 5.870ms
[2019-08-29T15:25:33.633+0930][gc,cpu        ] GC(44) User=0.00s Sys=0.00s Real=0.00s
[2019-08-29T15:25:50.001+0930][gc,start      ] GC(45) Pause Young (Normal) (G1 Evacuation Pause)
[2019-08-29T15:25:50.001+0930][gc,task       ] GC(45) Using 8 workers of 8 for evacuation
[2019-08-29T15:25:50.006+0930][gc,phases     ] GC(45)   Pre Evacuate Collection Set: 0.0ms
[2019-08-29T15:25:50.006+0930][gc,phases     ] GC(45)   Evacuate Collection Set: 4.7ms
[2019-08-29T15:25:50.006+0930][gc,phases     ] GC(45)   Post Evacuate Collection Set: 0.8ms
[2019-08-29T15:25:50.006+0930][gc,phases     ] GC(45)   Other: 0.3ms
[2019-08-29T15:25:50.006+0930][gc,heap       ] GC(45) Eden regions: 608->0(608)
[2019-08-29T15:25:50.006+0930][gc,heap       ] GC(45) Survivor regions: 6->6(77)
[2019-08-29T15:25:50.006+0930][gc,heap       ] GC(45) Old regions: 20->20
[2019-08-29T15:25:50.006+0930][gc,heap       ] GC(45) Humongous regions: 129->129
[2019-08-29T15:25:50.006+0930][gc,metaspace  ] GC(45) Metaspace: 35753K->35753K(1081344K)
[2019-08-29T15:25:50.007+0930][gc            ] GC(45) Pause Young (Normal) (G1 Evacuation Pause) 760M->152M(1024M) 5.962ms
[2019-08-29T15:25:50.007+0930][gc,cpu        ] GC(45) User=0.00s Sys=0.00s Real=0.01s
[2019-08-29T15:26:05.941+0930][gc,start      ] GC(46) Pause Young (Normal) (G1 Evacuation Pause)
[2019-08-29T15:26:05.941+0930][gc,task       ] GC(46) Using 8 workers of 8 for evacuation
[2019-08-29T15:26:05.950+0930][gc,phases     ] GC(46)   Pre Evacuate Collection Set: 0.1ms
[2019-08-29T15:26:05.950+0930][gc,phases     ] GC(46)   Evacuate Collection Set: 8.2ms
[2019-08-29T15:26:05.950+0930][gc,phases     ] GC(46)   Post Evacuate Collection Set: 0.6ms
[2019-08-29T15:26:05.950+0930][gc,phases     ] GC(46)   Other: 0.6ms
[2019-08-29T15:26:05.950+0930][gc,heap       ] GC(46) Eden regions: 608->0(608)
[2019-08-29T15:26:05.950+0930][gc,heap       ] GC(46) Survivor regions: 6->6(77)
[2019-08-29T15:26:05.950+0930][gc,heap       ] GC(46) Old regions: 20->20
[2019-08-29T15:26:05.950+0930][gc,heap       ] GC(46) Humongous regions: 129->129
[2019-08-29T15:26:05.950+0930][gc,metaspace  ] GC(46) Metaspace: 35753K->35753K(1081344K)
[2019-08-29T15:26:05.950+0930][gc            ] GC(46) Pause Young (Normal) (G1 Evacuation Pause) 760M->153M(1024M) 9.611ms
[2019-08-29T15:26:05.950+0930][gc,cpu        ] GC(46) User=0.01s Sys=0.00s Real=0.01s
[2019-08-29T15:26:21.410+0930][gc,start      ] GC(47) Pause Young (Normal) (G1 Evacuation Pause)
[2019-08-29T15:26:21.410+0930][gc,task       ] GC(47) Using 8 workers of 8 for evacuation
[2019-08-29T15:26:21.417+0930][gc,phases     ] GC(47)   Pre Evacuate Collection Set: 0.0ms
[2019-08-29T15:26:21.417+0930][gc,phases     ] GC(47)   Evacuate Collection Set: 5.4ms
[2019-08-29T15:26:21.417+0930][gc,phases     ] GC(47)   Post Evacuate Collection Set: 0.7ms
[2019-08-29T15:26:21.417+0930][gc,phases     ] GC(47)   Other: 0.3ms
[2019-08-29T15:26:21.417+0930][gc,heap       ] GC(47) Eden regions: 608->0(608)
[2019-08-29T15:26:21.417+0930][gc,heap       ] GC(47) Survivor regions: 6->6(77)
[2019-08-29T15:26:21.417+0930][gc,heap       ] GC(47) Old regions: 20->21
[2019-08-29T15:26:21.417+0930][gc,heap       ] GC(47) Humongous regions: 129->129
[2019-08-29T15:26:21.417+0930][gc,metaspace  ] GC(47) Metaspace: 35757K->35757K(1081344K)
[2019-08-29T15:26:21.417+0930][gc            ] GC(47) Pause Young (Normal) (G1 Evacuation Pause) 761M->153M(1024M) 6.519ms
[2019-08-29T15:26:21.417+0930][gc,cpu        ] GC(47) User=0.00s Sys=0.00s Real=0.01s
[2019-08-29T15:26:36.568+0930][gc,start      ] GC(48) Pause Young (Normal) (G1 Evacuation Pause)
[2019-08-29T15:26:36.568+0930][gc,task       ] GC(48) Using 8 workers of 8 for evacuation
[2019-08-29T15:26:36.573+0930][gc,phases     ] GC(48)   Pre Evacuate Collection Set: 0.0ms
[2019-08-29T15:26:36.573+0930][gc,phases     ] GC(48)   Evacuate Collection Set: 5.0ms
[2019-08-29T15:26:36.573+0930][gc,phases     ] GC(48)   Post Evacuate Collection Set: 0.6ms
[2019-08-29T15:26:36.573+0930][gc,phases     ] GC(48)   Other: 0.3ms
[2019-08-29T15:26:36.573+0930][gc,heap       ] GC(48) Eden regions: 608->0(608)
[2019-08-29T15:26:36.574+0930][gc,heap       ] GC(48) Survivor regions: 6->6(77)
[2019-08-29T15:26:36.574+0930][gc,heap       ] GC(48) Old regions: 21->21
[2019-08-29T15:26:36.574+0930][gc,heap       ] GC(48) Humongous regions: 129->129
[2019-08-29T15:26:36.574+0930][gc,metaspace  ] GC(48) Metaspace: 35761K->35761K(1081344K)
[2019-08-29T15:26:36.574+0930][gc            ] GC(48) Pause Young (Normal) (G1 Evacuation Pause) 761M->154M(1024M) 6.038ms
[2019-08-29T15:26:36.574+0930][gc,cpu        ] GC(48) User=0.00s Sys=0.00s Real=0.00s
[2019-08-29T15:26:51.345+0930][gc,start      ] GC(49) Pause Young (Normal) (G1 Evacuation Pause)
[2019-08-29T15:26:51.345+0930][gc,task       ] GC(49) Using 8 workers of 8 for evacuation
[2019-08-29T15:26:51.350+0930][gc,phases     ] GC(49)   Pre Evacuate Collection Set: 0.0ms
[2019-08-29T15:26:51.350+0930][gc,phases     ] GC(49)   Evacuate Collection Set: 4.8ms
[2019-08-29T15:26:51.350+0930][gc,phases     ] GC(49)   Post Evacuate Collection Set: 0.6ms
[2019-08-29T15:26:51.350+0930][gc,phases     ] GC(49)   Other: 0.3ms
[2019-08-29T15:26:51.350+0930][gc,heap       ] GC(49) Eden regions: 608->0(608)
[2019-08-29T15:26:51.350+0930][gc,heap       ] GC(49) Survivor regions: 6->6(77)
[2019-08-29T15:26:51.350+0930][gc,heap       ] GC(49) Old regions: 21->21
[2019-08-29T15:26:51.350+0930][gc,heap       ] GC(49) Humongous regions: 129->129
[2019-08-29T15:26:51.350+0930][gc,metaspace  ] GC(49) Metaspace: 35764K->35764K(1081344K)
[2019-08-29T15:26:51.351+0930][gc            ] GC(49) Pause Young (Normal) (G1 Evacuation Pause) 762M->154M(1024M) 5.825ms
[2019-08-29T15:26:51.351+0930][gc,cpu        ] GC(49) User=0.00s Sys=0.00s Real=0.01s
[2019-08-29T15:27:07.953+0930][gc,start      ] GC(50) Pause Young (Normal) (G1 Evacuation Pause)
[2019-08-29T15:27:07.953+0930][gc,task       ] GC(50) Using 8 workers of 8 for evacuation
[2019-08-29T15:27:07.958+0930][gc,phases     ] GC(50)   Pre Evacuate Collection Set: 0.1ms
[2019-08-29T15:27:07.959+0930][gc,phases     ] GC(50)   Evacuate Collection Set: 4.3ms
[2019-08-29T15:27:07.959+0930][gc,phases     ] GC(50)   Post Evacuate Collection Set: 0.6ms
[2019-08-29T15:27:07.959+0930][gc,phases     ] GC(50)   Other: 0.7ms
[2019-08-29T15:27:07.959+0930][gc,heap       ] GC(50) Eden regions: 608->0(608)
[2019-08-29T15:27:07.959+0930][gc,heap       ] GC(50) Survivor regions: 6->6(77)
[2019-08-29T15:27:07.959+0930][gc,heap       ] GC(50) Old regions: 21->22
[2019-08-29T15:27:07.959+0930][gc,heap       ] GC(50) Humongous regions: 129->129
[2019-08-29T15:27:07.959+0930][gc,metaspace  ] GC(50) Metaspace: 35767K->35767K(1081344K)
[2019-08-29T15:27:07.959+0930][gc            ] GC(50) Pause Young (Normal) (G1 Evacuation Pause) 762M->154M(1024M) 5.625ms
[2019-08-29T15:27:07.959+0930][gc,cpu        ] GC(50) User=0.00s Sys=0.00s Real=0.01s
[2019-08-29T15:27:24.474+0930][gc,start      ] GC(51) Pause Young (Normal) (G1 Evacuation Pause)
[2019-08-29T15:27:24.474+0930][gc,task       ] GC(51) Using 8 workers of 8 for evacuation
[2019-08-29T15:27:24.480+0930][gc,phases     ] GC(51)   Pre Evacuate Collection Set: 0.0ms
[2019-08-29T15:27:24.480+0930][gc,phases     ] GC(51)   Evacuate Collection Set: 5.0ms
[2019-08-29T15:27:24.480+0930][gc,phases     ] GC(51)   Post Evacuate Collection Set: 0.6ms
[2019-08-29T15:27:24.480+0930][gc,phases     ] GC(51)   Other: 0.3ms
[2019-08-29T15:27:24.480+0930][gc,heap       ] GC(51) Eden regions: 608->0(608)
[2019-08-29T15:27:24.480+0930][gc,heap       ] GC(51) Survivor regions: 6->6(77)
[2019-08-29T15:27:24.480+0930][gc,heap       ] GC(51) Old regions: 22->22
[2019-08-29T15:27:24.480+0930][gc,heap       ] GC(51) Humongous regions: 129->129
[2019-08-29T15:27:24.480+0930][gc,metaspace  ] GC(51) Metaspace: 35772K->35772K(1081344K)
[2019-08-29T15:27:24.480+0930][gc            ] GC(51) Pause Young (Normal) (G1 Evacuation Pause) 762M->155M(1024M) 6.103ms
[2019-08-29T15:27:24.481+0930][gc,cpu        ] GC(51) User=0.00s Sys=0.00s Real=0.01s
[2019-08-29T15:27:39.002+0930][gc,start      ] GC(52) Pause Young (Normal) (G1 Evacuation Pause)
[2019-08-29T15:27:39.002+0930][gc,task       ] GC(52) Using 8 workers of 8 for evacuation
[2019-08-29T15:27:39.008+0930][gc,phases     ] GC(52)   Pre Evacuate Collection Set: 0.0ms
[2019-08-29T15:27:39.008+0930][gc,phases     ] GC(52)   Evacuate Collection Set: 5.3ms
[2019-08-29T15:27:39.008+0930][gc,phases     ] GC(52)   Post Evacuate Collection Set: 0.6ms
[2019-08-29T15:27:39.008+0930][gc,phases     ] GC(52)   Other: 0.3ms
[2019-08-29T15:27:39.008+0930][gc,heap       ] GC(52) Eden regions: 608->0(607)
[2019-08-29T15:27:39.008+0930][gc,heap       ] GC(52) Survivor regions: 6->7(77)
[2019-08-29T15:27:39.008+0930][gc,heap       ] GC(52) Old regions: 22->22
[2019-08-29T15:27:39.008+0930][gc,heap       ] GC(52) Humongous regions: 129->129
[2019-08-29T15:27:39.008+0930][gc,metaspace  ] GC(52) Metaspace: 35773K->35773K(1081344K)
[2019-08-29T15:27:39.008+0930][gc            ] GC(52) Pause Young (Normal) (G1 Evacuation Pause) 763M->155M(1024M) 6.439ms
[2019-08-29T15:27:39.008+0930][gc,cpu        ] GC(52) User=0.00s Sys=0.00s Real=0.01s
[2019-08-29T15:27:53.926+0930][gc,start      ] GC(53) Pause Young (Normal) (G1 Evacuation Pause)
[2019-08-29T15:27:53.926+0930][gc,task       ] GC(53) Using 8 workers of 8 for evacuation
[2019-08-29T15:27:53.932+0930][gc,phases     ] GC(53)   Pre Evacuate Collection Set: 0.1ms
[2019-08-29T15:27:53.932+0930][gc,phases     ] GC(53)   Evacuate Collection Set: 5.2ms
[2019-08-29T15:27:53.932+0930][gc,phases     ] GC(53)   Post Evacuate Collection Set: 0.6ms
[2019-08-29T15:27:53.932+0930][gc,phases     ] GC(53)   Other: 0.3ms
[2019-08-29T15:27:53.932+0930][gc,heap       ] GC(53) Eden regions: 607->0(607)
[2019-08-29T15:27:53.932+0930][gc,heap       ] GC(53) Survivor regions: 7->7(77)
[2019-08-29T15:27:53.932+0930][gc,heap       ] GC(53) Old regions: 22->23
[2019-08-29T15:27:53.932+0930][gc,heap       ] GC(53) Humongous regions: 129->129
[2019-08-29T15:27:53.932+0930][gc,metaspace  ] GC(53) Metaspace: 35775K->35775K(1081344K)
[2019-08-29T15:27:53.932+0930][gc            ] GC(53) Pause Young (Normal) (G1 Evacuation Pause) 762M->156M(1024M) 6.339ms
[2019-08-29T15:27:53.932+0930][gc,cpu        ] GC(53) User=0.00s Sys=0.00s Real=0.00s
[2019-08-29T15:28:08.277+0930][gc,start      ] GC(54) Pause Young (Normal) (G1 Evacuation Pause)
[2019-08-29T15:28:08.277+0930][gc,task       ] GC(54) Using 8 workers of 8 for evacuation
[2019-08-29T15:28:08.284+0930][gc,phases     ] GC(54)   Pre Evacuate Collection Set: 0.1ms
[2019-08-29T15:28:08.284+0930][gc,phases     ] GC(54)   Evacuate Collection Set: 5.8ms
[2019-08-29T15:28:08.284+0930][gc,phases     ] GC(54)   Post Evacuate Collection Set: 0.7ms
[2019-08-29T15:28:08.284+0930][gc,phases     ] GC(54)   Other: 0.4ms
[2019-08-29T15:28:08.284+0930][gc,heap       ] GC(54) Eden regions: 607->0(607)
[2019-08-29T15:28:08.284+0930][gc,heap       ] GC(54) Survivor regions: 7->7(77)
[2019-08-29T15:28:08.284+0930][gc,heap       ] GC(54) Old regions: 23->23
[2019-08-29T15:28:08.284+0930][gc,heap       ] GC(54) Humongous regions: 129->129
[2019-08-29T15:28:08.284+0930][gc,metaspace  ] GC(54) Metaspace: 35775K->35775K(1081344K)
[2019-08-29T15:28:08.284+0930][gc            ] GC(54) Pause Young (Normal) (G1 Evacuation Pause) 763M->156M(1024M) 6.990ms
[2019-08-29T15:28:08.284+0930][gc,cpu        ] GC(54) User=0.10s Sys=0.02s Real=0.00s
[2019-08-29T15:28:23.178+0930][gc,start      ] GC(55) Pause Young (Normal) (G1 Evacuation Pause)
[2019-08-29T15:28:23.178+0930][gc,task       ] GC(55) Using 8 workers of 8 for evacuation
[2019-08-29T15:28:23.184+0930][gc,phases     ] GC(55)   Pre Evacuate Collection Set: 0.0ms
[2019-08-29T15:28:23.184+0930][gc,phases     ] GC(55)   Evacuate Collection Set: 5.0ms
[2019-08-29T15:28:23.184+0930][gc,phases     ] GC(55)   Post Evacuate Collection Set: 0.6ms
[2019-08-29T15:28:23.184+0930][gc,phases     ] GC(55)   Other: 0.3ms
[2019-08-29T15:28:23.184+0930][gc,heap       ] GC(55) Eden regions: 607->0(607)
[2019-08-29T15:28:23.184+0930][gc,heap       ] GC(55) Survivor regions: 7->7(77)
[2019-08-29T15:28:23.184+0930][gc,heap       ] GC(55) Old regions: 23->24
[2019-08-29T15:28:23.185+0930][gc,heap       ] GC(55) Humongous regions: 129->129
[2019-08-29T15:28:23.185+0930][gc,metaspace  ] GC(55) Metaspace: 35785K->35785K(1081344K)
[2019-08-29T15:28:23.185+0930][gc            ] GC(55) Pause Young (Normal) (G1 Evacuation Pause) 763M->157M(1024M) 6.195ms
[2019-08-29T15:28:23.185+0930][gc,cpu        ] GC(55) User=0.07s Sys=0.05s Real=0.00s
[2019-08-29T15:28:37.616+0930][gc,start      ] GC(56) Pause Young (Normal) (G1 Evacuation Pause)
[2019-08-29T15:28:37.616+0930][gc,task       ] GC(56) Using 8 workers of 8 for evacuation
[2019-08-29T15:28:37.623+0930][gc,phases     ] GC(56)   Pre Evacuate Collection Set: 0.0ms
[2019-08-29T15:28:37.623+0930][gc,phases     ] GC(56)   Evacuate Collection Set: 6.3ms
[2019-08-29T15:28:37.623+0930][gc,phases     ] GC(56)   Post Evacuate Collection Set: 0.8ms
[2019-08-29T15:28:37.623+0930][gc,phases     ] GC(56)   Other: 0.3ms
[2019-08-29T15:28:37.623+0930][gc,heap       ] GC(56) Eden regions: 607->0(607)
[2019-08-29T15:28:37.623+0930][gc,heap       ] GC(56) Survivor regions: 7->7(77)
[2019-08-29T15:28:37.623+0930][gc,heap       ] GC(56) Old regions: 24->24
[2019-08-29T15:28:37.623+0930][gc,heap       ] GC(56) Humongous regions: 129->129
[2019-08-29T15:28:37.623+0930][gc,metaspace  ] GC(56) Metaspace: 35790K->35790K(1081344K)
[2019-08-29T15:28:37.623+0930][gc            ] GC(56) Pause Young (Normal) (G1 Evacuation Pause) 764M->157M(1024M) 7.644ms
[2019-08-29T15:28:37.623+0930][gc,cpu        ] GC(56) User=0.06s Sys=0.02s Real=0.00s
[2019-08-29T15:28:52.173+0930][gc,start      ] GC(57) Pause Young (Normal) (G1 Evacuation Pause)
[2019-08-29T15:28:52.173+0930][gc,task       ] GC(57) Using 8 workers of 8 for evacuation
[2019-08-29T15:28:52.179+0930][gc,phases     ] GC(57)   Pre Evacuate Collection Set: 0.0ms
[2019-08-29T15:28:52.179+0930][gc,phases     ] GC(57)   Evacuate Collection Set: 4.8ms
[2019-08-29T15:28:52.179+0930][gc,phases     ] GC(57)   Post Evacuate Collection Set: 0.6ms
[2019-08-29T15:28:52.179+0930][gc,phases     ] GC(57)   Other: 0.3ms
[2019-08-29T15:28:52.179+0930][gc,heap       ] GC(57) Eden regions: 607->0(607)
[2019-08-29T15:28:52.179+0930][gc,heap       ] GC(57) Survivor regions: 7->7(77)
[2019-08-29T15:28:52.179+0930][gc,heap       ] GC(57) Old regions: 24->24
[2019-08-29T15:28:52.179+0930][gc,heap       ] GC(57) Humongous regions: 129->129
[2019-08-29T15:28:52.179+0930][gc,metaspace  ] GC(57) Metaspace: 35800K->35800K(1081344K)
[2019-08-29T15:28:52.179+0930][gc            ] GC(57) Pause Young (Normal) (G1 Evacuation Pause) 764M->157M(1024M) 5.891ms
[2019-08-29T15:28:52.179+0930][gc,cpu        ] GC(57) User=0.00s Sys=0.00s Real=0.01s
[2019-08-29T15:29:06.651+0930][gc,start      ] GC(58) Pause Young (Normal) (G1 Evacuation Pause)
[2019-08-29T15:29:06.651+0930][gc,task       ] GC(58) Using 8 workers of 8 for evacuation
[2019-08-29T15:29:06.657+0930][gc,phases     ] GC(58)   Pre Evacuate Collection Set: 0.0ms
[2019-08-29T15:29:06.657+0930][gc,phases     ] GC(58)   Evacuate Collection Set: 5.4ms
[2019-08-29T15:29:06.657+0930][gc,phases     ] GC(58)   Post Evacuate Collection Set: 0.6ms
[2019-08-29T15:29:06.657+0930][gc,phases     ] GC(58)   Other: 0.3ms
[2019-08-29T15:29:06.657+0930][gc,heap       ] GC(58) Eden regions: 607->0(607)
[2019-08-29T15:29:06.657+0930][gc,heap       ] GC(58) Survivor regions: 7->7(77)
[2019-08-29T15:29:06.657+0930][gc,heap       ] GC(58) Old regions: 24->25
[2019-08-29T15:29:06.657+0930][gc,heap       ] GC(58) Humongous regions: 129->129
[2019-08-29T15:29:06.657+0930][gc,metaspace  ] GC(58) Metaspace: 35800K->35800K(1081344K)
[2019-08-29T15:29:06.657+0930][gc            ] GC(58) Pause Young (Normal) (G1 Evacuation Pause) 764M->158M(1024M) 6.450ms
[2019-08-29T15:29:06.657+0930][gc,cpu        ] GC(58) User=0.12s Sys=0.00s Real=0.01s
[2019-08-29T15:29:21.214+0930][gc,start      ] GC(59) Pause Young (Normal) (G1 Evacuation Pause)
[2019-08-29T15:29:21.214+0930][gc,task       ] GC(59) Using 8 workers of 8 for evacuation
[2019-08-29T15:29:21.224+0930][gc,phases     ] GC(59)   Pre Evacuate Collection Set: 0.0ms
[2019-08-29T15:29:21.224+0930][gc,phases     ] GC(59)   Evacuate Collection Set: 9.3ms
[2019-08-29T15:29:21.224+0930][gc,phases     ] GC(59)   Post Evacuate Collection Set: 0.6ms
[2019-08-29T15:29:21.224+0930][gc,phases     ] GC(59)   Other: 0.3ms
[2019-08-29T15:29:21.224+0930][gc,heap       ] GC(59) Eden regions: 607->0(607)
[2019-08-29T15:29:21.224+0930][gc,heap       ] GC(59) Survivor regions: 7->7(77)
[2019-08-29T15:29:21.224+0930][gc,heap       ] GC(59) Old regions: 25->25
[2019-08-29T15:29:21.224+0930][gc,heap       ] GC(59) Humongous regions: 129->129
[2019-08-29T15:29:21.224+0930][gc,metaspace  ] GC(59) Metaspace: 35804K->35804K(1081344K)
[2019-08-29T15:29:21.224+0930][gc            ] GC(59) Pause Young (Normal) (G1 Evacuation Pause) 765M->158M(1024M) 10.309ms
[2019-08-29T15:29:21.224+0930][gc,cpu        ] GC(59) User=0.12s Sys=0.00s Real=0.01s
[2019-08-29T15:29:35.521+0930][gc,start      ] GC(60) Pause Young (Normal) (G1 Evacuation Pause)
[2019-08-29T15:29:35.521+0930][gc,task       ] GC(60) Using 8 workers of 8 for evacuation
[2019-08-29T15:29:35.528+0930][gc,phases     ] GC(60)   Pre Evacuate Collection Set: 0.0ms
[2019-08-29T15:29:35.528+0930][gc,phases     ] GC(60)   Evacuate Collection Set: 5.3ms
[2019-08-29T15:29:35.528+0930][gc,phases     ] GC(60)   Post Evacuate Collection Set: 0.6ms
[2019-08-29T15:29:35.528+0930][gc,phases     ] GC(60)   Other: 0.3ms
[2019-08-29T15:29:35.528+0930][gc,heap       ] GC(60) Eden regions: 607->0(607)
[2019-08-29T15:29:35.528+0930][gc,heap       ] GC(60) Survivor regions: 7->7(77)
[2019-08-29T15:29:35.528+0930][gc,heap       ] GC(60) Old regions: 25->26
[2019-08-29T15:29:35.528+0930][gc,heap       ] GC(60) Humongous regions: 129->129
[2019-08-29T15:29:35.528+0930][gc,metaspace  ] GC(60) Metaspace: 35804K->35804K(1081344K)
[2019-08-29T15:29:35.528+0930][gc            ] GC(60) Pause Young (Normal) (G1 Evacuation Pause) 765M->158M(1024M) 6.296ms
[2019-08-29T15:29:35.528+0930][gc,cpu        ] GC(60) User=0.02s Sys=0.00s Real=0.01s
[2019-08-29T15:29:49.818+0930][gc,start      ] GC(61) Pause Young (Normal) (G1 Evacuation Pause)
[2019-08-29T15:29:49.818+0930][gc,task       ] GC(61) Using 8 workers of 8 for evacuation
[2019-08-29T15:29:49.824+0930][gc,phases     ] GC(61)   Pre Evacuate Collection Set: 0.0ms
[2019-08-29T15:29:49.824+0930][gc,phases     ] GC(61)   Evacuate Collection Set: 4.9ms
[2019-08-29T15:29:49.824+0930][gc,phases     ] GC(61)   Post Evacuate Collection Set: 0.6ms
[2019-08-29T15:29:49.824+0930][gc,phases     ] GC(61)   Other: 0.3ms
[2019-08-29T15:29:49.824+0930][gc,heap       ] GC(61) Eden regions: 607->0(607)
[2019-08-29T15:29:49.824+0930][gc,heap       ] GC(61) Survivor regions: 7->7(77)
[2019-08-29T15:29:49.824+0930][gc,heap       ] GC(61) Old regions: 26->26
[2019-08-29T15:29:49.824+0930][gc,heap       ] GC(61) Humongous regions: 129->129
[2019-08-29T15:29:49.824+0930][gc,metaspace  ] GC(61) Metaspace: 35806K->35806K(1081344K)
[2019-08-29T15:29:49.824+0930][gc            ] GC(61) Pause Young (Normal) (G1 Evacuation Pause) 765M->159M(1024M) 6.031ms
[2019-08-29T15:29:49.824+0930][gc,cpu        ] GC(61) User=0.00s Sys=0.00s Real=0.00s
[2019-08-29T15:30:04.950+0930][gc,start      ] GC(62) Pause Young (Normal) (G1 Evacuation Pause)
[2019-08-29T15:30:04.950+0930][gc,task       ] GC(62) Using 8 workers of 8 for evacuation
[2019-08-29T15:30:04.956+0930][gc,phases     ] GC(62)   Pre Evacuate Collection Set: 0.0ms
[2019-08-29T15:30:04.956+0930][gc,phases     ] GC(62)   Evacuate Collection Set: 5.1ms
[2019-08-29T15:30:04.956+0930][gc,phases     ] GC(62)   Post Evacuate Collection Set: 0.7ms
[2019-08-29T15:30:04.956+0930][gc,phases     ] GC(62)   Other: 0.3ms
[2019-08-29T15:30:04.956+0930][gc,heap       ] GC(62) Eden regions: 607->0(607)
[2019-08-29T15:30:04.956+0930][gc,heap       ] GC(62) Survivor regions: 7->7(77)
[2019-08-29T15:30:04.956+0930][gc,heap       ] GC(62) Old regions: 26->27
[2019-08-29T15:30:04.956+0930][gc,heap       ] GC(62) Humongous regions: 129->129
[2019-08-29T15:30:04.956+0930][gc,metaspace  ] GC(62) Metaspace: 35812K->35812K(1081344K)
[2019-08-29T15:30:04.956+0930][gc            ] GC(62) Pause Young (Normal) (G1 Evacuation Pause) 766M->159M(1024M) 6.253ms
[2019-08-29T15:30:04.956+0930][gc,cpu        ] GC(62) User=0.00s Sys=0.00s Real=0.01s
[2019-08-29T15:30:20.821+0930][gc,start      ] GC(63) Pause Young (Normal) (G1 Evacuation Pause)
[2019-08-29T15:30:20.821+0930][gc,task       ] GC(63) Using 8 workers of 8 for evacuation
[2019-08-29T15:30:20.827+0930][gc,phases     ] GC(63)   Pre Evacuate Collection Set: 0.0ms
[2019-08-29T15:30:20.827+0930][gc,phases     ] GC(63)   Evacuate Collection Set: 5.2ms
[2019-08-29T15:30:20.827+0930][gc,phases     ] GC(63)   Post Evacuate Collection Set: 0.6ms
[2019-08-29T15:30:20.827+0930][gc,phases     ] GC(63)   Other: 0.3ms
[2019-08-29T15:30:20.827+0930][gc,heap       ] GC(63) Eden regions: 607->0(608)
[2019-08-29T15:30:20.827+0930][gc,heap       ] GC(63) Survivor regions: 7->6(77)
[2019-08-29T15:30:20.827+0930][gc,heap       ] GC(63) Old regions: 27->27
[2019-08-29T15:30:20.827+0930][gc,heap       ] GC(63) Humongous regions: 129->129
[2019-08-29T15:30:20.827+0930][gc,metaspace  ] GC(63) Metaspace: 35836K->35836K(1081344K)
[2019-08-29T15:30:20.827+0930][gc            ] GC(63) Pause Young (Normal) (G1 Evacuation Pause) 766M->160M(1024M) 6.205ms
[2019-08-29T15:30:20.827+0930][gc,cpu        ] GC(63) User=0.11s Sys=0.00s Real=0.01s
[2019-08-29T15:30:35.341+0930][gc,start      ] GC(64) Pause Young (Normal) (G1 Evacuation Pause)
[2019-08-29T15:30:35.341+0930][gc,task       ] GC(64) Using 8 workers of 8 for evacuation
[2019-08-29T15:30:35.347+0930][gc,phases     ] GC(64)   Pre Evacuate Collection Set: 0.0ms
[2019-08-29T15:30:35.347+0930][gc,phases     ] GC(64)   Evacuate Collection Set: 4.9ms
[2019-08-29T15:30:35.347+0930][gc,phases     ] GC(64)   Post Evacuate Collection Set: 0.6ms
[2019-08-29T15:30:35.347+0930][gc,phases     ] GC(64)   Other: 0.3ms
[2019-08-29T15:30:35.347+0930][gc,heap       ] GC(64) Eden regions: 608->0(607)
[2019-08-29T15:30:35.347+0930][gc,heap       ] GC(64) Survivor regions: 6->7(77)
[2019-08-29T15:30:35.347+0930][gc,heap       ] GC(64) Old regions: 27->27
[2019-08-29T15:30:35.347+0930][gc,heap       ] GC(64) Humongous regions: 129->129
[2019-08-29T15:30:35.347+0930][gc,metaspace  ] GC(64) Metaspace: 35838K->35838K(1081344K)
[2019-08-29T15:30:35.347+0930][gc            ] GC(64) Pause Young (Normal) (G1 Evacuation Pause) 768M->160M(1024M) 5.965ms
[2019-08-29T15:30:35.347+0930][gc,cpu        ] GC(64) User=0.00s Sys=0.00s Real=0.01s
[2019-08-29T15:30:49.923+0930][gc,start      ] GC(65) Pause Young (Normal) (G1 Evacuation Pause)
[2019-08-29T15:30:49.923+0930][gc,task       ] GC(65) Using 8 workers of 8 for evacuation
[2019-08-29T15:30:49.929+0930][gc,phases     ] GC(65)   Pre Evacuate Collection Set: 0.0ms
[2019-08-29T15:30:49.929+0930][gc,phases     ] GC(65)   Evacuate Collection Set: 5.1ms
[2019-08-29T15:30:49.929+0930][gc,phases     ] GC(65)   Post Evacuate Collection Set: 0.6ms
[2019-08-29T15:30:49.929+0930][gc,phases     ] GC(65)   Other: 0.3ms
[2019-08-29T15:30:49.929+0930][gc,heap       ] GC(65) Eden regions: 607->0(608)
[2019-08-29T15:30:49.929+0930][gc,heap       ] GC(65) Survivor regions: 7->6(77)
[2019-08-29T15:30:49.929+0930][gc,heap       ] GC(65) Old regions: 27->28
[2019-08-29T15:30:49.929+0930][gc,heap       ] GC(65) Humongous regions: 129->129
[2019-08-29T15:30:49.929+0930][gc,metaspace  ] GC(65) Metaspace: 35841K->35841K(1081344K)
[2019-08-29T15:30:49.929+0930][gc            ] GC(65) Pause Young (Normal) (G1 Evacuation Pause) 767M->160M(1024M) 6.155ms
[2019-08-29T15:30:49.929+0930][gc,cpu        ] GC(65) User=0.00s Sys=0.00s Real=0.01s
[2019-08-29T15:31:04.485+0930][gc,start      ] GC(66) Pause Young (Normal) (G1 Evacuation Pause)
[2019-08-29T15:31:04.485+0930][gc,task       ] GC(66) Using 8 workers of 8 for evacuation
[2019-08-29T15:31:04.491+0930][gc,phases     ] GC(66)   Pre Evacuate Collection Set: 0.0ms
[2019-08-29T15:31:04.491+0930][gc,phases     ] GC(66)   Evacuate Collection Set: 4.8ms
[2019-08-29T15:31:04.491+0930][gc,phases     ] GC(66)   Post Evacuate Collection Set: 0.6ms
[2019-08-29T15:31:04.491+0930][gc,phases     ] GC(66)   Other: 0.3ms
[2019-08-29T15:31:04.491+0930][gc,heap       ] GC(66) Eden regions: 608->0(608)
[2019-08-29T15:31:04.491+0930][gc,heap       ] GC(66) Survivor regions: 6->6(77)
[2019-08-29T15:31:04.491+0930][gc,heap       ] GC(66) Old regions: 28->28
[2019-08-29T15:31:04.491+0930][gc,heap       ] GC(66) Humongous regions: 129->129
[2019-08-29T15:31:04.491+0930][gc,metaspace  ] GC(66) Metaspace: 35842K->35842K(1081344K)
[2019-08-29T15:31:04.491+0930][gc            ] GC(66) Pause Young (Normal) (G1 Evacuation Pause) 768M->161M(1024M) 5.941ms
[2019-08-29T15:31:04.491+0930][gc,cpu        ] GC(66) User=0.00s Sys=0.00s Real=0.01s
[2019-08-29T15:31:18.602+0930][gc,start      ] GC(67) Pause Young (Normal) (G1 Evacuation Pause)
[2019-08-29T15:31:18.602+0930][gc,task       ] GC(67) Using 8 workers of 8 for evacuation
[2019-08-29T15:31:18.607+0930][gc,phases     ] GC(67)   Pre Evacuate Collection Set: 0.0ms
[2019-08-29T15:31:18.607+0930][gc,phases     ] GC(67)   Evacuate Collection Set: 4.9ms
[2019-08-29T15:31:18.607+0930][gc,phases     ] GC(67)   Post Evacuate Collection Set: 0.6ms
[2019-08-29T15:31:18.608+0930][gc,phases     ] GC(67)   Other: 0.3ms
[2019-08-29T15:31:18.608+0930][gc,heap       ] GC(67) Eden regions: 608->0(607)
[2019-08-29T15:31:18.608+0930][gc,heap       ] GC(67) Survivor regions: 6->7(77)
[2019-08-29T15:31:18.608+0930][gc,heap       ] GC(67) Old regions: 28->29
[2019-08-29T15:31:18.608+0930][gc,heap       ] GC(67) Humongous regions: 129->129
[2019-08-29T15:31:18.608+0930][gc,metaspace  ] GC(67) Metaspace: 35847K->35847K(1081344K)
[2019-08-29T15:31:18.608+0930][gc            ] GC(67) Pause Young (Normal) (G1 Evacuation Pause) 769M->161M(1024M) 5.988ms
[2019-08-29T15:31:18.608+0930][gc,cpu        ] GC(67) User=0.12s Sys=0.00s Real=0.01s
[2019-08-29T15:31:32.919+0930][gc,start      ] GC(68) Pause Young (Normal) (G1 Evacuation Pause)
[2019-08-29T15:31:32.919+0930][gc,task       ] GC(68) Using 8 workers of 8 for evacuation
[2019-08-29T15:31:32.925+0930][gc,phases     ] GC(68)   Pre Evacuate Collection Set: 0.0ms
[2019-08-29T15:31:32.925+0930][gc,phases     ] GC(68)   Evacuate Collection Set: 4.8ms
[2019-08-29T15:31:32.925+0930][gc,phases     ] GC(68)   Post Evacuate Collection Set: 0.6ms
[2019-08-29T15:31:32.925+0930][gc,phases     ] GC(68)   Other: 0.3ms
[2019-08-29T15:31:32.925+0930][gc,heap       ] GC(68) Eden regions: 607->0(608)
[2019-08-29T15:31:32.925+0930][gc,heap       ] GC(68) Survivor regions: 7->6(77)
[2019-08-29T15:31:32.925+0930][gc,heap       ] GC(68) Old regions: 29->29
[2019-08-29T15:31:32.925+0930][gc,heap       ] GC(68) Humongous regions: 129->129
[2019-08-29T15:31:32.925+0930][gc,metaspace  ] GC(68) Metaspace: 35851K->35851K(1081344K)
[2019-08-29T15:31:32.925+0930][gc            ] GC(68) Pause Young (Normal) (G1 Evacuation Pause) 768M->162M(1024M) 5.824ms
[2019-08-29T15:31:32.925+0930][gc,cpu        ] GC(68) User=0.00s Sys=0.00s Real=0.00s
[2019-08-29T15:31:47.108+0930][gc,start      ] GC(69) Pause Young (Normal) (G1 Evacuation Pause)
[2019-08-29T15:31:47.108+0930][gc,task       ] GC(69) Using 8 workers of 8 for evacuation
[2019-08-29T15:31:47.114+0930][gc,phases     ] GC(69)   Pre Evacuate Collection Set: 0.0ms
[2019-08-29T15:31:47.114+0930][gc,phases     ] GC(69)   Evacuate Collection Set: 5.6ms
[2019-08-29T15:31:47.114+0930][gc,phases     ] GC(69)   Post Evacuate Collection Set: 0.6ms
[2019-08-29T15:31:47.114+0930][gc,phases     ] GC(69)   Other: 0.3ms
[2019-08-29T15:31:47.115+0930][gc,heap       ] GC(69) Eden regions: 608->0(608)
[2019-08-29T15:31:47.115+0930][gc,heap       ] GC(69) Survivor regions: 6->6(77)
[2019-08-29T15:31:47.115+0930][gc,heap       ] GC(69) Old regions: 29->30
[2019-08-29T15:31:47.115+0930][gc,heap       ] GC(69) Humongous regions: 129->129
[2019-08-29T15:31:47.115+0930][gc,metaspace  ] GC(69) Metaspace: 35851K->35851K(1081344K)
[2019-08-29T15:31:47.115+0930][gc            ] GC(69) Pause Young (Normal) (G1 Evacuation Pause) 770M->162M(1024M) 6.682ms
[2019-08-29T15:31:47.115+0930][gc,cpu        ] GC(69) User=0.00s Sys=0.00s Real=0.00s
[2019-08-29T15:32:01.287+0930][gc,start      ] GC(70) Pause Young (Normal) (G1 Evacuation Pause)
[2019-08-29T15:32:01.287+0930][gc,task       ] GC(70) Using 8 workers of 8 for evacuation
[2019-08-29T15:32:01.292+0930][gc,phases     ] GC(70)   Pre Evacuate Collection Set: 0.0ms
[2019-08-29T15:32:01.292+0930][gc,phases     ] GC(70)   Evacuate Collection Set: 4.6ms
[2019-08-29T15:32:01.292+0930][gc,phases     ] GC(70)   Post Evacuate Collection Set: 0.6ms
[2019-08-29T15:32:01.292+0930][gc,phases     ] GC(70)   Other: 0.3ms
[2019-08-29T15:32:01.292+0930][gc,heap       ] GC(70) Eden regions: 608->0(608)
[2019-08-29T15:32:01.292+0930][gc,heap       ] GC(70) Survivor regions: 6->6(77)
[2019-08-29T15:32:01.292+0930][gc,heap       ] GC(70) Old regions: 30->30
[2019-08-29T15:32:01.292+0930][gc,heap       ] GC(70) Humongous regions: 129->129
[2019-08-29T15:32:01.292+0930][gc,metaspace  ] GC(70) Metaspace: 35851K->35851K(1081344K)
[2019-08-29T15:32:01.292+0930][gc            ] GC(70) Pause Young (Normal) (G1 Evacuation Pause) 770M->162M(1024M) 5.641ms
[2019-08-29T15:32:01.292+0930][gc,cpu        ] GC(70) User=0.00s Sys=0.00s Real=0.00s
[2019-08-29T15:32:15.648+0930][gc,start      ] GC(71) Pause Young (Normal) (G1 Evacuation Pause)
[2019-08-29T15:32:15.648+0930][gc,task       ] GC(71) Using 8 workers of 8 for evacuation
[2019-08-29T15:32:15.654+0930][gc,phases     ] GC(71)   Pre Evacuate Collection Set: 0.0ms
[2019-08-29T15:32:15.654+0930][gc,phases     ] GC(71)   Evacuate Collection Set: 4.9ms
[2019-08-29T15:32:15.654+0930][gc,phases     ] GC(71)   Post Evacuate Collection Set: 0.6ms
[2019-08-29T15:32:15.654+0930][gc,phases     ] GC(71)   Other: 0.3ms
[2019-08-29T15:32:15.654+0930][gc,heap       ] GC(71) Eden regions: 608->0(608)
[2019-08-29T15:32:15.654+0930][gc,heap       ] GC(71) Survivor regions: 6->6(77)
[2019-08-29T15:32:15.654+0930][gc,heap       ] GC(71) Old regions: 30->30
[2019-08-29T15:32:15.654+0930][gc,heap       ] GC(71) Humongous regions: 129->129
[2019-08-29T15:32:15.654+0930][gc,metaspace  ] GC(71) Metaspace: 35851K->35851K(1081344K)
[2019-08-29T15:32:15.654+0930][gc            ] GC(71) Pause Young (Normal) (G1 Evacuation Pause) 770M->163M(1024M) 5.924ms
[2019-08-29T15:32:15.654+0930][gc,cpu        ] GC(71) User=0.08s Sys=0.05s Real=0.00s
[2019-08-29T15:32:29.940+0930][gc,start      ] GC(72) Pause Young (Normal) (G1 Evacuation Pause)
[2019-08-29T15:32:29.940+0930][gc,task       ] GC(72) Using 8 workers of 8 for evacuation
[2019-08-29T15:32:29.947+0930][gc,phases     ] GC(72)   Pre Evacuate Collection Set: 0.0ms
[2019-08-29T15:32:29.947+0930][gc,phases     ] GC(72)   Evacuate Collection Set: 5.5ms
[2019-08-29T15:32:29.947+0930][gc,phases     ] GC(72)   Post Evacuate Collection Set: 0.6ms
[2019-08-29T15:32:29.947+0930][gc,phases     ] GC(72)   Other: 0.3ms
[2019-08-29T15:32:29.947+0930][gc,heap       ] GC(72) Eden regions: 608->0(608)
[2019-08-29T15:32:29.947+0930][gc,heap       ] GC(72) Survivor regions: 6->6(77)
[2019-08-29T15:32:29.947+0930][gc,heap       ] GC(72) Old regions: 30->31
[2019-08-29T15:32:29.947+0930][gc,heap       ] GC(72) Humongous regions: 129->129
[2019-08-29T15:32:29.947+0930][gc,metaspace  ] GC(72) Metaspace: 35852K->35852K(1081344K)
[2019-08-29T15:32:29.947+0930][gc            ] GC(72) Pause Young (Normal) (G1 Evacuation Pause) 771M->163M(1024M) 6.508ms
[2019-08-29T15:32:29.947+0930][gc,cpu        ] GC(72) User=0.00s Sys=0.00s Real=0.01s
[2019-08-29T15:32:44.153+0930][gc,start      ] GC(73) Pause Young (Normal) (G1 Evacuation Pause)
[2019-08-29T15:32:44.153+0930][gc,task       ] GC(73) Using 8 workers of 8 for evacuation
[2019-08-29T15:32:44.158+0930][gc,phases     ] GC(73)   Pre Evacuate Collection Set: 0.0ms
[2019-08-29T15:32:44.158+0930][gc,phases     ] GC(73)   Evacuate Collection Set: 5.0ms
[2019-08-29T15:32:44.159+0930][gc,phases     ] GC(73)   Post Evacuate Collection Set: 0.6ms
[2019-08-29T15:32:44.159+0930][gc,phases     ] GC(73)   Other: 0.3ms
[2019-08-29T15:32:44.159+0930][gc,heap       ] GC(73) Eden regions: 608->0(608)
[2019-08-29T15:32:44.159+0930][gc,heap       ] GC(73) Survivor regions: 6->6(77)
[2019-08-29T15:32:44.159+0930][gc,heap       ] GC(73) Old regions: 31->31
[2019-08-29T15:32:44.159+0930][gc,heap       ] GC(73) Humongous regions: 129->129
[2019-08-29T15:32:44.159+0930][gc,metaspace  ] GC(73) Metaspace: 35852K->35852K(1081344K)
[2019-08-29T15:32:44.159+0930][gc            ] GC(73) Pause Young (Normal) (G1 Evacuation Pause) 771M->163M(1024M) 6.030ms
[2019-08-29T15:32:44.159+0930][gc,cpu        ] GC(73) User=0.02s Sys=0.00s Real=0.01s
[2019-08-29T15:32:58.475+0930][gc,start      ] GC(74) Pause Young (Normal) (G1 Evacuation Pause)
[2019-08-29T15:32:58.475+0930][gc,task       ] GC(74) Using 8 workers of 8 for evacuation
[2019-08-29T15:32:58.480+0930][gc,phases     ] GC(74)   Pre Evacuate Collection Set: 0.0ms
[2019-08-29T15:32:58.480+0930][gc,phases     ] GC(74)   Evacuate Collection Set: 4.8ms
[2019-08-29T15:32:58.480+0930][gc,phases     ] GC(74)   Post Evacuate Collection Set: 0.6ms
[2019-08-29T15:32:58.480+0930][gc,phases     ] GC(74)   Other: 0.3ms
[2019-08-29T15:32:58.480+0930][gc,heap       ] GC(74) Eden regions: 608->0(608)
[2019-08-29T15:32:58.480+0930][gc,heap       ] GC(74) Survivor regions: 6->6(77)
[2019-08-29T15:32:58.480+0930][gc,heap       ] GC(74) Old regions: 31->32
[2019-08-29T15:32:58.480+0930][gc,heap       ] GC(74) Humongous regions: 129->129
[2019-08-29T15:32:58.480+0930][gc,metaspace  ] GC(74) Metaspace: 35853K->35853K(1081344K)
[2019-08-29T15:32:58.481+0930][gc            ] GC(74) Pause Young (Normal) (G1 Evacuation Pause) 771M->164M(1024M) 5.793ms
[2019-08-29T15:32:58.481+0930][gc,cpu        ] GC(74) User=0.00s Sys=0.00s Real=0.01s
[2019-08-29T15:33:40.932+0930][gc,start      ] GC(75) Pause Young (Normal) (G1 Evacuation Pause)
[2019-08-29T15:33:40.932+0930][gc,task       ] GC(75) Using 8 workers of 8 for evacuation
[2019-08-29T15:33:40.939+0930][gc,phases     ] GC(75)   Pre Evacuate Collection Set: 0.1ms
[2019-08-29T15:33:40.939+0930][gc,phases     ] GC(75)   Evacuate Collection Set: 4.8ms
[2019-08-29T15:33:40.939+0930][gc,phases     ] GC(75)   Post Evacuate Collection Set: 1.6ms
[2019-08-29T15:33:40.939+0930][gc,phases     ] GC(75)   Other: 0.2ms
[2019-08-29T15:33:40.939+0930][gc,heap       ] GC(75) Eden regions: 608->0(608)
[2019-08-29T15:33:40.939+0930][gc,heap       ] GC(75) Survivor regions: 6->6(77)
[2019-08-29T15:33:40.939+0930][gc,heap       ] GC(75) Old regions: 32->32
[2019-08-29T15:33:40.939+0930][gc,heap       ] GC(75) Humongous regions: 129->129
[2019-08-29T15:33:40.939+0930][gc,metaspace  ] GC(75) Metaspace: 36573K->36573K(1081344K)
[2019-08-29T15:33:40.939+0930][gc            ] GC(75) Pause Young (Normal) (G1 Evacuation Pause) 772M->164M(1024M) 6.901ms
[2019-08-29T15:33:40.939+0930][gc,cpu        ] GC(75) User=0.11s Sys=0.02s Real=0.01s
[2019-08-29T15:33:40.947+0930][gc,heap,exit  ] Heap
[2019-08-29T15:33:40.947+0930][gc,heap,exit  ]  garbage-first heap   total 1048576K, used 169724K [0x00000000c0000000, 0x0000000100000000)
[2019-08-29T15:33:40.947+0930][gc,heap,exit  ]   region size 1024K, 8 young (8192K), 6 survivors (6144K)
[2019-08-29T15:33:40.947+0930][gc,heap,exit  ]  Metaspace       used 36603K, capacity 39124K, committed 39296K, reserved 1081344K
[2019-08-29T15:33:40.947+0930][gc,heap,exit  ]   class space    used 5308K, capacity 6487K, committed 6528K, reserved 1048576K
