[2019-08-29T15:13:48.936+0930][gc,heap] Heap region size: 1M
[2019-08-29T15:13:48.959+0930][gc     ] Using G1
[2019-08-29T15:13:48.959+0930][gc,heap,coops] Heap address: 0x00000000c0000000, size: 1024 MB, Compressed Oops mode: 32-bit
[2019-08-29T15:13:48.960+0930][gc,cds       ] Mark closed archive regions in map: [0x00000000fff00000, 0x00000000fff69ff8]
[2019-08-29T15:13:48.960+0930][gc,cds       ] Mark open archive regions in map: [0x00000000ffe00000, 0x00000000ffe33ff8]
[2019-08-29T15:13:49.337+0930][gc,heap,exit ] Heap
[2019-08-29T15:13:49.337+0930][gc,heap,exit ]  garbage-first heap   total 1048576K, used 15992K [0x00000000c0000000, 0x0000000100000000)
[2019-08-29T15:13:49.341+0930][gc,heap,exit ]   region size 1024K, 16 young (16384K), 0 survivors (0K)
[2019-08-29T15:13:49.341+0930][gc,heap,exit ]  Metaspace       used 6237K, capacity 6553K, committed 6656K, reserved 1056768K
[2019-08-29T15:13:49.341+0930][gc,heap,exit ]   class space    used 673K, capacity 765K, committed 768K, reserved 1048576K
