[2019-08-29T15:15:12.667+0930][gc,heap] Heap region size: 1M
[2019-08-29T15:15:12.692+0930][gc     ] Using G1
[2019-08-29T15:15:12.692+0930][gc,heap,coops] Heap address: 0x00000000c0000000, size: 1024 MB, Compressed Oops mode: 32-bit
[2019-08-29T15:15:12.693+0930][gc,cds       ] Mark closed archive regions in map: [0x00000000fff00000, 0x00000000fff69ff8]
[2019-08-29T15:15:12.693+0930][gc,cds       ] Mark open archive regions in map: [0x00000000ffe00000, 0x00000000ffe33ff8]
[2019-08-29T15:15:13.703+0930][gc,start     ] GC(0) Pause Young (Normal) (G1 Evacuation Pause)
[2019-08-29T15:15:13.705+0930][gc,task      ] GC(0) Using 8 workers of 8 for evacuation
[2019-08-29T15:15:13.735+0930][gc,mmu       ] GC(0) MMU target violated: 21.0ms (20.0ms/21.0ms)
[2019-08-29T15:15:13.735+0930][gc,phases    ] GC(0)   Pre Evacuate Collection Set: 0.1ms
[2019-08-29T15:15:13.735+0930][gc,phases    ] GC(0)   Evacuate Collection Set: 25.0ms
[2019-08-29T15:15:13.735+0930][gc,phases    ] GC(0)   Post Evacuate Collection Set: 0.5ms
[2019-08-29T15:15:13.735+0930][gc,phases    ] GC(0)   Other: 5.8ms
[2019-08-29T15:15:13.735+0930][gc,heap      ] GC(0) Eden regions: 51->0(45)
[2019-08-29T15:15:13.735+0930][gc,heap      ] GC(0) Survivor regions: 0->6(7)
[2019-08-29T15:15:13.735+0930][gc,heap      ] GC(0) Old regions: 2->2
[2019-08-29T15:15:13.735+0930][gc,heap      ] GC(0) Humongous regions: 0->0
[2019-08-29T15:15:13.735+0930][gc,metaspace ] GC(0) Metaspace: 16851K->16851K(1064960K)
[2019-08-29T15:15:13.735+0930][gc           ] GC(0) Pause Young (Normal) (G1 Evacuation Pause) 51M->6M(1024M) 31.561ms
[2019-08-29T15:15:13.735+0930][gc,cpu       ] GC(0) User=0.17s Sys=0.08s Real=0.03s
[2019-08-29T15:15:13.978+0930][gc,start     ] GC(1) Pause Young (Concurrent Start) (Metadata GC Threshold)
[2019-08-29T15:15:13.978+0930][gc,task      ] GC(1) Using 8 workers of 8 for evacuation
[2019-08-29T15:15:13.989+0930][gc,phases    ] GC(1)   Pre Evacuate Collection Set: 0.1ms
[2019-08-29T15:15:13.989+0930][gc,phases    ] GC(1)   Evacuate Collection Set: 11.0ms
[2019-08-29T15:15:13.989+0930][gc,phases    ] GC(1)   Post Evacuate Collection Set: 0.3ms
[2019-08-29T15:15:13.989+0930][gc,phases    ] GC(1)   Other: 0.3ms
[2019-08-29T15:15:13.989+0930][gc,heap      ] GC(1) Eden regions: 15->0(49)
[2019-08-29T15:15:13.989+0930][gc,heap      ] GC(1) Survivor regions: 6->2(7)
[2019-08-29T15:15:13.989+0930][gc,heap      ] GC(1) Old regions: 2->8
[2019-08-29T15:15:13.989+0930][gc,heap      ] GC(1) Humongous regions: 0->0
[2019-08-29T15:15:13.989+0930][gc,metaspace ] GC(1) Metaspace: 20453K->20453K(1067008K)
[2019-08-29T15:15:13.989+0930][gc           ] GC(1) Pause Young (Concurrent Start) (Metadata GC Threshold) 20M->7M(1024M) 11.808ms
[2019-08-29T15:15:13.989+0930][gc,cpu       ] GC(1) User=0.03s Sys=0.01s Real=0.01s
[2019-08-29T15:15:13.989+0930][gc           ] GC(2) Concurrent Cycle
[2019-08-29T15:15:13.989+0930][gc,marking   ] GC(2) Concurrent Clear Claimed Marks
[2019-08-29T15:15:13.989+0930][gc,marking   ] GC(2) Concurrent Clear Claimed Marks 0.041ms
[2019-08-29T15:15:13.989+0930][gc,marking   ] GC(2) Concurrent Scan Root Regions
[2019-08-29T15:15:13.991+0930][gc,marking   ] GC(2) Concurrent Scan Root Regions 1.056ms
[2019-08-29T15:15:13.991+0930][gc,marking   ] GC(2) Concurrent Mark (1.334s)
[2019-08-29T15:15:13.991+0930][gc,marking   ] GC(2) Concurrent Mark From Roots
[2019-08-29T15:15:13.991+0930][gc,task      ] GC(2) Using 2 workers of 2 for marking
[2019-08-29T15:15:13.995+0930][gc,marking   ] GC(2) Concurrent Mark From Roots 4.575ms
[2019-08-29T15:15:13.995+0930][gc,marking   ] GC(2) Concurrent Preclean
[2019-08-29T15:15:13.995+0930][gc,marking   ] GC(2) Concurrent Preclean 0.193ms
[2019-08-29T15:15:13.995+0930][gc,marking   ] GC(2) Concurrent Mark (1.334s, 1.339s) 4.822ms
[2019-08-29T15:15:13.995+0930][gc,start     ] GC(2) Pause Remark
[2019-08-29T15:15:13.997+0930][gc,stringtable] GC(2) Cleaned string and symbol table, strings: 4746 processed, 0 removed, symbols: 49567 processed, 52 removed
[2019-08-29T15:15:13.997+0930][gc            ] GC(2) Pause Remark 8M->8M(1024M) 1.402ms
[2019-08-29T15:15:13.997+0930][gc,cpu        ] GC(2) User=0.02s Sys=0.00s Real=0.00s
[2019-08-29T15:15:13.997+0930][gc,marking    ] GC(2) Concurrent Rebuild Remembered Sets
[2019-08-29T15:15:13.999+0930][gc,marking    ] GC(2) Concurrent Rebuild Remembered Sets 1.912ms
[2019-08-29T15:15:13.999+0930][gc,start      ] GC(2) Pause Cleanup
[2019-08-29T15:15:13.999+0930][gc            ] GC(2) Pause Cleanup 8M->8M(1024M) 0.171ms
[2019-08-29T15:15:13.999+0930][gc,cpu        ] GC(2) User=0.00s Sys=0.00s Real=0.00s
[2019-08-29T15:15:13.999+0930][gc,marking    ] GC(2) Concurrent Cleanup for Next Mark
[2019-08-29T15:15:14.011+0930][gc,marking    ] GC(2) Concurrent Cleanup for Next Mark 11.539ms
[2019-08-29T15:15:14.011+0930][gc            ] GC(2) Concurrent Cycle 21.377ms
[2019-08-29T15:15:15.430+0930][gc,start      ] GC(3) Pause Young (Normal) (G1 Evacuation Pause)
[2019-08-29T15:15:15.430+0930][gc,task       ] GC(3) Using 8 workers of 8 for evacuation
[2019-08-29T15:15:15.435+0930][gc,phases     ] GC(3)   Pre Evacuate Collection Set: 0.0ms
[2019-08-29T15:15:15.435+0930][gc,phases     ] GC(3)   Evacuate Collection Set: 4.0ms
[2019-08-29T15:15:15.435+0930][gc,phases     ] GC(3)   Post Evacuate Collection Set: 0.4ms
[2019-08-29T15:15:15.435+0930][gc,phases     ] GC(3)   Other: 0.2ms
[2019-08-29T15:15:15.435+0930][gc,heap       ] GC(3) Eden regions: 49->0(46)
[2019-08-29T15:15:15.435+0930][gc,heap       ] GC(3) Survivor regions: 2->5(7)
[2019-08-29T15:15:15.435+0930][gc,heap       ] GC(3) Old regions: 8->8
[2019-08-29T15:15:15.435+0930][gc,heap       ] GC(3) Humongous regions: 129->129
[2019-08-29T15:15:15.435+0930][gc,metaspace  ] GC(3) Metaspace: 28661K->28661K(1075200K)
[2019-08-29T15:15:15.435+0930][gc            ] GC(3) Pause Young (Normal) (G1 Evacuation Pause) 185M->140M(1024M) 4.756ms
[2019-08-29T15:15:15.435+0930][gc,cpu        ] GC(3) User=0.06s Sys=0.05s Real=0.00s
[2019-08-29T15:15:30.168+0930][gc,heap,exit  ] Heap
[2019-08-29T15:15:30.168+0930][gc,heap,exit  ]  garbage-first heap   total 1048576K, used 186707K [0x00000000c0000000, 0x0000000100000000)
[2019-08-29T15:15:30.168+0930][gc,heap,exit  ]   region size 1024K, 43 young (44032K), 5 survivors (5120K)
[2019-08-29T15:15:30.168+0930][gc,heap,exit  ]  Metaspace       used 33504K, capacity 35420K, committed 35504K, reserved 1079296K
[2019-08-29T15:15:30.168+0930][gc,heap,exit  ]   class space    used 4870K, capacity 5804K, committed 5888K, reserved 1048576K
