[2019-08-29T15:13:54.249+0930][gc,heap] Heap region size: 1M
[2019-08-29T15:13:54.274+0930][gc     ] Using G1
[2019-08-29T15:13:54.274+0930][gc,heap,coops] Heap address: 0x00000000c0000000, size: 1024 MB, Compressed Oops mode: 32-bit
[2019-08-29T15:13:54.275+0930][gc,cds       ] Mark closed archive regions in map: [0x00000000fff00000, 0x00000000fff69ff8]
[2019-08-29T15:13:54.275+0930][gc,cds       ] Mark open archive regions in map: [0x00000000ffe00000, 0x00000000ffe33ff8]
[2019-08-29T15:13:55.329+0930][gc,start     ] GC(0) Pause Young (Normal) (G1 Evacuation Pause)
[2019-08-29T15:13:55.330+0930][gc,task      ] GC(0) Using 8 workers of 8 for evacuation
[2019-08-29T15:13:55.367+0930][gc,mmu       ] GC(0) MMU target violated: 21.0ms (20.0ms/21.0ms)
[2019-08-29T15:13:55.367+0930][gc,phases    ] GC(0)   Pre Evacuate Collection Set: 0.0ms
[2019-08-29T15:13:55.367+0930][gc,phases    ] GC(0)   Evacuate Collection Set: 31.7ms
[2019-08-29T15:13:55.367+0930][gc,phases    ] GC(0)   Post Evacuate Collection Set: 0.6ms
[2019-08-29T15:13:55.367+0930][gc,phases    ] GC(0)   Other: 5.3ms
[2019-08-29T15:13:55.367+0930][gc,heap      ] GC(0) Eden regions: 51->0(44)
[2019-08-29T15:13:55.367+0930][gc,heap      ] GC(0) Survivor regions: 0->7(7)
[2019-08-29T15:13:55.367+0930][gc,heap      ] GC(0) Old regions: 2->2
[2019-08-29T15:13:55.367+0930][gc,heap      ] GC(0) Humongous regions: 0->0
[2019-08-29T15:13:55.367+0930][gc,metaspace ] GC(0) Metaspace: 16848K->16848K(1064960K)
[2019-08-29T15:13:55.367+0930][gc           ] GC(0) Pause Young (Normal) (G1 Evacuation Pause) 51M->6M(1024M) 37.734ms
[2019-08-29T15:13:55.367+0930][gc,cpu       ] GC(0) User=0.08s Sys=0.02s Real=0.04s
[2019-08-29T15:13:55.785+0930][gc,start     ] GC(1) Pause Young (Concurrent Start) (Metadata GC Threshold)
[2019-08-29T15:13:55.785+0930][gc,task      ] GC(1) Using 8 workers of 8 for evacuation
[2019-08-29T15:13:55.797+0930][gc,phases    ] GC(1)   Pre Evacuate Collection Set: 0.0ms
[2019-08-29T15:13:55.797+0930][gc,phases    ] GC(1)   Evacuate Collection Set: 11.0ms
[2019-08-29T15:13:55.797+0930][gc,phases    ] GC(1)   Post Evacuate Collection Set: 0.3ms
[2019-08-29T15:13:55.797+0930][gc,phases    ] GC(1)   Other: 0.3ms
[2019-08-29T15:13:55.797+0930][gc,heap      ] GC(1) Eden regions: 16->0(49)
[2019-08-29T15:13:55.797+0930][gc,heap      ] GC(1) Survivor regions: 7->2(7)
[2019-08-29T15:13:55.797+0930][gc,heap      ] GC(1) Old regions: 2->8
[2019-08-29T15:13:55.797+0930][gc,heap      ] GC(1) Humongous regions: 129->129
[2019-08-29T15:13:55.797+0930][gc,metaspace ] GC(1) Metaspace: 20452K->20452K(1067008K)
[2019-08-29T15:13:55.797+0930][gc           ] GC(1) Pause Young (Concurrent Start) (Metadata GC Threshold) 151M->137M(1024M) 11.858ms
[2019-08-29T15:13:55.797+0930][gc,cpu       ] GC(1) User=0.06s Sys=0.07s Real=0.02s
[2019-08-29T15:13:55.797+0930][gc           ] GC(2) Concurrent Cycle
[2019-08-29T15:13:55.797+0930][gc,marking   ] GC(2) Concurrent Clear Claimed Marks
[2019-08-29T15:13:55.797+0930][gc,marking   ] GC(2) Concurrent Clear Claimed Marks 0.045ms
[2019-08-29T15:13:55.797+0930][gc,marking   ] GC(2) Concurrent Scan Root Regions
[2019-08-29T15:13:55.798+0930][gc,marking   ] GC(2) Concurrent Scan Root Regions 0.926ms
[2019-08-29T15:13:55.798+0930][gc,marking   ] GC(2) Concurrent Mark (1.559s)
[2019-08-29T15:13:55.798+0930][gc,marking   ] GC(2) Concurrent Mark From Roots
[2019-08-29T15:13:55.798+0930][gc,task      ] GC(2) Using 2 workers of 2 for marking
[2019-08-29T15:13:55.803+0930][gc,marking   ] GC(2) Concurrent Mark From Roots 4.482ms
[2019-08-29T15:13:55.803+0930][gc,marking   ] GC(2) Concurrent Preclean
[2019-08-29T15:13:55.803+0930][gc,marking   ] GC(2) Concurrent Preclean 0.216ms
[2019-08-29T15:13:55.803+0930][gc,marking   ] GC(2) Concurrent Mark (1.559s, 1.564s) 4.766ms
[2019-08-29T15:13:55.803+0930][gc,start     ] GC(2) Pause Remark
[2019-08-29T15:13:55.805+0930][gc,stringtable] GC(2) Cleaned string and symbol table, strings: 4803 processed, 0 removed, symbols: 49312 processed, 45 removed
[2019-08-29T15:13:55.806+0930][gc            ] GC(2) Pause Remark 138M->138M(1024M) 2.719ms
[2019-08-29T15:13:55.806+0930][gc,cpu        ] GC(2) User=0.00s Sys=0.00s Real=0.01s
[2019-08-29T15:13:55.806+0930][gc,marking    ] GC(2) Concurrent Rebuild Remembered Sets
[2019-08-29T15:13:55.810+0930][gc,marking    ] GC(2) Concurrent Rebuild Remembered Sets 3.815ms
[2019-08-29T15:13:55.810+0930][gc,start      ] GC(2) Pause Cleanup
[2019-08-29T15:13:55.810+0930][gc            ] GC(2) Pause Cleanup 138M->138M(1024M) 0.219ms
[2019-08-29T15:13:55.810+0930][gc,cpu        ] GC(2) User=0.00s Sys=0.00s Real=0.00s
[2019-08-29T15:13:55.810+0930][gc,marking    ] GC(2) Concurrent Cleanup for Next Mark
[2019-08-29T15:13:55.820+0930][gc,marking    ] GC(2) Concurrent Cleanup for Next Mark 10.006ms
[2019-08-29T15:13:55.820+0930][gc            ] GC(2) Concurrent Cycle 23.198ms
[2019-08-29T15:13:56.526+0930][gc,start      ] GC(3) Pause Young (Normal) (G1 Evacuation Pause)
[2019-08-29T15:13:56.526+0930][gc,task       ] GC(3) Using 8 workers of 8 for evacuation
[2019-08-29T15:13:56.531+0930][gc,phases     ] GC(3)   Pre Evacuate Collection Set: 0.0ms
[2019-08-29T15:13:56.531+0930][gc,phases     ] GC(3)   Evacuate Collection Set: 4.3ms
[2019-08-29T15:13:56.531+0930][gc,phases     ] GC(3)   Post Evacuate Collection Set: 0.4ms
[2019-08-29T15:13:56.531+0930][gc,phases     ] GC(3)   Other: 0.3ms
[2019-08-29T15:13:56.531+0930][gc,heap       ] GC(3) Eden regions: 49->0(46)
[2019-08-29T15:13:56.531+0930][gc,heap       ] GC(3) Survivor regions: 2->5(7)
[2019-08-29T15:13:56.531+0930][gc,heap       ] GC(3) Old regions: 8->8
[2019-08-29T15:13:56.531+0930][gc,heap       ] GC(3) Humongous regions: 129->129
[2019-08-29T15:13:56.531+0930][gc,metaspace  ] GC(3) Metaspace: 29555K->29555K(1075200K)
[2019-08-29T15:13:56.532+0930][gc            ] GC(3) Pause Young (Normal) (G1 Evacuation Pause) 186M->140M(1024M) 5.170ms
[2019-08-29T15:13:56.532+0930][gc,cpu        ] GC(3) User=0.13s Sys=0.00s Real=0.00s
[2019-08-29T15:14:10.792+0930][gc,start      ] GC(4) Pause Young (Concurrent Start) (Metadata GC Threshold)
[2019-08-29T15:14:10.792+0930][gc,task       ] GC(4) Using 8 workers of 8 for evacuation
[2019-08-29T15:14:10.799+0930][gc,phases     ] GC(4)   Pre Evacuate Collection Set: 0.1ms
[2019-08-29T15:14:10.799+0930][gc,phases     ] GC(4)   Evacuate Collection Set: 6.5ms
[2019-08-29T15:14:10.799+0930][gc,phases     ] GC(4)   Post Evacuate Collection Set: 0.4ms
[2019-08-29T15:14:10.799+0930][gc,phases     ] GC(4)   Other: 0.2ms
[2019-08-29T15:14:10.799+0930][gc,heap       ] GC(4) Eden regions: 34->0(48)
[2019-08-29T15:14:10.799+0930][gc,heap       ] GC(4) Survivor regions: 5->3(7)
[2019-08-29T15:14:10.799+0930][gc,heap       ] GC(4) Old regions: 8->13
[2019-08-29T15:14:10.799+0930][gc,heap       ] GC(4) Humongous regions: 129->129
[2019-08-29T15:14:10.799+0930][gc,metaspace  ] GC(4) Metaspace: 34007K->34007K(1079296K)
[2019-08-29T15:14:10.800+0930][gc            ] GC(4) Pause Young (Concurrent Start) (Metadata GC Threshold) 174M->142M(1024M) 7.355ms
[2019-08-29T15:14:10.800+0930][gc,cpu        ] GC(4) User=0.11s Sys=0.02s Real=0.01s
[2019-08-29T15:14:10.800+0930][gc            ] GC(5) Concurrent Cycle
[2019-08-29T15:14:10.800+0930][gc,marking    ] GC(5) Concurrent Clear Claimed Marks
[2019-08-29T15:14:10.800+0930][gc,marking    ] GC(5) Concurrent Clear Claimed Marks 0.128ms
[2019-08-29T15:14:10.800+0930][gc,marking    ] GC(5) Concurrent Scan Root Regions
[2019-08-29T15:14:10.801+0930][gc,marking    ] GC(5) Concurrent Scan Root Regions 0.816ms
[2019-08-29T15:14:10.801+0930][gc,marking    ] GC(5) Concurrent Mark (16.561s)
[2019-08-29T15:14:10.801+0930][gc,marking    ] GC(5) Concurrent Mark From Roots
[2019-08-29T15:14:10.801+0930][gc,task       ] GC(5) Using 2 workers of 2 for marking
[2019-08-29T15:14:10.812+0930][gc,marking    ] GC(5) Concurrent Mark From Roots 11.506ms
[2019-08-29T15:14:10.812+0930][gc,marking    ] GC(5) Concurrent Preclean
[2019-08-29T15:14:10.812+0930][gc,marking    ] GC(5) Concurrent Preclean 0.180ms
[2019-08-29T15:14:10.812+0930][gc,marking    ] GC(5) Concurrent Mark (16.561s, 16.573s) 11.757ms
[2019-08-29T15:14:10.812+0930][gc,start      ] GC(5) Pause Remark
[2019-08-29T15:14:10.814+0930][gc,stringtable] GC(5) Cleaned string and symbol table, strings: 10537 processed, 8 removed, symbols: 75008 processed, 18 removed
[2019-08-29T15:14:10.815+0930][gc            ] GC(5) Pause Remark 142M->142M(1024M) 2.038ms
[2019-08-29T15:14:10.815+0930][gc,cpu        ] GC(5) User=0.00s Sys=0.00s Real=0.00s
[2019-08-29T15:14:10.815+0930][gc,marking    ] GC(5) Concurrent Rebuild Remembered Sets
[2019-08-29T15:14:10.819+0930][gc,marking    ] GC(5) Concurrent Rebuild Remembered Sets 4.272ms
[2019-08-29T15:14:10.819+0930][gc,start      ] GC(5) Pause Cleanup
[2019-08-29T15:14:10.819+0930][gc            ] GC(5) Pause Cleanup 142M->142M(1024M) 0.157ms
[2019-08-29T15:14:10.819+0930][gc,cpu        ] GC(5) User=0.00s Sys=0.00s Real=0.00s
[2019-08-29T15:14:10.819+0930][gc,marking    ] GC(5) Concurrent Cleanup for Next Mark
[2019-08-29T15:14:10.828+0930][gc,marking    ] GC(5) Concurrent Cleanup for Next Mark 9.043ms
[2019-08-29T15:14:10.828+0930][gc            ] GC(5) Concurrent Cycle 28.745ms
[2019-08-29T15:15:09.619+0930][gc,heap,exit  ] Heap
[2019-08-29T15:15:09.619+0930][gc,heap,exit  ]  garbage-first heap   total 1048576K, used 168396K [0x00000000c0000000, 0x0000000100000000)
[2019-08-29T15:15:09.619+0930][gc,heap,exit  ]   region size 1024K, 27 young (27648K), 3 survivors (3072K)
[2019-08-29T15:15:09.619+0930][gc,heap,exit  ]  Metaspace       used 35351K, capacity 37661K, committed 37788K, reserved 1081344K
[2019-08-29T15:15:09.619+0930][gc,heap,exit  ]   class space    used 5207K, capacity 6343K, committed 6400K, reserved 1048576K
