[2019-08-29T15:13:05.797+0930][gc,heap] Heap region size: 1M
[2019-08-29T15:13:05.814+0930][gc     ] Using G1
[2019-08-29T15:13:05.814+0930][gc,heap,coops] Heap address: 0x00000000e0000000, size: 512 MB, Compressed Oops mode: 32-bit
[2019-08-29T15:13:05.816+0930][gc,cds       ] Mark closed archive regions in map: [0x00000000fff00000, 0x00000000fff69ff8]
[2019-08-29T15:13:05.816+0930][gc,cds       ] Mark open archive regions in map: [0x00000000ffe00000, 0x00000000ffe33ff8]
[2019-08-29T15:13:06.635+0930][gc,start     ] GC(0) Pause Young (Normal) (G1 Evacuation Pause)
[2019-08-29T15:13:06.637+0930][gc,task      ] GC(0) Using 8 workers of 8 for evacuation
[2019-08-29T15:13:06.659+0930][gc,phases    ] GC(0)   Pre Evacuate Collection Set: 0.0ms
[2019-08-29T15:13:06.659+0930][gc,phases    ] GC(0)   Evacuate Collection Set: 17.8ms
[2019-08-29T15:13:06.659+0930][gc,phases    ] GC(0)   Post Evacuate Collection Set: 0.4ms
[2019-08-29T15:13:06.659+0930][gc,phases    ] GC(0)   Other: 6.2ms
[2019-08-29T15:13:06.659+0930][gc,heap      ] GC(0) Eden regions: 25->0(21)
[2019-08-29T15:13:06.659+0930][gc,heap      ] GC(0) Survivor regions: 0->4(4)
[2019-08-29T15:13:06.659+0930][gc,heap      ] GC(0) Old regions: 2->4
[2019-08-29T15:13:06.659+0930][gc,heap      ] GC(0) Humongous regions: 0->0
[2019-08-29T15:13:06.659+0930][gc,metaspace ] GC(0) Metaspace: 6880K->6880K(1056768K)
[2019-08-29T15:13:06.659+0930][gc           ] GC(0) Pause Young (Normal) (G1 Evacuation Pause) 25M->5M(512M) 24.580ms
[2019-08-29T15:13:06.659+0930][gc,cpu       ] GC(0) User=0.05s Sys=0.07s Real=0.03s
[2019-08-29T15:33:44.359+0930][gc,heap,exit ] Heap
[2019-08-29T15:33:44.359+0930][gc,heap,exit ]  garbage-first heap   total 524288K, used 19131K [0x00000000e0000000, 0x0000000100000000)
[2019-08-29T15:33:44.359+0930][gc,heap,exit ]   region size 1024K, 18 young (18432K), 4 survivors (4096K)
[2019-08-29T15:33:44.359+0930][gc,heap,exit ]  Metaspace       used 7772K, capacity 8111K, committed 8192K, reserved 1056768K
[2019-08-29T15:33:44.359+0930][gc,heap,exit ]   class space    used 840K, capacity 962K, committed 1024K, reserved 1048576K
