[2019-08-29T15:34:57.789+0930][gc,heap] Heap region size: 1M
[2019-08-29T15:34:57.800+0930][gc     ] Using G1
[2019-08-29T15:34:57.800+0930][gc,heap,coops] Heap address: 0x00000000e0000000, size: 512 MB, Compressed Oops mode: 32-bit
[2019-08-29T15:34:57.801+0930][gc,cds       ] Mark closed archive regions in map: [0x00000000fff00000, 0x00000000fff69ff8]
[2019-08-29T15:34:57.801+0930][gc,cds       ] Mark open archive regions in map: [0x00000000ffe00000, 0x00000000ffe33ff8]
[2019-08-29T15:34:58.287+0930][gc,start     ] GC(0) Pause Young (Normal) (G1 Evacuation Pause)
[2019-08-29T15:34:58.288+0930][gc,task      ] GC(0) Using 8 workers of 8 for evacuation
[2019-08-29T15:34:58.317+0930][gc,mmu       ] GC(0) MMU target violated: 21.0ms (20.0ms/21.0ms)
[2019-08-29T15:34:58.317+0930][gc,phases    ] GC(0)   Pre Evacuate Collection Set: 0.1ms
[2019-08-29T15:34:58.317+0930][gc,phases    ] GC(0)   Evacuate Collection Set: 24.5ms
[2019-08-29T15:34:58.317+0930][gc,phases    ] GC(0)   Post Evacuate Collection Set: 0.4ms
[2019-08-29T15:34:58.317+0930][gc,phases    ] GC(0)   Other: 5.4ms
[2019-08-29T15:34:58.317+0930][gc,heap      ] GC(0) Eden regions: 25->0(21)
[2019-08-29T15:34:58.317+0930][gc,heap      ] GC(0) Survivor regions: 0->4(4)
[2019-08-29T15:34:58.317+0930][gc,heap      ] GC(0) Old regions: 2->3
[2019-08-29T15:34:58.317+0930][gc,heap      ] GC(0) Humongous regions: 0->0
[2019-08-29T15:34:58.317+0930][gc,metaspace ] GC(0) Metaspace: 6884K->6884K(1056768K)
[2019-08-29T15:34:58.317+0930][gc           ] GC(0) Pause Young (Normal) (G1 Evacuation Pause) 25M->5M(512M) 30.403ms
[2019-08-29T15:34:58.317+0930][gc,cpu       ] GC(0) User=0.08s Sys=0.07s Real=0.03s
[2019-08-29T15:53:37.715+0930][gc,heap,exit ] Heap
[2019-08-29T15:53:37.715+0930][gc,heap,exit ]  garbage-first heap   total 524288K, used 15886K [0x00000000e0000000, 0x0000000100000000)
[2019-08-29T15:53:37.716+0930][gc,heap,exit ]   region size 1024K, 15 young (15360K), 4 survivors (4096K)
[2019-08-29T15:53:37.716+0930][gc,heap,exit ]  Metaspace       used 7728K, capacity 8047K, committed 8192K, reserved 1056768K
[2019-08-29T15:53:37.716+0930][gc,heap,exit ]   class space    used 838K, capacity 962K, committed 1024K, reserved 1048576K
