[2019-08-29T14:21:33.824+0930][gc,heap] Heap region size: 1M
[2019-08-29T14:21:33.849+0930][gc     ] Using G1
[2019-08-29T14:21:33.849+0930][gc,heap,coops] Heap address: 0x00000000c0000000, size: 1024 MB, Compressed Oops mode: 32-bit
[2019-08-29T14:21:33.850+0930][gc,cds       ] Mark closed archive regions in map: [0x00000000fff00000, 0x00000000fff69ff8]
[2019-08-29T14:21:33.850+0930][gc,cds       ] Mark open archive regions in map: [0x00000000ffe00000, 0x00000000ffe33ff8]
[2019-08-29T14:21:35.128+0930][gc,start     ] GC(0) Pause Young (Normal) (G1 Evacuation Pause)
[2019-08-29T14:21:35.130+0930][gc,task      ] GC(0) Using 8 workers of 8 for evacuation
[2019-08-29T14:21:35.144+0930][gc,phases    ] GC(0)   Pre Evacuate Collection Set: 0.0ms
[2019-08-29T14:21:35.144+0930][gc,phases    ] GC(0)   Evacuate Collection Set: 13.5ms
[2019-08-29T14:21:35.144+0930][gc,phases    ] GC(0)   Post Evacuate Collection Set: 0.6ms
[2019-08-29T14:21:35.144+0930][gc,phases    ] GC(0)   Other: 1.8ms
[2019-08-29T14:21:35.144+0930][gc,heap      ] GC(0) Eden regions: 51->0(45)
[2019-08-29T14:21:35.144+0930][gc,heap      ] GC(0) Survivor regions: 0->6(7)
[2019-08-29T14:21:35.144+0930][gc,heap      ] GC(0) Old regions: 2->2
[2019-08-29T14:21:35.144+0930][gc,heap      ] GC(0) Humongous regions: 0->0
[2019-08-29T14:21:35.144+0930][gc,metaspace ] GC(0) Metaspace: 17032K->17032K(1064960K)
[2019-08-29T14:21:35.144+0930][gc           ] GC(0) Pause Young (Normal) (G1 Evacuation Pause) 51M->6M(1024M) 16.059ms
[2019-08-29T14:21:35.144+0930][gc,cpu       ] GC(0) User=0.03s Sys=0.03s Real=0.01s
[2019-08-29T14:21:35.475+0930][gc,start     ] GC(1) Pause Young (Concurrent Start) (Metadata GC Threshold)
[2019-08-29T14:21:35.475+0930][gc,task      ] GC(1) Using 8 workers of 8 for evacuation
[2019-08-29T14:21:35.492+0930][gc,phases    ] GC(1)   Pre Evacuate Collection Set: 0.1ms
[2019-08-29T14:21:35.492+0930][gc,phases    ] GC(1)   Evacuate Collection Set: 15.5ms
[2019-08-29T14:21:35.492+0930][gc,phases    ] GC(1)   Post Evacuate Collection Set: 0.6ms
[2019-08-29T14:21:35.492+0930][gc,phases    ] GC(1)   Other: 0.6ms
[2019-08-29T14:21:35.492+0930][gc,heap      ] GC(1) Eden regions: 13->0(49)
[2019-08-29T14:21:35.492+0930][gc,heap      ] GC(1) Survivor regions: 6->2(7)
[2019-08-29T14:21:35.492+0930][gc,heap      ] GC(1) Old regions: 2->8
[2019-08-29T14:21:35.492+0930][gc,heap      ] GC(1) Humongous regions: 0->0
[2019-08-29T14:21:35.492+0930][gc,metaspace ] GC(1) Metaspace: 20465K->20465K(1067008K)
[2019-08-29T14:21:35.492+0930][gc           ] GC(1) Pause Young (Concurrent Start) (Metadata GC Threshold) 19M->7M(1024M) 17.065ms
[2019-08-29T14:21:35.492+0930][gc,cpu       ] GC(1) User=0.05s Sys=0.00s Real=0.02s
[2019-08-29T14:21:35.492+0930][gc           ] GC(2) Concurrent Cycle
[2019-08-29T14:21:35.492+0930][gc,marking   ] GC(2) Concurrent Clear Claimed Marks
[2019-08-29T14:21:35.492+0930][gc,marking   ] GC(2) Concurrent Clear Claimed Marks 0.106ms
[2019-08-29T14:21:35.492+0930][gc,marking   ] GC(2) Concurrent Scan Root Regions
[2019-08-29T14:21:35.494+0930][gc,marking   ] GC(2) Concurrent Scan Root Regions 1.126ms
[2019-08-29T14:21:35.494+0930][gc,marking   ] GC(2) Concurrent Mark (1.697s)
[2019-08-29T14:21:35.494+0930][gc,marking   ] GC(2) Concurrent Mark From Roots
[2019-08-29T14:21:35.494+0930][gc,task      ] GC(2) Using 2 workers of 2 for marking
[2019-08-29T14:21:35.498+0930][gc,marking   ] GC(2) Concurrent Mark From Roots 3.991ms
[2019-08-29T14:21:35.498+0930][gc,marking   ] GC(2) Concurrent Preclean
[2019-08-29T14:21:35.498+0930][gc,marking   ] GC(2) Concurrent Preclean 0.203ms
[2019-08-29T14:21:35.498+0930][gc,marking   ] GC(2) Concurrent Mark (1.697s, 1.702s) 4.270ms
[2019-08-29T14:21:35.498+0930][gc,start     ] GC(2) Pause Remark
[2019-08-29T14:21:35.499+0930][gc,stringtable] GC(2) Cleaned string and symbol table, strings: 4737 processed, 0 removed, symbols: 49571 processed, 51 removed
[2019-08-29T14:21:35.499+0930][gc            ] GC(2) Pause Remark 8M->8M(1024M) 1.380ms
[2019-08-29T14:21:35.499+0930][gc,cpu        ] GC(2) User=0.00s Sys=0.00s Real=0.00s
[2019-08-29T14:21:35.500+0930][gc,marking    ] GC(2) Concurrent Rebuild Remembered Sets
[2019-08-29T14:21:35.502+0930][gc,marking    ] GC(2) Concurrent Rebuild Remembered Sets 2.095ms
[2019-08-29T14:21:35.502+0930][gc,start      ] GC(2) Pause Cleanup
[2019-08-29T14:21:35.502+0930][gc            ] GC(2) Pause Cleanup 8M->8M(1024M) 0.207ms
[2019-08-29T14:21:35.502+0930][gc,cpu        ] GC(2) User=0.00s Sys=0.00s Real=0.00s
[2019-08-29T14:21:35.502+0930][gc,marking    ] GC(2) Concurrent Cleanup for Next Mark
[2019-08-29T14:21:35.516+0930][gc,marking    ] GC(2) Concurrent Cleanup for Next Mark 13.568ms
[2019-08-29T14:21:35.516+0930][gc            ] GC(2) Concurrent Cycle 23.407ms
[2019-08-29T14:21:36.998+0930][gc,heap,exit  ] Heap
[2019-08-29T14:21:36.998+0930][gc,heap,exit  ]  garbage-first heap   total 1048576K, used 184995K [0x00000000c0000000, 0x0000000100000000)
[2019-08-29T14:21:36.998+0930][gc,heap,exit  ]   region size 1024K, 47 young (48128K), 2 survivors (2048K)
[2019-08-29T14:21:36.998+0930][gc,heap,exit  ]  Metaspace       used 25363K, capacity 26456K, committed 26544K, reserved 1071104K
[2019-08-29T14:21:36.998+0930][gc,heap,exit  ]   class space    used 3546K, capacity 4031K, committed 4096K, reserved 1048576K
