[2019-08-29T11:23:35.267+0930][gc,heap] Heap region size: 1M
[2019-08-29T11:23:35.293+0930][gc     ] Using G1
[2019-08-29T11:23:35.293+0930][gc,heap,coops] Heap address: 0x00000000c0000000, size: 1024 MB, Compressed Oops mode: 32-bit
[2019-08-29T11:23:36.572+0930][gc,start     ] GC(0) Pause Young (Normal) (G1 Evacuation Pause)
[2019-08-29T11:23:36.574+0930][gc,task      ] GC(0) Using 8 workers of 8 for evacuation
[2019-08-29T11:23:36.589+0930][gc,phases    ] GC(0)   Pre Evacuate Collection Set: 0.0ms
[2019-08-29T11:23:36.589+0930][gc,phases    ] GC(0)   Evacuate Collection Set: 13.4ms
[2019-08-29T11:23:36.589+0930][gc,phases    ] GC(0)   Post Evacuate Collection Set: 0.5ms
[2019-08-29T11:23:36.589+0930][gc,phases    ] GC(0)   Other: 2.4ms
[2019-08-29T11:23:36.589+0930][gc,heap      ] GC(0) Eden regions: 51->0(44)
[2019-08-29T11:23:36.589+0930][gc,heap      ] GC(0) Survivor regions: 0->7(7)
[2019-08-29T11:23:36.589+0930][gc,heap      ] GC(0) Old regions: 0->0
[2019-08-29T11:23:36.589+0930][gc,heap      ] GC(0) Humongous regions: 0->0
[2019-08-29T11:23:36.589+0930][gc,metaspace ] GC(0) Metaspace: 16833K->16833K(1064960K)
[2019-08-29T11:23:36.589+0930][gc           ] GC(0) Pause Young (Normal) (G1 Evacuation Pause) 51M->6M(1024M) 16.823ms
[2019-08-29T11:23:36.589+0930][gc,cpu       ] GC(0) User=0.00s Sys=0.06s Real=0.02s
[2019-08-29T11:23:36.877+0930][gc,start     ] GC(1) Pause Young (Concurrent Start) (Metadata GC Threshold)
[2019-08-29T11:23:36.877+0930][gc,task      ] GC(1) Using 8 workers of 8 for evacuation
[2019-08-29T11:23:36.892+0930][gc,phases    ] GC(1)   Pre Evacuate Collection Set: 0.1ms
[2019-08-29T11:23:36.892+0930][gc,phases    ] GC(1)   Evacuate Collection Set: 13.3ms
[2019-08-29T11:23:36.892+0930][gc,phases    ] GC(1)   Post Evacuate Collection Set: 0.5ms
[2019-08-29T11:23:36.892+0930][gc,phases    ] GC(1)   Other: 0.4ms
[2019-08-29T11:23:36.892+0930][gc,heap      ] GC(1) Eden regions: 15->0(49)
[2019-08-29T11:23:36.892+0930][gc,heap      ] GC(1) Survivor regions: 7->2(7)
[2019-08-29T11:23:36.892+0930][gc,heap      ] GC(1) Old regions: 0->7
[2019-08-29T11:23:36.892+0930][gc,heap      ] GC(1) Humongous regions: 0->0
[2019-08-29T11:23:36.892+0930][gc,metaspace ] GC(1) Metaspace: 20534K->20534K(1067008K)
[2019-08-29T11:23:36.892+0930][gc           ] GC(1) Pause Young (Concurrent Start) (Metadata GC Threshold) 20M->7M(1024M) 14.424ms
[2019-08-29T11:23:36.892+0930][gc,cpu       ] GC(1) User=0.00s Sys=0.00s Real=0.02s
[2019-08-29T11:23:36.892+0930][gc           ] GC(2) Concurrent Cycle
[2019-08-29T11:23:36.892+0930][gc,marking   ] GC(2) Concurrent Clear Claimed Marks
[2019-08-29T11:23:36.892+0930][gc,marking   ] GC(2) Concurrent Clear Claimed Marks 0.081ms
[2019-08-29T11:23:36.892+0930][gc,marking   ] GC(2) Concurrent Scan Root Regions
[2019-08-29T11:23:36.893+0930][gc,marking   ] GC(2) Concurrent Scan Root Regions 0.981ms
[2019-08-29T11:23:36.893+0930][gc,marking   ] GC(2) Concurrent Mark (1.644s)
[2019-08-29T11:23:36.893+0930][gc,marking   ] GC(2) Concurrent Mark From Roots
[2019-08-29T11:23:36.893+0930][gc,task      ] GC(2) Using 2 workers of 2 for marking
[2019-08-29T11:23:36.897+0930][gc,marking   ] GC(2) Concurrent Mark From Roots 4.316ms
[2019-08-29T11:23:36.897+0930][gc,marking   ] GC(2) Concurrent Preclean
[2019-08-29T11:23:36.898+0930][gc,marking   ] GC(2) Concurrent Preclean 0.177ms
[2019-08-29T11:23:36.898+0930][gc,marking   ] GC(2) Concurrent Mark (1.644s, 1.648s) 4.553ms
[2019-08-29T11:23:36.898+0930][gc,start     ] GC(2) Pause Remark
[2019-08-29T11:23:36.899+0930][gc,stringtable] GC(2) Cleaned string and symbol table, strings: 8879 processed, 0 removed, symbols: 49578 processed, 48 removed
[2019-08-29T11:23:36.899+0930][gc            ] GC(2) Pause Remark 7M->7M(1024M) 1.607ms
[2019-08-29T11:23:36.899+0930][gc,cpu        ] GC(2) User=0.00s Sys=0.00s Real=0.01s
[2019-08-29T11:23:36.899+0930][gc,marking    ] GC(2) Concurrent Rebuild Remembered Sets
[2019-08-29T11:23:36.902+0930][gc,marking    ] GC(2) Concurrent Rebuild Remembered Sets 2.906ms
[2019-08-29T11:23:36.902+0930][gc,start      ] GC(2) Pause Cleanup
[2019-08-29T11:23:36.903+0930][gc            ] GC(2) Pause Cleanup 7M->7M(1024M) 0.277ms
[2019-08-29T11:23:36.903+0930][gc,cpu        ] GC(2) User=0.00s Sys=0.00s Real=0.00s
[2019-08-29T11:23:36.903+0930][gc,marking    ] GC(2) Concurrent Cleanup for Next Mark
[2019-08-29T11:23:36.914+0930][gc,marking    ] GC(2) Concurrent Cleanup for Next Mark 11.520ms
[2019-08-29T11:23:36.914+0930][gc            ] GC(2) Concurrent Cycle 22.587ms
[2019-08-29T11:23:37.393+0930][gc,heap,exit  ] Heap
[2019-08-29T11:23:37.393+0930][gc,heap,exit  ]  garbage-first heap   total 1048576K, used 164140K [0x00000000c0000000, 0x0000000100000000)
[2019-08-29T11:23:37.393+0930][gc,heap,exit  ]   region size 1024K, 27 young (27648K), 2 survivors (2048K)
[2019-08-29T11:23:37.393+0930][gc,heap,exit  ]  Metaspace       used 24624K, capacity 25632K, committed 25904K, reserved 1071104K
[2019-08-29T11:23:37.393+0930][gc,heap,exit  ]   class space    used 3460K, capacity 3900K, committed 3968K, reserved 1048576K
