[2019-08-29T14:22:00.310+0930][gc,heap] Heap region size: 1M
[2019-08-29T14:22:00.333+0930][gc     ] Using G1
[2019-08-29T14:22:00.333+0930][gc,heap,coops] Heap address: 0x00000000c0000000, size: 1024 MB, Compressed Oops mode: 32-bit
[2019-08-29T14:22:00.334+0930][gc,cds       ] Mark closed archive regions in map: [0x00000000fff00000, 0x00000000fff69ff8]
[2019-08-29T14:22:00.334+0930][gc,cds       ] Mark open archive regions in map: [0x00000000ffe00000, 0x00000000ffe33ff8]
[2019-08-29T14:22:01.333+0930][gc,start     ] GC(0) Pause Young (Normal) (G1 Evacuation Pause)
[2019-08-29T14:22:01.334+0930][gc,task      ] GC(0) Using 8 workers of 8 for evacuation
[2019-08-29T14:22:01.362+0930][gc,mmu       ] GC(0) MMU target violated: 21.0ms (20.0ms/21.0ms)
[2019-08-29T14:22:01.362+0930][gc,phases    ] GC(0)   Pre Evacuate Collection Set: 0.1ms
[2019-08-29T14:22:01.362+0930][gc,phases    ] GC(0)   Evacuate Collection Set: 24.0ms
[2019-08-29T14:22:01.362+0930][gc,phases    ] GC(0)   Post Evacuate Collection Set: 0.5ms
[2019-08-29T14:22:01.362+0930][gc,phases    ] GC(0)   Other: 5.3ms
[2019-08-29T14:22:01.362+0930][gc,heap      ] GC(0) Eden regions: 51->0(45)
[2019-08-29T14:22:01.362+0930][gc,heap      ] GC(0) Survivor regions: 0->6(7)
[2019-08-29T14:22:01.362+0930][gc,heap      ] GC(0) Old regions: 2->2
[2019-08-29T14:22:01.362+0930][gc,heap      ] GC(0) Humongous regions: 0->0
[2019-08-29T14:22:01.362+0930][gc,metaspace ] GC(0) Metaspace: 17032K->17032K(1064960K)
[2019-08-29T14:22:01.362+0930][gc           ] GC(0) Pause Young (Normal) (G1 Evacuation Pause) 51M->6M(1024M) 29.952ms
[2019-08-29T14:22:01.363+0930][gc,cpu       ] GC(0) User=0.09s Sys=0.06s Real=0.03s
[2019-08-29T14:22:01.695+0930][gc,start     ] GC(1) Pause Young (Concurrent Start) (Metadata GC Threshold)
[2019-08-29T14:22:01.695+0930][gc,task      ] GC(1) Using 8 workers of 8 for evacuation
[2019-08-29T14:22:01.707+0930][gc,phases    ] GC(1)   Pre Evacuate Collection Set: 0.0ms
[2019-08-29T14:22:01.707+0930][gc,phases    ] GC(1)   Evacuate Collection Set: 11.2ms
[2019-08-29T14:22:01.707+0930][gc,phases    ] GC(1)   Post Evacuate Collection Set: 0.3ms
[2019-08-29T14:22:01.707+0930][gc,phases    ] GC(1)   Other: 0.3ms
[2019-08-29T14:22:01.707+0930][gc,heap      ] GC(1) Eden regions: 15->0(49)
[2019-08-29T14:22:01.707+0930][gc,heap      ] GC(1) Survivor regions: 6->2(7)
[2019-08-29T14:22:01.707+0930][gc,heap      ] GC(1) Old regions: 2->8
[2019-08-29T14:22:01.707+0930][gc,heap      ] GC(1) Humongous regions: 129->129
[2019-08-29T14:22:01.707+0930][gc,metaspace ] GC(1) Metaspace: 20500K->20500K(1067008K)
[2019-08-29T14:22:01.707+0930][gc           ] GC(1) Pause Young (Concurrent Start) (Metadata GC Threshold) 150M->136M(1024M) 11.962ms
[2019-08-29T14:22:01.707+0930][gc,cpu       ] GC(1) User=0.03s Sys=0.00s Real=0.02s
[2019-08-29T14:22:01.707+0930][gc           ] GC(2) Concurrent Cycle
[2019-08-29T14:22:01.707+0930][gc,marking   ] GC(2) Concurrent Clear Claimed Marks
[2019-08-29T14:22:01.707+0930][gc,marking   ] GC(2) Concurrent Clear Claimed Marks 0.056ms
[2019-08-29T14:22:01.707+0930][gc,marking   ] GC(2) Concurrent Scan Root Regions
[2019-08-29T14:22:01.708+0930][gc,marking   ] GC(2) Concurrent Scan Root Regions 0.933ms
[2019-08-29T14:22:01.708+0930][gc,marking   ] GC(2) Concurrent Mark (1.410s)
[2019-08-29T14:22:01.708+0930][gc,marking   ] GC(2) Concurrent Mark From Roots
[2019-08-29T14:22:01.708+0930][gc,task      ] GC(2) Using 2 workers of 2 for marking
[2019-08-29T14:22:01.712+0930][gc,marking   ] GC(2) Concurrent Mark From Roots 4.350ms
[2019-08-29T14:22:01.712+0930][gc,marking   ] GC(2) Concurrent Preclean
[2019-08-29T14:22:01.713+0930][gc,marking   ] GC(2) Concurrent Preclean 0.193ms
[2019-08-29T14:22:01.713+0930][gc,marking   ] GC(2) Concurrent Mark (1.410s, 1.415s) 4.604ms
[2019-08-29T14:22:01.713+0930][gc,start     ] GC(2) Pause Remark
[2019-08-29T14:22:01.714+0930][gc,stringtable] GC(2) Cleaned string and symbol table, strings: 4810 processed, 0 removed, symbols: 50088 processed, 44 removed
[2019-08-29T14:22:01.714+0930][gc            ] GC(2) Pause Remark 137M->137M(1024M) 1.417ms
[2019-08-29T14:22:01.714+0930][gc,cpu        ] GC(2) User=0.00s Sys=0.00s Real=0.00s
[2019-08-29T14:22:01.714+0930][gc,marking    ] GC(2) Concurrent Rebuild Remembered Sets
[2019-08-29T14:22:01.718+0930][gc,marking    ] GC(2) Concurrent Rebuild Remembered Sets 3.276ms
[2019-08-29T14:22:01.718+0930][gc,start      ] GC(2) Pause Cleanup
[2019-08-29T14:22:01.718+0930][gc            ] GC(2) Pause Cleanup 138M->138M(1024M) 0.242ms
[2019-08-29T14:22:01.718+0930][gc,cpu        ] GC(2) User=0.00s Sys=0.00s Real=0.00s
[2019-08-29T14:22:01.718+0930][gc,marking    ] GC(2) Concurrent Cleanup for Next Mark
[2019-08-29T14:22:01.729+0930][gc,marking    ] GC(2) Concurrent Cleanup for Next Mark 11.139ms
[2019-08-29T14:22:01.729+0930][gc            ] GC(2) Concurrent Cycle 22.259ms
[2019-08-29T14:22:02.320+0930][gc,start      ] GC(3) Pause Young (Normal) (G1 Evacuation Pause)
[2019-08-29T14:22:02.320+0930][gc,task       ] GC(3) Using 8 workers of 8 for evacuation
[2019-08-29T14:22:02.326+0930][gc,phases     ] GC(3)   Pre Evacuate Collection Set: 0.0ms
[2019-08-29T14:22:02.326+0930][gc,phases     ] GC(3)   Evacuate Collection Set: 5.1ms
[2019-08-29T14:22:02.326+0930][gc,phases     ] GC(3)   Post Evacuate Collection Set: 0.6ms
[2019-08-29T14:22:02.326+0930][gc,phases     ] GC(3)   Other: 0.3ms
[2019-08-29T14:22:02.326+0930][gc,heap       ] GC(3) Eden regions: 49->0(45)
[2019-08-29T14:22:02.326+0930][gc,heap       ] GC(3) Survivor regions: 2->6(7)
[2019-08-29T14:22:02.326+0930][gc,heap       ] GC(3) Old regions: 8->8
[2019-08-29T14:22:02.326+0930][gc,heap       ] GC(3) Humongous regions: 129->129
[2019-08-29T14:22:02.326+0930][gc,metaspace  ] GC(3) Metaspace: 29600K->29600K(1075200K)
[2019-08-29T14:22:02.326+0930][gc            ] GC(3) Pause Young (Normal) (G1 Evacuation Pause) 185M->140M(1024M) 6.114ms
[2019-08-29T14:22:02.326+0930][gc,cpu        ] GC(3) User=0.11s Sys=0.00s Real=0.01s
[2019-08-29T14:22:45.768+0930][gc,start      ] GC(4) Pause Young (Normal) (G1 Evacuation Pause)
[2019-08-29T14:22:45.768+0930][gc,task       ] GC(4) Using 8 workers of 8 for evacuation
[2019-08-29T14:22:45.775+0930][gc,phases     ] GC(4)   Pre Evacuate Collection Set: 0.2ms
[2019-08-29T14:22:45.775+0930][gc,phases     ] GC(4)   Evacuate Collection Set: 6.6ms
[2019-08-29T14:22:45.775+0930][gc,phases     ] GC(4)   Post Evacuate Collection Set: 0.5ms
[2019-08-29T14:22:45.775+0930][gc,phases     ] GC(4)   Other: 0.2ms
[2019-08-29T14:22:45.775+0930][gc,heap       ] GC(4) Eden regions: 45->0(48)
[2019-08-29T14:22:45.775+0930][gc,heap       ] GC(4) Survivor regions: 6->3(7)
[2019-08-29T14:22:45.775+0930][gc,heap       ] GC(4) Old regions: 8->13
[2019-08-29T14:22:45.775+0930][gc,heap       ] GC(4) Humongous regions: 129->129
[2019-08-29T14:22:45.775+0930][gc,metaspace  ] GC(4) Metaspace: 32441K->32441K(1079296K)
[2019-08-29T14:22:45.775+0930][gc            ] GC(4) Pause Young (Normal) (G1 Evacuation Pause) 185M->142M(1024M) 7.633ms
[2019-08-29T14:22:45.775+0930][gc,cpu        ] GC(4) User=0.00s Sys=0.00s Real=0.01s
[2019-08-29T14:22:47.452+0930][gc,start      ] GC(5) Pause Young (Normal) (G1 Evacuation Pause)
[2019-08-29T14:22:47.452+0930][gc,task       ] GC(5) Using 8 workers of 8 for evacuation
[2019-08-29T14:22:47.454+0930][gc,phases     ] GC(5)   Pre Evacuate Collection Set: 0.0ms
[2019-08-29T14:22:47.454+0930][gc,phases     ] GC(5)   Evacuate Collection Set: 1.9ms
[2019-08-29T14:22:47.454+0930][gc,phases     ] GC(5)   Post Evacuate Collection Set: 0.3ms
[2019-08-29T14:22:47.454+0930][gc,phases     ] GC(5)   Other: 0.2ms
[2019-08-29T14:22:47.454+0930][gc,heap       ] GC(5) Eden regions: 48->0(48)
[2019-08-29T14:22:47.454+0930][gc,heap       ] GC(5) Survivor regions: 3->3(7)
[2019-08-29T14:22:47.454+0930][gc,heap       ] GC(5) Old regions: 13->13
[2019-08-29T14:22:47.454+0930][gc,heap       ] GC(5) Humongous regions: 129->129
[2019-08-29T14:22:47.454+0930][gc,metaspace  ] GC(5) Metaspace: 32456K->32456K(1079296K)
[2019-08-29T14:22:47.454+0930][gc            ] GC(5) Pause Young (Normal) (G1 Evacuation Pause) 190M->142M(1024M) 2.558ms
[2019-08-29T14:22:47.454+0930][gc,cpu        ] GC(5) User=0.00s Sys=0.00s Real=0.00s
[2019-08-29T14:22:48.703+0930][gc,start      ] GC(6) Pause Young (Normal) (G1 Evacuation Pause)
[2019-08-29T14:22:48.703+0930][gc,task       ] GC(6) Using 8 workers of 8 for evacuation
[2019-08-29T14:22:48.706+0930][gc,phases     ] GC(6)   Pre Evacuate Collection Set: 0.0ms
[2019-08-29T14:22:48.706+0930][gc,phases     ] GC(6)   Evacuate Collection Set: 2.1ms
[2019-08-29T14:22:48.706+0930][gc,phases     ] GC(6)   Post Evacuate Collection Set: 0.3ms
[2019-08-29T14:22:48.706+0930][gc,phases     ] GC(6)   Other: 0.2ms
[2019-08-29T14:22:48.706+0930][gc,heap       ] GC(6) Eden regions: 48->0(48)
[2019-08-29T14:22:48.706+0930][gc,heap       ] GC(6) Survivor regions: 3->3(7)
[2019-08-29T14:22:48.706+0930][gc,heap       ] GC(6) Old regions: 13->13
[2019-08-29T14:22:48.706+0930][gc,heap       ] GC(6) Humongous regions: 129->129
[2019-08-29T14:22:48.706+0930][gc,metaspace  ] GC(6) Metaspace: 32461K->32461K(1079296K)
[2019-08-29T14:22:48.706+0930][gc            ] GC(6) Pause Young (Normal) (G1 Evacuation Pause) 190M->142M(1024M) 2.762ms
[2019-08-29T14:22:48.706+0930][gc,cpu        ] GC(6) User=0.00s Sys=0.00s Real=0.01s
[2019-08-29T14:22:49.836+0930][gc,start      ] GC(7) Pause Young (Normal) (G1 Evacuation Pause)
[2019-08-29T14:22:49.836+0930][gc,task       ] GC(7) Using 8 workers of 8 for evacuation
[2019-08-29T14:22:49.838+0930][gc,phases     ] GC(7)   Pre Evacuate Collection Set: 0.0ms
[2019-08-29T14:22:49.838+0930][gc,phases     ] GC(7)   Evacuate Collection Set: 1.5ms
[2019-08-29T14:22:49.838+0930][gc,phases     ] GC(7)   Post Evacuate Collection Set: 0.3ms
[2019-08-29T14:22:49.838+0930][gc,phases     ] GC(7)   Other: 0.2ms
[2019-08-29T14:22:49.838+0930][gc,heap       ] GC(7) Eden regions: 48->0(48)
[2019-08-29T14:22:49.838+0930][gc,heap       ] GC(7) Survivor regions: 3->3(7)
[2019-08-29T14:22:49.838+0930][gc,heap       ] GC(7) Old regions: 13->13
[2019-08-29T14:22:49.838+0930][gc,heap       ] GC(7) Humongous regions: 129->129
[2019-08-29T14:22:49.838+0930][gc,metaspace  ] GC(7) Metaspace: 32464K->32464K(1079296K)
[2019-08-29T14:22:49.838+0930][gc            ] GC(7) Pause Young (Normal) (G1 Evacuation Pause) 190M->142M(1024M) 2.184ms
[2019-08-29T14:22:49.838+0930][gc,cpu        ] GC(7) User=0.00s Sys=0.00s Real=0.00s
[2019-08-29T14:22:50.979+0930][gc,start      ] GC(8) Pause Young (Normal) (G1 Evacuation Pause)
[2019-08-29T14:22:50.979+0930][gc,task       ] GC(8) Using 8 workers of 8 for evacuation
[2019-08-29T14:22:50.982+0930][gc,phases     ] GC(8)   Pre Evacuate Collection Set: 0.0ms
[2019-08-29T14:22:50.982+0930][gc,phases     ] GC(8)   Evacuate Collection Set: 2.2ms
[2019-08-29T14:22:50.982+0930][gc,phases     ] GC(8)   Post Evacuate Collection Set: 0.4ms
[2019-08-29T14:22:50.982+0930][gc,phases     ] GC(8)   Other: 0.2ms
[2019-08-29T14:22:50.982+0930][gc,heap       ] GC(8) Eden regions: 48->0(57)
[2019-08-29T14:22:50.982+0930][gc,heap       ] GC(8) Survivor regions: 3->3(7)
[2019-08-29T14:22:50.982+0930][gc,heap       ] GC(8) Old regions: 13->13
[2019-08-29T14:22:50.982+0930][gc,heap       ] GC(8) Humongous regions: 129->129
[2019-08-29T14:22:50.982+0930][gc,metaspace  ] GC(8) Metaspace: 32464K->32464K(1079296K)
[2019-08-29T14:22:50.982+0930][gc            ] GC(8) Pause Young (Normal) (G1 Evacuation Pause) 190M->142M(1024M) 2.942ms
[2019-08-29T14:22:50.982+0930][gc,cpu        ] GC(8) User=0.12s Sys=0.00s Real=0.00s
[2019-08-29T14:22:52.279+0930][gc,start      ] GC(9) Pause Young (Normal) (G1 Evacuation Pause)
[2019-08-29T14:22:52.279+0930][gc,task       ] GC(9) Using 8 workers of 8 for evacuation
[2019-08-29T14:22:52.283+0930][gc,phases     ] GC(9)   Pre Evacuate Collection Set: 0.0ms
[2019-08-29T14:22:52.283+0930][gc,phases     ] GC(9)   Evacuate Collection Set: 2.8ms
[2019-08-29T14:22:52.283+0930][gc,phases     ] GC(9)   Post Evacuate Collection Set: 0.3ms
[2019-08-29T14:22:52.283+0930][gc,phases     ] GC(9)   Other: 0.2ms
[2019-08-29T14:22:52.283+0930][gc,heap       ] GC(9) Eden regions: 57->0(70)
[2019-08-29T14:22:52.283+0930][gc,heap       ] GC(9) Survivor regions: 3->3(8)
[2019-08-29T14:22:52.283+0930][gc,heap       ] GC(9) Old regions: 13->13
[2019-08-29T14:22:52.283+0930][gc,heap       ] GC(9) Humongous regions: 129->129
[2019-08-29T14:22:52.283+0930][gc,metaspace  ] GC(9) Metaspace: 32472K->32472K(1079296K)
[2019-08-29T14:22:52.283+0930][gc            ] GC(9) Pause Young (Normal) (G1 Evacuation Pause) 199M->142M(1024M) 3.542ms
[2019-08-29T14:22:52.283+0930][gc,cpu        ] GC(9) User=0.00s Sys=0.00s Real=0.00s
[2019-08-29T14:22:54.144+0930][gc,start      ] GC(10) Pause Young (Normal) (G1 Evacuation Pause)
[2019-08-29T14:22:54.144+0930][gc,task       ] GC(10) Using 8 workers of 8 for evacuation
[2019-08-29T14:22:54.148+0930][gc,phases     ] GC(10)   Pre Evacuate Collection Set: 0.0ms
[2019-08-29T14:22:54.148+0930][gc,phases     ] GC(10)   Evacuate Collection Set: 3.7ms
[2019-08-29T14:22:54.148+0930][gc,phases     ] GC(10)   Post Evacuate Collection Set: 0.4ms
[2019-08-29T14:22:54.148+0930][gc,phases     ] GC(10)   Other: 0.2ms
[2019-08-29T14:22:54.148+0930][gc,heap       ] GC(10) Eden regions: 70->0(91)
[2019-08-29T14:22:54.148+0930][gc,heap       ] GC(10) Survivor regions: 3->3(10)
[2019-08-29T14:22:54.148+0930][gc,heap       ] GC(10) Old regions: 13->13
[2019-08-29T14:22:54.148+0930][gc,heap       ] GC(10) Humongous regions: 129->129
[2019-08-29T14:22:54.148+0930][gc,metaspace  ] GC(10) Metaspace: 32472K->32472K(1079296K)
[2019-08-29T14:22:54.149+0930][gc            ] GC(10) Pause Young (Normal) (G1 Evacuation Pause) 212M->142M(1024M) 4.539ms
[2019-08-29T14:22:54.149+0930][gc,cpu        ] GC(10) User=0.00s Sys=0.00s Real=0.01s
[2019-08-29T14:22:56.137+0930][gc,start      ] GC(11) Pause Young (Normal) (G1 Evacuation Pause)
[2019-08-29T14:22:56.137+0930][gc,task       ] GC(11) Using 8 workers of 8 for evacuation
[2019-08-29T14:22:56.140+0930][gc,phases     ] GC(11)   Pre Evacuate Collection Set: 0.0ms
[2019-08-29T14:22:56.140+0930][gc,phases     ] GC(11)   Evacuate Collection Set: 3.0ms
[2019-08-29T14:22:56.140+0930][gc,phases     ] GC(11)   Post Evacuate Collection Set: 0.3ms
[2019-08-29T14:22:56.140+0930][gc,phases     ] GC(11)   Other: 0.2ms
[2019-08-29T14:22:56.140+0930][gc,heap       ] GC(11) Eden regions: 91->0(112)
[2019-08-29T14:22:56.140+0930][gc,heap       ] GC(11) Survivor regions: 3->3(12)
[2019-08-29T14:22:56.140+0930][gc,heap       ] GC(11) Old regions: 13->13
[2019-08-29T14:22:56.140+0930][gc,heap       ] GC(11) Humongous regions: 129->129
[2019-08-29T14:22:56.140+0930][gc,metaspace  ] GC(11) Metaspace: 32475K->32475K(1079296K)
[2019-08-29T14:22:56.140+0930][gc            ] GC(11) Pause Young (Normal) (G1 Evacuation Pause) 233M->142M(1024M) 3.627ms
[2019-08-29T14:22:56.140+0930][gc,cpu        ] GC(11) User=0.05s Sys=0.03s Real=0.00s
[2019-08-29T14:23:01.502+0930][gc,start      ] GC(12) Pause Young (Normal) (G1 Evacuation Pause)
[2019-08-29T14:23:01.502+0930][gc,task       ] GC(12) Using 8 workers of 8 for evacuation
[2019-08-29T14:23:01.506+0930][gc,phases     ] GC(12)   Pre Evacuate Collection Set: 0.0ms
[2019-08-29T14:23:01.506+0930][gc,phases     ] GC(12)   Evacuate Collection Set: 2.9ms
[2019-08-29T14:23:01.506+0930][gc,phases     ] GC(12)   Post Evacuate Collection Set: 0.3ms
[2019-08-29T14:23:01.506+0930][gc,phases     ] GC(12)   Other: 0.2ms
[2019-08-29T14:23:01.506+0930][gc,heap       ] GC(12) Eden regions: 112->0(142)
[2019-08-29T14:23:01.506+0930][gc,heap       ] GC(12) Survivor regions: 3->3(15)
[2019-08-29T14:23:01.506+0930][gc,heap       ] GC(12) Old regions: 13->13
[2019-08-29T14:23:01.506+0930][gc,heap       ] GC(12) Humongous regions: 129->129
[2019-08-29T14:23:01.506+0930][gc,metaspace  ] GC(12) Metaspace: 32476K->32476K(1079296K)
[2019-08-29T14:23:01.506+0930][gc            ] GC(12) Pause Young (Normal) (G1 Evacuation Pause) 254M->142M(1024M) 3.735ms
[2019-08-29T14:23:01.506+0930][gc,cpu        ] GC(12) User=0.00s Sys=0.00s Real=0.01s
[2019-08-29T14:23:05.609+0930][gc,start      ] GC(13) Pause Young (Normal) (G1 Evacuation Pause)
[2019-08-29T14:23:05.609+0930][gc,task       ] GC(13) Using 8 workers of 8 for evacuation
[2019-08-29T14:23:05.616+0930][gc,phases     ] GC(13)   Pre Evacuate Collection Set: 0.0ms
[2019-08-29T14:23:05.616+0930][gc,phases     ] GC(13)   Evacuate Collection Set: 4.6ms
[2019-08-29T14:23:05.616+0930][gc,phases     ] GC(13)   Post Evacuate Collection Set: 1.9ms
[2019-08-29T14:23:05.616+0930][gc,phases     ] GC(13)   Other: 0.4ms
[2019-08-29T14:23:05.616+0930][gc,heap       ] GC(13) Eden regions: 142->0(188)
[2019-08-29T14:23:05.616+0930][gc,heap       ] GC(13) Survivor regions: 3->3(19)
[2019-08-29T14:23:05.616+0930][gc,heap       ] GC(13) Old regions: 13->13
[2019-08-29T14:23:05.616+0930][gc,heap       ] GC(13) Humongous regions: 129->129
[2019-08-29T14:23:05.616+0930][gc,metaspace  ] GC(13) Metaspace: 32515K->32515K(1079296K)
[2019-08-29T14:23:05.616+0930][gc            ] GC(13) Pause Young (Normal) (G1 Evacuation Pause) 284M->142M(1024M) 7.256ms
[2019-08-29T14:23:05.616+0930][gc,cpu        ] GC(13) User=0.00s Sys=0.00s Real=0.01s
[2019-08-29T14:23:11.026+0930][gc,start      ] GC(14) Pause Young (Normal) (G1 Evacuation Pause)
[2019-08-29T14:23:11.026+0930][gc,task       ] GC(14) Using 8 workers of 8 for evacuation
[2019-08-29T14:23:11.031+0930][gc,phases     ] GC(14)   Pre Evacuate Collection Set: 0.0ms
[2019-08-29T14:23:11.031+0930][gc,phases     ] GC(14)   Evacuate Collection Set: 3.5ms
[2019-08-29T14:23:11.031+0930][gc,phases     ] GC(14)   Post Evacuate Collection Set: 1.4ms
[2019-08-29T14:23:11.031+0930][gc,phases     ] GC(14)   Other: 0.4ms
[2019-08-29T14:23:11.031+0930][gc,heap       ] GC(14) Eden regions: 188->0(222)
[2019-08-29T14:23:11.031+0930][gc,heap       ] GC(14) Survivor regions: 3->3(24)
[2019-08-29T14:23:11.031+0930][gc,heap       ] GC(14) Old regions: 13->13
[2019-08-29T14:23:11.031+0930][gc,heap       ] GC(14) Humongous regions: 129->129
[2019-08-29T14:23:11.031+0930][gc,metaspace  ] GC(14) Metaspace: 32515K->32515K(1079296K)
[2019-08-29T14:23:11.031+0930][gc            ] GC(14) Pause Young (Normal) (G1 Evacuation Pause) 330M->142M(1024M) 5.701ms
[2019-08-29T14:23:11.031+0930][gc,cpu        ] GC(14) User=0.06s Sys=0.04s Real=0.00s
[2019-08-29T14:23:15.904+0930][gc,start      ] GC(15) Pause Young (Normal) (G1 Evacuation Pause)
[2019-08-29T14:23:15.904+0930][gc,task       ] GC(15) Using 8 workers of 8 for evacuation
[2019-08-29T14:23:15.907+0930][gc,phases     ] GC(15)   Pre Evacuate Collection Set: 0.0ms
[2019-08-29T14:23:15.907+0930][gc,phases     ] GC(15)   Evacuate Collection Set: 3.2ms
[2019-08-29T14:23:15.907+0930][gc,phases     ] GC(15)   Post Evacuate Collection Set: 0.4ms
[2019-08-29T14:23:15.908+0930][gc,phases     ] GC(15)   Other: 0.2ms
[2019-08-29T14:23:15.908+0930][gc,heap       ] GC(15) Eden regions: 222->0(264)
[2019-08-29T14:23:15.908+0930][gc,heap       ] GC(15) Survivor regions: 3->3(29)
[2019-08-29T14:23:15.908+0930][gc,heap       ] GC(15) Old regions: 13->13
[2019-08-29T14:23:15.908+0930][gc,heap       ] GC(15) Humongous regions: 129->129
[2019-08-29T14:23:15.908+0930][gc,metaspace  ] GC(15) Metaspace: 32516K->32516K(1079296K)
[2019-08-29T14:23:15.908+0930][gc            ] GC(15) Pause Young (Normal) (G1 Evacuation Pause) 364M->142M(1024M) 3.953ms
[2019-08-29T14:23:15.908+0930][gc,cpu        ] GC(15) User=0.00s Sys=0.00s Real=0.01s
[2019-08-29T14:23:22.207+0930][gc,start      ] GC(16) Pause Young (Normal) (G1 Evacuation Pause)
[2019-08-29T14:23:22.207+0930][gc,task       ] GC(16) Using 8 workers of 8 for evacuation
[2019-08-29T14:23:22.211+0930][gc,phases     ] GC(16)   Pre Evacuate Collection Set: 0.0ms
[2019-08-29T14:23:22.211+0930][gc,phases     ] GC(16)   Evacuate Collection Set: 3.6ms
[2019-08-29T14:23:22.211+0930][gc,phases     ] GC(16)   Post Evacuate Collection Set: 0.4ms
[2019-08-29T14:23:22.211+0930][gc,phases     ] GC(16)   Other: 0.2ms
[2019-08-29T14:23:22.211+0930][gc,heap       ] GC(16) Eden regions: 264->0(312)
[2019-08-29T14:23:22.211+0930][gc,heap       ] GC(16) Survivor regions: 3->3(34)
[2019-08-29T14:23:22.211+0930][gc,heap       ] GC(16) Old regions: 13->13
[2019-08-29T14:23:22.211+0930][gc,heap       ] GC(16) Humongous regions: 129->129
[2019-08-29T14:23:22.211+0930][gc,metaspace  ] GC(16) Metaspace: 32524K->32524K(1079296K)
[2019-08-29T14:23:22.211+0930][gc            ] GC(16) Pause Young (Normal) (G1 Evacuation Pause) 406M->142M(1024M) 4.444ms
[2019-08-29T14:23:22.211+0930][gc,cpu        ] GC(16) User=0.00s Sys=0.00s Real=0.00s
[2019-08-29T14:23:29.051+0930][gc,start      ] GC(17) Pause Young (Normal) (G1 Evacuation Pause)
[2019-08-29T14:23:29.051+0930][gc,task       ] GC(17) Using 8 workers of 8 for evacuation
[2019-08-29T14:23:29.055+0930][gc,phases     ] GC(17)   Pre Evacuate Collection Set: 0.0ms
[2019-08-29T14:23:29.055+0930][gc,phases     ] GC(17)   Evacuate Collection Set: 3.4ms
[2019-08-29T14:23:29.055+0930][gc,phases     ] GC(17)   Post Evacuate Collection Set: 0.4ms
[2019-08-29T14:23:29.055+0930][gc,phases     ] GC(17)   Other: 0.2ms
[2019-08-29T14:23:29.055+0930][gc,heap       ] GC(17) Eden regions: 312->0(347)
[2019-08-29T14:23:29.055+0930][gc,heap       ] GC(17) Survivor regions: 3->3(40)
[2019-08-29T14:23:29.055+0930][gc,heap       ] GC(17) Old regions: 13->13
[2019-08-29T14:23:29.055+0930][gc,heap       ] GC(17) Humongous regions: 129->129
[2019-08-29T14:23:29.055+0930][gc,metaspace  ] GC(17) Metaspace: 32524K->32524K(1079296K)
[2019-08-29T14:23:29.055+0930][gc            ] GC(17) Pause Young (Normal) (G1 Evacuation Pause) 454M->142M(1024M) 4.228ms
[2019-08-29T14:23:29.055+0930][gc,cpu        ] GC(17) User=0.00s Sys=0.00s Real=0.00s
[2019-08-29T14:23:36.812+0930][gc,start      ] GC(18) Pause Young (Normal) (G1 Evacuation Pause)
[2019-08-29T14:23:36.812+0930][gc,task       ] GC(18) Using 8 workers of 8 for evacuation
[2019-08-29T14:23:36.817+0930][gc,phases     ] GC(18)   Pre Evacuate Collection Set: 0.0ms
[2019-08-29T14:23:36.817+0930][gc,phases     ] GC(18)   Evacuate Collection Set: 4.2ms
[2019-08-29T14:23:36.817+0930][gc,phases     ] GC(18)   Post Evacuate Collection Set: 0.5ms
[2019-08-29T14:23:36.817+0930][gc,phases     ] GC(18)   Other: 0.3ms
[2019-08-29T14:23:36.817+0930][gc,heap       ] GC(18) Eden regions: 347->0(386)
[2019-08-29T14:23:36.817+0930][gc,heap       ] GC(18) Survivor regions: 3->3(44)
[2019-08-29T14:23:36.817+0930][gc,heap       ] GC(18) Old regions: 13->13
[2019-08-29T14:23:36.817+0930][gc,heap       ] GC(18) Humongous regions: 129->129
[2019-08-29T14:23:36.817+0930][gc,metaspace  ] GC(18) Metaspace: 32543K->32543K(1079296K)
[2019-08-29T14:23:36.817+0930][gc            ] GC(18) Pause Young (Normal) (G1 Evacuation Pause) 489M->142M(1024M) 5.078ms
[2019-08-29T14:23:36.817+0930][gc,cpu        ] GC(18) User=0.00s Sys=0.00s Real=0.01s
[2019-08-29T14:23:45.464+0930][gc,start      ] GC(19) Pause Young (Normal) (G1 Evacuation Pause)
[2019-08-29T14:23:45.464+0930][gc,task       ] GC(19) Using 8 workers of 8 for evacuation
[2019-08-29T14:23:45.470+0930][gc,phases     ] GC(19)   Pre Evacuate Collection Set: 0.0ms
[2019-08-29T14:23:45.470+0930][gc,phases     ] GC(19)   Evacuate Collection Set: 5.6ms
[2019-08-29T14:23:45.470+0930][gc,phases     ] GC(19)   Post Evacuate Collection Set: 0.5ms
[2019-08-29T14:23:45.471+0930][gc,phases     ] GC(19)   Other: 0.2ms
[2019-08-29T14:23:45.471+0930][gc,heap       ] GC(19) Eden regions: 386->0(419)
[2019-08-29T14:23:45.471+0930][gc,heap       ] GC(19) Survivor regions: 3->2(49)
[2019-08-29T14:23:45.471+0930][gc,heap       ] GC(19) Old regions: 13->14
[2019-08-29T14:23:45.471+0930][gc,heap       ] GC(19) Humongous regions: 129->129
[2019-08-29T14:23:45.471+0930][gc,metaspace  ] GC(19) Metaspace: 32543K->32543K(1079296K)
[2019-08-29T14:23:45.471+0930][gc            ] GC(19) Pause Young (Normal) (G1 Evacuation Pause) 528M->142M(1024M) 6.601ms
[2019-08-29T14:23:45.471+0930][gc,cpu        ] GC(19) User=0.02s Sys=0.05s Real=0.01s
[2019-08-29T14:23:54.667+0930][gc,start      ] GC(20) Pause Young (Normal) (G1 Evacuation Pause)
[2019-08-29T14:23:54.667+0930][gc,task       ] GC(20) Using 8 workers of 8 for evacuation
[2019-08-29T14:23:54.670+0930][gc,phases     ] GC(20)   Pre Evacuate Collection Set: 0.0ms
[2019-08-29T14:23:54.670+0930][gc,phases     ] GC(20)   Evacuate Collection Set: 2.3ms
[2019-08-29T14:23:54.670+0930][gc,phases     ] GC(20)   Post Evacuate Collection Set: 0.5ms
[2019-08-29T14:23:54.670+0930][gc,phases     ] GC(20)   Other: 0.2ms
[2019-08-29T14:23:54.670+0930][gc,heap       ] GC(20) Eden regions: 419->0(459)
[2019-08-29T14:23:54.670+0930][gc,heap       ] GC(20) Survivor regions: 2->2(53)
[2019-08-29T14:23:54.671+0930][gc,heap       ] GC(20) Old regions: 14->15
[2019-08-29T14:23:54.671+0930][gc,heap       ] GC(20) Humongous regions: 129->129
[2019-08-29T14:23:54.671+0930][gc,metaspace  ] GC(20) Metaspace: 32547K->32547K(1079296K)
[2019-08-29T14:23:54.671+0930][gc            ] GC(20) Pause Young (Normal) (G1 Evacuation Pause) 561M->142M(1024M) 3.230ms
[2019-08-29T14:23:54.671+0930][gc,cpu        ] GC(20) User=0.08s Sys=0.05s Real=0.00s
[2019-08-29T14:24:05.450+0930][gc,start      ] GC(21) Pause Young (Normal) (G1 Evacuation Pause)
[2019-08-29T14:24:05.450+0930][gc,task       ] GC(21) Using 8 workers of 8 for evacuation
[2019-08-29T14:24:05.454+0930][gc,phases     ] GC(21)   Pre Evacuate Collection Set: 0.0ms
[2019-08-29T14:24:05.454+0930][gc,phases     ] GC(21)   Evacuate Collection Set: 3.0ms
[2019-08-29T14:24:05.454+0930][gc,phases     ] GC(21)   Post Evacuate Collection Set: 0.5ms
[2019-08-29T14:24:05.454+0930][gc,phases     ] GC(21)   Other: 0.5ms
[2019-08-29T14:24:05.454+0930][gc,heap       ] GC(21) Eden regions: 459->0(489)
[2019-08-29T14:24:05.454+0930][gc,heap       ] GC(21) Survivor regions: 2->2(58)
[2019-08-29T14:24:05.454+0930][gc,heap       ] GC(21) Old regions: 15->15
[2019-08-29T14:24:05.454+0930][gc,heap       ] GC(21) Humongous regions: 129->129
[2019-08-29T14:24:05.454+0930][gc,metaspace  ] GC(21) Metaspace: 33149K->33149K(1079296K)
[2019-08-29T14:24:05.454+0930][gc            ] GC(21) Pause Young (Normal) (G1 Evacuation Pause) 601M->143M(1024M) 4.217ms
[2019-08-29T14:24:05.454+0930][gc,cpu        ] GC(21) User=0.00s Sys=0.00s Real=0.00s
[2019-08-29T14:24:18.698+0930][gc,start      ] GC(22) Pause Young (Normal) (G1 Evacuation Pause)
[2019-08-29T14:24:18.698+0930][gc,task       ] GC(22) Using 8 workers of 8 for evacuation
[2019-08-29T14:24:18.702+0930][gc,phases     ] GC(22)   Pre Evacuate Collection Set: 0.0ms
[2019-08-29T14:24:18.702+0930][gc,phases     ] GC(22)   Evacuate Collection Set: 3.2ms
[2019-08-29T14:24:18.702+0930][gc,phases     ] GC(22)   Post Evacuate Collection Set: 0.5ms
[2019-08-29T14:24:18.702+0930][gc,phases     ] GC(22)   Other: 0.3ms
[2019-08-29T14:24:18.702+0930][gc,heap       ] GC(22) Eden regions: 489->0(501)
[2019-08-29T14:24:18.702+0930][gc,heap       ] GC(22) Survivor regions: 2->3(62)
[2019-08-29T14:24:18.702+0930][gc,heap       ] GC(22) Old regions: 15->15
[2019-08-29T14:24:18.702+0930][gc,heap       ] GC(22) Humongous regions: 129->129
[2019-08-29T14:24:18.702+0930][gc,metaspace  ] GC(22) Metaspace: 33159K->33159K(1079296K)
[2019-08-29T14:24:18.702+0930][gc            ] GC(22) Pause Young (Normal) (G1 Evacuation Pause) 632M->143M(1024M) 4.147ms
[2019-08-29T14:24:18.702+0930][gc,cpu        ] GC(22) User=0.13s Sys=0.00s Real=0.00s
[2019-08-29T14:24:29.331+0930][gc,start      ] GC(23) Pause Young (Normal) (G1 Evacuation Pause)
[2019-08-29T14:24:29.331+0930][gc,task       ] GC(23) Using 8 workers of 8 for evacuation
[2019-08-29T14:24:29.336+0930][gc,phases     ] GC(23)   Pre Evacuate Collection Set: 0.0ms
[2019-08-29T14:24:29.336+0930][gc,phases     ] GC(23)   Evacuate Collection Set: 4.0ms
[2019-08-29T14:24:29.336+0930][gc,phases     ] GC(23)   Post Evacuate Collection Set: 0.6ms
[2019-08-29T14:24:29.336+0930][gc,phases     ] GC(23)   Other: 0.3ms
[2019-08-29T14:24:29.336+0930][gc,heap       ] GC(23) Eden regions: 501->0(611)
[2019-08-29T14:24:29.336+0930][gc,heap       ] GC(23) Survivor regions: 3->3(63)
[2019-08-29T14:24:29.336+0930][gc,heap       ] GC(23) Old regions: 15->15
[2019-08-29T14:24:29.336+0930][gc,heap       ] GC(23) Humongous regions: 129->129
[2019-08-29T14:24:29.336+0930][gc,metaspace  ] GC(23) Metaspace: 33165K->33165K(1079296K)
[2019-08-29T14:24:29.336+0930][gc            ] GC(23) Pause Young (Normal) (G1 Evacuation Pause) 644M->144M(1024M) 5.115ms
[2019-08-29T14:24:29.336+0930][gc,cpu        ] GC(23) User=0.00s Sys=0.00s Real=0.01s
[2019-08-29T14:24:42.443+0930][gc,start      ] GC(24) Pause Young (Normal) (G1 Evacuation Pause)
[2019-08-29T14:24:42.443+0930][gc,task       ] GC(24) Using 8 workers of 8 for evacuation
[2019-08-29T14:24:42.448+0930][gc,phases     ] GC(24)   Pre Evacuate Collection Set: 0.0ms
[2019-08-29T14:24:42.448+0930][gc,phases     ] GC(24)   Evacuate Collection Set: 4.2ms
[2019-08-29T14:24:42.448+0930][gc,phases     ] GC(24)   Post Evacuate Collection Set: 0.6ms
[2019-08-29T14:24:42.448+0930][gc,phases     ] GC(24)   Other: 0.5ms
[2019-08-29T14:24:42.448+0930][gc,heap       ] GC(24) Eden regions: 611->0(611)
[2019-08-29T14:24:42.448+0930][gc,heap       ] GC(24) Survivor regions: 3->3(77)
[2019-08-29T14:24:42.448+0930][gc,heap       ] GC(24) Old regions: 15->15
[2019-08-29T14:24:42.448+0930][gc,heap       ] GC(24) Humongous regions: 129->129
[2019-08-29T14:24:42.448+0930][gc,metaspace  ] GC(24) Metaspace: 33222K->33222K(1079296K)
[2019-08-29T14:24:42.448+0930][gc            ] GC(24) Pause Young (Normal) (G1 Evacuation Pause) 755M->144M(1024M) 5.474ms
[2019-08-29T14:24:42.448+0930][gc,cpu        ] GC(24) User=0.00s Sys=0.00s Real=0.01s
[2019-08-29T14:24:55.467+0930][gc,start      ] GC(25) Pause Young (Normal) (G1 Evacuation Pause)
[2019-08-29T14:24:55.467+0930][gc,task       ] GC(25) Using 8 workers of 8 for evacuation
[2019-08-29T14:24:55.472+0930][gc,phases     ] GC(25)   Pre Evacuate Collection Set: 0.1ms
[2019-08-29T14:24:55.472+0930][gc,phases     ] GC(25)   Evacuate Collection Set: 4.5ms
[2019-08-29T14:24:55.472+0930][gc,phases     ] GC(25)   Post Evacuate Collection Set: 0.7ms
[2019-08-29T14:24:55.472+0930][gc,phases     ] GC(25)   Other: 0.3ms
[2019-08-29T14:24:55.473+0930][gc,heap       ] GC(25) Eden regions: 611->0(610)
[2019-08-29T14:24:55.473+0930][gc,heap       ] GC(25) Survivor regions: 3->4(77)
[2019-08-29T14:24:55.473+0930][gc,heap       ] GC(25) Old regions: 15->15
[2019-08-29T14:24:55.473+0930][gc,heap       ] GC(25) Humongous regions: 129->129
[2019-08-29T14:24:55.473+0930][gc,metaspace  ] GC(25) Metaspace: 33271K->33271K(1079296K)
[2019-08-29T14:24:55.473+0930][gc            ] GC(25) Pause Young (Normal) (G1 Evacuation Pause) 755M->145M(1024M) 5.734ms
[2019-08-29T14:24:55.473+0930][gc,cpu        ] GC(25) User=0.00s Sys=0.00s Real=0.00s
[2019-08-29T14:25:10.807+0930][gc,start      ] GC(26) Pause Young (Normal) (G1 Evacuation Pause)
[2019-08-29T14:25:10.807+0930][gc,task       ] GC(26) Using 8 workers of 8 for evacuation
[2019-08-29T14:25:10.811+0930][gc,phases     ] GC(26)   Pre Evacuate Collection Set: 0.0ms
[2019-08-29T14:25:10.811+0930][gc,phases     ] GC(26)   Evacuate Collection Set: 2.9ms
[2019-08-29T14:25:10.811+0930][gc,phases     ] GC(26)   Post Evacuate Collection Set: 0.6ms
[2019-08-29T14:25:10.811+0930][gc,phases     ] GC(26)   Other: 0.3ms
[2019-08-29T14:25:10.811+0930][gc,heap       ] GC(26) Eden regions: 610->0(610)
[2019-08-29T14:25:10.811+0930][gc,heap       ] GC(26) Survivor regions: 4->4(77)
[2019-08-29T14:25:10.811+0930][gc,heap       ] GC(26) Old regions: 15->15
[2019-08-29T14:25:10.811+0930][gc,heap       ] GC(26) Humongous regions: 129->129
[2019-08-29T14:25:10.811+0930][gc,metaspace  ] GC(26) Metaspace: 33304K->33304K(1079296K)
[2019-08-29T14:25:10.811+0930][gc            ] GC(26) Pause Young (Normal) (G1 Evacuation Pause) 755M->145M(1024M) 3.963ms
[2019-08-29T14:25:10.811+0930][gc,cpu        ] GC(26) User=0.09s Sys=0.03s Real=0.00s
[2019-08-29T14:25:28.218+0930][gc,start      ] GC(27) Pause Young (Normal) (G1 Evacuation Pause)
[2019-08-29T14:25:28.218+0930][gc,task       ] GC(27) Using 8 workers of 8 for evacuation
[2019-08-29T14:25:28.222+0930][gc,phases     ] GC(27)   Pre Evacuate Collection Set: 0.0ms
[2019-08-29T14:25:28.222+0930][gc,phases     ] GC(27)   Evacuate Collection Set: 3.5ms
[2019-08-29T14:25:28.222+0930][gc,phases     ] GC(27)   Post Evacuate Collection Set: 0.6ms
[2019-08-29T14:25:28.222+0930][gc,phases     ] GC(27)   Other: 0.3ms
[2019-08-29T14:25:28.222+0930][gc,heap       ] GC(27) Eden regions: 610->0(609)
[2019-08-29T14:25:28.222+0930][gc,heap       ] GC(27) Survivor regions: 4->5(77)
[2019-08-29T14:25:28.222+0930][gc,heap       ] GC(27) Old regions: 15->15
[2019-08-29T14:25:28.222+0930][gc,heap       ] GC(27) Humongous regions: 129->129
[2019-08-29T14:25:28.222+0930][gc,metaspace  ] GC(27) Metaspace: 33359K->33359K(1079296K)
[2019-08-29T14:25:28.222+0930][gc            ] GC(27) Pause Young (Normal) (G1 Evacuation Pause) 755M->145M(1024M) 4.570ms
[2019-08-29T14:25:28.222+0930][gc,cpu        ] GC(27) User=0.00s Sys=0.00s Real=0.00s
[2019-08-29T14:25:45.185+0930][gc,start      ] GC(28) Pause Young (Normal) (G1 Evacuation Pause)
[2019-08-29T14:25:45.186+0930][gc,task       ] GC(28) Using 8 workers of 8 for evacuation
[2019-08-29T14:25:45.190+0930][gc,phases     ] GC(28)   Pre Evacuate Collection Set: 0.0ms
[2019-08-29T14:25:45.190+0930][gc,phases     ] GC(28)   Evacuate Collection Set: 3.2ms
[2019-08-29T14:25:45.190+0930][gc,phases     ] GC(28)   Post Evacuate Collection Set: 0.6ms
[2019-08-29T14:25:45.190+0930][gc,phases     ] GC(28)   Other: 0.4ms
[2019-08-29T14:25:45.190+0930][gc,heap       ] GC(28) Eden regions: 609->0(609)
[2019-08-29T14:25:45.190+0930][gc,heap       ] GC(28) Survivor regions: 5->5(77)
[2019-08-29T14:25:45.190+0930][gc,heap       ] GC(28) Old regions: 15->15
[2019-08-29T14:25:45.190+0930][gc,heap       ] GC(28) Humongous regions: 129->129
[2019-08-29T14:25:45.190+0930][gc,metaspace  ] GC(28) Metaspace: 33439K->33439K(1079296K)
[2019-08-29T14:25:45.190+0930][gc            ] GC(28) Pause Young (Normal) (G1 Evacuation Pause) 754M->146M(1024M) 4.351ms
[2019-08-29T14:25:45.190+0930][gc,cpu        ] GC(28) User=0.00s Sys=0.00s Real=0.00s
[2019-08-29T14:26:04.385+0930][gc,start      ] GC(29) Pause Young (Normal) (G1 Evacuation Pause)
[2019-08-29T14:26:04.385+0930][gc,task       ] GC(29) Using 8 workers of 8 for evacuation
[2019-08-29T14:26:04.390+0930][gc,phases     ] GC(29)   Pre Evacuate Collection Set: 0.0ms
[2019-08-29T14:26:04.390+0930][gc,phases     ] GC(29)   Evacuate Collection Set: 4.0ms
[2019-08-29T14:26:04.390+0930][gc,phases     ] GC(29)   Post Evacuate Collection Set: 0.6ms
[2019-08-29T14:26:04.390+0930][gc,phases     ] GC(29)   Other: 0.3ms
[2019-08-29T14:26:04.390+0930][gc,heap       ] GC(29) Eden regions: 609->0(609)
[2019-08-29T14:26:04.390+0930][gc,heap       ] GC(29) Survivor regions: 5->5(77)
[2019-08-29T14:26:04.390+0930][gc,heap       ] GC(29) Old regions: 15->15
[2019-08-29T14:26:04.390+0930][gc,heap       ] GC(29) Humongous regions: 129->129
[2019-08-29T14:26:04.390+0930][gc,metaspace  ] GC(29) Metaspace: 33459K->33459K(1079296K)
[2019-08-29T14:26:04.390+0930][gc            ] GC(29) Pause Young (Normal) (G1 Evacuation Pause) 755M->146M(1024M) 5.049ms
[2019-08-29T14:26:04.390+0930][gc,cpu        ] GC(29) User=0.11s Sys=0.00s Real=0.01s
[2019-08-29T14:26:21.660+0930][gc,start      ] GC(30) Pause Young (Normal) (G1 Evacuation Pause)
[2019-08-29T14:26:21.660+0930][gc,task       ] GC(30) Using 8 workers of 8 for evacuation
[2019-08-29T14:26:21.667+0930][gc,phases     ] GC(30)   Pre Evacuate Collection Set: 0.0ms
[2019-08-29T14:26:21.667+0930][gc,phases     ] GC(30)   Evacuate Collection Set: 5.4ms
[2019-08-29T14:26:21.667+0930][gc,phases     ] GC(30)   Post Evacuate Collection Set: 0.7ms
[2019-08-29T14:26:21.667+0930][gc,phases     ] GC(30)   Other: 0.3ms
[2019-08-29T14:26:21.667+0930][gc,heap       ] GC(30) Eden regions: 609->0(608)
[2019-08-29T14:26:21.667+0930][gc,heap       ] GC(30) Survivor regions: 5->6(77)
[2019-08-29T14:26:21.667+0930][gc,heap       ] GC(30) Old regions: 15->15
[2019-08-29T14:26:21.667+0930][gc,heap       ] GC(30) Humongous regions: 129->129
[2019-08-29T14:26:21.667+0930][gc,metaspace  ] GC(30) Metaspace: 33634K->33634K(1079296K)
[2019-08-29T14:26:21.667+0930][gc            ] GC(30) Pause Young (Normal) (G1 Evacuation Pause) 755M->147M(1024M) 6.566ms
[2019-08-29T14:26:21.667+0930][gc,cpu        ] GC(30) User=0.00s Sys=0.00s Real=0.01s
[2019-08-29T14:26:39.642+0930][gc,start      ] GC(31) Pause Young (Normal) (G1 Evacuation Pause)
[2019-08-29T14:26:39.642+0930][gc,task       ] GC(31) Using 8 workers of 8 for evacuation
[2019-08-29T14:26:39.647+0930][gc,phases     ] GC(31)   Pre Evacuate Collection Set: 0.0ms
[2019-08-29T14:26:39.647+0930][gc,phases     ] GC(31)   Evacuate Collection Set: 3.9ms
[2019-08-29T14:26:39.647+0930][gc,phases     ] GC(31)   Post Evacuate Collection Set: 0.6ms
[2019-08-29T14:26:39.647+0930][gc,phases     ] GC(31)   Other: 0.2ms
[2019-08-29T14:26:39.647+0930][gc,heap       ] GC(31) Eden regions: 608->0(608)
[2019-08-29T14:26:39.647+0930][gc,heap       ] GC(31) Survivor regions: 6->6(77)
[2019-08-29T14:26:39.647+0930][gc,heap       ] GC(31) Old regions: 15->15
[2019-08-29T14:26:39.647+0930][gc,heap       ] GC(31) Humongous regions: 129->129
[2019-08-29T14:26:39.647+0930][gc,metaspace  ] GC(31) Metaspace: 33647K->33647K(1079296K)
[2019-08-29T14:26:39.647+0930][gc            ] GC(31) Pause Young (Normal) (G1 Evacuation Pause) 755M->147M(1024M) 4.942ms
[2019-08-29T14:26:39.647+0930][gc,cpu        ] GC(31) User=0.00s Sys=0.00s Real=0.01s
[2019-08-29T14:26:58.512+0930][gc,start      ] GC(32) Pause Young (Normal) (G1 Evacuation Pause)
[2019-08-29T14:26:58.512+0930][gc,task       ] GC(32) Using 8 workers of 8 for evacuation
[2019-08-29T14:26:58.521+0930][gc,phases     ] GC(32)   Pre Evacuate Collection Set: 0.0ms
[2019-08-29T14:26:58.521+0930][gc,phases     ] GC(32)   Evacuate Collection Set: 7.3ms
[2019-08-29T14:26:58.521+0930][gc,phases     ] GC(32)   Post Evacuate Collection Set: 0.9ms
[2019-08-29T14:26:58.521+0930][gc,phases     ] GC(32)   Other: 0.3ms
[2019-08-29T14:26:58.521+0930][gc,heap       ] GC(32) Eden regions: 608->0(607)
[2019-08-29T14:26:58.521+0930][gc,heap       ] GC(32) Survivor regions: 6->7(77)
[2019-08-29T14:26:58.521+0930][gc,heap       ] GC(32) Old regions: 15->15
[2019-08-29T14:26:58.521+0930][gc,heap       ] GC(32) Humongous regions: 129->129
[2019-08-29T14:26:58.521+0930][gc,metaspace  ] GC(32) Metaspace: 33697K->33697K(1079296K)
[2019-08-29T14:26:58.521+0930][gc            ] GC(32) Pause Young (Normal) (G1 Evacuation Pause) 755M->148M(1024M) 8.894ms
[2019-08-29T14:26:58.521+0930][gc,cpu        ] GC(32) User=0.00s Sys=0.00s Real=0.01s
[2019-08-29T14:27:17.599+0930][gc,start      ] GC(33) Pause Young (Normal) (G1 Evacuation Pause)
[2019-08-29T14:27:17.599+0930][gc,task       ] GC(33) Using 8 workers of 8 for evacuation
[2019-08-29T14:27:17.607+0930][gc,phases     ] GC(33)   Pre Evacuate Collection Set: 0.1ms
[2019-08-29T14:27:17.607+0930][gc,phases     ] GC(33)   Evacuate Collection Set: 6.9ms
[2019-08-29T14:27:17.607+0930][gc,phases     ] GC(33)   Post Evacuate Collection Set: 0.7ms
[2019-08-29T14:27:17.607+0930][gc,phases     ] GC(33)   Other: 0.9ms
[2019-08-29T14:27:17.607+0930][gc,heap       ] GC(33) Eden regions: 607->0(607)
[2019-08-29T14:27:17.607+0930][gc,heap       ] GC(33) Survivor regions: 7->7(77)
[2019-08-29T14:27:17.607+0930][gc,heap       ] GC(33) Old regions: 15->15
[2019-08-29T14:27:17.607+0930][gc,heap       ] GC(33) Humongous regions: 129->129
[2019-08-29T14:27:17.607+0930][gc,metaspace  ] GC(33) Metaspace: 33713K->33713K(1079296K)
[2019-08-29T14:27:17.607+0930][gc            ] GC(33) Pause Young (Normal) (G1 Evacuation Pause) 755M->149M(1024M) 8.609ms
[2019-08-29T14:27:17.608+0930][gc,cpu        ] GC(33) User=0.13s Sys=0.00s Real=0.01s
[2019-08-29T14:27:18.600+0930][gc,start      ] GC(34) Pause Young (Concurrent Start) (Metadata GC Threshold)
[2019-08-29T14:27:18.600+0930][gc,task       ] GC(34) Using 8 workers of 8 for evacuation
[2019-08-29T14:27:18.609+0930][gc,phases     ] GC(34)   Pre Evacuate Collection Set: 0.2ms
[2019-08-29T14:27:18.609+0930][gc,phases     ] GC(34)   Evacuate Collection Set: 6.8ms
[2019-08-29T14:27:18.609+0930][gc,phases     ] GC(34)   Post Evacuate Collection Set: 0.8ms
[2019-08-29T14:27:18.609+0930][gc,phases     ] GC(34)   Other: 0.4ms
[2019-08-29T14:27:18.609+0930][gc,heap       ] GC(34) Eden regions: 33->0(233)
[2019-08-29T14:27:18.609+0930][gc,heap       ] GC(34) Survivor regions: 7->7(77)
[2019-08-29T14:27:18.609+0930][gc,heap       ] GC(34) Old regions: 15->16
[2019-08-29T14:27:18.609+0930][gc,heap       ] GC(34) Humongous regions: 129->129
[2019-08-29T14:27:18.609+0930][gc,metaspace  ] GC(34) Metaspace: 33731K->33731K(1079296K)
[2019-08-29T14:27:18.609+0930][gc            ] GC(34) Pause Young (Concurrent Start) (Metadata GC Threshold) 181M->148M(1024M) 8.480ms
[2019-08-29T14:27:18.609+0930][gc,cpu        ] GC(34) User=0.10s Sys=0.00s Real=0.01s
[2019-08-29T14:27:18.609+0930][gc            ] GC(35) Concurrent Cycle
[2019-08-29T14:27:18.609+0930][gc,marking    ] GC(35) Concurrent Clear Claimed Marks
[2019-08-29T14:27:18.609+0930][gc,marking    ] GC(35) Concurrent Clear Claimed Marks 0.184ms
[2019-08-29T14:27:18.609+0930][gc,marking    ] GC(35) Concurrent Scan Root Regions
[2019-08-29T14:27:18.613+0930][gc,marking    ] GC(35) Concurrent Scan Root Regions 3.952ms
[2019-08-29T14:27:18.613+0930][gc,marking    ] GC(35) Concurrent Mark (318.315s)
[2019-08-29T14:27:18.613+0930][gc,marking    ] GC(35) Concurrent Mark From Roots
[2019-08-29T14:27:18.613+0930][gc,task       ] GC(35) Using 2 workers of 2 for marking
[2019-08-29T14:27:18.630+0930][gc,marking    ] GC(35) Concurrent Mark From Roots 16.310ms
[2019-08-29T14:27:18.630+0930][gc,marking    ] GC(35) Concurrent Preclean
[2019-08-29T14:27:18.630+0930][gc,marking    ] GC(35) Concurrent Preclean 0.288ms
[2019-08-29T14:27:18.630+0930][gc,marking    ] GC(35) Concurrent Mark (318.315s, 318.332s) 16.723ms
[2019-08-29T14:27:18.630+0930][gc,start      ] GC(35) Pause Remark
[2019-08-29T14:27:18.637+0930][gc,stringtable] GC(35) Cleaned string and symbol table, strings: 11237 processed, 13 removed, symbols: 72893 processed, 18 removed
[2019-08-29T14:27:18.637+0930][gc            ] GC(35) Pause Remark 149M->149M(1024M) 6.767ms
[2019-08-29T14:27:18.637+0930][gc,cpu        ] GC(35) User=0.00s Sys=0.00s Real=0.01s
[2019-08-29T14:27:18.637+0930][gc,marking    ] GC(35) Concurrent Rebuild Remembered Sets
[2019-08-29T14:27:18.644+0930][gc,marking    ] GC(35) Concurrent Rebuild Remembered Sets 6.919ms
[2019-08-29T14:27:18.644+0930][gc,start      ] GC(35) Pause Cleanup
[2019-08-29T14:27:18.644+0930][gc            ] GC(35) Pause Cleanup 149M->149M(1024M) 0.162ms
[2019-08-29T14:27:18.644+0930][gc,cpu        ] GC(35) User=0.00s Sys=0.00s Real=0.00s
[2019-08-29T14:27:18.644+0930][gc,marking    ] GC(35) Concurrent Cleanup for Next Mark
[2019-08-29T14:27:18.658+0930][gc,marking    ] GC(35) Concurrent Cleanup for Next Mark 13.617ms
[2019-08-29T14:27:18.658+0930][gc            ] GC(35) Concurrent Cycle 49.280ms
[2019-08-29T14:27:22.502+0930][gc,start      ] GC(36) Pause Young (Normal) (G1 Evacuation Pause)
[2019-08-29T14:27:22.502+0930][gc,task       ] GC(36) Using 8 workers of 8 for evacuation
[2019-08-29T14:27:22.509+0930][gc,phases     ] GC(36)   Pre Evacuate Collection Set: 0.1ms
[2019-08-29T14:27:22.509+0930][gc,phases     ] GC(36)   Evacuate Collection Set: 6.1ms
[2019-08-29T14:27:22.509+0930][gc,phases     ] GC(36)   Post Evacuate Collection Set: 0.4ms
[2019-08-29T14:27:22.509+0930][gc,phases     ] GC(36)   Other: 0.3ms
[2019-08-29T14:27:22.509+0930][gc,heap       ] GC(36) Eden regions: 44->0(222)
[2019-08-29T14:27:22.509+0930][gc,heap       ] GC(36) Survivor regions: 7->4(7)
[2019-08-29T14:27:22.509+0930][gc,heap       ] GC(36) Old regions: 16->18
[2019-08-29T14:27:22.509+0930][gc,heap       ] GC(36) Humongous regions: 129->129
[2019-08-29T14:27:22.509+0930][gc,metaspace  ] GC(36) Metaspace: 33776K->33776K(1079296K)
[2019-08-29T14:27:22.509+0930][gc            ] GC(36) Pause Young (Normal) (G1 Evacuation Pause) 192M->149M(1024M) 6.970ms
[2019-08-29T14:27:22.509+0930][gc,cpu        ] GC(36) User=0.00s Sys=0.00s Real=0.01s
[2019-08-29T14:27:29.591+0930][gc,start      ] GC(37) Pause Young (Normal) (G1 Evacuation Pause)
[2019-08-29T14:27:29.592+0930][gc,task       ] GC(37) Using 8 workers of 8 for evacuation
[2019-08-29T14:27:29.595+0930][gc,phases     ] GC(37)   Pre Evacuate Collection Set: 0.0ms
[2019-08-29T14:27:29.595+0930][gc,phases     ] GC(37)   Evacuate Collection Set: 3.3ms
[2019-08-29T14:27:29.595+0930][gc,phases     ] GC(37)   Post Evacuate Collection Set: 0.4ms
[2019-08-29T14:27:29.596+0930][gc,phases     ] GC(37)   Other: 0.3ms
[2019-08-29T14:27:29.596+0930][gc,heap       ] GC(37) Eden regions: 222->0(259)
[2019-08-29T14:27:29.596+0930][gc,heap       ] GC(37) Survivor regions: 4->4(29)
[2019-08-29T14:27:29.596+0930][gc,heap       ] GC(37) Old regions: 18->18
[2019-08-29T14:27:29.596+0930][gc,heap       ] GC(37) Humongous regions: 129->129
[2019-08-29T14:27:29.596+0930][gc,metaspace  ] GC(37) Metaspace: 33776K->33776K(1079296K)
[2019-08-29T14:27:29.596+0930][gc            ] GC(37) Pause Young (Normal) (G1 Evacuation Pause) 371M->149M(1024M) 4.340ms
[2019-08-29T14:27:29.596+0930][gc,cpu        ] GC(37) User=0.00s Sys=0.00s Real=0.01s
[2019-08-29T14:27:36.989+0930][gc,start      ] GC(38) Pause Young (Normal) (G1 Evacuation Pause)
[2019-08-29T14:27:36.989+0930][gc,task       ] GC(38) Using 8 workers of 8 for evacuation
[2019-08-29T14:27:36.993+0930][gc,phases     ] GC(38)   Pre Evacuate Collection Set: 0.0ms
[2019-08-29T14:27:36.993+0930][gc,phases     ] GC(38)   Evacuate Collection Set: 3.1ms
[2019-08-29T14:27:36.993+0930][gc,phases     ] GC(38)   Post Evacuate Collection Set: 0.5ms
[2019-08-29T14:27:36.993+0930][gc,phases     ] GC(38)   Other: 0.2ms
[2019-08-29T14:27:36.993+0930][gc,heap       ] GC(38) Eden regions: 259->0(282)
[2019-08-29T14:27:36.993+0930][gc,heap       ] GC(38) Survivor regions: 4->4(33)
[2019-08-29T14:27:36.993+0930][gc,heap       ] GC(38) Old regions: 18->18
[2019-08-29T14:27:36.993+0930][gc,heap       ] GC(38) Humongous regions: 129->129
[2019-08-29T14:27:36.993+0930][gc,metaspace  ] GC(38) Metaspace: 33783K->33783K(1079296K)
[2019-08-29T14:27:36.993+0930][gc            ] GC(38) Pause Young (Normal) (G1 Evacuation Pause) 408M->149M(1024M) 3.958ms
[2019-08-29T14:27:36.993+0930][gc,cpu        ] GC(38) User=0.00s Sys=0.00s Real=0.00s
[2019-08-29T14:27:44.995+0930][gc,start      ] GC(39) Pause Young (Normal) (G1 Evacuation Pause)
[2019-08-29T14:27:44.996+0930][gc,task       ] GC(39) Using 8 workers of 8 for evacuation
[2019-08-29T14:27:45.002+0930][gc,phases     ] GC(39)   Pre Evacuate Collection Set: 0.1ms
[2019-08-29T14:27:45.002+0930][gc,phases     ] GC(39)   Evacuate Collection Set: 4.8ms
[2019-08-29T14:27:45.002+0930][gc,phases     ] GC(39)   Post Evacuate Collection Set: 0.6ms
[2019-08-29T14:27:45.002+0930][gc,phases     ] GC(39)   Other: 1.0ms
[2019-08-29T14:27:45.002+0930][gc,heap       ] GC(39) Eden regions: 282->0(295)
[2019-08-29T14:27:45.002+0930][gc,heap       ] GC(39) Survivor regions: 4->5(36)
[2019-08-29T14:27:45.002+0930][gc,heap       ] GC(39) Old regions: 18->18
[2019-08-29T14:27:45.002+0930][gc,heap       ] GC(39) Humongous regions: 129->129
[2019-08-29T14:27:45.002+0930][gc,metaspace  ] GC(39) Metaspace: 33784K->33784K(1079296K)
[2019-08-29T14:27:45.002+0930][gc            ] GC(39) Pause Young (Normal) (G1 Evacuation Pause) 431M->149M(1024M) 6.351ms
[2019-08-29T14:27:45.002+0930][gc,cpu        ] GC(39) User=0.00s Sys=0.02s Real=0.01s
[2019-08-29T14:27:54.145+0930][gc,start      ] GC(40) Pause Young (Normal) (G1 Evacuation Pause)
[2019-08-29T14:27:54.145+0930][gc,task       ] GC(40) Using 8 workers of 8 for evacuation
[2019-08-29T14:27:54.151+0930][gc,phases     ] GC(40)   Pre Evacuate Collection Set: 0.1ms
[2019-08-29T14:27:54.151+0930][gc,phases     ] GC(40)   Evacuate Collection Set: 4.6ms
[2019-08-29T14:27:54.151+0930][gc,phases     ] GC(40)   Post Evacuate Collection Set: 0.6ms
[2019-08-29T14:27:54.151+0930][gc,phases     ] GC(40)   Other: 0.3ms
[2019-08-29T14:27:54.151+0930][gc,heap       ] GC(40) Eden regions: 295->0(309)
[2019-08-29T14:27:54.151+0930][gc,heap       ] GC(40) Survivor regions: 5->5(38)
[2019-08-29T14:27:54.151+0930][gc,heap       ] GC(40) Old regions: 18->18
[2019-08-29T14:27:54.151+0930][gc,heap       ] GC(40) Humongous regions: 129->129
[2019-08-29T14:27:54.151+0930][gc,metaspace  ] GC(40) Metaspace: 33784K->33784K(1079296K)
[2019-08-29T14:27:54.151+0930][gc            ] GC(40) Pause Young (Normal) (G1 Evacuation Pause) 444M->149M(1024M) 5.780ms
[2019-08-29T14:27:54.151+0930][gc,cpu        ] GC(40) User=0.00s Sys=0.00s Real=0.00s
[2019-08-29T14:28:03.083+0930][gc,start      ] GC(41) Pause Young (Normal) (G1 Evacuation Pause)
[2019-08-29T14:28:03.083+0930][gc,task       ] GC(41) Using 8 workers of 8 for evacuation
[2019-08-29T14:28:03.088+0930][gc,phases     ] GC(41)   Pre Evacuate Collection Set: 0.0ms
[2019-08-29T14:28:03.088+0930][gc,phases     ] GC(41)   Evacuate Collection Set: 3.8ms
[2019-08-29T14:28:03.088+0930][gc,phases     ] GC(41)   Post Evacuate Collection Set: 0.5ms
[2019-08-29T14:28:03.088+0930][gc,phases     ] GC(41)   Other: 0.3ms
[2019-08-29T14:28:03.088+0930][gc,heap       ] GC(41) Eden regions: 309->0(329)
[2019-08-29T14:28:03.088+0930][gc,heap       ] GC(41) Survivor regions: 5->5(40)
[2019-08-29T14:28:03.088+0930][gc,heap       ] GC(41) Old regions: 18->18
[2019-08-29T14:28:03.088+0930][gc,heap       ] GC(41) Humongous regions: 129->129
[2019-08-29T14:28:03.088+0930][gc,metaspace  ] GC(41) Metaspace: 33784K->33784K(1079296K)
[2019-08-29T14:28:03.088+0930][gc            ] GC(41) Pause Young (Normal) (G1 Evacuation Pause) 458M->149M(1024M) 4.771ms
[2019-08-29T14:28:03.088+0930][gc,cpu        ] GC(41) User=0.00s Sys=0.00s Real=0.01s
[2019-08-29T14:28:12.452+0930][gc,start      ] GC(42) Pause Young (Normal) (G1 Evacuation Pause)
[2019-08-29T14:28:12.452+0930][gc,task       ] GC(42) Using 8 workers of 8 for evacuation
[2019-08-29T14:28:12.457+0930][gc,phases     ] GC(42)   Pre Evacuate Collection Set: 0.0ms
[2019-08-29T14:28:12.457+0930][gc,phases     ] GC(42)   Evacuate Collection Set: 3.7ms
[2019-08-29T14:28:12.457+0930][gc,phases     ] GC(42)   Post Evacuate Collection Set: 0.6ms
[2019-08-29T14:28:12.457+0930][gc,phases     ] GC(42)   Other: 0.2ms
[2019-08-29T14:28:12.457+0930][gc,heap       ] GC(42) Eden regions: 329->0(349)
[2019-08-29T14:28:12.457+0930][gc,heap       ] GC(42) Survivor regions: 5->5(42)
[2019-08-29T14:28:12.457+0930][gc,heap       ] GC(42) Old regions: 18->18
[2019-08-29T14:28:12.457+0930][gc,heap       ] GC(42) Humongous regions: 129->129
[2019-08-29T14:28:12.457+0930][gc,metaspace  ] GC(42) Metaspace: 33784K->33784K(1079296K)
[2019-08-29T14:28:12.457+0930][gc            ] GC(42) Pause Young (Normal) (G1 Evacuation Pause) 478M->150M(1024M) 4.732ms
[2019-08-29T14:28:12.457+0930][gc,cpu        ] GC(42) User=0.00s Sys=0.00s Real=0.01s
[2019-08-29T14:28:22.661+0930][gc,start      ] GC(43) Pause Young (Normal) (G1 Evacuation Pause)
[2019-08-29T14:28:22.661+0930][gc,task       ] GC(43) Using 8 workers of 8 for evacuation
[2019-08-29T14:28:22.666+0930][gc,phases     ] GC(43)   Pre Evacuate Collection Set: 0.0ms
[2019-08-29T14:28:22.666+0930][gc,phases     ] GC(43)   Evacuate Collection Set: 4.2ms
[2019-08-29T14:28:22.666+0930][gc,phases     ] GC(43)   Post Evacuate Collection Set: 0.5ms
[2019-08-29T14:28:22.666+0930][gc,phases     ] GC(43)   Other: 0.3ms
[2019-08-29T14:28:22.666+0930][gc,heap       ] GC(43) Eden regions: 349->0(363)
[2019-08-29T14:28:22.666+0930][gc,heap       ] GC(43) Survivor regions: 5->5(45)
[2019-08-29T14:28:22.666+0930][gc,heap       ] GC(43) Old regions: 18->19
[2019-08-29T14:28:22.666+0930][gc,heap       ] GC(43) Humongous regions: 129->129
[2019-08-29T14:28:22.666+0930][gc,metaspace  ] GC(43) Metaspace: 33784K->33784K(1079296K)
[2019-08-29T14:28:22.666+0930][gc            ] GC(43) Pause Young (Normal) (G1 Evacuation Pause) 499M->150M(1024M) 5.187ms
[2019-08-29T14:28:22.666+0930][gc,cpu        ] GC(43) User=0.00s Sys=0.00s Real=0.01s
[2019-08-29T14:28:33.827+0930][gc,start      ] GC(44) Pause Young (Normal) (G1 Evacuation Pause)
[2019-08-29T14:28:33.827+0930][gc,task       ] GC(44) Using 8 workers of 8 for evacuation
[2019-08-29T14:28:33.832+0930][gc,phases     ] GC(44)   Pre Evacuate Collection Set: 0.0ms
[2019-08-29T14:28:33.832+0930][gc,phases     ] GC(44)   Evacuate Collection Set: 4.2ms
[2019-08-29T14:28:33.832+0930][gc,phases     ] GC(44)   Post Evacuate Collection Set: 0.5ms
[2019-08-29T14:28:33.832+0930][gc,phases     ] GC(44)   Other: 0.2ms
[2019-08-29T14:28:33.832+0930][gc,heap       ] GC(44) Eden regions: 363->0(377)
[2019-08-29T14:28:33.832+0930][gc,heap       ] GC(44) Survivor regions: 5->5(46)
[2019-08-29T14:28:33.832+0930][gc,heap       ] GC(44) Old regions: 19->19
[2019-08-29T14:28:33.832+0930][gc,heap       ] GC(44) Humongous regions: 129->129
[2019-08-29T14:28:33.832+0930][gc,metaspace  ] GC(44) Metaspace: 33785K->33785K(1079296K)
[2019-08-29T14:28:33.832+0930][gc            ] GC(44) Pause Young (Normal) (G1 Evacuation Pause) 513M->150M(1024M) 5.117ms
[2019-08-29T14:28:33.832+0930][gc,cpu        ] GC(44) User=0.00s Sys=0.00s Real=0.00s
[2019-08-29T14:28:48.673+0930][gc,heap,exit  ] Heap
[2019-08-29T14:28:48.673+0930][gc,heap,exit  ]  garbage-first heap   total 1048576K, used 434023K [0x00000000c0000000, 0x0000000100000000)
[2019-08-29T14:28:48.673+0930][gc,heap,exit  ]   region size 1024K, 279 young (285696K), 5 survivors (5120K)
[2019-08-29T14:28:48.673+0930][gc,heap,exit  ]  Metaspace       used 34532K, capacity 36802K, committed 36912K, reserved 1081344K
[2019-08-29T14:28:48.674+0930][gc,heap,exit  ]   class space    used 4923K, capacity 5972K, committed 6016K, reserved 1048576K
