[2019-08-29T14:45:06.706+0930][gc,heap] Heap region size: 1M
[2019-08-29T14:45:06.731+0930][gc     ] Using G1
[2019-08-29T14:45:06.731+0930][gc,heap,coops] Heap address: 0x00000000c0000000, size: 1024 MB, Compressed Oops mode: 32-bit
[2019-08-29T14:45:06.732+0930][gc,cds       ] Mark closed archive regions in map: [0x00000000fff00000, 0x00000000fff69ff8]
[2019-08-29T14:45:06.732+0930][gc,cds       ] Mark open archive regions in map: [0x00000000ffe00000, 0x00000000ffe33ff8]
[2019-08-29T14:45:07.727+0930][gc,start     ] GC(0) Pause Young (Normal) (G1 Evacuation Pause)
[2019-08-29T14:45:07.728+0930][gc,task      ] GC(0) Using 8 workers of 8 for evacuation
[2019-08-29T14:45:07.745+0930][gc,phases    ] GC(0)   Pre Evacuate Collection Set: 0.0ms
[2019-08-29T14:45:07.745+0930][gc,phases    ] GC(0)   Evacuate Collection Set: 12.6ms
[2019-08-29T14:45:07.745+0930][gc,phases    ] GC(0)   Post Evacuate Collection Set: 0.4ms
[2019-08-29T14:45:07.745+0930][gc,phases    ] GC(0)   Other: 5.2ms
[2019-08-29T14:45:07.745+0930][gc,heap      ] GC(0) Eden regions: 51->0(45)
[2019-08-29T14:45:07.745+0930][gc,heap      ] GC(0) Survivor regions: 0->6(7)
[2019-08-29T14:45:07.745+0930][gc,heap      ] GC(0) Old regions: 2->2
[2019-08-29T14:45:07.745+0930][gc,heap      ] GC(0) Humongous regions: 0->0
[2019-08-29T14:45:07.745+0930][gc,metaspace ] GC(0) Metaspace: 17056K->17056K(1064960K)
[2019-08-29T14:45:07.745+0930][gc           ] GC(0) Pause Young (Normal) (G1 Evacuation Pause) 51M->6M(1024M) 18.375ms
[2019-08-29T14:45:07.745+0930][gc,cpu       ] GC(0) User=0.00s Sys=0.00s Real=0.01s
[2019-08-29T14:45:07.961+0930][gc,start     ] GC(1) Pause Young (Concurrent Start) (Metadata GC Threshold)
[2019-08-29T14:45:07.961+0930][gc,task      ] GC(1) Using 8 workers of 8 for evacuation
[2019-08-29T14:45:07.974+0930][gc,phases    ] GC(1)   Pre Evacuate Collection Set: 0.1ms
[2019-08-29T14:45:07.975+0930][gc,phases    ] GC(1)   Evacuate Collection Set: 12.8ms
[2019-08-29T14:45:07.975+0930][gc,phases    ] GC(1)   Post Evacuate Collection Set: 0.3ms
[2019-08-29T14:45:07.975+0930][gc,phases    ] GC(1)   Other: 0.3ms
[2019-08-29T14:45:07.975+0930][gc,heap      ] GC(1) Eden regions: 13->0(50)
[2019-08-29T14:45:07.975+0930][gc,heap      ] GC(1) Survivor regions: 6->1(7)
[2019-08-29T14:45:07.975+0930][gc,heap      ] GC(1) Old regions: 2->8
[2019-08-29T14:45:07.975+0930][gc,heap      ] GC(1) Humongous regions: 0->0
[2019-08-29T14:45:07.975+0930][gc,metaspace ] GC(1) Metaspace: 20477K->20477K(1067008K)
[2019-08-29T14:45:07.975+0930][gc           ] GC(1) Pause Young (Concurrent Start) (Metadata GC Threshold) 19M->7M(1024M) 13.591ms
[2019-08-29T14:45:07.975+0930][gc,cpu       ] GC(1) User=0.03s Sys=0.00s Real=0.01s
[2019-08-29T14:45:07.975+0930][gc           ] GC(2) Concurrent Cycle
[2019-08-29T14:45:07.975+0930][gc,marking   ] GC(2) Concurrent Clear Claimed Marks
[2019-08-29T14:45:07.975+0930][gc,marking   ] GC(2) Concurrent Clear Claimed Marks 0.073ms
[2019-08-29T14:45:07.975+0930][gc,marking   ] GC(2) Concurrent Scan Root Regions
[2019-08-29T14:45:07.976+0930][gc,marking   ] GC(2) Concurrent Scan Root Regions 0.916ms
[2019-08-29T14:45:07.976+0930][gc,marking   ] GC(2) Concurrent Mark (1.281s)
[2019-08-29T14:45:07.976+0930][gc,marking   ] GC(2) Concurrent Mark From Roots
[2019-08-29T14:45:07.977+0930][gc,task      ] GC(2) Using 2 workers of 2 for marking
[2019-08-29T14:45:07.981+0930][gc,marking   ] GC(2) Concurrent Mark From Roots 5.303ms
[2019-08-29T14:45:07.981+0930][gc,marking   ] GC(2) Concurrent Preclean
[2019-08-29T14:45:07.982+0930][gc,marking   ] GC(2) Concurrent Preclean 0.381ms
[2019-08-29T14:45:07.982+0930][gc,marking   ] GC(2) Concurrent Mark (1.281s, 1.287s) 5.798ms
[2019-08-29T14:45:07.982+0930][gc,start     ] GC(2) Pause Remark
[2019-08-29T14:45:07.984+0930][gc,stringtable] GC(2) Cleaned string and symbol table, strings: 4741 processed, 0 removed, symbols: 49575 processed, 51 removed
[2019-08-29T14:45:07.984+0930][gc            ] GC(2) Pause Remark 7M->7M(1024M) 2.568ms
[2019-08-29T14:45:07.984+0930][gc,cpu        ] GC(2) User=0.00s Sys=0.00s Real=0.00s
[2019-08-29T14:45:07.984+0930][gc,marking    ] GC(2) Concurrent Rebuild Remembered Sets
[2019-08-29T14:45:07.987+0930][gc,marking    ] GC(2) Concurrent Rebuild Remembered Sets 2.827ms
[2019-08-29T14:45:07.987+0930][gc,start      ] GC(2) Pause Cleanup
[2019-08-29T14:45:07.988+0930][gc            ] GC(2) Pause Cleanup 7M->7M(1024M) 0.220ms
[2019-08-29T14:45:07.988+0930][gc,cpu        ] GC(2) User=0.00s Sys=0.00s Real=0.00s
[2019-08-29T14:45:07.988+0930][gc,marking    ] GC(2) Concurrent Cleanup for Next Mark
[2019-08-29T14:45:08.003+0930][gc,marking    ] GC(2) Concurrent Cleanup for Next Mark 15.259ms
[2019-08-29T14:45:08.003+0930][gc            ] GC(2) Concurrent Cycle 28.441ms
[2019-08-29T14:45:09.179+0930][gc,heap,exit  ] Heap
[2019-08-29T14:45:09.179+0930][gc,heap,exit  ]  garbage-first heap   total 1048576K, used 174429K [0x00000000c0000000, 0x0000000100000000)
[2019-08-29T14:45:09.179+0930][gc,heap,exit  ]   region size 1024K, 36 young (36864K), 1 survivors (1024K)
[2019-08-29T14:45:09.179+0930][gc,heap,exit  ]  Metaspace       used 25355K, capacity 26495K, committed 26800K, reserved 1073152K
[2019-08-29T14:45:09.179+0930][gc,heap,exit  ]   class space    used 3546K, capacity 4031K, committed 4096K, reserved 1048576K
