[2019-08-29T14:34:24.597+0930][gc,heap] Heap region size: 1M
[2019-08-29T14:34:24.620+0930][gc     ] Using G1
[2019-08-29T14:34:24.620+0930][gc,heap,coops] Heap address: 0x00000000c0000000, size: 1024 MB, Compressed Oops mode: 32-bit
[2019-08-29T14:34:24.621+0930][gc,cds       ] Mark closed archive regions in map: [0x00000000fff00000, 0x00000000fff69ff8]
[2019-08-29T14:34:24.621+0930][gc,cds       ] Mark open archive regions in map: [0x00000000ffe00000, 0x00000000ffe33ff8]
[2019-08-29T14:34:25.659+0930][gc,start     ] GC(0) Pause Young (Normal) (G1 Evacuation Pause)
[2019-08-29T14:34:25.660+0930][gc,task      ] GC(0) Using 8 workers of 8 for evacuation
[2019-08-29T14:34:25.681+0930][gc,phases    ] GC(0)   Pre Evacuate Collection Set: 0.0ms
[2019-08-29T14:34:25.681+0930][gc,phases    ] GC(0)   Evacuate Collection Set: 16.3ms
[2019-08-29T14:34:25.681+0930][gc,phases    ] GC(0)   Post Evacuate Collection Set: 0.4ms
[2019-08-29T14:34:25.681+0930][gc,phases    ] GC(0)   Other: 5.4ms
[2019-08-29T14:34:25.681+0930][gc,heap      ] GC(0) Eden regions: 51->0(45)
[2019-08-29T14:34:25.681+0930][gc,heap      ] GC(0) Survivor regions: 0->6(7)
[2019-08-29T14:34:25.681+0930][gc,heap      ] GC(0) Old regions: 2->2
[2019-08-29T14:34:25.681+0930][gc,heap      ] GC(0) Humongous regions: 0->0
[2019-08-29T14:34:25.681+0930][gc,metaspace ] GC(0) Metaspace: 17043K->17043K(1064960K)
[2019-08-29T14:34:25.681+0930][gc           ] GC(0) Pause Young (Normal) (G1 Evacuation Pause) 51M->6M(1024M) 22.318ms
[2019-08-29T14:34:25.681+0930][gc,cpu       ] GC(0) User=0.02s Sys=0.07s Real=0.02s
[2019-08-29T14:34:26.334+0930][gc,start     ] GC(1) Pause Young (Concurrent Start) (Metadata GC Threshold)
[2019-08-29T14:34:26.334+0930][gc,task      ] GC(1) Using 8 workers of 8 for evacuation
[2019-08-29T14:34:26.346+0930][gc,phases    ] GC(1)   Pre Evacuate Collection Set: 0.0ms
[2019-08-29T14:34:26.346+0930][gc,phases    ] GC(1)   Evacuate Collection Set: 11.6ms
[2019-08-29T14:34:26.346+0930][gc,phases    ] GC(1)   Post Evacuate Collection Set: 0.3ms
[2019-08-29T14:34:26.346+0930][gc,phases    ] GC(1)   Other: 0.3ms
[2019-08-29T14:34:26.346+0930][gc,heap      ] GC(1) Eden regions: 15->0(49)
[2019-08-29T14:34:26.346+0930][gc,heap      ] GC(1) Survivor regions: 6->2(7)
[2019-08-29T14:34:26.347+0930][gc,heap      ] GC(1) Old regions: 2->8
[2019-08-29T14:34:26.347+0930][gc,heap      ] GC(1) Humongous regions: 129->129
[2019-08-29T14:34:26.347+0930][gc,metaspace ] GC(1) Metaspace: 20509K->20509K(1067008K)
[2019-08-29T14:34:26.347+0930][gc           ] GC(1) Pause Young (Concurrent Start) (Metadata GC Threshold) 150M->137M(1024M) 12.391ms
[2019-08-29T14:34:26.347+0930][gc,cpu       ] GC(1) User=0.01s Sys=0.02s Real=0.02s
[2019-08-29T14:34:26.347+0930][gc           ] GC(2) Concurrent Cycle
[2019-08-29T14:34:26.347+0930][gc,marking   ] GC(2) Concurrent Clear Claimed Marks
[2019-08-29T14:34:26.347+0930][gc,marking   ] GC(2) Concurrent Clear Claimed Marks 0.054ms
[2019-08-29T14:34:26.347+0930][gc,marking   ] GC(2) Concurrent Scan Root Regions
[2019-08-29T14:34:26.348+0930][gc,marking   ] GC(2) Concurrent Scan Root Regions 0.830ms
[2019-08-29T14:34:26.348+0930][gc,marking   ] GC(2) Concurrent Mark (1.763s)
[2019-08-29T14:34:26.348+0930][gc,marking   ] GC(2) Concurrent Mark From Roots
[2019-08-29T14:34:26.348+0930][gc,task      ] GC(2) Using 2 workers of 2 for marking
[2019-08-29T14:34:26.352+0930][gc,marking   ] GC(2) Concurrent Mark From Roots 4.395ms
[2019-08-29T14:34:26.352+0930][gc,marking   ] GC(2) Concurrent Preclean
[2019-08-29T14:34:26.352+0930][gc,marking   ] GC(2) Concurrent Preclean 0.194ms
[2019-08-29T14:34:26.352+0930][gc,marking   ] GC(2) Concurrent Mark (1.763s, 1.767s) 4.659ms
[2019-08-29T14:34:26.352+0930][gc,start     ] GC(2) Pause Remark
[2019-08-29T14:34:26.354+0930][gc,stringtable] GC(2) Cleaned string and symbol table, strings: 4812 processed, 0 removed, symbols: 50088 processed, 44 removed
[2019-08-29T14:34:26.354+0930][gc            ] GC(2) Pause Remark 138M->138M(1024M) 1.411ms
[2019-08-29T14:34:26.354+0930][gc,cpu        ] GC(2) User=0.00s Sys=0.00s Real=0.00s
[2019-08-29T14:34:26.354+0930][gc,marking    ] GC(2) Concurrent Rebuild Remembered Sets
[2019-08-29T14:34:26.356+0930][gc,marking    ] GC(2) Concurrent Rebuild Remembered Sets 2.274ms
[2019-08-29T14:34:26.356+0930][gc,start      ] GC(2) Pause Cleanup
[2019-08-29T14:34:26.356+0930][gc            ] GC(2) Pause Cleanup 138M->138M(1024M) 0.195ms
[2019-08-29T14:34:26.356+0930][gc,cpu        ] GC(2) User=0.00s Sys=0.00s Real=0.00s
[2019-08-29T14:34:26.357+0930][gc,marking    ] GC(2) Concurrent Cleanup for Next Mark
[2019-08-29T14:34:26.367+0930][gc,marking    ] GC(2) Concurrent Cleanup for Next Mark 10.953ms
[2019-08-29T14:34:26.368+0930][gc            ] GC(2) Concurrent Cycle 20.931ms
[2019-08-29T14:34:27.024+0930][gc,start      ] GC(3) Pause Young (Normal) (G1 Evacuation Pause)
[2019-08-29T14:34:27.024+0930][gc,task       ] GC(3) Using 8 workers of 8 for evacuation
[2019-08-29T14:34:27.030+0930][gc,phases     ] GC(3)   Pre Evacuate Collection Set: 0.1ms
[2019-08-29T14:34:27.030+0930][gc,phases     ] GC(3)   Evacuate Collection Set: 5.1ms
[2019-08-29T14:34:27.030+0930][gc,phases     ] GC(3)   Post Evacuate Collection Set: 0.4ms
[2019-08-29T14:34:27.030+0930][gc,phases     ] GC(3)   Other: 0.4ms
[2019-08-29T14:34:27.030+0930][gc,heap       ] GC(3) Eden regions: 49->0(45)
[2019-08-29T14:34:27.030+0930][gc,heap       ] GC(3) Survivor regions: 2->6(7)
[2019-08-29T14:34:27.030+0930][gc,heap       ] GC(3) Old regions: 8->8
[2019-08-29T14:34:27.030+0930][gc,heap       ] GC(3) Humongous regions: 129->129
[2019-08-29T14:34:27.030+0930][gc,metaspace  ] GC(3) Metaspace: 29658K->29658K(1075200K)
[2019-08-29T14:34:27.030+0930][gc            ] GC(3) Pause Young (Normal) (G1 Evacuation Pause) 186M->140M(1024M) 6.048ms
[2019-08-29T14:34:27.030+0930][gc,cpu        ] GC(3) User=0.12s Sys=0.00s Real=0.01s
[2019-08-29T14:35:16.592+0930][gc,start      ] GC(4) Pause Young (Normal) (G1 Evacuation Pause)
[2019-08-29T14:35:16.592+0930][gc,task       ] GC(4) Using 8 workers of 8 for evacuation
[2019-08-29T14:35:16.599+0930][gc,phases     ] GC(4)   Pre Evacuate Collection Set: 0.0ms
[2019-08-29T14:35:16.599+0930][gc,phases     ] GC(4)   Evacuate Collection Set: 6.3ms
[2019-08-29T14:35:16.599+0930][gc,phases     ] GC(4)   Post Evacuate Collection Set: 0.4ms
[2019-08-29T14:35:16.599+0930][gc,phases     ] GC(4)   Other: 0.2ms
[2019-08-29T14:35:16.599+0930][gc,heap       ] GC(4) Eden regions: 45->0(48)
[2019-08-29T14:35:16.599+0930][gc,heap       ] GC(4) Survivor regions: 6->3(7)
[2019-08-29T14:35:16.599+0930][gc,heap       ] GC(4) Old regions: 8->13
[2019-08-29T14:35:16.599+0930][gc,heap       ] GC(4) Humongous regions: 129->129
[2019-08-29T14:35:16.599+0930][gc,metaspace  ] GC(4) Metaspace: 32526K->32526K(1079296K)
[2019-08-29T14:35:16.599+0930][gc            ] GC(4) Pause Young (Normal) (G1 Evacuation Pause) 185M->142M(1024M) 7.136ms
[2019-08-29T14:35:16.599+0930][gc,cpu        ] GC(4) User=0.00s Sys=0.00s Real=0.01s
[2019-08-29T14:35:18.492+0930][gc,start      ] GC(5) Pause Young (Normal) (G1 Evacuation Pause)
[2019-08-29T14:35:18.492+0930][gc,task       ] GC(5) Using 8 workers of 8 for evacuation
[2019-08-29T14:35:18.495+0930][gc,phases     ] GC(5)   Pre Evacuate Collection Set: 0.0ms
[2019-08-29T14:35:18.495+0930][gc,phases     ] GC(5)   Evacuate Collection Set: 1.8ms
[2019-08-29T14:35:18.495+0930][gc,phases     ] GC(5)   Post Evacuate Collection Set: 0.3ms
[2019-08-29T14:35:18.495+0930][gc,phases     ] GC(5)   Other: 0.2ms
[2019-08-29T14:35:18.495+0930][gc,heap       ] GC(5) Eden regions: 48->0(48)
[2019-08-29T14:35:18.495+0930][gc,heap       ] GC(5) Survivor regions: 3->3(7)
[2019-08-29T14:35:18.495+0930][gc,heap       ] GC(5) Old regions: 13->13
[2019-08-29T14:35:18.495+0930][gc,heap       ] GC(5) Humongous regions: 129->129
[2019-08-29T14:35:18.495+0930][gc,metaspace  ] GC(5) Metaspace: 32532K->32532K(1079296K)
[2019-08-29T14:35:18.495+0930][gc            ] GC(5) Pause Young (Normal) (G1 Evacuation Pause) 190M->142M(1024M) 2.526ms
[2019-08-29T14:35:18.495+0930][gc,cpu        ] GC(5) User=0.00s Sys=0.00s Real=0.00s
[2019-08-29T14:35:19.795+0930][gc,start      ] GC(6) Pause Young (Normal) (G1 Evacuation Pause)
[2019-08-29T14:35:19.795+0930][gc,task       ] GC(6) Using 8 workers of 8 for evacuation
[2019-08-29T14:35:19.797+0930][gc,phases     ] GC(6)   Pre Evacuate Collection Set: 0.0ms
[2019-08-29T14:35:19.797+0930][gc,phases     ] GC(6)   Evacuate Collection Set: 1.8ms
[2019-08-29T14:35:19.797+0930][gc,phases     ] GC(6)   Post Evacuate Collection Set: 0.3ms
[2019-08-29T14:35:19.797+0930][gc,phases     ] GC(6)   Other: 0.2ms
[2019-08-29T14:35:19.797+0930][gc,heap       ] GC(6) Eden regions: 48->0(48)
[2019-08-29T14:35:19.797+0930][gc,heap       ] GC(6) Survivor regions: 3->3(7)
[2019-08-29T14:35:19.797+0930][gc,heap       ] GC(6) Old regions: 13->13
[2019-08-29T14:35:19.797+0930][gc,heap       ] GC(6) Humongous regions: 129->129
[2019-08-29T14:35:19.797+0930][gc,metaspace  ] GC(6) Metaspace: 32532K->32532K(1079296K)
[2019-08-29T14:35:19.797+0930][gc            ] GC(6) Pause Young (Normal) (G1 Evacuation Pause) 190M->142M(1024M) 2.485ms
[2019-08-29T14:35:19.798+0930][gc,cpu        ] GC(6) User=0.00s Sys=0.00s Real=0.01s
[2019-08-29T14:35:20.906+0930][gc,start      ] GC(7) Pause Young (Normal) (G1 Evacuation Pause)
[2019-08-29T14:35:20.906+0930][gc,task       ] GC(7) Using 8 workers of 8 for evacuation
[2019-08-29T14:35:20.908+0930][gc,phases     ] GC(7)   Pre Evacuate Collection Set: 0.0ms
[2019-08-29T14:35:20.908+0930][gc,phases     ] GC(7)   Evacuate Collection Set: 2.0ms
[2019-08-29T14:35:20.908+0930][gc,phases     ] GC(7)   Post Evacuate Collection Set: 0.4ms
[2019-08-29T14:35:20.909+0930][gc,phases     ] GC(7)   Other: 0.2ms
[2019-08-29T14:35:20.909+0930][gc,heap       ] GC(7) Eden regions: 48->0(48)
[2019-08-29T14:35:20.909+0930][gc,heap       ] GC(7) Survivor regions: 3->3(7)
[2019-08-29T14:35:20.909+0930][gc,heap       ] GC(7) Old regions: 13->13
[2019-08-29T14:35:20.909+0930][gc,heap       ] GC(7) Humongous regions: 129->129
[2019-08-29T14:35:20.909+0930][gc,metaspace  ] GC(7) Metaspace: 32533K->32533K(1079296K)
[2019-08-29T14:35:20.909+0930][gc            ] GC(7) Pause Young (Normal) (G1 Evacuation Pause) 190M->142M(1024M) 2.740ms
[2019-08-29T14:35:20.909+0930][gc,cpu        ] GC(7) User=0.00s Sys=0.00s Real=0.00s
[2019-08-29T14:35:21.890+0930][gc,start      ] GC(8) Pause Young (Normal) (G1 Evacuation Pause)
[2019-08-29T14:35:21.890+0930][gc,task       ] GC(8) Using 8 workers of 8 for evacuation
[2019-08-29T14:35:21.892+0930][gc,phases     ] GC(8)   Pre Evacuate Collection Set: 0.0ms
[2019-08-29T14:35:21.892+0930][gc,phases     ] GC(8)   Evacuate Collection Set: 2.1ms
[2019-08-29T14:35:21.892+0930][gc,phases     ] GC(8)   Post Evacuate Collection Set: 0.3ms
[2019-08-29T14:35:21.892+0930][gc,phases     ] GC(8)   Other: 0.3ms
[2019-08-29T14:35:21.892+0930][gc,heap       ] GC(8) Eden regions: 48->0(58)
[2019-08-29T14:35:21.892+0930][gc,heap       ] GC(8) Survivor regions: 3->3(7)
[2019-08-29T14:35:21.892+0930][gc,heap       ] GC(8) Old regions: 13->13
[2019-08-29T14:35:21.892+0930][gc,heap       ] GC(8) Humongous regions: 129->129
[2019-08-29T14:35:21.893+0930][gc,metaspace  ] GC(8) Metaspace: 32533K->32533K(1079296K)
[2019-08-29T14:35:21.893+0930][gc            ] GC(8) Pause Young (Normal) (G1 Evacuation Pause) 190M->142M(1024M) 2.891ms
[2019-08-29T14:35:21.893+0930][gc,cpu        ] GC(8) User=0.00s Sys=0.00s Real=0.00s
[2019-08-29T14:35:23.062+0930][gc,start      ] GC(9) Pause Young (Normal) (G1 Evacuation Pause)
[2019-08-29T14:35:23.062+0930][gc,task       ] GC(9) Using 8 workers of 8 for evacuation
[2019-08-29T14:35:23.065+0930][gc,phases     ] GC(9)   Pre Evacuate Collection Set: 0.0ms
[2019-08-29T14:35:23.065+0930][gc,phases     ] GC(9)   Evacuate Collection Set: 2.8ms
[2019-08-29T14:35:23.065+0930][gc,phases     ] GC(9)   Post Evacuate Collection Set: 0.3ms
[2019-08-29T14:35:23.065+0930][gc,phases     ] GC(9)   Other: 0.2ms
[2019-08-29T14:35:23.065+0930][gc,heap       ] GC(9) Eden regions: 58->0(71)
[2019-08-29T14:35:23.065+0930][gc,heap       ] GC(9) Survivor regions: 3->3(8)
[2019-08-29T14:35:23.065+0930][gc,heap       ] GC(9) Old regions: 13->13
[2019-08-29T14:35:23.065+0930][gc,heap       ] GC(9) Humongous regions: 129->129
[2019-08-29T14:35:23.065+0930][gc,metaspace  ] GC(9) Metaspace: 32541K->32541K(1079296K)
[2019-08-29T14:35:23.065+0930][gc            ] GC(9) Pause Young (Normal) (G1 Evacuation Pause) 200M->142M(1024M) 3.462ms
[2019-08-29T14:35:23.065+0930][gc,cpu        ] GC(9) User=0.00s Sys=0.00s Real=0.00s
[2019-08-29T14:35:24.491+0930][gc,start      ] GC(10) Pause Young (Normal) (G1 Evacuation Pause)
[2019-08-29T14:35:24.491+0930][gc,task       ] GC(10) Using 8 workers of 8 for evacuation
[2019-08-29T14:35:24.495+0930][gc,phases     ] GC(10)   Pre Evacuate Collection Set: 0.0ms
[2019-08-29T14:35:24.495+0930][gc,phases     ] GC(10)   Evacuate Collection Set: 2.9ms
[2019-08-29T14:35:24.495+0930][gc,phases     ] GC(10)   Post Evacuate Collection Set: 0.3ms
[2019-08-29T14:35:24.495+0930][gc,phases     ] GC(10)   Other: 0.2ms
[2019-08-29T14:35:24.495+0930][gc,heap       ] GC(10) Eden regions: 71->0(88)
[2019-08-29T14:35:24.495+0930][gc,heap       ] GC(10) Survivor regions: 3->3(10)
[2019-08-29T14:35:24.495+0930][gc,heap       ] GC(10) Old regions: 13->13
[2019-08-29T14:35:24.495+0930][gc,heap       ] GC(10) Humongous regions: 129->129
[2019-08-29T14:35:24.495+0930][gc,metaspace  ] GC(10) Metaspace: 32541K->32541K(1079296K)
[2019-08-29T14:35:24.495+0930][gc            ] GC(10) Pause Young (Normal) (G1 Evacuation Pause) 213M->142M(1024M) 3.592ms
[2019-08-29T14:35:24.495+0930][gc,cpu        ] GC(10) User=0.00s Sys=0.00s Real=0.00s
[2019-08-29T14:35:26.339+0930][gc,start      ] GC(11) Pause Young (Normal) (G1 Evacuation Pause)
[2019-08-29T14:35:26.339+0930][gc,task       ] GC(11) Using 8 workers of 8 for evacuation
[2019-08-29T14:35:26.343+0930][gc,phases     ] GC(11)   Pre Evacuate Collection Set: 0.0ms
[2019-08-29T14:35:26.343+0930][gc,phases     ] GC(11)   Evacuate Collection Set: 3.2ms
[2019-08-29T14:35:26.343+0930][gc,phases     ] GC(11)   Post Evacuate Collection Set: 0.3ms
[2019-08-29T14:35:26.343+0930][gc,phases     ] GC(11)   Other: 0.2ms
[2019-08-29T14:35:26.343+0930][gc,heap       ] GC(11) Eden regions: 88->0(110)
[2019-08-29T14:35:26.343+0930][gc,heap       ] GC(11) Survivor regions: 3->3(12)
[2019-08-29T14:35:26.343+0930][gc,heap       ] GC(11) Old regions: 13->13
[2019-08-29T14:35:26.343+0930][gc,heap       ] GC(11) Humongous regions: 129->129
[2019-08-29T14:35:26.343+0930][gc,metaspace  ] GC(11) Metaspace: 32543K->32543K(1079296K)
[2019-08-29T14:35:26.343+0930][gc            ] GC(11) Pause Young (Normal) (G1 Evacuation Pause) 230M->142M(1024M) 3.843ms
[2019-08-29T14:35:26.343+0930][gc,cpu        ] GC(11) User=0.05s Sys=0.05s Real=0.00s
[2019-08-29T14:35:28.728+0930][gc,start      ] GC(12) Pause Young (Normal) (G1 Evacuation Pause)
[2019-08-29T14:35:28.728+0930][gc,task       ] GC(12) Using 8 workers of 8 for evacuation
[2019-08-29T14:35:28.731+0930][gc,phases     ] GC(12)   Pre Evacuate Collection Set: 0.0ms
[2019-08-29T14:35:28.732+0930][gc,phases     ] GC(12)   Evacuate Collection Set: 3.2ms
[2019-08-29T14:35:28.732+0930][gc,phases     ] GC(12)   Post Evacuate Collection Set: 0.3ms
[2019-08-29T14:35:28.732+0930][gc,phases     ] GC(12)   Other: 0.2ms
[2019-08-29T14:35:28.732+0930][gc,heap       ] GC(12) Eden regions: 110->0(136)
[2019-08-29T14:35:28.732+0930][gc,heap       ] GC(12) Survivor regions: 3->3(15)
[2019-08-29T14:35:28.732+0930][gc,heap       ] GC(12) Old regions: 13->13
[2019-08-29T14:35:28.732+0930][gc,heap       ] GC(12) Humongous regions: 129->129
[2019-08-29T14:35:28.732+0930][gc,metaspace  ] GC(12) Metaspace: 32575K->32575K(1079296K)
[2019-08-29T14:35:28.732+0930][gc            ] GC(12) Pause Young (Normal) (G1 Evacuation Pause) 252M->142M(1024M) 3.904ms
[2019-08-29T14:35:28.732+0930][gc,cpu        ] GC(12) User=0.01s Sys=0.00s Real=0.00s
[2019-08-29T14:35:31.819+0930][gc,start      ] GC(13) Pause Young (Normal) (G1 Evacuation Pause)
[2019-08-29T14:35:31.819+0930][gc,task       ] GC(13) Using 8 workers of 8 for evacuation
[2019-08-29T14:35:31.823+0930][gc,phases     ] GC(13)   Pre Evacuate Collection Set: 0.0ms
[2019-08-29T14:35:31.823+0930][gc,phases     ] GC(13)   Evacuate Collection Set: 3.2ms
[2019-08-29T14:35:31.823+0930][gc,phases     ] GC(13)   Post Evacuate Collection Set: 0.4ms
[2019-08-29T14:35:31.823+0930][gc,phases     ] GC(13)   Other: 0.2ms
[2019-08-29T14:35:31.823+0930][gc,heap       ] GC(13) Eden regions: 136->0(165)
[2019-08-29T14:35:31.823+0930][gc,heap       ] GC(13) Survivor regions: 3->3(18)
[2019-08-29T14:35:31.823+0930][gc,heap       ] GC(13) Old regions: 13->13
[2019-08-29T14:35:31.823+0930][gc,heap       ] GC(13) Humongous regions: 129->129
[2019-08-29T14:35:31.823+0930][gc,metaspace  ] GC(13) Metaspace: 33179K->33179K(1079296K)
[2019-08-29T14:35:31.823+0930][gc            ] GC(13) Pause Young (Normal) (G1 Evacuation Pause) 278M->142M(1024M) 4.030ms
[2019-08-29T14:35:31.823+0930][gc,cpu        ] GC(13) User=0.00s Sys=0.00s Real=0.00s
[2019-08-29T14:35:35.589+0930][gc,start      ] GC(14) Pause Young (Normal) (G1 Evacuation Pause)
[2019-08-29T14:35:35.589+0930][gc,task       ] GC(14) Using 8 workers of 8 for evacuation
[2019-08-29T14:35:35.593+0930][gc,phases     ] GC(14)   Pre Evacuate Collection Set: 0.1ms
[2019-08-29T14:35:35.593+0930][gc,phases     ] GC(14)   Evacuate Collection Set: 3.2ms
[2019-08-29T14:35:35.593+0930][gc,phases     ] GC(14)   Post Evacuate Collection Set: 0.4ms
[2019-08-29T14:35:35.593+0930][gc,phases     ] GC(14)   Other: 0.2ms
[2019-08-29T14:35:35.593+0930][gc,heap       ] GC(14) Eden regions: 165->0(185)
[2019-08-29T14:35:35.593+0930][gc,heap       ] GC(14) Survivor regions: 3->3(21)
[2019-08-29T14:35:35.593+0930][gc,heap       ] GC(14) Old regions: 13->13
[2019-08-29T14:35:35.593+0930][gc,heap       ] GC(14) Humongous regions: 129->129
[2019-08-29T14:35:35.593+0930][gc,metaspace  ] GC(14) Metaspace: 33182K->33182K(1079296K)
[2019-08-29T14:35:35.593+0930][gc            ] GC(14) Pause Young (Normal) (G1 Evacuation Pause) 307M->143M(1024M) 3.994ms
[2019-08-29T14:35:35.593+0930][gc,cpu        ] GC(14) User=0.09s Sys=0.03s Real=0.00s
[2019-08-29T14:35:42.226+0930][gc,start      ] GC(15) Pause Young (Normal) (G1 Evacuation Pause)
[2019-08-29T14:35:42.226+0930][gc,task       ] GC(15) Using 8 workers of 8 for evacuation
[2019-08-29T14:35:42.231+0930][gc,phases     ] GC(15)   Pre Evacuate Collection Set: 0.0ms
[2019-08-29T14:35:42.231+0930][gc,phases     ] GC(15)   Evacuate Collection Set: 3.5ms
[2019-08-29T14:35:42.231+0930][gc,phases     ] GC(15)   Post Evacuate Collection Set: 0.4ms
[2019-08-29T14:35:42.231+0930][gc,phases     ] GC(15)   Other: 0.2ms
[2019-08-29T14:35:42.231+0930][gc,heap       ] GC(15) Eden regions: 185->0(205)
[2019-08-29T14:35:42.231+0930][gc,heap       ] GC(15) Survivor regions: 3->3(24)
[2019-08-29T14:35:42.231+0930][gc,heap       ] GC(15) Old regions: 13->13
[2019-08-29T14:35:42.231+0930][gc,heap       ] GC(15) Humongous regions: 129->129
[2019-08-29T14:35:42.231+0930][gc,metaspace  ] GC(15) Metaspace: 33195K->33195K(1079296K)
[2019-08-29T14:35:42.231+0930][gc            ] GC(15) Pause Young (Normal) (G1 Evacuation Pause) 328M->143M(1024M) 4.293ms
[2019-08-29T14:35:42.231+0930][gc,cpu        ] GC(15) User=0.02s Sys=0.00s Real=0.00s
[2019-08-29T14:35:47.240+0930][gc,start      ] GC(16) Pause Young (Normal) (G1 Evacuation Pause)
[2019-08-29T14:35:47.240+0930][gc,task       ] GC(16) Using 8 workers of 8 for evacuation
[2019-08-29T14:35:47.245+0930][gc,phases     ] GC(16)   Pre Evacuate Collection Set: 0.1ms
[2019-08-29T14:35:47.245+0930][gc,phases     ] GC(16)   Evacuate Collection Set: 3.8ms
[2019-08-29T14:35:47.245+0930][gc,phases     ] GC(16)   Post Evacuate Collection Set: 0.4ms
[2019-08-29T14:35:47.245+0930][gc,phases     ] GC(16)   Other: 0.2ms
[2019-08-29T14:35:47.245+0930][gc,heap       ] GC(16) Eden regions: 205->0(224)
[2019-08-29T14:35:47.245+0930][gc,heap       ] GC(16) Survivor regions: 3->3(26)
[2019-08-29T14:35:47.245+0930][gc,heap       ] GC(16) Old regions: 13->13
[2019-08-29T14:35:47.245+0930][gc,heap       ] GC(16) Humongous regions: 129->129
[2019-08-29T14:35:47.245+0930][gc,metaspace  ] GC(16) Metaspace: 33197K->33197K(1079296K)
[2019-08-29T14:35:47.245+0930][gc            ] GC(16) Pause Young (Normal) (G1 Evacuation Pause) 348M->143M(1024M) 4.632ms
[2019-08-29T14:35:47.245+0930][gc,cpu        ] GC(16) User=0.00s Sys=0.00s Real=0.00s
[2019-08-29T14:35:53.433+0930][gc,start      ] GC(17) Pause Young (Normal) (G1 Evacuation Pause)
[2019-08-29T14:35:53.433+0930][gc,task       ] GC(17) Using 8 workers of 8 for evacuation
[2019-08-29T14:35:53.437+0930][gc,phases     ] GC(17)   Pre Evacuate Collection Set: 0.0ms
[2019-08-29T14:35:53.437+0930][gc,phases     ] GC(17)   Evacuate Collection Set: 3.7ms
[2019-08-29T14:35:53.437+0930][gc,phases     ] GC(17)   Post Evacuate Collection Set: 0.4ms
[2019-08-29T14:35:53.437+0930][gc,phases     ] GC(17)   Other: 0.2ms
[2019-08-29T14:35:53.437+0930][gc,heap       ] GC(17) Eden regions: 224->0(243)
[2019-08-29T14:35:53.437+0930][gc,heap       ] GC(17) Survivor regions: 3->3(29)
[2019-08-29T14:35:53.437+0930][gc,heap       ] GC(17) Old regions: 13->13
[2019-08-29T14:35:53.437+0930][gc,heap       ] GC(17) Humongous regions: 129->129
[2019-08-29T14:35:53.437+0930][gc,metaspace  ] GC(17) Metaspace: 33201K->33201K(1079296K)
[2019-08-29T14:35:53.437+0930][gc            ] GC(17) Pause Young (Normal) (G1 Evacuation Pause) 367M->143M(1024M) 4.503ms
[2019-08-29T14:35:53.437+0930][gc,cpu        ] GC(17) User=0.03s Sys=0.03s Real=0.01s
[2019-08-29T14:35:58.950+0930][gc,start      ] GC(18) Pause Young (Normal) (G1 Evacuation Pause)
[2019-08-29T14:35:58.950+0930][gc,task       ] GC(18) Using 8 workers of 8 for evacuation
[2019-08-29T14:35:58.954+0930][gc,phases     ] GC(18)   Pre Evacuate Collection Set: 0.0ms
[2019-08-29T14:35:58.954+0930][gc,phases     ] GC(18)   Evacuate Collection Set: 3.3ms
[2019-08-29T14:35:58.954+0930][gc,phases     ] GC(18)   Post Evacuate Collection Set: 0.4ms
[2019-08-29T14:35:58.954+0930][gc,phases     ] GC(18)   Other: 0.2ms
[2019-08-29T14:35:58.954+0930][gc,heap       ] GC(18) Eden regions: 243->0(264)
[2019-08-29T14:35:58.954+0930][gc,heap       ] GC(18) Survivor regions: 3->3(31)
[2019-08-29T14:35:58.954+0930][gc,heap       ] GC(18) Old regions: 13->13
[2019-08-29T14:35:58.954+0930][gc,heap       ] GC(18) Humongous regions: 129->129
[2019-08-29T14:35:58.954+0930][gc,metaspace  ] GC(18) Metaspace: 33229K->33229K(1079296K)
[2019-08-29T14:35:58.954+0930][gc            ] GC(18) Pause Young (Normal) (G1 Evacuation Pause) 386M->143M(1024M) 4.037ms
[2019-08-29T14:35:58.954+0930][gc,cpu        ] GC(18) User=0.00s Sys=0.00s Real=0.00s
[2019-08-29T14:36:05.509+0930][gc,start      ] GC(19) Pause Young (Normal) (G1 Evacuation Pause)
[2019-08-29T14:36:05.509+0930][gc,task       ] GC(19) Using 8 workers of 8 for evacuation
[2019-08-29T14:36:05.515+0930][gc,phases     ] GC(19)   Pre Evacuate Collection Set: 0.0ms
[2019-08-29T14:36:05.516+0930][gc,phases     ] GC(19)   Evacuate Collection Set: 5.8ms
[2019-08-29T14:36:05.516+0930][gc,phases     ] GC(19)   Post Evacuate Collection Set: 0.4ms
[2019-08-29T14:36:05.516+0930][gc,phases     ] GC(19)   Other: 0.2ms
[2019-08-29T14:36:05.516+0930][gc,heap       ] GC(19) Eden regions: 264->0(280)
[2019-08-29T14:36:05.516+0930][gc,heap       ] GC(19) Survivor regions: 3->2(34)
[2019-08-29T14:36:05.516+0930][gc,heap       ] GC(19) Old regions: 13->14
[2019-08-29T14:36:05.516+0930][gc,heap       ] GC(19) Humongous regions: 129->129
[2019-08-29T14:36:05.516+0930][gc,metaspace  ] GC(19) Metaspace: 33280K->33280K(1079296K)
[2019-08-29T14:36:05.516+0930][gc            ] GC(19) Pause Young (Normal) (G1 Evacuation Pause) 407M->143M(1024M) 6.582ms
[2019-08-29T14:36:05.516+0930][gc,cpu        ] GC(19) User=0.03s Sys=0.08s Real=0.01s
[2019-08-29T14:36:13.255+0930][gc,start      ] GC(20) Pause Young (Normal) (G1 Evacuation Pause)
[2019-08-29T14:36:13.255+0930][gc,task       ] GC(20) Using 8 workers of 8 for evacuation
[2019-08-29T14:36:13.258+0930][gc,phases     ] GC(20)   Pre Evacuate Collection Set: 0.0ms
[2019-08-29T14:36:13.258+0930][gc,phases     ] GC(20)   Evacuate Collection Set: 2.8ms
[2019-08-29T14:36:13.258+0930][gc,phases     ] GC(20)   Post Evacuate Collection Set: 0.4ms
[2019-08-29T14:36:13.258+0930][gc,phases     ] GC(20)   Other: 0.3ms
[2019-08-29T14:36:13.258+0930][gc,heap       ] GC(20) Eden regions: 280->0(296)
[2019-08-29T14:36:13.258+0930][gc,heap       ] GC(20) Survivor regions: 2->2(36)
[2019-08-29T14:36:13.258+0930][gc,heap       ] GC(20) Old regions: 14->15
[2019-08-29T14:36:13.258+0930][gc,heap       ] GC(20) Humongous regions: 129->129
[2019-08-29T14:36:13.258+0930][gc,metaspace  ] GC(20) Metaspace: 33285K->33285K(1079296K)
[2019-08-29T14:36:13.258+0930][gc            ] GC(20) Pause Young (Normal) (G1 Evacuation Pause) 423M->143M(1024M) 3.668ms
[2019-08-29T14:36:13.258+0930][gc,cpu        ] GC(20) User=0.00s Sys=0.00s Real=0.01s
[2019-08-29T14:36:22.049+0930][gc,start      ] GC(21) Pause Young (Normal) (G1 Evacuation Pause)
[2019-08-29T14:36:22.049+0930][gc,task       ] GC(21) Using 8 workers of 8 for evacuation
[2019-08-29T14:36:22.054+0930][gc,phases     ] GC(21)   Pre Evacuate Collection Set: 0.1ms
[2019-08-29T14:36:22.054+0930][gc,phases     ] GC(21)   Evacuate Collection Set: 3.8ms
[2019-08-29T14:36:22.054+0930][gc,phases     ] GC(21)   Post Evacuate Collection Set: 0.7ms
[2019-08-29T14:36:22.054+0930][gc,phases     ] GC(21)   Other: 0.5ms
[2019-08-29T14:36:22.054+0930][gc,heap       ] GC(21) Eden regions: 296->0(308)
[2019-08-29T14:36:22.054+0930][gc,heap       ] GC(21) Survivor regions: 2->2(38)
[2019-08-29T14:36:22.054+0930][gc,heap       ] GC(21) Old regions: 15->15
[2019-08-29T14:36:22.054+0930][gc,heap       ] GC(21) Humongous regions: 129->129
[2019-08-29T14:36:22.054+0930][gc,metaspace  ] GC(21) Metaspace: 33305K->33305K(1079296K)
[2019-08-29T14:36:22.054+0930][gc            ] GC(21) Pause Young (Normal) (G1 Evacuation Pause) 439M->143M(1024M) 5.431ms
[2019-08-29T14:36:22.054+0930][gc,cpu        ] GC(21) User=0.00s Sys=0.00s Real=0.00s
[2019-08-29T14:36:33.140+0930][gc,start      ] GC(22) Pause Young (Normal) (G1 Evacuation Pause)
[2019-08-29T14:36:33.140+0930][gc,task       ] GC(22) Using 8 workers of 8 for evacuation
[2019-08-29T14:36:33.146+0930][gc,phases     ] GC(22)   Pre Evacuate Collection Set: 0.0ms
[2019-08-29T14:36:33.146+0930][gc,phases     ] GC(22)   Evacuate Collection Set: 4.9ms
[2019-08-29T14:36:33.146+0930][gc,phases     ] GC(22)   Post Evacuate Collection Set: 0.6ms
[2019-08-29T14:36:33.146+0930][gc,phases     ] GC(22)   Other: 0.3ms
[2019-08-29T14:36:33.146+0930][gc,heap       ] GC(22) Eden regions: 308->0(316)
[2019-08-29T14:36:33.146+0930][gc,heap       ] GC(22) Survivor regions: 2->2(39)
[2019-08-29T14:36:33.146+0930][gc,heap       ] GC(22) Old regions: 15->15
[2019-08-29T14:36:33.146+0930][gc,heap       ] GC(22) Humongous regions: 129->129
[2019-08-29T14:36:33.146+0930][gc,metaspace  ] GC(22) Metaspace: 33322K->33322K(1079296K)
[2019-08-29T14:36:33.146+0930][gc            ] GC(22) Pause Young (Normal) (G1 Evacuation Pause) 451M->143M(1024M) 5.977ms
[2019-08-29T14:36:33.146+0930][gc,cpu        ] GC(22) User=0.00s Sys=0.00s Real=0.01s
[2019-08-29T14:36:42.280+0930][gc,start      ] GC(23) Pause Young (Normal) (G1 Evacuation Pause)
[2019-08-29T14:36:42.280+0930][gc,task       ] GC(23) Using 8 workers of 8 for evacuation
[2019-08-29T14:36:42.284+0930][gc,phases     ] GC(23)   Pre Evacuate Collection Set: 0.1ms
[2019-08-29T14:36:42.284+0930][gc,phases     ] GC(23)   Evacuate Collection Set: 3.3ms
[2019-08-29T14:36:42.284+0930][gc,phases     ] GC(23)   Post Evacuate Collection Set: 0.4ms
[2019-08-29T14:36:42.284+0930][gc,phases     ] GC(23)   Other: 0.2ms
[2019-08-29T14:36:42.284+0930][gc,heap       ] GC(23) Eden regions: 316->0(325)
[2019-08-29T14:36:42.284+0930][gc,heap       ] GC(23) Survivor regions: 2->3(40)
[2019-08-29T14:36:42.284+0930][gc,heap       ] GC(23) Old regions: 15->15
[2019-08-29T14:36:42.284+0930][gc,heap       ] GC(23) Humongous regions: 129->129
[2019-08-29T14:36:42.284+0930][gc,metaspace  ] GC(23) Metaspace: 33362K->33362K(1079296K)
[2019-08-29T14:36:42.284+0930][gc            ] GC(23) Pause Young (Normal) (G1 Evacuation Pause) 459M->144M(1024M) 4.186ms
[2019-08-29T14:36:42.284+0930][gc,cpu        ] GC(23) User=0.00s Sys=0.00s Real=0.00s
[2019-08-29T14:36:51.590+0930][gc,start      ] GC(24) Pause Young (Normal) (G1 Evacuation Pause)
[2019-08-29T14:36:51.591+0930][gc,task       ] GC(24) Using 8 workers of 8 for evacuation
[2019-08-29T14:36:51.597+0930][gc,phases     ] GC(24)   Pre Evacuate Collection Set: 0.3ms
[2019-08-29T14:36:51.597+0930][gc,phases     ] GC(24)   Evacuate Collection Set: 5.4ms
[2019-08-29T14:36:51.597+0930][gc,phases     ] GC(24)   Post Evacuate Collection Set: 0.5ms
[2019-08-29T14:36:51.597+0930][gc,phases     ] GC(24)   Other: 1.1ms
[2019-08-29T14:36:51.597+0930][gc,heap       ] GC(24) Eden regions: 325->0(352)
[2019-08-29T14:36:51.597+0930][gc,heap       ] GC(24) Survivor regions: 3->3(41)
[2019-08-29T14:36:51.597+0930][gc,heap       ] GC(24) Old regions: 15->15
[2019-08-29T14:36:51.597+0930][gc,heap       ] GC(24) Humongous regions: 129->129
[2019-08-29T14:36:51.597+0930][gc,metaspace  ] GC(24) Metaspace: 33399K->33399K(1079296K)
[2019-08-29T14:36:51.597+0930][gc            ] GC(24) Pause Young (Normal) (G1 Evacuation Pause) 469M->144M(1024M) 7.275ms
[2019-08-29T14:36:51.598+0930][gc,cpu        ] GC(24) User=0.00s Sys=0.00s Real=0.01s
[2019-08-29T14:37:01.767+0930][gc,start      ] GC(25) Pause Young (Normal) (G1 Evacuation Pause)
[2019-08-29T14:37:01.767+0930][gc,task       ] GC(25) Using 8 workers of 8 for evacuation
[2019-08-29T14:37:01.774+0930][gc,phases     ] GC(25)   Pre Evacuate Collection Set: 0.0ms
[2019-08-29T14:37:01.774+0930][gc,phases     ] GC(25)   Evacuate Collection Set: 5.2ms
[2019-08-29T14:37:01.775+0930][gc,phases     ] GC(25)   Post Evacuate Collection Set: 1.6ms
[2019-08-29T14:37:01.775+0930][gc,phases     ] GC(25)   Other: 0.3ms
[2019-08-29T14:37:01.775+0930][gc,heap       ] GC(25) Eden regions: 352->0(361)
[2019-08-29T14:37:01.775+0930][gc,heap       ] GC(25) Survivor regions: 3->3(45)
[2019-08-29T14:37:01.775+0930][gc,heap       ] GC(25) Old regions: 15->15
[2019-08-29T14:37:01.775+0930][gc,heap       ] GC(25) Humongous regions: 129->129
[2019-08-29T14:37:01.775+0930][gc,metaspace  ] GC(25) Metaspace: 33441K->33441K(1079296K)
[2019-08-29T14:37:01.775+0930][gc            ] GC(25) Pause Young (Normal) (G1 Evacuation Pause) 496M->144M(1024M) 7.477ms
[2019-08-29T14:37:01.775+0930][gc,cpu        ] GC(25) User=0.00s Sys=0.00s Real=0.00s
[2019-08-29T14:37:12.712+0930][gc,start      ] GC(26) Pause Young (Normal) (G1 Evacuation Pause)
[2019-08-29T14:37:12.712+0930][gc,task       ] GC(26) Using 8 workers of 8 for evacuation
[2019-08-29T14:37:12.717+0930][gc,phases     ] GC(26)   Pre Evacuate Collection Set: 0.0ms
[2019-08-29T14:37:12.717+0930][gc,phases     ] GC(26)   Evacuate Collection Set: 4.9ms
[2019-08-29T14:37:12.717+0930][gc,phases     ] GC(26)   Post Evacuate Collection Set: 0.5ms
[2019-08-29T14:37:12.717+0930][gc,phases     ] GC(26)   Other: 0.2ms
[2019-08-29T14:37:12.717+0930][gc,heap       ] GC(26) Eden regions: 361->0(370)
[2019-08-29T14:37:12.717+0930][gc,heap       ] GC(26) Survivor regions: 3->4(46)
[2019-08-29T14:37:12.717+0930][gc,heap       ] GC(26) Old regions: 15->15
[2019-08-29T14:37:12.717+0930][gc,heap       ] GC(26) Humongous regions: 129->129
[2019-08-29T14:37:12.717+0930][gc,metaspace  ] GC(26) Metaspace: 33499K->33499K(1079296K)
[2019-08-29T14:37:12.717+0930][gc            ] GC(26) Pause Young (Normal) (G1 Evacuation Pause) 505M->145M(1024M) 5.751ms
[2019-08-29T14:37:12.717+0930][gc,cpu        ] GC(26) User=0.06s Sys=0.06s Real=0.01s
[2019-08-29T14:37:23.993+0930][gc,start      ] GC(27) Pause Young (Normal) (G1 Evacuation Pause)
[2019-08-29T14:37:23.993+0930][gc,task       ] GC(27) Using 8 workers of 8 for evacuation
[2019-08-29T14:37:23.999+0930][gc,phases     ] GC(27)   Pre Evacuate Collection Set: 0.0ms
[2019-08-29T14:37:23.999+0930][gc,phases     ] GC(27)   Evacuate Collection Set: 5.7ms
[2019-08-29T14:37:23.999+0930][gc,phases     ] GC(27)   Post Evacuate Collection Set: 0.5ms
[2019-08-29T14:37:23.999+0930][gc,phases     ] GC(27)   Other: 0.2ms
[2019-08-29T14:37:23.999+0930][gc,heap       ] GC(27) Eden regions: 370->0(405)
[2019-08-29T14:37:23.999+0930][gc,heap       ] GC(27) Survivor regions: 4->4(47)
[2019-08-29T14:37:23.999+0930][gc,heap       ] GC(27) Old regions: 15->15
[2019-08-29T14:37:23.999+0930][gc,heap       ] GC(27) Humongous regions: 129->129
[2019-08-29T14:37:23.999+0930][gc,metaspace  ] GC(27) Metaspace: 33527K->33527K(1079296K)
[2019-08-29T14:37:23.999+0930][gc            ] GC(27) Pause Young (Normal) (G1 Evacuation Pause) 515M->145M(1024M) 6.649ms
[2019-08-29T14:37:23.999+0930][gc,cpu        ] GC(27) User=0.08s Sys=0.05s Real=0.01s
[2019-08-29T14:37:35.138+0930][gc,start      ] GC(28) Pause Young (Normal) (G1 Evacuation Pause)
[2019-08-29T14:37:35.138+0930][gc,task       ] GC(28) Using 8 workers of 8 for evacuation
[2019-08-29T14:37:35.145+0930][gc,phases     ] GC(28)   Pre Evacuate Collection Set: 0.0ms
[2019-08-29T14:37:35.145+0930][gc,phases     ] GC(28)   Evacuate Collection Set: 6.2ms
[2019-08-29T14:37:35.145+0930][gc,phases     ] GC(28)   Post Evacuate Collection Set: 0.5ms
[2019-08-29T14:37:35.145+0930][gc,phases     ] GC(28)   Other: 0.2ms
[2019-08-29T14:37:35.145+0930][gc,heap       ] GC(28) Eden regions: 404->0(414)
[2019-08-29T14:37:35.145+0930][gc,heap       ] GC(28) Survivor regions: 4->4(51)
[2019-08-29T14:37:35.145+0930][gc,heap       ] GC(28) Old regions: 15->15
[2019-08-29T14:37:35.145+0930][gc,heap       ] GC(28) Humongous regions: 129->129
[2019-08-29T14:37:35.145+0930][gc,metaspace  ] GC(28) Metaspace: 33717K->33717K(1079296K)
[2019-08-29T14:37:35.145+0930][gc            ] GC(28) Pause Young (Normal) (G1 Evacuation Pause) 549M->146M(1024M) 7.052ms
[2019-08-29T14:37:35.145+0930][gc,cpu        ] GC(28) User=0.00s Sys=0.00s Real=0.00s
[2019-08-29T14:37:45.093+0930][gc,start      ] GC(29) Pause Young (Normal) (G1 Evacuation Pause)
[2019-08-29T14:37:45.093+0930][gc,task       ] GC(29) Using 8 workers of 8 for evacuation
[2019-08-29T14:37:45.100+0930][gc,phases     ] GC(29)   Pre Evacuate Collection Set: 0.0ms
[2019-08-29T14:37:45.100+0930][gc,phases     ] GC(29)   Evacuate Collection Set: 5.5ms
[2019-08-29T14:37:45.100+0930][gc,phases     ] GC(29)   Post Evacuate Collection Set: 0.8ms
[2019-08-29T14:37:45.100+0930][gc,phases     ] GC(29)   Other: 0.3ms
[2019-08-29T14:37:45.100+0930][gc,heap       ] GC(29) Eden regions: 414->0(423)
[2019-08-29T14:37:45.100+0930][gc,heap       ] GC(29) Survivor regions: 4->5(53)
[2019-08-29T14:37:45.100+0930][gc,heap       ] GC(29) Old regions: 15->15
[2019-08-29T14:37:45.100+0930][gc,heap       ] GC(29) Humongous regions: 129->129
[2019-08-29T14:37:45.100+0930][gc,metaspace  ] GC(29) Metaspace: 33720K->33720K(1079296K)
[2019-08-29T14:37:45.100+0930][gc            ] GC(29) Pause Young (Normal) (G1 Evacuation Pause) 560M->146M(1024M) 6.827ms
[2019-08-29T14:37:45.100+0930][gc,cpu        ] GC(29) User=0.00s Sys=0.00s Real=0.01s
[2019-08-29T14:37:55.546+0930][gc,start      ] GC(30) Pause Young (Normal) (G1 Evacuation Pause)
[2019-08-29T14:37:55.546+0930][gc,task       ] GC(30) Using 8 workers of 8 for evacuation
[2019-08-29T14:37:55.553+0930][gc,phases     ] GC(30)   Pre Evacuate Collection Set: 0.0ms
[2019-08-29T14:37:55.553+0930][gc,phases     ] GC(30)   Evacuate Collection Set: 6.6ms
[2019-08-29T14:37:55.553+0930][gc,phases     ] GC(30)   Post Evacuate Collection Set: 0.6ms
[2019-08-29T14:37:55.553+0930][gc,phases     ] GC(30)   Other: 0.3ms
[2019-08-29T14:37:55.553+0930][gc,heap       ] GC(30) Eden regions: 423->0(609)
[2019-08-29T14:37:55.553+0930][gc,heap       ] GC(30) Survivor regions: 5->5(54)
[2019-08-29T14:37:55.553+0930][gc,heap       ] GC(30) Old regions: 15->15
[2019-08-29T14:37:55.553+0930][gc,heap       ] GC(30) Humongous regions: 129->129
[2019-08-29T14:37:55.553+0930][gc,metaspace  ] GC(30) Metaspace: 33721K->33721K(1079296K)
[2019-08-29T14:37:55.553+0930][gc            ] GC(30) Pause Young (Normal) (G1 Evacuation Pause) 569M->146M(1024M) 7.641ms
[2019-08-29T14:37:55.553+0930][gc,cpu        ] GC(30) User=0.00s Sys=0.00s Real=0.00s
[2019-08-29T14:38:12.333+0930][gc,start      ] GC(31) Pause Young (Normal) (G1 Evacuation Pause)
[2019-08-29T14:38:12.333+0930][gc,task       ] GC(31) Using 8 workers of 8 for evacuation
[2019-08-29T14:38:12.340+0930][gc,phases     ] GC(31)   Pre Evacuate Collection Set: 0.0ms
[2019-08-29T14:38:12.340+0930][gc,phases     ] GC(31)   Evacuate Collection Set: 6.8ms
[2019-08-29T14:38:12.340+0930][gc,phases     ] GC(31)   Post Evacuate Collection Set: 0.6ms
[2019-08-29T14:38:12.340+0930][gc,phases     ] GC(31)   Other: 0.3ms
[2019-08-29T14:38:12.340+0930][gc,heap       ] GC(31) Eden regions: 609->0(609)
[2019-08-29T14:38:12.341+0930][gc,heap       ] GC(31) Survivor regions: 5->5(77)
[2019-08-29T14:38:12.341+0930][gc,heap       ] GC(31) Old regions: 15->15
[2019-08-29T14:38:12.341+0930][gc,heap       ] GC(31) Humongous regions: 129->129
[2019-08-29T14:38:12.341+0930][gc,metaspace  ] GC(31) Metaspace: 33737K->33737K(1079296K)
[2019-08-29T14:38:12.341+0930][gc            ] GC(31) Pause Young (Normal) (G1 Evacuation Pause) 755M->147M(1024M) 7.799ms
[2019-08-29T14:38:12.341+0930][gc,cpu        ] GC(31) User=0.07s Sys=0.06s Real=0.01s
[2019-08-29T14:38:26.719+0930][gc,start      ] GC(32) Pause Young (Normal) (G1 Evacuation Pause)
[2019-08-29T14:38:26.719+0930][gc,task       ] GC(32) Using 8 workers of 8 for evacuation
[2019-08-29T14:38:26.725+0930][gc,phases     ] GC(32)   Pre Evacuate Collection Set: 0.0ms
[2019-08-29T14:38:26.725+0930][gc,phases     ] GC(32)   Evacuate Collection Set: 5.2ms
[2019-08-29T14:38:26.725+0930][gc,phases     ] GC(32)   Post Evacuate Collection Set: 0.6ms
[2019-08-29T14:38:26.725+0930][gc,phases     ] GC(32)   Other: 0.3ms
[2019-08-29T14:38:26.725+0930][gc,heap       ] GC(32) Eden regions: 609->0(608)
[2019-08-29T14:38:26.725+0930][gc,heap       ] GC(32) Survivor regions: 5->6(77)
[2019-08-29T14:38:26.725+0930][gc,heap       ] GC(32) Old regions: 15->15
[2019-08-29T14:38:26.725+0930][gc,heap       ] GC(32) Humongous regions: 129->129
[2019-08-29T14:38:26.725+0930][gc,metaspace  ] GC(32) Metaspace: 33749K->33749K(1079296K)
[2019-08-29T14:38:26.725+0930][gc            ] GC(32) Pause Young (Normal) (G1 Evacuation Pause) 756M->147M(1024M) 6.209ms
[2019-08-29T14:38:26.725+0930][gc,cpu        ] GC(32) User=0.00s Sys=0.00s Real=0.01s
[2019-08-29T14:38:40.461+0930][gc,start      ] GC(33) Pause Young (Normal) (G1 Evacuation Pause)
[2019-08-29T14:38:40.461+0930][gc,task       ] GC(33) Using 8 workers of 8 for evacuation
[2019-08-29T14:38:40.466+0930][gc,phases     ] GC(33)   Pre Evacuate Collection Set: 0.0ms
[2019-08-29T14:38:40.466+0930][gc,phases     ] GC(33)   Evacuate Collection Set: 3.9ms
[2019-08-29T14:38:40.466+0930][gc,phases     ] GC(33)   Post Evacuate Collection Set: 0.6ms
[2019-08-29T14:38:40.466+0930][gc,phases     ] GC(33)   Other: 0.3ms
[2019-08-29T14:38:40.466+0930][gc,heap       ] GC(33) Eden regions: 608->0(608)
[2019-08-29T14:38:40.466+0930][gc,heap       ] GC(33) Survivor regions: 6->6(77)
[2019-08-29T14:38:40.466+0930][gc,heap       ] GC(33) Old regions: 15->16
[2019-08-29T14:38:40.466+0930][gc,heap       ] GC(33) Humongous regions: 129->129
[2019-08-29T14:38:40.466+0930][gc,metaspace  ] GC(33) Metaspace: 33750K->33750K(1079296K)
[2019-08-29T14:38:40.466+0930][gc            ] GC(33) Pause Young (Normal) (G1 Evacuation Pause) 755M->148M(1024M) 4.893ms
[2019-08-29T14:38:40.466+0930][gc,cpu        ] GC(33) User=0.06s Sys=0.06s Real=0.01s
[2019-08-29T14:38:54.884+0930][gc,start      ] GC(34) Pause Young (Normal) (G1 Evacuation Pause)
[2019-08-29T14:38:54.884+0930][gc,task       ] GC(34) Using 8 workers of 8 for evacuation
[2019-08-29T14:38:54.890+0930][gc,phases     ] GC(34)   Pre Evacuate Collection Set: 0.0ms
[2019-08-29T14:38:54.890+0930][gc,phases     ] GC(34)   Evacuate Collection Set: 5.6ms
[2019-08-29T14:38:54.890+0930][gc,phases     ] GC(34)   Post Evacuate Collection Set: 0.6ms
[2019-08-29T14:38:54.890+0930][gc,phases     ] GC(34)   Other: 0.3ms
[2019-08-29T14:38:54.890+0930][gc,heap       ] GC(34) Eden regions: 608->0(608)
[2019-08-29T14:38:54.890+0930][gc,heap       ] GC(34) Survivor regions: 6->6(77)
[2019-08-29T14:38:54.890+0930][gc,heap       ] GC(34) Old regions: 16->16
[2019-08-29T14:38:54.890+0930][gc,heap       ] GC(34) Humongous regions: 129->129
[2019-08-29T14:38:54.890+0930][gc,metaspace  ] GC(34) Metaspace: 33751K->33751K(1079296K)
[2019-08-29T14:38:54.890+0930][gc            ] GC(34) Pause Young (Normal) (G1 Evacuation Pause) 756M->148M(1024M) 6.627ms
[2019-08-29T14:38:54.890+0930][gc,cpu        ] GC(34) User=0.09s Sys=0.02s Real=0.01s
[2019-08-29T14:39:09.887+0930][gc,start      ] GC(35) Pause Young (Normal) (G1 Evacuation Pause)
[2019-08-29T14:39:09.887+0930][gc,task       ] GC(35) Using 8 workers of 8 for evacuation
[2019-08-29T14:39:09.897+0930][gc,phases     ] GC(35)   Pre Evacuate Collection Set: 0.0ms
[2019-08-29T14:39:09.897+0930][gc,phases     ] GC(35)   Evacuate Collection Set: 8.4ms
[2019-08-29T14:39:09.897+0930][gc,phases     ] GC(35)   Post Evacuate Collection Set: 0.6ms
[2019-08-29T14:39:09.897+0930][gc,phases     ] GC(35)   Other: 0.3ms
[2019-08-29T14:39:09.897+0930][gc,heap       ] GC(35) Eden regions: 608->0(608)
[2019-08-29T14:39:09.897+0930][gc,heap       ] GC(35) Survivor regions: 6->6(77)
[2019-08-29T14:39:09.897+0930][gc,heap       ] GC(35) Old regions: 16->16
[2019-08-29T14:39:09.897+0930][gc,heap       ] GC(35) Humongous regions: 129->129
[2019-08-29T14:39:09.897+0930][gc,metaspace  ] GC(35) Metaspace: 33760K->33760K(1079296K)
[2019-08-29T14:39:09.897+0930][gc            ] GC(35) Pause Young (Normal) (G1 Evacuation Pause) 756M->149M(1024M) 9.399ms
[2019-08-29T14:39:09.897+0930][gc,cpu        ] GC(35) User=0.00s Sys=0.00s Real=0.01s
[2019-08-29T14:39:24.505+0930][gc,start      ] GC(36) Pause Young (Normal) (G1 Evacuation Pause)
[2019-08-29T14:39:24.505+0930][gc,task       ] GC(36) Using 8 workers of 8 for evacuation
[2019-08-29T14:39:24.511+0930][gc,phases     ] GC(36)   Pre Evacuate Collection Set: 0.1ms
[2019-08-29T14:39:24.511+0930][gc,phases     ] GC(36)   Evacuate Collection Set: 4.7ms
[2019-08-29T14:39:24.511+0930][gc,phases     ] GC(36)   Post Evacuate Collection Set: 0.6ms
[2019-08-29T14:39:24.511+0930][gc,phases     ] GC(36)   Other: 0.4ms
[2019-08-29T14:39:24.511+0930][gc,heap       ] GC(36) Eden regions: 608->0(607)
[2019-08-29T14:39:24.511+0930][gc,heap       ] GC(36) Survivor regions: 6->7(77)
[2019-08-29T14:39:24.511+0930][gc,heap       ] GC(36) Old regions: 16->16
[2019-08-29T14:39:24.511+0930][gc,heap       ] GC(36) Humongous regions: 129->129
[2019-08-29T14:39:24.511+0930][gc,metaspace  ] GC(36) Metaspace: 33764K->33764K(1079296K)
[2019-08-29T14:39:24.511+0930][gc            ] GC(36) Pause Young (Normal) (G1 Evacuation Pause) 757M->149M(1024M) 5.824ms
[2019-08-29T14:39:24.511+0930][gc,cpu        ] GC(36) User=0.00s Sys=0.00s Real=0.01s
[2019-08-29T14:39:31.930+0930][gc,start      ] GC(37) Pause Young (Concurrent Start) (Metadata GC Threshold)
[2019-08-29T14:39:31.930+0930][gc,task       ] GC(37) Using 8 workers of 8 for evacuation
[2019-08-29T14:39:31.935+0930][gc,phases     ] GC(37)   Pre Evacuate Collection Set: 0.2ms
[2019-08-29T14:39:31.935+0930][gc,phases     ] GC(37)   Evacuate Collection Set: 4.3ms
[2019-08-29T14:39:31.935+0930][gc,phases     ] GC(37)   Post Evacuate Collection Set: 0.5ms
[2019-08-29T14:39:31.935+0930][gc,phases     ] GC(37)   Other: 0.3ms
[2019-08-29T14:39:31.935+0930][gc,heap       ] GC(37) Eden regions: 321->0(607)
[2019-08-29T14:39:31.935+0930][gc,heap       ] GC(37) Survivor regions: 7->7(77)
[2019-08-29T14:39:31.936+0930][gc,heap       ] GC(37) Old regions: 16->17
[2019-08-29T14:39:31.936+0930][gc,heap       ] GC(37) Humongous regions: 129->129
[2019-08-29T14:39:31.936+0930][gc,metaspace  ] GC(37) Metaspace: 33765K->33765K(1079296K)
[2019-08-29T14:39:31.936+0930][gc            ] GC(37) Pause Young (Concurrent Start) (Metadata GC Threshold) 470M->149M(1024M) 5.394ms
[2019-08-29T14:39:31.936+0930][gc,cpu        ] GC(37) User=0.12s Sys=0.00s Real=0.01s
[2019-08-29T14:39:31.936+0930][gc            ] GC(38) Concurrent Cycle
[2019-08-29T14:39:31.936+0930][gc,marking    ] GC(38) Concurrent Clear Claimed Marks
[2019-08-29T14:39:31.936+0930][gc,marking    ] GC(38) Concurrent Clear Claimed Marks 0.257ms
[2019-08-29T14:39:31.936+0930][gc,marking    ] GC(38) Concurrent Scan Root Regions
[2019-08-29T14:39:31.939+0930][gc,marking    ] GC(38) Concurrent Scan Root Regions 3.148ms
[2019-08-29T14:39:31.939+0930][gc,marking    ] GC(38) Concurrent Mark (307.354s)
[2019-08-29T14:39:31.939+0930][gc,marking    ] GC(38) Concurrent Mark From Roots
[2019-08-29T14:39:31.939+0930][gc,task       ] GC(38) Using 2 workers of 2 for marking
[2019-08-29T14:39:31.953+0930][gc,marking    ] GC(38) Concurrent Mark From Roots 13.734ms
[2019-08-29T14:39:31.953+0930][gc,marking    ] GC(38) Concurrent Preclean
[2019-08-29T14:39:31.953+0930][gc,marking    ] GC(38) Concurrent Preclean 0.231ms
[2019-08-29T14:39:31.953+0930][gc,marking    ] GC(38) Concurrent Mark (307.354s, 307.368s) 14.056ms
[2019-08-29T14:39:31.953+0930][gc,start      ] GC(38) Pause Remark
[2019-08-29T14:39:31.958+0930][gc,stringtable] GC(38) Cleaned string and symbol table, strings: 11370 processed, 13 removed, symbols: 72867 processed, 18 removed
[2019-08-29T14:39:31.958+0930][gc            ] GC(38) Pause Remark 154M->154M(1024M) 4.814ms
[2019-08-29T14:39:31.958+0930][gc,cpu        ] GC(38) User=0.00s Sys=0.00s Real=0.01s
[2019-08-29T14:39:31.958+0930][gc,marking    ] GC(38) Concurrent Rebuild Remembered Sets
[2019-08-29T14:39:31.965+0930][gc,marking    ] GC(38) Concurrent Rebuild Remembered Sets 7.063ms
[2019-08-29T14:39:31.966+0930][gc,start      ] GC(38) Pause Cleanup
[2019-08-29T14:39:31.966+0930][gc            ] GC(38) Pause Cleanup 154M->154M(1024M) 0.143ms
[2019-08-29T14:39:31.966+0930][gc,cpu        ] GC(38) User=0.00s Sys=0.00s Real=0.00s
[2019-08-29T14:39:31.966+0930][gc,marking    ] GC(38) Concurrent Cleanup for Next Mark
[2019-08-29T14:39:31.979+0930][gc,marking    ] GC(38) Concurrent Cleanup for Next Mark 13.509ms
[2019-08-29T14:39:31.979+0930][gc            ] GC(38) Concurrent Cycle 43.701ms
[2019-08-29T14:39:43.951+0930][gc,start      ] GC(39) Pause Young (Normal) (G1 Evacuation Pause)
[2019-08-29T14:39:43.951+0930][gc,task       ] GC(39) Using 8 workers of 8 for evacuation
[2019-08-29T14:39:43.956+0930][gc,phases     ] GC(39)   Pre Evacuate Collection Set: 0.0ms
[2019-08-29T14:39:43.956+0930][gc,phases     ] GC(39)   Evacuate Collection Set: 4.8ms
[2019-08-29T14:39:43.957+0930][gc,phases     ] GC(39)   Post Evacuate Collection Set: 0.5ms
[2019-08-29T14:39:43.957+0930][gc,phases     ] GC(39)   Other: 0.3ms
[2019-08-29T14:39:43.957+0930][gc,heap       ] GC(39) Eden regions: 517->0(608)
[2019-08-29T14:39:43.957+0930][gc,heap       ] GC(39) Survivor regions: 7->6(66)
[2019-08-29T14:39:43.957+0930][gc,heap       ] GC(39) Old regions: 17->17
[2019-08-29T14:39:43.957+0930][gc,heap       ] GC(39) Humongous regions: 129->129
[2019-08-29T14:39:43.957+0930][gc,metaspace  ] GC(39) Metaspace: 33747K->33747K(1079296K)
[2019-08-29T14:39:43.957+0930][gc            ] GC(39) Pause Young (Normal) (G1 Evacuation Pause) 666M->150M(1024M) 5.757ms
[2019-08-29T14:39:43.957+0930][gc,cpu        ] GC(39) User=0.00s Sys=0.00s Real=0.01s
[2019-08-29T14:39:57.939+0930][gc,start      ] GC(40) Pause Young (Normal) (G1 Evacuation Pause)
[2019-08-29T14:39:57.939+0930][gc,task       ] GC(40) Using 8 workers of 8 for evacuation
[2019-08-29T14:39:57.945+0930][gc,phases     ] GC(40)   Pre Evacuate Collection Set: 0.0ms
[2019-08-29T14:39:57.945+0930][gc,phases     ] GC(40)   Evacuate Collection Set: 5.0ms
[2019-08-29T14:39:57.945+0930][gc,phases     ] GC(40)   Post Evacuate Collection Set: 0.6ms
[2019-08-29T14:39:57.945+0930][gc,phases     ] GC(40)   Other: 0.3ms
[2019-08-29T14:39:57.945+0930][gc,heap       ] GC(40) Eden regions: 608->0(607)
[2019-08-29T14:39:57.945+0930][gc,heap       ] GC(40) Survivor regions: 6->7(77)
[2019-08-29T14:39:57.945+0930][gc,heap       ] GC(40) Old regions: 17->17
[2019-08-29T14:39:57.945+0930][gc,heap       ] GC(40) Humongous regions: 129->129
[2019-08-29T14:39:57.945+0930][gc,metaspace  ] GC(40) Metaspace: 33748K->33748K(1079296K)
[2019-08-29T14:39:57.945+0930][gc            ] GC(40) Pause Young (Normal) (G1 Evacuation Pause) 758M->150M(1024M) 6.042ms
[2019-08-29T14:39:57.945+0930][gc,cpu        ] GC(40) User=0.00s Sys=0.00s Real=0.00s
[2019-08-29T14:40:12.367+0930][gc,start      ] GC(41) Pause Young (Normal) (G1 Evacuation Pause)
[2019-08-29T14:40:12.367+0930][gc,task       ] GC(41) Using 8 workers of 8 for evacuation
[2019-08-29T14:40:12.374+0930][gc,phases     ] GC(41)   Pre Evacuate Collection Set: 0.1ms
[2019-08-29T14:40:12.374+0930][gc,phases     ] GC(41)   Evacuate Collection Set: 6.1ms
[2019-08-29T14:40:12.374+0930][gc,phases     ] GC(41)   Post Evacuate Collection Set: 0.6ms
[2019-08-29T14:40:12.374+0930][gc,phases     ] GC(41)   Other: 0.3ms
[2019-08-29T14:40:12.374+0930][gc,heap       ] GC(41) Eden regions: 607->0(607)
[2019-08-29T14:40:12.374+0930][gc,heap       ] GC(41) Survivor regions: 7->7(77)
[2019-08-29T14:40:12.374+0930][gc,heap       ] GC(41) Old regions: 17->18
[2019-08-29T14:40:12.374+0930][gc,heap       ] GC(41) Humongous regions: 129->129
[2019-08-29T14:40:12.374+0930][gc,metaspace  ] GC(41) Metaspace: 33749K->33749K(1079296K)
[2019-08-29T14:40:12.374+0930][gc            ] GC(41) Pause Young (Normal) (G1 Evacuation Pause) 757M->151M(1024M) 7.215ms
[2019-08-29T14:40:12.374+0930][gc,cpu        ] GC(41) User=0.11s Sys=0.00s Real=0.00s
[2019-08-29T14:40:27.760+0930][gc,start      ] GC(42) Pause Young (Normal) (G1 Evacuation Pause)
[2019-08-29T14:40:27.760+0930][gc,task       ] GC(42) Using 8 workers of 8 for evacuation
[2019-08-29T14:40:27.766+0930][gc,phases     ] GC(42)   Pre Evacuate Collection Set: 0.0ms
[2019-08-29T14:40:27.766+0930][gc,phases     ] GC(42)   Evacuate Collection Set: 5.3ms
[2019-08-29T14:40:27.767+0930][gc,phases     ] GC(42)   Post Evacuate Collection Set: 0.6ms
[2019-08-29T14:40:27.767+0930][gc,phases     ] GC(42)   Other: 0.3ms
[2019-08-29T14:40:27.767+0930][gc,heap       ] GC(42) Eden regions: 607->0(607)
[2019-08-29T14:40:27.767+0930][gc,heap       ] GC(42) Survivor regions: 7->7(77)
[2019-08-29T14:40:27.767+0930][gc,heap       ] GC(42) Old regions: 18->18
[2019-08-29T14:40:27.767+0930][gc,heap       ] GC(42) Humongous regions: 129->129
[2019-08-29T14:40:27.767+0930][gc,metaspace  ] GC(42) Metaspace: 33749K->33749K(1079296K)
[2019-08-29T14:40:27.767+0930][gc            ] GC(42) Pause Young (Normal) (G1 Evacuation Pause) 758M->151M(1024M) 6.333ms
[2019-08-29T14:40:27.767+0930][gc,cpu        ] GC(42) User=0.11s Sys=0.00s Real=0.01s
[2019-08-29T14:40:42.015+0930][gc,start      ] GC(43) Pause Young (Normal) (G1 Evacuation Pause)
[2019-08-29T14:40:42.015+0930][gc,task       ] GC(43) Using 8 workers of 8 for evacuation
[2019-08-29T14:40:42.021+0930][gc,phases     ] GC(43)   Pre Evacuate Collection Set: 0.0ms
[2019-08-29T14:40:42.021+0930][gc,phases     ] GC(43)   Evacuate Collection Set: 5.0ms
[2019-08-29T14:40:42.021+0930][gc,phases     ] GC(43)   Post Evacuate Collection Set: 0.6ms
[2019-08-29T14:40:42.021+0930][gc,phases     ] GC(43)   Other: 0.3ms
[2019-08-29T14:40:42.021+0930][gc,heap       ] GC(43) Eden regions: 607->0(607)
[2019-08-29T14:40:42.021+0930][gc,heap       ] GC(43) Survivor regions: 7->7(77)
[2019-08-29T14:40:42.021+0930][gc,heap       ] GC(43) Old regions: 18->18
[2019-08-29T14:40:42.021+0930][gc,heap       ] GC(43) Humongous regions: 129->129
[2019-08-29T14:40:42.021+0930][gc,metaspace  ] GC(43) Metaspace: 33750K->33750K(1079296K)
[2019-08-29T14:40:42.021+0930][gc            ] GC(43) Pause Young (Normal) (G1 Evacuation Pause) 758M->152M(1024M) 6.004ms
[2019-08-29T14:40:42.021+0930][gc,cpu        ] GC(43) User=0.00s Sys=0.00s Real=0.01s
[2019-08-29T14:40:56.299+0930][gc,start      ] GC(44) Pause Young (Normal) (G1 Evacuation Pause)
[2019-08-29T14:40:56.299+0930][gc,task       ] GC(44) Using 8 workers of 8 for evacuation
[2019-08-29T14:40:56.307+0930][gc,phases     ] GC(44)   Pre Evacuate Collection Set: 0.0ms
[2019-08-29T14:40:56.307+0930][gc,phases     ] GC(44)   Evacuate Collection Set: 6.6ms
[2019-08-29T14:40:56.307+0930][gc,phases     ] GC(44)   Post Evacuate Collection Set: 0.6ms
[2019-08-29T14:40:56.307+0930][gc,phases     ] GC(44)   Other: 0.3ms
[2019-08-29T14:40:56.307+0930][gc,heap       ] GC(44) Eden regions: 607->0(607)
[2019-08-29T14:40:56.307+0930][gc,heap       ] GC(44) Survivor regions: 7->7(77)
[2019-08-29T14:40:56.307+0930][gc,heap       ] GC(44) Old regions: 18->19
[2019-08-29T14:40:56.307+0930][gc,heap       ] GC(44) Humongous regions: 129->129
[2019-08-29T14:40:56.307+0930][gc,metaspace  ] GC(44) Metaspace: 33751K->33751K(1079296K)
[2019-08-29T14:40:56.307+0930][gc            ] GC(44) Pause Young (Normal) (G1 Evacuation Pause) 759M->152M(1024M) 7.632ms
[2019-08-29T14:40:56.307+0930][gc,cpu        ] GC(44) User=0.00s Sys=0.00s Real=0.01s
[2019-08-29T14:41:11.257+0930][gc,start      ] GC(45) Pause Young (Normal) (G1 Evacuation Pause)
[2019-08-29T14:41:11.257+0930][gc,task       ] GC(45) Using 8 workers of 8 for evacuation
[2019-08-29T14:41:11.265+0930][gc,phases     ] GC(45)   Pre Evacuate Collection Set: 0.1ms
[2019-08-29T14:41:11.265+0930][gc,phases     ] GC(45)   Evacuate Collection Set: 6.1ms
[2019-08-29T14:41:11.265+0930][gc,phases     ] GC(45)   Post Evacuate Collection Set: 0.7ms
[2019-08-29T14:41:11.265+0930][gc,phases     ] GC(45)   Other: 0.8ms
[2019-08-29T14:41:11.265+0930][gc,heap       ] GC(45) Eden regions: 607->0(607)
[2019-08-29T14:41:11.265+0930][gc,heap       ] GC(45) Survivor regions: 7->7(77)
[2019-08-29T14:41:11.265+0930][gc,heap       ] GC(45) Old regions: 19->19
[2019-08-29T14:41:11.265+0930][gc,heap       ] GC(45) Humongous regions: 129->129
[2019-08-29T14:41:11.265+0930][gc,metaspace  ] GC(45) Metaspace: 33756K->33756K(1079296K)
[2019-08-29T14:41:11.265+0930][gc            ] GC(45) Pause Young (Normal) (G1 Evacuation Pause) 759M->152M(1024M) 7.884ms
[2019-08-29T14:41:11.265+0930][gc,cpu        ] GC(45) User=0.11s Sys=0.01s Real=0.00s
[2019-08-29T14:41:25.790+0930][gc,start      ] GC(46) Pause Young (Normal) (G1 Evacuation Pause)
[2019-08-29T14:41:25.790+0930][gc,task       ] GC(46) Using 8 workers of 8 for evacuation
[2019-08-29T14:41:25.796+0930][gc,phases     ] GC(46)   Pre Evacuate Collection Set: 0.0ms
[2019-08-29T14:41:25.796+0930][gc,phases     ] GC(46)   Evacuate Collection Set: 5.3ms
[2019-08-29T14:41:25.796+0930][gc,phases     ] GC(46)   Post Evacuate Collection Set: 0.7ms
[2019-08-29T14:41:25.796+0930][gc,phases     ] GC(46)   Other: 0.3ms
[2019-08-29T14:41:25.796+0930][gc,heap       ] GC(46) Eden regions: 607->0(607)
[2019-08-29T14:41:25.796+0930][gc,heap       ] GC(46) Survivor regions: 7->7(77)
[2019-08-29T14:41:25.796+0930][gc,heap       ] GC(46) Old regions: 19->20
[2019-08-29T14:41:25.796+0930][gc,heap       ] GC(46) Humongous regions: 129->129
[2019-08-29T14:41:25.796+0930][gc,metaspace  ] GC(46) Metaspace: 33759K->33759K(1079296K)
[2019-08-29T14:41:25.796+0930][gc            ] GC(46) Pause Young (Normal) (G1 Evacuation Pause) 759M->153M(1024M) 6.393ms
[2019-08-29T14:41:25.796+0930][gc,cpu        ] GC(46) User=0.13s Sys=0.00s Real=0.01s
[2019-08-29T14:41:40.480+0930][gc,start      ] GC(47) Pause Young (Normal) (G1 Evacuation Pause)
[2019-08-29T14:41:40.480+0930][gc,task       ] GC(47) Using 8 workers of 8 for evacuation
[2019-08-29T14:41:40.487+0930][gc,phases     ] GC(47)   Pre Evacuate Collection Set: 0.0ms
[2019-08-29T14:41:40.487+0930][gc,phases     ] GC(47)   Evacuate Collection Set: 5.3ms
[2019-08-29T14:41:40.487+0930][gc,phases     ] GC(47)   Post Evacuate Collection Set: 0.6ms
[2019-08-29T14:41:40.487+0930][gc,phases     ] GC(47)   Other: 0.3ms
[2019-08-29T14:41:40.487+0930][gc,heap       ] GC(47) Eden regions: 607->0(607)
[2019-08-29T14:41:40.487+0930][gc,heap       ] GC(47) Survivor regions: 7->7(77)
[2019-08-29T14:41:40.487+0930][gc,heap       ] GC(47) Old regions: 20->20
[2019-08-29T14:41:40.487+0930][gc,heap       ] GC(47) Humongous regions: 129->129
[2019-08-29T14:41:40.487+0930][gc,metaspace  ] GC(47) Metaspace: 33759K->33759K(1079296K)
[2019-08-29T14:41:40.487+0930][gc            ] GC(47) Pause Young (Normal) (G1 Evacuation Pause) 760M->153M(1024M) 6.375ms
[2019-08-29T14:41:40.487+0930][gc,cpu        ] GC(47) User=0.13s Sys=0.00s Real=0.01s
[2019-08-29T14:42:00.514+0930][gc,start      ] GC(48) Pause Young (Normal) (G1 Evacuation Pause)
[2019-08-29T14:42:00.514+0930][gc,task       ] GC(48) Using 8 workers of 8 for evacuation
[2019-08-29T14:42:00.520+0930][gc,phases     ] GC(48)   Pre Evacuate Collection Set: 0.0ms
[2019-08-29T14:42:00.520+0930][gc,phases     ] GC(48)   Evacuate Collection Set: 5.2ms
[2019-08-29T14:42:00.520+0930][gc,phases     ] GC(48)   Post Evacuate Collection Set: 0.6ms
[2019-08-29T14:42:00.520+0930][gc,phases     ] GC(48)   Other: 0.3ms
[2019-08-29T14:42:00.520+0930][gc,heap       ] GC(48) Eden regions: 607->0(607)
[2019-08-29T14:42:00.520+0930][gc,heap       ] GC(48) Survivor regions: 7->7(77)
[2019-08-29T14:42:00.520+0930][gc,heap       ] GC(48) Old regions: 20->21
[2019-08-29T14:42:00.520+0930][gc,heap       ] GC(48) Humongous regions: 129->129
[2019-08-29T14:42:00.520+0930][gc,metaspace  ] GC(48) Metaspace: 33768K->33768K(1079296K)
[2019-08-29T14:42:00.520+0930][gc            ] GC(48) Pause Young (Normal) (G1 Evacuation Pause) 760M->154M(1024M) 6.251ms
[2019-08-29T14:42:00.520+0930][gc,cpu        ] GC(48) User=0.00s Sys=0.00s Real=0.01s
[2019-08-29T14:42:14.438+0930][gc,start      ] GC(49) Pause Young (Normal) (G1 Evacuation Pause)
[2019-08-29T14:42:14.438+0930][gc,task       ] GC(49) Using 8 workers of 8 for evacuation
[2019-08-29T14:42:14.445+0930][gc,phases     ] GC(49)   Pre Evacuate Collection Set: 0.0ms
[2019-08-29T14:42:14.445+0930][gc,phases     ] GC(49)   Evacuate Collection Set: 5.6ms
[2019-08-29T14:42:14.445+0930][gc,phases     ] GC(49)   Post Evacuate Collection Set: 0.7ms
[2019-08-29T14:42:14.445+0930][gc,phases     ] GC(49)   Other: 0.3ms
[2019-08-29T14:42:14.445+0930][gc,heap       ] GC(49) Eden regions: 607->0(607)
[2019-08-29T14:42:14.445+0930][gc,heap       ] GC(49) Survivor regions: 7->7(77)
[2019-08-29T14:42:14.445+0930][gc,heap       ] GC(49) Old regions: 21->21
[2019-08-29T14:42:14.445+0930][gc,heap       ] GC(49) Humongous regions: 129->129
[2019-08-29T14:42:14.445+0930][gc,metaspace  ] GC(49) Metaspace: 33768K->33768K(1079296K)
[2019-08-29T14:42:14.445+0930][gc            ] GC(49) Pause Young (Normal) (G1 Evacuation Pause) 761M->154M(1024M) 6.700ms
[2019-08-29T14:42:14.445+0930][gc,cpu        ] GC(49) User=0.00s Sys=0.00s Real=0.00s
[2019-08-29T14:42:29.219+0930][gc,start      ] GC(50) Pause Young (Normal) (G1 Evacuation Pause)
[2019-08-29T14:42:29.219+0930][gc,task       ] GC(50) Using 8 workers of 8 for evacuation
[2019-08-29T14:42:29.226+0930][gc,phases     ] GC(50)   Pre Evacuate Collection Set: 0.0ms
[2019-08-29T14:42:29.226+0930][gc,phases     ] GC(50)   Evacuate Collection Set: 5.6ms
[2019-08-29T14:42:29.226+0930][gc,phases     ] GC(50)   Post Evacuate Collection Set: 0.6ms
[2019-08-29T14:42:29.226+0930][gc,phases     ] GC(50)   Other: 0.3ms
[2019-08-29T14:42:29.226+0930][gc,heap       ] GC(50) Eden regions: 607->0(607)
[2019-08-29T14:42:29.226+0930][gc,heap       ] GC(50) Survivor regions: 7->7(77)
[2019-08-29T14:42:29.226+0930][gc,heap       ] GC(50) Old regions: 21->22
[2019-08-29T14:42:29.226+0930][gc,heap       ] GC(50) Humongous regions: 129->129
[2019-08-29T14:42:29.226+0930][gc,metaspace  ] GC(50) Metaspace: 33769K->33769K(1079296K)
[2019-08-29T14:42:29.226+0930][gc            ] GC(50) Pause Young (Normal) (G1 Evacuation Pause) 761M->154M(1024M) 6.610ms
[2019-08-29T14:42:29.226+0930][gc,cpu        ] GC(50) User=0.00s Sys=0.00s Real=0.01s
[2019-08-29T14:42:43.478+0930][gc,start      ] GC(51) Pause Young (Normal) (G1 Evacuation Pause)
[2019-08-29T14:42:43.478+0930][gc,task       ] GC(51) Using 8 workers of 8 for evacuation
[2019-08-29T14:42:43.484+0930][gc,phases     ] GC(51)   Pre Evacuate Collection Set: 0.0ms
[2019-08-29T14:42:43.484+0930][gc,phases     ] GC(51)   Evacuate Collection Set: 5.5ms
[2019-08-29T14:42:43.485+0930][gc,phases     ] GC(51)   Post Evacuate Collection Set: 0.6ms
[2019-08-29T14:42:43.485+0930][gc,phases     ] GC(51)   Other: 0.3ms
[2019-08-29T14:42:43.485+0930][gc,heap       ] GC(51) Eden regions: 607->0(607)
[2019-08-29T14:42:43.485+0930][gc,heap       ] GC(51) Survivor regions: 7->7(77)
[2019-08-29T14:42:43.485+0930][gc,heap       ] GC(51) Old regions: 22->22
[2019-08-29T14:42:43.485+0930][gc,heap       ] GC(51) Humongous regions: 129->129
[2019-08-29T14:42:43.485+0930][gc,metaspace  ] GC(51) Metaspace: 33783K->33783K(1079296K)
[2019-08-29T14:42:43.485+0930][gc            ] GC(51) Pause Young (Normal) (G1 Evacuation Pause) 761M->155M(1024M) 6.493ms
[2019-08-29T14:42:43.485+0930][gc,cpu        ] GC(51) User=0.13s Sys=0.00s Real=0.00s
[2019-08-29T14:42:58.369+0930][gc,start      ] GC(52) Pause Young (Normal) (G1 Evacuation Pause)
[2019-08-29T14:42:58.369+0930][gc,task       ] GC(52) Using 8 workers of 8 for evacuation
[2019-08-29T14:42:58.377+0930][gc,phases     ] GC(52)   Pre Evacuate Collection Set: 0.0ms
[2019-08-29T14:42:58.377+0930][gc,phases     ] GC(52)   Evacuate Collection Set: 6.3ms
[2019-08-29T14:42:58.377+0930][gc,phases     ] GC(52)   Post Evacuate Collection Set: 0.9ms
[2019-08-29T14:42:58.377+0930][gc,phases     ] GC(52)   Other: 0.3ms
[2019-08-29T14:42:58.377+0930][gc,heap       ] GC(52) Eden regions: 607->0(608)
[2019-08-29T14:42:58.377+0930][gc,heap       ] GC(52) Survivor regions: 7->6(77)
[2019-08-29T14:42:58.377+0930][gc,heap       ] GC(52) Old regions: 22->23
[2019-08-29T14:42:58.377+0930][gc,heap       ] GC(52) Humongous regions: 129->129
[2019-08-29T14:42:58.377+0930][gc,metaspace  ] GC(52) Metaspace: 33796K->33796K(1079296K)
[2019-08-29T14:42:58.377+0930][gc            ] GC(52) Pause Young (Normal) (G1 Evacuation Pause) 762M->155M(1024M) 7.683ms
[2019-08-29T14:42:58.377+0930][gc,cpu        ] GC(52) User=0.11s Sys=0.00s Real=0.01s
[2019-08-29T14:43:13.120+0930][gc,start      ] GC(53) Pause Young (Normal) (G1 Evacuation Pause)
[2019-08-29T14:43:13.120+0930][gc,task       ] GC(53) Using 8 workers of 8 for evacuation
[2019-08-29T14:43:13.126+0930][gc,phases     ] GC(53)   Pre Evacuate Collection Set: 0.0ms
[2019-08-29T14:43:13.126+0930][gc,phases     ] GC(53)   Evacuate Collection Set: 5.8ms
[2019-08-29T14:43:13.126+0930][gc,phases     ] GC(53)   Post Evacuate Collection Set: 0.6ms
[2019-08-29T14:43:13.126+0930][gc,phases     ] GC(53)   Other: 0.3ms
[2019-08-29T14:43:13.126+0930][gc,heap       ] GC(53) Eden regions: 608->0(607)
[2019-08-29T14:43:13.126+0930][gc,heap       ] GC(53) Survivor regions: 6->7(77)
[2019-08-29T14:43:13.126+0930][gc,heap       ] GC(53) Old regions: 23->23
[2019-08-29T14:43:13.126+0930][gc,heap       ] GC(53) Humongous regions: 129->129
[2019-08-29T14:43:13.126+0930][gc,metaspace  ] GC(53) Metaspace: 33796K->33796K(1079296K)
[2019-08-29T14:43:13.126+0930][gc            ] GC(53) Pause Young (Normal) (G1 Evacuation Pause) 763M->156M(1024M) 6.839ms
[2019-08-29T14:43:13.126+0930][gc,cpu        ] GC(53) User=0.12s Sys=0.00s Real=0.01s
[2019-08-29T14:43:25.348+0930][gc,heap,exit  ] Heap
[2019-08-29T14:43:25.348+0930][gc,heap,exit  ]  garbage-first heap   total 1048576K, used 534848K [0x00000000c0000000, 0x0000000100000000)
[2019-08-29T14:43:25.348+0930][gc,heap,exit  ]   region size 1024K, 374 young (382976K), 7 survivors (7168K)
[2019-08-29T14:43:25.348+0930][gc,heap,exit  ]  Metaspace       used 34543K, capacity 36831K, committed 36912K, reserved 1081344K
[2019-08-29T14:43:25.348+0930][gc,heap,exit  ]   class space    used 4916K, capacity 5962K, committed 6016K, reserved 1048576K
