[2019-08-29T14:45:14.640+0930][gc,heap] Heap region size: 1M
[2019-08-29T14:45:14.663+0930][gc     ] Using G1
[2019-08-29T14:45:14.663+0930][gc,heap,coops] Heap address: 0x00000000c0000000, size: 1024 MB, Compressed Oops mode: 32-bit
[2019-08-29T14:45:14.664+0930][gc,cds       ] Mark closed archive regions in map: [0x00000000fff00000, 0x00000000fff69ff8]
[2019-08-29T14:45:14.664+0930][gc,cds       ] Mark open archive regions in map: [0x00000000ffe00000, 0x00000000ffe33ff8]
[2019-08-29T14:45:15.733+0930][gc,start     ] GC(0) Pause Young (Normal) (G1 Evacuation Pause)
[2019-08-29T14:45:15.735+0930][gc,task      ] GC(0) Using 8 workers of 8 for evacuation
[2019-08-29T14:45:15.751+0930][gc,phases    ] GC(0)   Pre Evacuate Collection Set: 0.0ms
[2019-08-29T14:45:15.751+0930][gc,phases    ] GC(0)   Evacuate Collection Set: 11.9ms
[2019-08-29T14:45:15.751+0930][gc,phases    ] GC(0)   Post Evacuate Collection Set: 0.5ms
[2019-08-29T14:45:15.751+0930][gc,phases    ] GC(0)   Other: 5.2ms
[2019-08-29T14:45:15.751+0930][gc,heap      ] GC(0) Eden regions: 51->0(45)
[2019-08-29T14:45:15.751+0930][gc,heap      ] GC(0) Survivor regions: 0->6(7)
[2019-08-29T14:45:15.751+0930][gc,heap      ] GC(0) Old regions: 2->2
[2019-08-29T14:45:15.751+0930][gc,heap      ] GC(0) Humongous regions: 0->0
[2019-08-29T14:45:15.751+0930][gc,metaspace ] GC(0) Metaspace: 17050K->17050K(1064960K)
[2019-08-29T14:45:15.751+0930][gc           ] GC(0) Pause Young (Normal) (G1 Evacuation Pause) 51M->6M(1024M) 17.746ms
[2019-08-29T14:45:15.751+0930][gc,cpu       ] GC(0) User=0.03s Sys=0.07s Real=0.02s
[2019-08-29T14:45:16.145+0930][gc,start     ] GC(1) Pause Young (Concurrent Start) (Metadata GC Threshold)
[2019-08-29T14:45:16.145+0930][gc,task      ] GC(1) Using 8 workers of 8 for evacuation
[2019-08-29T14:45:16.158+0930][gc,phases    ] GC(1)   Pre Evacuate Collection Set: 0.0ms
[2019-08-29T14:45:16.158+0930][gc,phases    ] GC(1)   Evacuate Collection Set: 11.9ms
[2019-08-29T14:45:16.158+0930][gc,phases    ] GC(1)   Post Evacuate Collection Set: 0.3ms
[2019-08-29T14:45:16.158+0930][gc,phases    ] GC(1)   Other: 0.4ms
[2019-08-29T14:45:16.158+0930][gc,heap      ] GC(1) Eden regions: 15->0(49)
[2019-08-29T14:45:16.158+0930][gc,heap      ] GC(1) Survivor regions: 6->2(7)
[2019-08-29T14:45:16.158+0930][gc,heap      ] GC(1) Old regions: 2->8
[2019-08-29T14:45:16.158+0930][gc,heap      ] GC(1) Humongous regions: 129->129
[2019-08-29T14:45:16.158+0930][gc,metaspace ] GC(1) Metaspace: 20519K->20519K(1067008K)
[2019-08-29T14:45:16.158+0930][gc           ] GC(1) Pause Young (Concurrent Start) (Metadata GC Threshold) 150M->137M(1024M) 12.735ms
[2019-08-29T14:45:16.158+0930][gc,cpu       ] GC(1) User=0.12s Sys=0.00s Real=0.02s
[2019-08-29T14:45:16.158+0930][gc           ] GC(2) Concurrent Cycle
[2019-08-29T14:45:16.158+0930][gc,marking   ] GC(2) Concurrent Clear Claimed Marks
[2019-08-29T14:45:16.158+0930][gc,marking   ] GC(2) Concurrent Clear Claimed Marks 0.062ms
[2019-08-29T14:45:16.158+0930][gc,marking   ] GC(2) Concurrent Scan Root Regions
[2019-08-29T14:45:16.159+0930][gc,marking   ] GC(2) Concurrent Scan Root Regions 1.539ms
[2019-08-29T14:45:16.159+0930][gc,marking   ] GC(2) Concurrent Mark (1.531s)
[2019-08-29T14:45:16.159+0930][gc,marking   ] GC(2) Concurrent Mark From Roots
[2019-08-29T14:45:16.159+0930][gc,task      ] GC(2) Using 2 workers of 2 for marking
[2019-08-29T14:45:16.166+0930][gc,marking   ] GC(2) Concurrent Mark From Roots 6.681ms
[2019-08-29T14:45:16.166+0930][gc,marking   ] GC(2) Concurrent Preclean
[2019-08-29T14:45:16.166+0930][gc,marking   ] GC(2) Concurrent Preclean 0.205ms
[2019-08-29T14:45:16.166+0930][gc,marking   ] GC(2) Concurrent Mark (1.531s, 1.538s) 6.966ms
[2019-08-29T14:45:16.167+0930][gc,start     ] GC(2) Pause Remark
[2019-08-29T14:45:16.168+0930][gc,stringtable] GC(2) Cleaned string and symbol table, strings: 4836 processed, 0 removed, symbols: 50405 processed, 44 removed
[2019-08-29T14:45:16.169+0930][gc            ] GC(2) Pause Remark 138M->138M(1024M) 2.150ms
[2019-08-29T14:45:16.169+0930][gc,cpu        ] GC(2) User=0.13s Sys=0.00s Real=0.00s
[2019-08-29T14:45:16.169+0930][gc,marking    ] GC(2) Concurrent Rebuild Remembered Sets
[2019-08-29T14:45:16.172+0930][gc,marking    ] GC(2) Concurrent Rebuild Remembered Sets 3.356ms
[2019-08-29T14:45:16.172+0930][gc,start      ] GC(2) Pause Cleanup
[2019-08-29T14:45:16.173+0930][gc            ] GC(2) Pause Cleanup 139M->139M(1024M) 0.246ms
[2019-08-29T14:45:16.173+0930][gc,cpu        ] GC(2) User=0.00s Sys=0.00s Real=0.00s
[2019-08-29T14:45:16.173+0930][gc,marking    ] GC(2) Concurrent Cleanup for Next Mark
[2019-08-29T14:45:16.184+0930][gc,marking    ] GC(2) Concurrent Cleanup for Next Mark 11.760ms
[2019-08-29T14:45:16.184+0930][gc            ] GC(2) Concurrent Cycle 26.746ms
[2019-08-29T14:45:16.898+0930][gc,start      ] GC(3) Pause Young (Normal) (G1 Evacuation Pause)
[2019-08-29T14:45:16.898+0930][gc,task       ] GC(3) Using 8 workers of 8 for evacuation
[2019-08-29T14:45:16.903+0930][gc,phases     ] GC(3)   Pre Evacuate Collection Set: 0.0ms
[2019-08-29T14:45:16.903+0930][gc,phases     ] GC(3)   Evacuate Collection Set: 4.3ms
[2019-08-29T14:45:16.903+0930][gc,phases     ] GC(3)   Post Evacuate Collection Set: 0.4ms
[2019-08-29T14:45:16.903+0930][gc,phases     ] GC(3)   Other: 0.3ms
[2019-08-29T14:45:16.903+0930][gc,heap       ] GC(3) Eden regions: 49->0(45)
[2019-08-29T14:45:16.903+0930][gc,heap       ] GC(3) Survivor regions: 2->6(7)
[2019-08-29T14:45:16.903+0930][gc,heap       ] GC(3) Old regions: 8->8
[2019-08-29T14:45:16.903+0930][gc,heap       ] GC(3) Humongous regions: 129->129
[2019-08-29T14:45:16.903+0930][gc,metaspace  ] GC(3) Metaspace: 29607K->29607K(1075200K)
[2019-08-29T14:45:16.903+0930][gc            ] GC(3) Pause Young (Normal) (G1 Evacuation Pause) 186M->140M(1024M) 5.110ms
[2019-08-29T14:45:16.904+0930][gc,cpu        ] GC(3) User=0.02s Sys=0.00s Real=0.00s
[2019-08-29T14:45:40.138+0930][gc,start      ] GC(4) Pause Young (Normal) (G1 Evacuation Pause)
[2019-08-29T14:45:40.138+0930][gc,task       ] GC(4) Using 8 workers of 8 for evacuation
[2019-08-29T14:45:40.147+0930][gc,phases     ] GC(4)   Pre Evacuate Collection Set: 0.2ms
[2019-08-29T14:45:40.147+0930][gc,phases     ] GC(4)   Evacuate Collection Set: 7.4ms
[2019-08-29T14:45:40.147+0930][gc,phases     ] GC(4)   Post Evacuate Collection Set: 0.5ms
[2019-08-29T14:45:40.147+0930][gc,phases     ] GC(4)   Other: 0.8ms
[2019-08-29T14:45:40.147+0930][gc,heap       ] GC(4) Eden regions: 45->0(48)
[2019-08-29T14:45:40.147+0930][gc,heap       ] GC(4) Survivor regions: 6->3(7)
[2019-08-29T14:45:40.147+0930][gc,heap       ] GC(4) Old regions: 8->13
[2019-08-29T14:45:40.147+0930][gc,heap       ] GC(4) Humongous regions: 129->129
[2019-08-29T14:45:40.147+0930][gc,metaspace  ] GC(4) Metaspace: 32190K->32190K(1079296K)
[2019-08-29T14:45:40.147+0930][gc            ] GC(4) Pause Young (Normal) (G1 Evacuation Pause) 185M->142M(1024M) 9.004ms
[2019-08-29T14:45:40.147+0930][gc,cpu        ] GC(4) User=0.00s Sys=0.00s Real=0.01s
[2019-08-29T14:45:42.196+0930][gc,start      ] GC(5) Pause Young (Normal) (G1 Evacuation Pause)
[2019-08-29T14:45:42.196+0930][gc,task       ] GC(5) Using 8 workers of 8 for evacuation
[2019-08-29T14:45:42.200+0930][gc,phases     ] GC(5)   Pre Evacuate Collection Set: 0.0ms
[2019-08-29T14:45:42.200+0930][gc,phases     ] GC(5)   Evacuate Collection Set: 2.7ms
[2019-08-29T14:45:42.200+0930][gc,phases     ] GC(5)   Post Evacuate Collection Set: 0.5ms
[2019-08-29T14:45:42.200+0930][gc,phases     ] GC(5)   Other: 0.3ms
[2019-08-29T14:45:42.200+0930][gc,heap       ] GC(5) Eden regions: 48->0(48)
[2019-08-29T14:45:42.200+0930][gc,heap       ] GC(5) Survivor regions: 3->3(7)
[2019-08-29T14:45:42.200+0930][gc,heap       ] GC(5) Old regions: 13->13
[2019-08-29T14:45:42.200+0930][gc,heap       ] GC(5) Humongous regions: 129->129
[2019-08-29T14:45:42.200+0930][gc,metaspace  ] GC(5) Metaspace: 32202K->32202K(1079296K)
[2019-08-29T14:45:42.200+0930][gc            ] GC(5) Pause Young (Normal) (G1 Evacuation Pause) 190M->142M(1024M) 3.610ms
[2019-08-29T14:45:42.200+0930][gc,cpu        ] GC(5) User=0.11s Sys=0.00s Real=0.00s
[2019-08-29T14:45:43.272+0930][gc,start      ] GC(6) Pause Young (Normal) (G1 Evacuation Pause)
[2019-08-29T14:45:43.272+0930][gc,task       ] GC(6) Using 8 workers of 8 for evacuation
[2019-08-29T14:45:43.275+0930][gc,phases     ] GC(6)   Pre Evacuate Collection Set: 0.0ms
[2019-08-29T14:45:43.275+0930][gc,phases     ] GC(6)   Evacuate Collection Set: 2.4ms
[2019-08-29T14:45:43.276+0930][gc,phases     ] GC(6)   Post Evacuate Collection Set: 0.3ms
[2019-08-29T14:45:43.276+0930][gc,phases     ] GC(6)   Other: 0.4ms
[2019-08-29T14:45:43.276+0930][gc,heap       ] GC(6) Eden regions: 48->0(48)
[2019-08-29T14:45:43.276+0930][gc,heap       ] GC(6) Survivor regions: 3->3(7)
[2019-08-29T14:45:43.276+0930][gc,heap       ] GC(6) Old regions: 13->13
[2019-08-29T14:45:43.276+0930][gc,heap       ] GC(6) Humongous regions: 129->129
[2019-08-29T14:45:43.276+0930][gc,metaspace  ] GC(6) Metaspace: 32208K->32208K(1079296K)
[2019-08-29T14:45:43.276+0930][gc            ] GC(6) Pause Young (Normal) (G1 Evacuation Pause) 190M->142M(1024M) 3.308ms
[2019-08-29T14:45:43.276+0930][gc,cpu        ] GC(6) User=0.00s Sys=0.00s Real=0.01s
[2019-08-29T14:45:44.367+0930][gc,start      ] GC(7) Pause Young (Normal) (G1 Evacuation Pause)
[2019-08-29T14:45:44.367+0930][gc,task       ] GC(7) Using 8 workers of 8 for evacuation
[2019-08-29T14:45:44.370+0930][gc,phases     ] GC(7)   Pre Evacuate Collection Set: 0.0ms
[2019-08-29T14:45:44.370+0930][gc,phases     ] GC(7)   Evacuate Collection Set: 1.9ms
[2019-08-29T14:45:44.370+0930][gc,phases     ] GC(7)   Post Evacuate Collection Set: 0.3ms
[2019-08-29T14:45:44.370+0930][gc,phases     ] GC(7)   Other: 0.2ms
[2019-08-29T14:45:44.370+0930][gc,heap       ] GC(7) Eden regions: 48->0(48)
[2019-08-29T14:45:44.370+0930][gc,heap       ] GC(7) Survivor regions: 3->3(7)
[2019-08-29T14:45:44.370+0930][gc,heap       ] GC(7) Old regions: 13->13
[2019-08-29T14:45:44.370+0930][gc,heap       ] GC(7) Humongous regions: 129->129
[2019-08-29T14:45:44.370+0930][gc,metaspace  ] GC(7) Metaspace: 32208K->32208K(1079296K)
[2019-08-29T14:45:44.370+0930][gc            ] GC(7) Pause Young (Normal) (G1 Evacuation Pause) 190M->142M(1024M) 2.563ms
[2019-08-29T14:45:44.370+0930][gc,cpu        ] GC(7) User=0.00s Sys=0.00s Real=0.00s
[2019-08-29T14:45:45.331+0930][gc,start      ] GC(8) Pause Young (Normal) (G1 Evacuation Pause)
[2019-08-29T14:45:45.331+0930][gc,task       ] GC(8) Using 8 workers of 8 for evacuation
[2019-08-29T14:45:45.334+0930][gc,phases     ] GC(8)   Pre Evacuate Collection Set: 0.0ms
[2019-08-29T14:45:45.334+0930][gc,phases     ] GC(8)   Evacuate Collection Set: 2.2ms
[2019-08-29T14:45:45.334+0930][gc,phases     ] GC(8)   Post Evacuate Collection Set: 0.3ms
[2019-08-29T14:45:45.334+0930][gc,phases     ] GC(8)   Other: 0.2ms
[2019-08-29T14:45:45.334+0930][gc,heap       ] GC(8) Eden regions: 48->0(58)
[2019-08-29T14:45:45.334+0930][gc,heap       ] GC(8) Survivor regions: 3->3(7)
[2019-08-29T14:45:45.334+0930][gc,heap       ] GC(8) Old regions: 13->13
[2019-08-29T14:45:45.334+0930][gc,heap       ] GC(8) Humongous regions: 129->129
[2019-08-29T14:45:45.334+0930][gc,metaspace  ] GC(8) Metaspace: 32209K->32209K(1079296K)
[2019-08-29T14:45:45.334+0930][gc            ] GC(8) Pause Young (Normal) (G1 Evacuation Pause) 190M->142M(1024M) 2.898ms
[2019-08-29T14:45:45.334+0930][gc,cpu        ] GC(8) User=0.00s Sys=0.00s Real=0.00s
[2019-08-29T14:45:46.458+0930][gc,start      ] GC(9) Pause Young (Normal) (G1 Evacuation Pause)
[2019-08-29T14:45:46.458+0930][gc,task       ] GC(9) Using 8 workers of 8 for evacuation
[2019-08-29T14:45:46.462+0930][gc,phases     ] GC(9)   Pre Evacuate Collection Set: 0.0ms
[2019-08-29T14:45:46.462+0930][gc,phases     ] GC(9)   Evacuate Collection Set: 3.1ms
[2019-08-29T14:45:46.462+0930][gc,phases     ] GC(9)   Post Evacuate Collection Set: 0.3ms
[2019-08-29T14:45:46.462+0930][gc,phases     ] GC(9)   Other: 0.2ms
[2019-08-29T14:45:46.462+0930][gc,heap       ] GC(9) Eden regions: 58->0(76)
[2019-08-29T14:45:46.462+0930][gc,heap       ] GC(9) Survivor regions: 3->3(8)
[2019-08-29T14:45:46.462+0930][gc,heap       ] GC(9) Old regions: 13->13
[2019-08-29T14:45:46.462+0930][gc,heap       ] GC(9) Humongous regions: 129->129
[2019-08-29T14:45:46.462+0930][gc,metaspace  ] GC(9) Metaspace: 32421K->32421K(1079296K)
[2019-08-29T14:45:46.462+0930][gc            ] GC(9) Pause Young (Normal) (G1 Evacuation Pause) 200M->142M(1024M) 3.757ms
[2019-08-29T14:45:46.462+0930][gc,cpu        ] GC(9) User=0.00s Sys=0.00s Real=0.00s
[2019-08-29T14:45:48.009+0930][gc,start      ] GC(10) Pause Young (Normal) (G1 Evacuation Pause)
[2019-08-29T14:45:48.009+0930][gc,task       ] GC(10) Using 8 workers of 8 for evacuation
[2019-08-29T14:45:48.012+0930][gc,phases     ] GC(10)   Pre Evacuate Collection Set: 0.0ms
[2019-08-29T14:45:48.012+0930][gc,phases     ] GC(10)   Evacuate Collection Set: 2.8ms
[2019-08-29T14:45:48.012+0930][gc,phases     ] GC(10)   Post Evacuate Collection Set: 0.3ms
[2019-08-29T14:45:48.012+0930][gc,phases     ] GC(10)   Other: 0.2ms
[2019-08-29T14:45:48.012+0930][gc,heap       ] GC(10) Eden regions: 76->0(100)
[2019-08-29T14:45:48.012+0930][gc,heap       ] GC(10) Survivor regions: 3->3(10)
[2019-08-29T14:45:48.012+0930][gc,heap       ] GC(10) Old regions: 13->13
[2019-08-29T14:45:48.012+0930][gc,heap       ] GC(10) Humongous regions: 129->129
[2019-08-29T14:45:48.012+0930][gc,metaspace  ] GC(10) Metaspace: 32439K->32439K(1079296K)
[2019-08-29T14:45:48.012+0930][gc            ] GC(10) Pause Young (Normal) (G1 Evacuation Pause) 218M->142M(1024M) 3.430ms
[2019-08-29T14:45:48.012+0930][gc,cpu        ] GC(10) User=0.03s Sys=0.03s Real=0.00s
[2019-08-29T14:45:50.107+0930][gc,start      ] GC(11) Pause Young (Normal) (G1 Evacuation Pause)
[2019-08-29T14:45:50.108+0930][gc,task       ] GC(11) Using 8 workers of 8 for evacuation
[2019-08-29T14:45:50.111+0930][gc,phases     ] GC(11)   Pre Evacuate Collection Set: 0.0ms
[2019-08-29T14:45:50.111+0930][gc,phases     ] GC(11)   Evacuate Collection Set: 3.2ms
[2019-08-29T14:45:50.111+0930][gc,phases     ] GC(11)   Post Evacuate Collection Set: 0.3ms
[2019-08-29T14:45:50.111+0930][gc,phases     ] GC(11)   Other: 0.2ms
[2019-08-29T14:45:50.111+0930][gc,heap       ] GC(11) Eden regions: 100->0(124)
[2019-08-29T14:45:50.111+0930][gc,heap       ] GC(11) Survivor regions: 3->3(13)
[2019-08-29T14:45:50.111+0930][gc,heap       ] GC(11) Old regions: 13->13
[2019-08-29T14:45:50.111+0930][gc,heap       ] GC(11) Humongous regions: 129->129
[2019-08-29T14:45:50.111+0930][gc,metaspace  ] GC(11) Metaspace: 32995K->32995K(1079296K)
[2019-08-29T14:45:50.111+0930][gc            ] GC(11) Pause Young (Normal) (G1 Evacuation Pause) 242M->142M(1024M) 3.873ms
[2019-08-29T14:45:50.111+0930][gc,cpu        ] GC(11) User=0.00s Sys=0.00s Real=0.00s
[2019-08-29T14:45:52.610+0930][gc,start      ] GC(12) Pause Young (Normal) (G1 Evacuation Pause)
[2019-08-29T14:45:52.610+0930][gc,task       ] GC(12) Using 8 workers of 8 for evacuation
[2019-08-29T14:45:52.614+0930][gc,phases     ] GC(12)   Pre Evacuate Collection Set: 0.0ms
[2019-08-29T14:45:52.614+0930][gc,phases     ] GC(12)   Evacuate Collection Set: 3.1ms
[2019-08-29T14:45:52.614+0930][gc,phases     ] GC(12)   Post Evacuate Collection Set: 0.3ms
[2019-08-29T14:45:52.614+0930][gc,phases     ] GC(12)   Other: 0.3ms
[2019-08-29T14:45:52.614+0930][gc,heap       ] GC(12) Eden regions: 124->0(139)
[2019-08-29T14:45:52.614+0930][gc,heap       ] GC(12) Survivor regions: 3->3(16)
[2019-08-29T14:45:52.614+0930][gc,heap       ] GC(12) Old regions: 13->13
[2019-08-29T14:45:52.614+0930][gc,heap       ] GC(12) Humongous regions: 129->129
[2019-08-29T14:45:52.614+0930][gc,metaspace  ] GC(12) Metaspace: 32996K->32996K(1079296K)
[2019-08-29T14:45:52.614+0930][gc            ] GC(12) Pause Young (Normal) (G1 Evacuation Pause) 266M->142M(1024M) 3.898ms
[2019-08-29T14:45:52.614+0930][gc,cpu        ] GC(12) User=0.00s Sys=0.00s Real=0.00s
[2019-08-29T14:45:55.519+0930][gc,start      ] GC(13) Pause Young (Normal) (G1 Evacuation Pause)
[2019-08-29T14:45:55.519+0930][gc,task       ] GC(13) Using 8 workers of 8 for evacuation
[2019-08-29T14:45:55.523+0930][gc,phases     ] GC(13)   Pre Evacuate Collection Set: 0.0ms
[2019-08-29T14:45:55.523+0930][gc,phases     ] GC(13)   Evacuate Collection Set: 3.4ms
[2019-08-29T14:45:55.523+0930][gc,phases     ] GC(13)   Post Evacuate Collection Set: 0.3ms
[2019-08-29T14:45:55.524+0930][gc,phases     ] GC(13)   Other: 0.2ms
[2019-08-29T14:45:55.524+0930][gc,heap       ] GC(13) Eden regions: 139->0(156)
[2019-08-29T14:45:55.524+0930][gc,heap       ] GC(13) Survivor regions: 3->3(18)
[2019-08-29T14:45:55.524+0930][gc,heap       ] GC(13) Old regions: 13->13
[2019-08-29T14:45:55.524+0930][gc,heap       ] GC(13) Humongous regions: 129->129
[2019-08-29T14:45:55.524+0930][gc,metaspace  ] GC(13) Metaspace: 33008K->33008K(1079296K)
[2019-08-29T14:45:55.524+0930][gc            ] GC(13) Pause Young (Normal) (G1 Evacuation Pause) 281M->142M(1024M) 4.133ms
[2019-08-29T14:45:55.524+0930][gc,cpu        ] GC(13) User=0.00s Sys=0.00s Real=0.00s
[2019-08-29T14:45:58.904+0930][gc,start      ] GC(14) Pause Young (Normal) (G1 Evacuation Pause)
[2019-08-29T14:45:58.904+0930][gc,task       ] GC(14) Using 8 workers of 8 for evacuation
[2019-08-29T14:45:58.908+0930][gc,phases     ] GC(14)   Pre Evacuate Collection Set: 0.0ms
[2019-08-29T14:45:58.908+0930][gc,phases     ] GC(14)   Evacuate Collection Set: 3.7ms
[2019-08-29T14:45:58.908+0930][gc,phases     ] GC(14)   Post Evacuate Collection Set: 0.4ms
[2019-08-29T14:45:58.908+0930][gc,phases     ] GC(14)   Other: 0.2ms
[2019-08-29T14:45:58.908+0930][gc,heap       ] GC(14) Eden regions: 156->0(175)
[2019-08-29T14:45:58.908+0930][gc,heap       ] GC(14) Survivor regions: 3->3(20)
[2019-08-29T14:45:58.908+0930][gc,heap       ] GC(14) Old regions: 13->13
[2019-08-29T14:45:58.908+0930][gc,heap       ] GC(14) Humongous regions: 129->129
[2019-08-29T14:45:58.908+0930][gc,metaspace  ] GC(14) Metaspace: 33022K->33022K(1079296K)
[2019-08-29T14:45:58.908+0930][gc            ] GC(14) Pause Young (Normal) (G1 Evacuation Pause) 298M->142M(1024M) 4.542ms
[2019-08-29T14:45:58.909+0930][gc,cpu        ] GC(14) User=0.00s Sys=0.00s Real=0.01s
[2019-08-29T14:46:02.476+0930][gc,start      ] GC(15) Pause Young (Normal) (G1 Evacuation Pause)
[2019-08-29T14:46:02.476+0930][gc,task       ] GC(15) Using 8 workers of 8 for evacuation
[2019-08-29T14:46:02.479+0930][gc,phases     ] GC(15)   Pre Evacuate Collection Set: 0.0ms
[2019-08-29T14:46:02.479+0930][gc,phases     ] GC(15)   Evacuate Collection Set: 3.2ms
[2019-08-29T14:46:02.479+0930][gc,phases     ] GC(15)   Post Evacuate Collection Set: 0.4ms
[2019-08-29T14:46:02.479+0930][gc,phases     ] GC(15)   Other: 0.2ms
[2019-08-29T14:46:02.479+0930][gc,heap       ] GC(15) Eden regions: 175->0(196)
[2019-08-29T14:46:02.479+0930][gc,heap       ] GC(15) Survivor regions: 3->3(23)
[2019-08-29T14:46:02.479+0930][gc,heap       ] GC(15) Old regions: 13->13
[2019-08-29T14:46:02.479+0930][gc,heap       ] GC(15) Humongous regions: 129->129
[2019-08-29T14:46:02.480+0930][gc,metaspace  ] GC(15) Metaspace: 33030K->33030K(1079296K)
[2019-08-29T14:46:02.480+0930][gc            ] GC(15) Pause Young (Normal) (G1 Evacuation Pause) 317M->142M(1024M) 4.014ms
[2019-08-29T14:46:02.480+0930][gc,cpu        ] GC(15) User=0.00s Sys=0.00s Real=0.00s
[2019-08-29T14:46:06.452+0930][gc,start      ] GC(16) Pause Young (Normal) (G1 Evacuation Pause)
[2019-08-29T14:46:06.452+0930][gc,task       ] GC(16) Using 8 workers of 8 for evacuation
[2019-08-29T14:46:06.456+0930][gc,phases     ] GC(16)   Pre Evacuate Collection Set: 0.0ms
[2019-08-29T14:46:06.456+0930][gc,phases     ] GC(16)   Evacuate Collection Set: 3.5ms
[2019-08-29T14:46:06.456+0930][gc,phases     ] GC(16)   Post Evacuate Collection Set: 0.4ms
[2019-08-29T14:46:06.456+0930][gc,phases     ] GC(16)   Other: 0.2ms
[2019-08-29T14:46:06.456+0930][gc,heap       ] GC(16) Eden regions: 196->0(219)
[2019-08-29T14:46:06.456+0930][gc,heap       ] GC(16) Survivor regions: 3->3(25)
[2019-08-29T14:46:06.456+0930][gc,heap       ] GC(16) Old regions: 13->13
[2019-08-29T14:46:06.456+0930][gc,heap       ] GC(16) Humongous regions: 129->129
[2019-08-29T14:46:06.456+0930][gc,metaspace  ] GC(16) Metaspace: 33039K->33039K(1079296K)
[2019-08-29T14:46:06.456+0930][gc            ] GC(16) Pause Young (Normal) (G1 Evacuation Pause) 338M->142M(1024M) 4.272ms
[2019-08-29T14:46:06.456+0930][gc,cpu        ] GC(16) User=0.00s Sys=0.00s Real=0.01s
[2019-08-29T14:46:11.042+0930][gc,start      ] GC(17) Pause Young (Normal) (G1 Evacuation Pause)
[2019-08-29T14:46:11.042+0930][gc,task       ] GC(17) Using 8 workers of 8 for evacuation
[2019-08-29T14:46:11.046+0930][gc,phases     ] GC(17)   Pre Evacuate Collection Set: 0.1ms
[2019-08-29T14:46:11.046+0930][gc,phases     ] GC(17)   Evacuate Collection Set: 3.7ms
[2019-08-29T14:46:11.046+0930][gc,phases     ] GC(17)   Post Evacuate Collection Set: 0.4ms
[2019-08-29T14:46:11.046+0930][gc,phases     ] GC(17)   Other: 0.3ms
[2019-08-29T14:46:11.046+0930][gc,heap       ] GC(17) Eden regions: 219->0(246)
[2019-08-29T14:46:11.046+0930][gc,heap       ] GC(17) Survivor regions: 3->3(28)
[2019-08-29T14:46:11.046+0930][gc,heap       ] GC(17) Old regions: 13->13
[2019-08-29T14:46:11.046+0930][gc,heap       ] GC(17) Humongous regions: 129->129
[2019-08-29T14:46:11.046+0930][gc,metaspace  ] GC(17) Metaspace: 33039K->33039K(1079296K)
[2019-08-29T14:46:11.046+0930][gc            ] GC(17) Pause Young (Normal) (G1 Evacuation Pause) 361M->142M(1024M) 4.571ms
[2019-08-29T14:46:11.046+0930][gc,cpu        ] GC(17) User=0.08s Sys=0.03s Real=0.01s
[2019-08-29T14:46:16.074+0930][gc,start      ] GC(18) Pause Young (Normal) (G1 Evacuation Pause)
[2019-08-29T14:46:16.074+0930][gc,task       ] GC(18) Using 8 workers of 8 for evacuation
[2019-08-29T14:46:16.078+0930][gc,phases     ] GC(18)   Pre Evacuate Collection Set: 0.0ms
[2019-08-29T14:46:16.079+0930][gc,phases     ] GC(18)   Evacuate Collection Set: 3.6ms
[2019-08-29T14:46:16.079+0930][gc,phases     ] GC(18)   Post Evacuate Collection Set: 0.4ms
[2019-08-29T14:46:16.079+0930][gc,phases     ] GC(18)   Other: 0.2ms
[2019-08-29T14:46:16.079+0930][gc,heap       ] GC(18) Eden regions: 246->0(271)
[2019-08-29T14:46:16.079+0930][gc,heap       ] GC(18) Survivor regions: 3->3(32)
[2019-08-29T14:46:16.079+0930][gc,heap       ] GC(18) Old regions: 13->13
[2019-08-29T14:46:16.079+0930][gc,heap       ] GC(18) Humongous regions: 129->129
[2019-08-29T14:46:16.079+0930][gc,metaspace  ] GC(18) Metaspace: 33039K->33039K(1079296K)
[2019-08-29T14:46:16.079+0930][gc            ] GC(18) Pause Young (Normal) (G1 Evacuation Pause) 388M->142M(1024M) 4.346ms
[2019-08-29T14:46:16.079+0930][gc,cpu        ] GC(18) User=0.02s Sys=0.00s Real=0.01s
[2019-08-29T14:46:22.237+0930][gc,start      ] GC(19) Pause Young (Normal) (G1 Evacuation Pause)
[2019-08-29T14:46:22.237+0930][gc,task       ] GC(19) Using 8 workers of 8 for evacuation
[2019-08-29T14:46:22.243+0930][gc,phases     ] GC(19)   Pre Evacuate Collection Set: 0.0ms
[2019-08-29T14:46:22.243+0930][gc,phases     ] GC(19)   Evacuate Collection Set: 5.8ms
[2019-08-29T14:46:22.243+0930][gc,phases     ] GC(19)   Post Evacuate Collection Set: 0.5ms
[2019-08-29T14:46:22.243+0930][gc,phases     ] GC(19)   Other: 0.2ms
[2019-08-29T14:46:22.243+0930][gc,heap       ] GC(19) Eden regions: 271->0(290)
[2019-08-29T14:46:22.243+0930][gc,heap       ] GC(19) Survivor regions: 3->2(35)
[2019-08-29T14:46:22.243+0930][gc,heap       ] GC(19) Old regions: 13->14
[2019-08-29T14:46:22.243+0930][gc,heap       ] GC(19) Humongous regions: 129->129
[2019-08-29T14:46:22.243+0930][gc,metaspace  ] GC(19) Metaspace: 33076K->33076K(1079296K)
[2019-08-29T14:46:22.244+0930][gc            ] GC(19) Pause Young (Normal) (G1 Evacuation Pause) 413M->142M(1024M) 6.673ms
[2019-08-29T14:46:22.244+0930][gc,cpu        ] GC(19) User=0.00s Sys=0.00s Real=0.00s
[2019-08-29T14:46:28.495+0930][gc,start      ] GC(20) Pause Young (Normal) (G1 Evacuation Pause)
[2019-08-29T14:46:28.495+0930][gc,task       ] GC(20) Using 8 workers of 8 for evacuation
[2019-08-29T14:46:28.498+0930][gc,phases     ] GC(20)   Pre Evacuate Collection Set: 0.0ms
[2019-08-29T14:46:28.498+0930][gc,phases     ] GC(20)   Evacuate Collection Set: 2.4ms
[2019-08-29T14:46:28.498+0930][gc,phases     ] GC(20)   Post Evacuate Collection Set: 0.4ms
[2019-08-29T14:46:28.499+0930][gc,phases     ] GC(20)   Other: 0.3ms
[2019-08-29T14:46:28.499+0930][gc,heap       ] GC(20) Eden regions: 290->0(313)
[2019-08-29T14:46:28.499+0930][gc,heap       ] GC(20) Survivor regions: 2->2(37)
[2019-08-29T14:46:28.499+0930][gc,heap       ] GC(20) Old regions: 14->14
[2019-08-29T14:46:28.499+0930][gc,heap       ] GC(20) Humongous regions: 129->129
[2019-08-29T14:46:28.499+0930][gc,metaspace  ] GC(20) Metaspace: 33077K->33077K(1079296K)
[2019-08-29T14:46:28.499+0930][gc            ] GC(20) Pause Young (Normal) (G1 Evacuation Pause) 432M->142M(1024M) 3.274ms
[2019-08-29T14:46:28.499+0930][gc,cpu        ] GC(20) User=0.05s Sys=0.08s Real=0.01s
[2019-08-29T14:46:35.207+0930][gc,start      ] GC(21) Pause Young (Normal) (G1 Evacuation Pause)
[2019-08-29T14:46:35.207+0930][gc,task       ] GC(21) Using 8 workers of 8 for evacuation
[2019-08-29T14:46:35.210+0930][gc,phases     ] GC(21)   Pre Evacuate Collection Set: 0.0ms
[2019-08-29T14:46:35.210+0930][gc,phases     ] GC(21)   Evacuate Collection Set: 2.4ms
[2019-08-29T14:46:35.210+0930][gc,phases     ] GC(21)   Post Evacuate Collection Set: 0.4ms
[2019-08-29T14:46:35.211+0930][gc,phases     ] GC(21)   Other: 0.2ms
[2019-08-29T14:46:35.211+0930][gc,heap       ] GC(21) Eden regions: 313->0(331)
[2019-08-29T14:46:35.211+0930][gc,heap       ] GC(21) Survivor regions: 2->2(40)
[2019-08-29T14:46:35.211+0930][gc,heap       ] GC(21) Old regions: 14->14
[2019-08-29T14:46:35.211+0930][gc,heap       ] GC(21) Humongous regions: 129->129
[2019-08-29T14:46:35.211+0930][gc,metaspace  ] GC(21) Metaspace: 33084K->33084K(1079296K)
[2019-08-29T14:46:35.211+0930][gc            ] GC(21) Pause Young (Normal) (G1 Evacuation Pause) 455M->143M(1024M) 3.234ms
[2019-08-29T14:46:35.211+0930][gc,cpu        ] GC(21) User=0.00s Sys=0.00s Real=0.00s
[2019-08-29T14:46:42.263+0930][gc,start      ] GC(22) Pause Young (Normal) (G1 Evacuation Pause)
[2019-08-29T14:46:42.263+0930][gc,task       ] GC(22) Using 8 workers of 8 for evacuation
[2019-08-29T14:46:42.267+0930][gc,phases     ] GC(22)   Pre Evacuate Collection Set: 0.0ms
[2019-08-29T14:46:42.267+0930][gc,phases     ] GC(22)   Evacuate Collection Set: 2.8ms
[2019-08-29T14:46:42.267+0930][gc,phases     ] GC(22)   Post Evacuate Collection Set: 0.5ms
[2019-08-29T14:46:42.267+0930][gc,phases     ] GC(22)   Other: 0.3ms
[2019-08-29T14:46:42.267+0930][gc,heap       ] GC(22) Eden regions: 331->0(344)
[2019-08-29T14:46:42.267+0930][gc,heap       ] GC(22) Survivor regions: 2->2(42)
[2019-08-29T14:46:42.267+0930][gc,heap       ] GC(22) Old regions: 14->14
[2019-08-29T14:46:42.267+0930][gc,heap       ] GC(22) Humongous regions: 129->129
[2019-08-29T14:46:42.267+0930][gc,metaspace  ] GC(22) Metaspace: 33084K->33084K(1079296K)
[2019-08-29T14:46:42.267+0930][gc            ] GC(22) Pause Young (Normal) (G1 Evacuation Pause) 474M->143M(1024M) 3.695ms
[2019-08-29T14:46:42.267+0930][gc,cpu        ] GC(22) User=0.00s Sys=0.00s Real=0.01s
[2019-08-29T14:46:49.655+0930][gc,start      ] GC(23) Pause Young (Normal) (G1 Evacuation Pause)
[2019-08-29T14:46:49.655+0930][gc,task       ] GC(23) Using 8 workers of 8 for evacuation
[2019-08-29T14:46:49.659+0930][gc,phases     ] GC(23)   Pre Evacuate Collection Set: 0.0ms
[2019-08-29T14:46:49.659+0930][gc,phases     ] GC(23)   Evacuate Collection Set: 2.8ms
[2019-08-29T14:46:49.659+0930][gc,phases     ] GC(23)   Post Evacuate Collection Set: 0.4ms
[2019-08-29T14:46:49.659+0930][gc,phases     ] GC(23)   Other: 0.2ms
[2019-08-29T14:46:49.659+0930][gc,heap       ] GC(23) Eden regions: 344->0(358)
[2019-08-29T14:46:49.659+0930][gc,heap       ] GC(23) Survivor regions: 2->3(44)
[2019-08-29T14:46:49.659+0930][gc,heap       ] GC(23) Old regions: 14->14
[2019-08-29T14:46:49.659+0930][gc,heap       ] GC(23) Humongous regions: 129->129
[2019-08-29T14:46:49.659+0930][gc,metaspace  ] GC(23) Metaspace: 33102K->33102K(1079296K)
[2019-08-29T14:46:49.659+0930][gc            ] GC(23) Pause Young (Normal) (G1 Evacuation Pause) 487M->143M(1024M) 3.626ms
[2019-08-29T14:46:49.659+0930][gc,cpu        ] GC(23) User=0.00s Sys=0.00s Real=0.01s
[2019-08-29T14:46:57.246+0930][gc,start      ] GC(24) Pause Young (Normal) (G1 Evacuation Pause)
[2019-08-29T14:46:57.246+0930][gc,task       ] GC(24) Using 8 workers of 8 for evacuation
[2019-08-29T14:46:57.251+0930][gc,phases     ] GC(24)   Pre Evacuate Collection Set: 0.2ms
[2019-08-29T14:46:57.251+0930][gc,phases     ] GC(24)   Evacuate Collection Set: 3.4ms
[2019-08-29T14:46:57.251+0930][gc,phases     ] GC(24)   Post Evacuate Collection Set: 0.4ms
[2019-08-29T14:46:57.251+0930][gc,phases     ] GC(24)   Other: 0.3ms
[2019-08-29T14:46:57.251+0930][gc,heap       ] GC(24) Eden regions: 358->0(530)
[2019-08-29T14:46:57.251+0930][gc,heap       ] GC(24) Survivor regions: 3->3(46)
[2019-08-29T14:46:57.251+0930][gc,heap       ] GC(24) Old regions: 14->15
[2019-08-29T14:46:57.251+0930][gc,heap       ] GC(24) Humongous regions: 129->129
[2019-08-29T14:46:57.251+0930][gc,metaspace  ] GC(24) Metaspace: 33102K->33102K(1079296K)
[2019-08-29T14:46:57.251+0930][gc            ] GC(24) Pause Young (Normal) (G1 Evacuation Pause) 501M->144M(1024M) 4.366ms
[2019-08-29T14:46:57.251+0930][gc,cpu        ] GC(24) User=0.00s Sys=0.00s Real=0.00s
[2019-08-29T14:47:11.235+0930][gc,start      ] GC(25) Pause Young (Normal) (G1 Evacuation Pause)
[2019-08-29T14:47:11.236+0930][gc,task       ] GC(25) Using 8 workers of 8 for evacuation
[2019-08-29T14:47:11.241+0930][gc,phases     ] GC(25)   Pre Evacuate Collection Set: 0.0ms
[2019-08-29T14:47:11.241+0930][gc,phases     ] GC(25)   Evacuate Collection Set: 4.4ms
[2019-08-29T14:47:11.241+0930][gc,phases     ] GC(25)   Post Evacuate Collection Set: 0.6ms
[2019-08-29T14:47:11.241+0930][gc,phases     ] GC(25)   Other: 0.2ms
[2019-08-29T14:47:11.241+0930][gc,heap       ] GC(25) Eden regions: 528->0(556)
[2019-08-29T14:47:11.241+0930][gc,heap       ] GC(25) Survivor regions: 3->3(67)
[2019-08-29T14:47:11.241+0930][gc,heap       ] GC(25) Old regions: 15->15
[2019-08-29T14:47:11.241+0930][gc,heap       ] GC(25) Humongous regions: 129->129
[2019-08-29T14:47:11.241+0930][gc,metaspace  ] GC(25) Metaspace: 33186K->33186K(1079296K)
[2019-08-29T14:47:11.241+0930][gc            ] GC(25) Pause Young (Normal) (G1 Evacuation Pause) 672M->144M(1024M) 5.327ms
[2019-08-29T14:47:11.241+0930][gc,cpu        ] GC(25) User=0.00s Sys=0.00s Real=0.00s
[2019-08-29T14:47:23.932+0930][gc,start      ] GC(26) Pause Young (Normal) (G1 Evacuation Pause)
[2019-08-29T14:47:23.932+0930][gc,task       ] GC(26) Using 8 workers of 8 for evacuation
[2019-08-29T14:47:23.938+0930][gc,phases     ] GC(26)   Pre Evacuate Collection Set: 0.0ms
[2019-08-29T14:47:23.938+0930][gc,phases     ] GC(26)   Evacuate Collection Set: 4.8ms
[2019-08-29T14:47:23.938+0930][gc,phases     ] GC(26)   Post Evacuate Collection Set: 0.5ms
[2019-08-29T14:47:23.938+0930][gc,phases     ] GC(26)   Other: 0.3ms
[2019-08-29T14:47:23.938+0930][gc,heap       ] GC(26) Eden regions: 555->0(566)
[2019-08-29T14:47:23.938+0930][gc,heap       ] GC(26) Survivor regions: 3->3(70)
[2019-08-29T14:47:23.938+0930][gc,heap       ] GC(26) Old regions: 15->15
[2019-08-29T14:47:23.938+0930][gc,heap       ] GC(26) Humongous regions: 129->129
[2019-08-29T14:47:23.938+0930][gc,metaspace  ] GC(26) Metaspace: 33196K->33196K(1079296K)
[2019-08-29T14:47:23.938+0930][gc            ] GC(26) Pause Young (Normal) (G1 Evacuation Pause) 699M->144M(1024M) 5.735ms
[2019-08-29T14:47:23.938+0930][gc,cpu        ] GC(26) User=0.03s Sys=0.04s Real=0.01s
[2019-08-29T14:47:36.085+0930][gc,start      ] GC(27) Pause Young (Normal) (G1 Evacuation Pause)
[2019-08-29T14:47:36.085+0930][gc,task       ] GC(27) Using 8 workers of 8 for evacuation
[2019-08-29T14:47:36.091+0930][gc,phases     ] GC(27)   Pre Evacuate Collection Set: 0.0ms
[2019-08-29T14:47:36.091+0930][gc,phases     ] GC(27)   Evacuate Collection Set: 5.1ms
[2019-08-29T14:47:36.091+0930][gc,phases     ] GC(27)   Post Evacuate Collection Set: 0.7ms
[2019-08-29T14:47:36.091+0930][gc,phases     ] GC(27)   Other: 0.3ms
[2019-08-29T14:47:36.091+0930][gc,heap       ] GC(27) Eden regions: 566->0(577)
[2019-08-29T14:47:36.091+0930][gc,heap       ] GC(27) Survivor regions: 3->4(72)
[2019-08-29T14:47:36.091+0930][gc,heap       ] GC(27) Old regions: 15->15
[2019-08-29T14:47:36.091+0930][gc,heap       ] GC(27) Humongous regions: 129->129
[2019-08-29T14:47:36.091+0930][gc,metaspace  ] GC(27) Metaspace: 33198K->33198K(1079296K)
[2019-08-29T14:47:36.091+0930][gc            ] GC(27) Pause Young (Normal) (G1 Evacuation Pause) 710M->145M(1024M) 6.286ms
[2019-08-29T14:47:36.091+0930][gc,cpu        ] GC(27) User=0.02s Sys=0.00s Real=0.01s
[2019-08-29T14:47:49.267+0930][gc,start      ] GC(28) Pause Young (Normal) (G1 Evacuation Pause)
[2019-08-29T14:47:49.267+0930][gc,task       ] GC(28) Using 8 workers of 8 for evacuation
[2019-08-29T14:47:49.273+0930][gc,phases     ] GC(28)   Pre Evacuate Collection Set: 0.0ms
[2019-08-29T14:47:49.274+0930][gc,phases     ] GC(28)   Evacuate Collection Set: 5.4ms
[2019-08-29T14:47:49.274+0930][gc,phases     ] GC(28)   Post Evacuate Collection Set: 0.5ms
[2019-08-29T14:47:49.274+0930][gc,phases     ] GC(28)   Other: 0.3ms
[2019-08-29T14:47:49.274+0930][gc,heap       ] GC(28) Eden regions: 577->0(610)
[2019-08-29T14:47:49.274+0930][gc,heap       ] GC(28) Survivor regions: 4->4(73)
[2019-08-29T14:47:49.274+0930][gc,heap       ] GC(28) Old regions: 15->15
[2019-08-29T14:47:49.274+0930][gc,heap       ] GC(28) Humongous regions: 129->129
[2019-08-29T14:47:49.274+0930][gc,metaspace  ] GC(28) Metaspace: 33209K->33209K(1079296K)
[2019-08-29T14:47:49.274+0930][gc            ] GC(28) Pause Young (Normal) (G1 Evacuation Pause) 722M->145M(1024M) 6.321ms
[2019-08-29T14:47:49.274+0930][gc,cpu        ] GC(28) User=0.00s Sys=0.00s Real=0.00s
[2019-08-29T14:48:02.834+0930][gc,start      ] GC(29) Pause Young (Normal) (G1 Evacuation Pause)
[2019-08-29T14:48:02.834+0930][gc,task       ] GC(29) Using 8 workers of 8 for evacuation
[2019-08-29T14:48:02.841+0930][gc,phases     ] GC(29)   Pre Evacuate Collection Set: 0.0ms
[2019-08-29T14:48:02.841+0930][gc,phases     ] GC(29)   Evacuate Collection Set: 6.1ms
[2019-08-29T14:48:02.841+0930][gc,phases     ] GC(29)   Post Evacuate Collection Set: 0.6ms
[2019-08-29T14:48:02.841+0930][gc,phases     ] GC(29)   Other: 0.3ms
[2019-08-29T14:48:02.841+0930][gc,heap       ] GC(29) Eden regions: 610->0(610)
[2019-08-29T14:48:02.841+0930][gc,heap       ] GC(29) Survivor regions: 4->4(77)
[2019-08-29T14:48:02.841+0930][gc,heap       ] GC(29) Old regions: 15->15
[2019-08-29T14:48:02.841+0930][gc,heap       ] GC(29) Humongous regions: 129->129
[2019-08-29T14:48:02.841+0930][gc,metaspace  ] GC(29) Metaspace: 33248K->33248K(1079296K)
[2019-08-29T14:48:02.841+0930][gc            ] GC(29) Pause Young (Normal) (G1 Evacuation Pause) 755M->146M(1024M) 7.166ms
[2019-08-29T14:48:02.841+0930][gc,cpu        ] GC(29) User=0.08s Sys=0.04s Real=0.01s
[2019-08-29T14:48:17.051+0930][gc,start      ] GC(30) Pause Young (Normal) (G1 Evacuation Pause)
[2019-08-29T14:48:17.051+0930][gc,task       ] GC(30) Using 8 workers of 8 for evacuation
[2019-08-29T14:48:17.056+0930][gc,phases     ] GC(30)   Pre Evacuate Collection Set: 0.0ms
[2019-08-29T14:48:17.056+0930][gc,phases     ] GC(30)   Evacuate Collection Set: 3.5ms
[2019-08-29T14:48:17.056+0930][gc,phases     ] GC(30)   Post Evacuate Collection Set: 0.6ms
[2019-08-29T14:48:17.056+0930][gc,phases     ] GC(30)   Other: 0.3ms
[2019-08-29T14:48:17.056+0930][gc,heap       ] GC(30) Eden regions: 610->0(609)
[2019-08-29T14:48:17.056+0930][gc,heap       ] GC(30) Survivor regions: 4->5(77)
[2019-08-29T14:48:17.056+0930][gc,heap       ] GC(30) Old regions: 15->15
[2019-08-29T14:48:17.056+0930][gc,heap       ] GC(30) Humongous regions: 129->129
[2019-08-29T14:48:17.056+0930][gc,metaspace  ] GC(30) Metaspace: 33265K->33265K(1079296K)
[2019-08-29T14:48:17.056+0930][gc            ] GC(30) Pause Young (Normal) (G1 Evacuation Pause) 756M->146M(1024M) 4.583ms
[2019-08-29T14:48:17.056+0930][gc,cpu        ] GC(30) User=0.00s Sys=0.00s Real=0.01s
[2019-08-29T14:48:30.827+0930][gc,start      ] GC(31) Pause Young (Normal) (G1 Evacuation Pause)
[2019-08-29T14:48:30.827+0930][gc,task       ] GC(31) Using 8 workers of 8 for evacuation
[2019-08-29T14:48:30.833+0930][gc,phases     ] GC(31)   Pre Evacuate Collection Set: 0.0ms
[2019-08-29T14:48:30.833+0930][gc,phases     ] GC(31)   Evacuate Collection Set: 4.6ms
[2019-08-29T14:48:30.833+0930][gc,phases     ] GC(31)   Post Evacuate Collection Set: 0.8ms
[2019-08-29T14:48:30.833+0930][gc,phases     ] GC(31)   Other: 0.3ms
[2019-08-29T14:48:30.833+0930][gc,heap       ] GC(31) Eden regions: 609->0(609)
[2019-08-29T14:48:30.833+0930][gc,heap       ] GC(31) Survivor regions: 5->5(77)
[2019-08-29T14:48:30.833+0930][gc,heap       ] GC(31) Old regions: 15->15
[2019-08-29T14:48:30.833+0930][gc,heap       ] GC(31) Humongous regions: 129->129
[2019-08-29T14:48:30.833+0930][gc,metaspace  ] GC(31) Metaspace: 33265K->33265K(1079296K)
[2019-08-29T14:48:30.833+0930][gc            ] GC(31) Pause Young (Normal) (G1 Evacuation Pause) 755M->146M(1024M) 5.771ms
[2019-08-29T14:48:30.833+0930][gc,cpu        ] GC(31) User=0.00s Sys=0.00s Real=0.00s
[2019-08-29T14:48:45.244+0930][gc,start      ] GC(32) Pause Young (Normal) (G1 Evacuation Pause)
[2019-08-29T14:48:45.244+0930][gc,task       ] GC(32) Using 8 workers of 8 for evacuation
[2019-08-29T14:48:45.249+0930][gc,phases     ] GC(32)   Pre Evacuate Collection Set: 0.0ms
[2019-08-29T14:48:45.249+0930][gc,phases     ] GC(32)   Evacuate Collection Set: 3.6ms
[2019-08-29T14:48:45.249+0930][gc,phases     ] GC(32)   Post Evacuate Collection Set: 0.6ms
[2019-08-29T14:48:45.249+0930][gc,phases     ] GC(32)   Other: 0.2ms
[2019-08-29T14:48:45.249+0930][gc,heap       ] GC(32) Eden regions: 609->0(609)
[2019-08-29T14:48:45.249+0930][gc,heap       ] GC(32) Survivor regions: 5->5(77)
[2019-08-29T14:48:45.249+0930][gc,heap       ] GC(32) Old regions: 15->15
[2019-08-29T14:48:45.249+0930][gc,heap       ] GC(32) Humongous regions: 129->129
[2019-08-29T14:48:45.249+0930][gc,metaspace  ] GC(32) Metaspace: 33266K->33266K(1079296K)
[2019-08-29T14:48:45.249+0930][gc            ] GC(32) Pause Young (Normal) (G1 Evacuation Pause) 755M->147M(1024M) 4.613ms
[2019-08-29T14:48:45.249+0930][gc,cpu        ] GC(32) User=0.13s Sys=0.00s Real=0.01s
[2019-08-29T14:48:59.967+0930][gc,start      ] GC(33) Pause Young (Normal) (G1 Evacuation Pause)
[2019-08-29T14:48:59.967+0930][gc,task       ] GC(33) Using 8 workers of 8 for evacuation
[2019-08-29T14:48:59.972+0930][gc,phases     ] GC(33)   Pre Evacuate Collection Set: 0.0ms
[2019-08-29T14:48:59.972+0930][gc,phases     ] GC(33)   Evacuate Collection Set: 4.0ms
[2019-08-29T14:48:59.972+0930][gc,phases     ] GC(33)   Post Evacuate Collection Set: 0.6ms
[2019-08-29T14:48:59.972+0930][gc,phases     ] GC(33)   Other: 0.3ms
[2019-08-29T14:48:59.972+0930][gc,heap       ] GC(33) Eden regions: 609->0(609)
[2019-08-29T14:48:59.972+0930][gc,heap       ] GC(33) Survivor regions: 5->5(77)
[2019-08-29T14:48:59.972+0930][gc,heap       ] GC(33) Old regions: 15->15
[2019-08-29T14:48:59.972+0930][gc,heap       ] GC(33) Humongous regions: 129->129
[2019-08-29T14:48:59.972+0930][gc,metaspace  ] GC(33) Metaspace: 33273K->33273K(1079296K)
[2019-08-29T14:48:59.972+0930][gc            ] GC(33) Pause Young (Normal) (G1 Evacuation Pause) 756M->147M(1024M) 5.035ms
[2019-08-29T14:48:59.972+0930][gc,cpu        ] GC(33) User=0.00s Sys=0.00s Real=0.00s
[2019-08-29T14:49:14.417+0930][gc,start      ] GC(34) Pause Young (Normal) (G1 Evacuation Pause)
[2019-08-29T14:49:14.417+0930][gc,task       ] GC(34) Using 8 workers of 8 for evacuation
[2019-08-29T14:49:14.422+0930][gc,phases     ] GC(34)   Pre Evacuate Collection Set: 0.0ms
[2019-08-29T14:49:14.422+0930][gc,phases     ] GC(34)   Evacuate Collection Set: 4.1ms
[2019-08-29T14:49:14.422+0930][gc,phases     ] GC(34)   Post Evacuate Collection Set: 0.6ms
[2019-08-29T14:49:14.422+0930][gc,phases     ] GC(34)   Other: 0.3ms
[2019-08-29T14:49:14.422+0930][gc,heap       ] GC(34) Eden regions: 609->0(608)
[2019-08-29T14:49:14.422+0930][gc,heap       ] GC(34) Survivor regions: 5->6(77)
[2019-08-29T14:49:14.422+0930][gc,heap       ] GC(34) Old regions: 15->16
[2019-08-29T14:49:14.422+0930][gc,heap       ] GC(34) Humongous regions: 129->129
[2019-08-29T14:49:14.422+0930][gc,metaspace  ] GC(34) Metaspace: 33274K->33274K(1079296K)
[2019-08-29T14:49:14.422+0930][gc            ] GC(34) Pause Young (Normal) (G1 Evacuation Pause) 756M->147M(1024M) 5.112ms
[2019-08-29T14:49:14.422+0930][gc,cpu        ] GC(34) User=0.12s Sys=0.00s Real=0.00s
[2019-08-29T14:49:28.894+0930][gc,start      ] GC(35) Pause Young (Concurrent Start) (Metadata GC Threshold)
[2019-08-29T14:49:28.894+0930][gc,task       ] GC(35) Using 8 workers of 8 for evacuation
[2019-08-29T14:49:28.905+0930][gc,phases     ] GC(35)   Pre Evacuate Collection Set: 0.2ms
[2019-08-29T14:49:28.905+0930][gc,phases     ] GC(35)   Evacuate Collection Set: 9.7ms
[2019-08-29T14:49:28.905+0930][gc,phases     ] GC(35)   Post Evacuate Collection Set: 0.8ms
[2019-08-29T14:49:28.905+0930][gc,phases     ] GC(35)   Other: 0.5ms
[2019-08-29T14:49:28.905+0930][gc,heap       ] GC(35) Eden regions: 582->0(608)
[2019-08-29T14:49:28.905+0930][gc,heap       ] GC(35) Survivor regions: 6->6(77)
[2019-08-29T14:49:28.905+0930][gc,heap       ] GC(35) Old regions: 16->16
[2019-08-29T14:49:28.905+0930][gc,heap       ] GC(35) Humongous regions: 129->129
[2019-08-29T14:49:28.905+0930][gc,metaspace  ] GC(35) Metaspace: 33719K->33719K(1079296K)
[2019-08-29T14:49:28.905+0930][gc            ] GC(35) Pause Young (Concurrent Start) (Metadata GC Threshold) 728M->148M(1024M) 11.314ms
[2019-08-29T14:49:28.905+0930][gc,cpu        ] GC(35) User=0.06s Sys=0.05s Real=0.02s
[2019-08-29T14:49:28.905+0930][gc            ] GC(36) Concurrent Cycle
[2019-08-29T14:49:28.905+0930][gc,marking    ] GC(36) Concurrent Clear Claimed Marks
[2019-08-29T14:49:28.906+0930][gc,marking    ] GC(36) Concurrent Clear Claimed Marks 0.247ms
[2019-08-29T14:49:28.906+0930][gc,marking    ] GC(36) Concurrent Scan Root Regions
[2019-08-29T14:49:28.910+0930][gc,marking    ] GC(36) Concurrent Scan Root Regions 4.077ms
[2019-08-29T14:49:28.910+0930][gc,marking    ] GC(36) Concurrent Mark (254.282s)
[2019-08-29T14:49:28.910+0930][gc,marking    ] GC(36) Concurrent Mark From Roots
[2019-08-29T14:49:28.910+0930][gc,task       ] GC(36) Using 2 workers of 2 for marking
[2019-08-29T14:49:28.933+0930][gc,marking    ] GC(36) Concurrent Mark From Roots 22.727ms
[2019-08-29T14:49:28.933+0930][gc,marking    ] GC(36) Concurrent Preclean
[2019-08-29T14:49:28.933+0930][gc,marking    ] GC(36) Concurrent Preclean 0.280ms
[2019-08-29T14:49:28.933+0930][gc,marking    ] GC(36) Concurrent Mark (254.282s, 254.305s) 23.120ms
[2019-08-29T14:49:28.933+0930][gc,start      ] GC(36) Pause Remark
[2019-08-29T14:49:28.937+0930][gc,stringtable] GC(36) Cleaned string and symbol table, strings: 11159 processed, 11 removed, symbols: 73240 processed, 16 removed
[2019-08-29T14:49:28.937+0930][gc            ] GC(36) Pause Remark 153M->153M(1024M) 4.005ms
[2019-08-29T14:49:28.937+0930][gc,cpu        ] GC(36) User=0.01s Sys=0.00s Real=0.01s
[2019-08-29T14:49:28.937+0930][gc,marking    ] GC(36) Concurrent Rebuild Remembered Sets
[2019-08-29T14:49:28.949+0930][gc,marking    ] GC(36) Concurrent Rebuild Remembered Sets 12.121ms
[2019-08-29T14:49:28.950+0930][gc,start      ] GC(36) Pause Cleanup
[2019-08-29T14:49:28.950+0930][gc            ] GC(36) Pause Cleanup 153M->153M(1024M) 0.221ms
[2019-08-29T14:49:28.950+0930][gc,cpu        ] GC(36) User=0.00s Sys=0.00s Real=0.00s
[2019-08-29T14:49:28.950+0930][gc,marking    ] GC(36) Concurrent Cleanup for Next Mark
[2019-08-29T14:49:28.971+0930][gc,marking    ] GC(36) Concurrent Cleanup for Next Mark 20.568ms
[2019-08-29T14:49:28.971+0930][gc            ] GC(36) Concurrent Cycle 65.231ms
[2019-08-29T14:49:30.025+0930][gc,start      ] GC(37) Pause Young (Normal) (G1 Evacuation Pause)
[2019-08-29T14:49:30.026+0930][gc,task       ] GC(37) Using 8 workers of 8 for evacuation
[2019-08-29T14:49:30.032+0930][gc,phases     ] GC(37)   Pre Evacuate Collection Set: 0.0ms
[2019-08-29T14:49:30.032+0930][gc,phases     ] GC(37)   Evacuate Collection Set: 5.5ms
[2019-08-29T14:49:30.032+0930][gc,phases     ] GC(37)   Post Evacuate Collection Set: 0.4ms
[2019-08-29T14:49:30.032+0930][gc,phases     ] GC(37)   Other: 0.2ms
[2019-08-29T14:49:30.032+0930][gc,heap       ] GC(37) Eden regions: 45->0(199)
[2019-08-29T14:49:30.032+0930][gc,heap       ] GC(37) Survivor regions: 6->4(7)
[2019-08-29T14:49:30.032+0930][gc,heap       ] GC(37) Old regions: 16->18
[2019-08-29T14:49:30.032+0930][gc,heap       ] GC(37) Humongous regions: 129->129
[2019-08-29T14:49:30.032+0930][gc,metaspace  ] GC(37) Metaspace: 34281K->34281K(1079296K)
[2019-08-29T14:49:30.032+0930][gc            ] GC(37) Pause Young (Normal) (G1 Evacuation Pause) 193M->148M(1024M) 6.239ms
[2019-08-29T14:49:30.032+0930][gc,cpu        ] GC(37) User=0.11s Sys=0.02s Real=0.00s
[2019-08-29T14:49:35.322+0930][gc,start      ] GC(38) Pause Young (Normal) (G1 Evacuation Pause)
[2019-08-29T14:49:35.322+0930][gc,task       ] GC(38) Using 8 workers of 8 for evacuation
[2019-08-29T14:49:35.326+0930][gc,phases     ] GC(38)   Pre Evacuate Collection Set: 0.0ms
[2019-08-29T14:49:35.326+0930][gc,phases     ] GC(38)   Evacuate Collection Set: 3.6ms
[2019-08-29T14:49:35.326+0930][gc,phases     ] GC(38)   Post Evacuate Collection Set: 0.4ms
[2019-08-29T14:49:35.326+0930][gc,phases     ] GC(38)   Other: 0.2ms
[2019-08-29T14:49:35.326+0930][gc,heap       ] GC(38) Eden regions: 199->0(225)
[2019-08-29T14:49:35.326+0930][gc,heap       ] GC(38) Survivor regions: 4->4(26)
[2019-08-29T14:49:35.326+0930][gc,heap       ] GC(38) Old regions: 18->18
[2019-08-29T14:49:35.326+0930][gc,heap       ] GC(38) Humongous regions: 129->129
[2019-08-29T14:49:35.326+0930][gc,metaspace  ] GC(38) Metaspace: 34305K->34305K(1079296K)
[2019-08-29T14:49:35.326+0930][gc            ] GC(38) Pause Young (Normal) (G1 Evacuation Pause) 347M->148M(1024M) 4.454ms
[2019-08-29T14:49:35.326+0930][gc,cpu        ] GC(38) User=0.08s Sys=0.00s Real=0.01s
[2019-08-29T14:49:40.651+0930][gc,start      ] GC(39) Pause Young (Normal) (G1 Evacuation Pause)
[2019-08-29T14:49:40.651+0930][gc,task       ] GC(39) Using 8 workers of 8 for evacuation
[2019-08-29T14:49:40.655+0930][gc,phases     ] GC(39)   Pre Evacuate Collection Set: 0.0ms
[2019-08-29T14:49:40.655+0930][gc,phases     ] GC(39)   Evacuate Collection Set: 3.2ms
[2019-08-29T14:49:40.655+0930][gc,phases     ] GC(39)   Post Evacuate Collection Set: 0.4ms
[2019-08-29T14:49:40.655+0930][gc,phases     ] GC(39)   Other: 0.2ms
[2019-08-29T14:49:40.655+0930][gc,heap       ] GC(39) Eden regions: 225->0(247)
[2019-08-29T14:49:40.655+0930][gc,heap       ] GC(39) Survivor regions: 4->4(29)
[2019-08-29T14:49:40.655+0930][gc,heap       ] GC(39) Old regions: 18->18
[2019-08-29T14:49:40.655+0930][gc,heap       ] GC(39) Humongous regions: 129->129
[2019-08-29T14:49:40.655+0930][gc,metaspace  ] GC(39) Metaspace: 34309K->34309K(1079296K)
[2019-08-29T14:49:40.655+0930][gc            ] GC(39) Pause Young (Normal) (G1 Evacuation Pause) 373M->148M(1024M) 4.034ms
[2019-08-29T14:49:40.655+0930][gc,cpu        ] GC(39) User=0.13s Sys=0.00s Real=0.00s
[2019-08-29T14:49:46.354+0930][gc,start      ] GC(40) Pause Young (Normal) (G1 Evacuation Pause)
[2019-08-29T14:49:46.354+0930][gc,task       ] GC(40) Using 8 workers of 8 for evacuation
[2019-08-29T14:49:46.358+0930][gc,phases     ] GC(40)   Pre Evacuate Collection Set: 0.0ms
[2019-08-29T14:49:46.358+0930][gc,phases     ] GC(40)   Evacuate Collection Set: 3.2ms
[2019-08-29T14:49:46.358+0930][gc,phases     ] GC(40)   Post Evacuate Collection Set: 0.4ms
[2019-08-29T14:49:46.358+0930][gc,phases     ] GC(40)   Other: 0.3ms
[2019-08-29T14:49:46.358+0930][gc,heap       ] GC(40) Eden regions: 247->0(264)
[2019-08-29T14:49:46.358+0930][gc,heap       ] GC(40) Survivor regions: 4->4(32)
[2019-08-29T14:49:46.358+0930][gc,heap       ] GC(40) Old regions: 18->18
[2019-08-29T14:49:46.358+0930][gc,heap       ] GC(40) Humongous regions: 129->129
[2019-08-29T14:49:46.358+0930][gc,metaspace  ] GC(40) Metaspace: 34328K->34328K(1079296K)
[2019-08-29T14:49:46.358+0930][gc            ] GC(40) Pause Young (Normal) (G1 Evacuation Pause) 395M->148M(1024M) 4.122ms
[2019-08-29T14:49:46.358+0930][gc,cpu        ] GC(40) User=0.13s Sys=0.00s Real=0.01s
[2019-08-29T14:49:52.859+0930][gc,start      ] GC(41) Pause Young (Normal) (G1 Evacuation Pause)
[2019-08-29T14:49:52.859+0930][gc,task       ] GC(41) Using 8 workers of 8 for evacuation
[2019-08-29T14:49:52.863+0930][gc,phases     ] GC(41)   Pre Evacuate Collection Set: 0.0ms
[2019-08-29T14:49:52.863+0930][gc,phases     ] GC(41)   Evacuate Collection Set: 3.6ms
[2019-08-29T14:49:52.863+0930][gc,phases     ] GC(41)   Post Evacuate Collection Set: 0.5ms
[2019-08-29T14:49:52.863+0930][gc,phases     ] GC(41)   Other: 0.2ms
[2019-08-29T14:49:52.863+0930][gc,heap       ] GC(41) Eden regions: 264->0(278)
[2019-08-29T14:49:52.863+0930][gc,heap       ] GC(41) Survivor regions: 4->5(34)
[2019-08-29T14:49:52.863+0930][gc,heap       ] GC(41) Old regions: 18->18
[2019-08-29T14:49:52.863+0930][gc,heap       ] GC(41) Humongous regions: 129->129
[2019-08-29T14:49:52.863+0930][gc,metaspace  ] GC(41) Metaspace: 34332K->34332K(1079296K)
[2019-08-29T14:49:52.863+0930][gc            ] GC(41) Pause Young (Normal) (G1 Evacuation Pause) 412M->149M(1024M) 4.459ms
[2019-08-29T14:49:52.863+0930][gc,cpu        ] GC(41) User=0.00s Sys=0.00s Real=0.00s
[2019-08-29T14:49:59.482+0930][gc,start      ] GC(42) Pause Young (Normal) (G1 Evacuation Pause)
[2019-08-29T14:49:59.482+0930][gc,task       ] GC(42) Using 8 workers of 8 for evacuation
[2019-08-29T14:49:59.486+0930][gc,phases     ] GC(42)   Pre Evacuate Collection Set: 0.0ms
[2019-08-29T14:49:59.486+0930][gc,phases     ] GC(42)   Evacuate Collection Set: 3.5ms
[2019-08-29T14:49:59.486+0930][gc,phases     ] GC(42)   Post Evacuate Collection Set: 0.4ms
[2019-08-29T14:49:59.486+0930][gc,phases     ] GC(42)   Other: 0.2ms
[2019-08-29T14:49:59.486+0930][gc,heap       ] GC(42) Eden regions: 278->0(295)
[2019-08-29T14:49:59.486+0930][gc,heap       ] GC(42) Survivor regions: 5->5(36)
[2019-08-29T14:49:59.486+0930][gc,heap       ] GC(42) Old regions: 18->18
[2019-08-29T14:49:59.486+0930][gc,heap       ] GC(42) Humongous regions: 129->129
[2019-08-29T14:49:59.486+0930][gc,metaspace  ] GC(42) Metaspace: 34338K->34338K(1081344K)
[2019-08-29T14:49:59.486+0930][gc            ] GC(42) Pause Young (Normal) (G1 Evacuation Pause) 427M->149M(1024M) 4.312ms
[2019-08-29T14:49:59.486+0930][gc,cpu        ] GC(42) User=0.00s Sys=0.00s Real=0.01s
[2019-08-29T14:50:06.357+0930][gc,start      ] GC(43) Pause Young (Normal) (G1 Evacuation Pause)
[2019-08-29T14:50:06.357+0930][gc,task       ] GC(43) Using 8 workers of 8 for evacuation
[2019-08-29T14:50:06.362+0930][gc,phases     ] GC(43)   Pre Evacuate Collection Set: 0.0ms
[2019-08-29T14:50:06.362+0930][gc,phases     ] GC(43)   Evacuate Collection Set: 3.8ms
[2019-08-29T14:50:06.362+0930][gc,phases     ] GC(43)   Post Evacuate Collection Set: 0.5ms
[2019-08-29T14:50:06.362+0930][gc,phases     ] GC(43)   Other: 0.3ms
[2019-08-29T14:50:06.362+0930][gc,heap       ] GC(43) Eden regions: 295->0(315)
[2019-08-29T14:50:06.362+0930][gc,heap       ] GC(43) Survivor regions: 5->5(38)
[2019-08-29T14:50:06.362+0930][gc,heap       ] GC(43) Old regions: 18->18
[2019-08-29T14:50:06.362+0930][gc,heap       ] GC(43) Humongous regions: 129->129
[2019-08-29T14:50:06.362+0930][gc,metaspace  ] GC(43) Metaspace: 34339K->34339K(1081344K)
[2019-08-29T14:50:06.362+0930][gc            ] GC(43) Pause Young (Normal) (G1 Evacuation Pause) 444M->149M(1024M) 4.702ms
[2019-08-29T14:50:06.362+0930][gc,cpu        ] GC(43) User=0.00s Sys=0.00s Real=0.00s
[2019-08-29T14:50:14.230+0930][gc,start      ] GC(44) Pause Young (Normal) (G1 Evacuation Pause)
[2019-08-29T14:50:14.231+0930][gc,task       ] GC(44) Using 8 workers of 8 for evacuation
[2019-08-29T14:50:14.235+0930][gc,phases     ] GC(44)   Pre Evacuate Collection Set: 0.0ms
[2019-08-29T14:50:14.235+0930][gc,phases     ] GC(44)   Evacuate Collection Set: 3.8ms
[2019-08-29T14:50:14.235+0930][gc,phases     ] GC(44)   Post Evacuate Collection Set: 0.5ms
[2019-08-29T14:50:14.235+0930][gc,phases     ] GC(44)   Other: 0.3ms
[2019-08-29T14:50:14.235+0930][gc,heap       ] GC(44) Eden regions: 315->0(337)
[2019-08-29T14:50:14.235+0930][gc,heap       ] GC(44) Survivor regions: 5->4(40)
[2019-08-29T14:50:14.235+0930][gc,heap       ] GC(44) Old regions: 18->18
[2019-08-29T14:50:14.235+0930][gc,heap       ] GC(44) Humongous regions: 129->129
[2019-08-29T14:50:14.235+0930][gc,metaspace  ] GC(44) Metaspace: 34347K->34347K(1081344K)
[2019-08-29T14:50:14.235+0930][gc            ] GC(44) Pause Young (Normal) (G1 Evacuation Pause) 464M->149M(1024M) 4.753ms
[2019-08-29T14:50:14.235+0930][gc,cpu        ] GC(44) User=0.12s Sys=0.00s Real=0.00s
[2019-08-29T14:50:23.722+0930][gc,start      ] GC(45) Pause Young (Normal) (G1 Evacuation Pause)
[2019-08-29T14:50:23.722+0930][gc,task       ] GC(45) Using 8 workers of 8 for evacuation
[2019-08-29T14:50:23.726+0930][gc,phases     ] GC(45)   Pre Evacuate Collection Set: 0.0ms
[2019-08-29T14:50:23.726+0930][gc,phases     ] GC(45)   Evacuate Collection Set: 3.7ms
[2019-08-29T14:50:23.726+0930][gc,phases     ] GC(45)   Post Evacuate Collection Set: 0.5ms
[2019-08-29T14:50:23.726+0930][gc,phases     ] GC(45)   Other: 0.3ms
[2019-08-29T14:50:23.726+0930][gc,heap       ] GC(45) Eden regions: 337->0(353)
[2019-08-29T14:50:23.726+0930][gc,heap       ] GC(45) Survivor regions: 4->4(43)
[2019-08-29T14:50:23.726+0930][gc,heap       ] GC(45) Old regions: 18->19
[2019-08-29T14:50:23.726+0930][gc,heap       ] GC(45) Humongous regions: 129->129
[2019-08-29T14:50:23.726+0930][gc,metaspace  ] GC(45) Metaspace: 34358K->34358K(1081344K)
[2019-08-29T14:50:23.726+0930][gc            ] GC(45) Pause Young (Normal) (G1 Evacuation Pause) 486M->149M(1024M) 4.526ms
[2019-08-29T14:50:23.726+0930][gc,cpu        ] GC(45) User=0.00s Sys=0.00s Real=0.01s
[2019-08-29T14:50:31.854+0930][gc,start      ] GC(46) Pause Young (Normal) (G1 Evacuation Pause)
[2019-08-29T14:50:31.854+0930][gc,task       ] GC(46) Using 8 workers of 8 for evacuation
[2019-08-29T14:50:31.858+0930][gc,phases     ] GC(46)   Pre Evacuate Collection Set: 0.0ms
[2019-08-29T14:50:31.858+0930][gc,phases     ] GC(46)   Evacuate Collection Set: 3.5ms
[2019-08-29T14:50:31.858+0930][gc,phases     ] GC(46)   Post Evacuate Collection Set: 0.5ms
[2019-08-29T14:50:31.858+0930][gc,phases     ] GC(46)   Other: 0.2ms
[2019-08-29T14:50:31.858+0930][gc,heap       ] GC(46) Eden regions: 353->0(369)
[2019-08-29T14:50:31.858+0930][gc,heap       ] GC(46) Survivor regions: 4->4(45)
[2019-08-29T14:50:31.858+0930][gc,heap       ] GC(46) Old regions: 19->19
[2019-08-29T14:50:31.858+0930][gc,heap       ] GC(46) Humongous regions: 129->129
[2019-08-29T14:50:31.858+0930][gc,metaspace  ] GC(46) Metaspace: 34371K->34371K(1081344K)
[2019-08-29T14:50:31.858+0930][gc            ] GC(46) Pause Young (Normal) (G1 Evacuation Pause) 502M->149M(1024M) 4.333ms
[2019-08-29T14:50:31.859+0930][gc,cpu        ] GC(46) User=0.13s Sys=0.00s Real=0.01s
[2019-08-29T14:50:40.369+0930][gc,start      ] GC(47) Pause Young (Normal) (G1 Evacuation Pause)
[2019-08-29T14:50:40.369+0930][gc,task       ] GC(47) Using 8 workers of 8 for evacuation
[2019-08-29T14:50:40.373+0930][gc,phases     ] GC(47)   Pre Evacuate Collection Set: 0.0ms
[2019-08-29T14:50:40.373+0930][gc,phases     ] GC(47)   Evacuate Collection Set: 3.5ms
[2019-08-29T14:50:40.373+0930][gc,phases     ] GC(47)   Post Evacuate Collection Set: 0.5ms
[2019-08-29T14:50:40.374+0930][gc,phases     ] GC(47)   Other: 0.3ms
[2019-08-29T14:50:40.374+0930][gc,heap       ] GC(47) Eden regions: 369->0(386)
[2019-08-29T14:50:40.374+0930][gc,heap       ] GC(47) Survivor regions: 4->4(47)
[2019-08-29T14:50:40.374+0930][gc,heap       ] GC(47) Old regions: 19->19
[2019-08-29T14:50:40.374+0930][gc,heap       ] GC(47) Humongous regions: 129->129
[2019-08-29T14:50:40.374+0930][gc,metaspace  ] GC(47) Metaspace: 34383K->34383K(1081344K)
[2019-08-29T14:50:40.374+0930][gc            ] GC(47) Pause Young (Normal) (G1 Evacuation Pause) 518M->150M(1024M) 4.374ms
[2019-08-29T14:50:40.374+0930][gc,cpu        ] GC(47) User=0.12s Sys=0.00s Real=0.00s
[2019-08-29T14:50:49.808+0930][gc,start      ] GC(48) Pause Young (Normal) (G1 Evacuation Pause)
[2019-08-29T14:50:49.808+0930][gc,task       ] GC(48) Using 8 workers of 8 for evacuation
[2019-08-29T14:50:49.811+0930][gc,phases     ] GC(48)   Pre Evacuate Collection Set: 0.0ms
[2019-08-29T14:50:49.811+0930][gc,phases     ] GC(48)   Evacuate Collection Set: 3.0ms
[2019-08-29T14:50:49.811+0930][gc,phases     ] GC(48)   Post Evacuate Collection Set: 0.5ms
[2019-08-29T14:50:49.811+0930][gc,phases     ] GC(48)   Other: 0.2ms
[2019-08-29T14:50:49.811+0930][gc,heap       ] GC(48) Eden regions: 386->0(407)
[2019-08-29T14:50:49.811+0930][gc,heap       ] GC(48) Survivor regions: 4->4(49)
[2019-08-29T14:50:49.811+0930][gc,heap       ] GC(48) Old regions: 19->20
[2019-08-29T14:50:49.811+0930][gc,heap       ] GC(48) Humongous regions: 129->129
[2019-08-29T14:50:49.811+0930][gc,metaspace  ] GC(48) Metaspace: 34384K->34384K(1081344K)
[2019-08-29T14:50:49.812+0930][gc            ] GC(48) Pause Young (Normal) (G1 Evacuation Pause) 536M->150M(1024M) 3.865ms
[2019-08-29T14:50:49.812+0930][gc,cpu        ] GC(48) User=0.12s Sys=0.00s Real=0.00s
[2019-08-29T14:50:59.264+0930][gc,start      ] GC(49) Pause Young (Normal) (G1 Evacuation Pause)
[2019-08-29T14:50:59.264+0930][gc,task       ] GC(49) Using 8 workers of 8 for evacuation
[2019-08-29T14:50:59.269+0930][gc,phases     ] GC(49)   Pre Evacuate Collection Set: 0.0ms
[2019-08-29T14:50:59.269+0930][gc,phases     ] GC(49)   Evacuate Collection Set: 3.6ms
[2019-08-29T14:50:59.269+0930][gc,phases     ] GC(49)   Post Evacuate Collection Set: 0.5ms
[2019-08-29T14:50:59.269+0930][gc,phases     ] GC(49)   Other: 0.3ms
[2019-08-29T14:50:59.269+0930][gc,heap       ] GC(49) Eden regions: 407->0(427)
[2019-08-29T14:50:59.269+0930][gc,heap       ] GC(49) Survivor regions: 4->4(52)
[2019-08-29T14:50:59.269+0930][gc,heap       ] GC(49) Old regions: 20->20
[2019-08-29T14:50:59.269+0930][gc,heap       ] GC(49) Humongous regions: 129->129
[2019-08-29T14:50:59.269+0930][gc,metaspace  ] GC(49) Metaspace: 34389K->34389K(1081344K)
[2019-08-29T14:50:59.269+0930][gc            ] GC(49) Pause Young (Normal) (G1 Evacuation Pause) 557M->150M(1024M) 4.490ms
[2019-08-29T14:50:59.269+0930][gc,cpu        ] GC(49) User=0.00s Sys=0.00s Real=0.01s
[2019-08-29T14:51:08.901+0930][gc,start      ] GC(50) Pause Young (Normal) (G1 Evacuation Pause)
[2019-08-29T14:51:08.901+0930][gc,task       ] GC(50) Using 8 workers of 8 for evacuation
[2019-08-29T14:51:08.906+0930][gc,phases     ] GC(50)   Pre Evacuate Collection Set: 0.0ms
[2019-08-29T14:51:08.906+0930][gc,phases     ] GC(50)   Evacuate Collection Set: 3.7ms
[2019-08-29T14:51:08.906+0930][gc,phases     ] GC(50)   Post Evacuate Collection Set: 0.5ms
[2019-08-29T14:51:08.906+0930][gc,phases     ] GC(50)   Other: 0.3ms
[2019-08-29T14:51:08.906+0930][gc,heap       ] GC(50) Eden regions: 427->0(447)
[2019-08-29T14:51:08.906+0930][gc,heap       ] GC(50) Survivor regions: 4->4(54)
[2019-08-29T14:51:08.906+0930][gc,heap       ] GC(50) Old regions: 20->21
[2019-08-29T14:51:08.906+0930][gc,heap       ] GC(50) Humongous regions: 129->129
[2019-08-29T14:51:08.906+0930][gc,metaspace  ] GC(50) Metaspace: 34408K->34408K(1081344K)
[2019-08-29T14:51:08.906+0930][gc            ] GC(50) Pause Young (Normal) (G1 Evacuation Pause) 577M->151M(1024M) 4.654ms
[2019-08-29T14:51:08.906+0930][gc,cpu        ] GC(50) User=0.12s Sys=0.00s Real=0.01s
[2019-08-29T14:51:19.620+0930][gc,start      ] GC(51) Pause Young (Normal) (G1 Evacuation Pause)
[2019-08-29T14:51:19.620+0930][gc,task       ] GC(51) Using 8 workers of 8 for evacuation
[2019-08-29T14:51:19.624+0930][gc,phases     ] GC(51)   Pre Evacuate Collection Set: 0.0ms
[2019-08-29T14:51:19.624+0930][gc,phases     ] GC(51)   Evacuate Collection Set: 3.8ms
[2019-08-29T14:51:19.624+0930][gc,phases     ] GC(51)   Post Evacuate Collection Set: 0.5ms
[2019-08-29T14:51:19.624+0930][gc,phases     ] GC(51)   Other: 0.3ms
[2019-08-29T14:51:19.624+0930][gc,heap       ] GC(51) Eden regions: 447->0(474)
[2019-08-29T14:51:19.624+0930][gc,heap       ] GC(51) Survivor regions: 4->4(57)
[2019-08-29T14:51:19.624+0930][gc,heap       ] GC(51) Old regions: 21->21
[2019-08-29T14:51:19.624+0930][gc,heap       ] GC(51) Humongous regions: 129->129
[2019-08-29T14:51:19.624+0930][gc,metaspace  ] GC(51) Metaspace: 34420K->34420K(1081344K)
[2019-08-29T14:51:19.624+0930][gc            ] GC(51) Pause Young (Normal) (G1 Evacuation Pause) 598M->151M(1024M) 4.700ms
[2019-08-29T14:51:19.624+0930][gc,cpu        ] GC(51) User=0.11s Sys=0.01s Real=0.00s
[2019-08-29T14:51:30.945+0930][gc,start      ] GC(52) Pause Young (Normal) (G1 Evacuation Pause)
[2019-08-29T14:51:30.945+0930][gc,task       ] GC(52) Using 8 workers of 8 for evacuation
[2019-08-29T14:51:30.949+0930][gc,phases     ] GC(52)   Pre Evacuate Collection Set: 0.0ms
[2019-08-29T14:51:30.949+0930][gc,phases     ] GC(52)   Evacuate Collection Set: 3.7ms
[2019-08-29T14:51:30.949+0930][gc,phases     ] GC(52)   Post Evacuate Collection Set: 0.5ms
[2019-08-29T14:51:30.949+0930][gc,phases     ] GC(52)   Other: 0.3ms
[2019-08-29T14:51:30.949+0930][gc,heap       ] GC(52) Eden regions: 474->0(505)
[2019-08-29T14:51:30.949+0930][gc,heap       ] GC(52) Survivor regions: 4->4(60)
[2019-08-29T14:51:30.949+0930][gc,heap       ] GC(52) Old regions: 21->21
[2019-08-29T14:51:30.949+0930][gc,heap       ] GC(52) Humongous regions: 129->129
[2019-08-29T14:51:30.949+0930][gc,metaspace  ] GC(52) Metaspace: 34420K->34420K(1081344K)
[2019-08-29T14:51:30.949+0930][gc            ] GC(52) Pause Young (Normal) (G1 Evacuation Pause) 625M->151M(1024M) 4.686ms
[2019-08-29T14:51:30.949+0930][gc,cpu        ] GC(52) User=0.00s Sys=0.00s Real=0.01s
[2019-08-29T14:51:42.760+0930][gc,start      ] GC(53) Pause Young (Normal) (G1 Evacuation Pause)
[2019-08-29T14:51:42.760+0930][gc,task       ] GC(53) Using 8 workers of 8 for evacuation
[2019-08-29T14:51:42.765+0930][gc,phases     ] GC(53)   Pre Evacuate Collection Set: 0.1ms
[2019-08-29T14:51:42.765+0930][gc,phases     ] GC(53)   Evacuate Collection Set: 3.8ms
[2019-08-29T14:51:42.765+0930][gc,phases     ] GC(53)   Post Evacuate Collection Set: 0.5ms
[2019-08-29T14:51:42.765+0930][gc,phases     ] GC(53)   Other: 0.3ms
[2019-08-29T14:51:42.765+0930][gc,heap       ] GC(53) Eden regions: 505->0(537)
[2019-08-29T14:51:42.765+0930][gc,heap       ] GC(53) Survivor regions: 4->4(64)
[2019-08-29T14:51:42.765+0930][gc,heap       ] GC(53) Old regions: 21->21
[2019-08-29T14:51:42.765+0930][gc,heap       ] GC(53) Humongous regions: 129->129
[2019-08-29T14:51:42.765+0930][gc,metaspace  ] GC(53) Metaspace: 34436K->34436K(1081344K)
[2019-08-29T14:51:42.765+0930][gc            ] GC(53) Pause Young (Normal) (G1 Evacuation Pause) 656M->151M(1024M) 4.849ms
[2019-08-29T14:51:42.765+0930][gc,cpu        ] GC(53) User=0.11s Sys=0.00s Real=0.00s
[2019-08-29T14:51:55.641+0930][gc,start      ] GC(54) Pause Young (Normal) (G1 Evacuation Pause)
[2019-08-29T14:51:55.641+0930][gc,task       ] GC(54) Using 8 workers of 8 for evacuation
[2019-08-29T14:51:55.646+0930][gc,phases     ] GC(54)   Pre Evacuate Collection Set: 0.0ms
[2019-08-29T14:51:55.646+0930][gc,phases     ] GC(54)   Evacuate Collection Set: 3.9ms
[2019-08-29T14:51:55.646+0930][gc,phases     ] GC(54)   Post Evacuate Collection Set: 0.6ms
[2019-08-29T14:51:55.646+0930][gc,phases     ] GC(54)   Other: 0.3ms
[2019-08-29T14:51:55.646+0930][gc,heap       ] GC(54) Eden regions: 537->0(574)
[2019-08-29T14:51:55.646+0930][gc,heap       ] GC(54) Survivor regions: 4->4(68)
[2019-08-29T14:51:55.646+0930][gc,heap       ] GC(54) Old regions: 21->22
[2019-08-29T14:51:55.646+0930][gc,heap       ] GC(54) Humongous regions: 129->129
[2019-08-29T14:51:55.646+0930][gc,metaspace  ] GC(54) Metaspace: 34439K->34439K(1081344K)
[2019-08-29T14:51:55.646+0930][gc            ] GC(54) Pause Young (Normal) (G1 Evacuation Pause) 688M->152M(1024M) 4.985ms
[2019-08-29T14:51:55.646+0930][gc,cpu        ] GC(54) User=0.00s Sys=0.00s Real=0.01s
[2019-08-29T14:52:09.370+0930][gc,start      ] GC(55) Pause Young (Normal) (G1 Evacuation Pause)
[2019-08-29T14:52:09.370+0930][gc,task       ] GC(55) Using 8 workers of 8 for evacuation
[2019-08-29T14:52:09.376+0930][gc,phases     ] GC(55)   Pre Evacuate Collection Set: 0.0ms
[2019-08-29T14:52:09.376+0930][gc,phases     ] GC(55)   Evacuate Collection Set: 5.4ms
[2019-08-29T14:52:09.376+0930][gc,phases     ] GC(55)   Post Evacuate Collection Set: 0.6ms
[2019-08-29T14:52:09.376+0930][gc,phases     ] GC(55)   Other: 0.2ms
[2019-08-29T14:52:09.376+0930][gc,heap       ] GC(55) Eden regions: 574->0(580)
[2019-08-29T14:52:09.376+0930][gc,heap       ] GC(55) Survivor regions: 4->4(73)
[2019-08-29T14:52:09.376+0930][gc,heap       ] GC(55) Old regions: 22->22
[2019-08-29T14:52:09.376+0930][gc,heap       ] GC(55) Humongous regions: 129->129
[2019-08-29T14:52:09.376+0930][gc,metaspace  ] GC(55) Metaspace: 34439K->34439K(1081344K)
[2019-08-29T14:52:09.377+0930][gc            ] GC(55) Pause Young (Normal) (G1 Evacuation Pause) 726M->152M(1024M) 6.474ms
[2019-08-29T14:52:09.377+0930][gc,cpu        ] GC(55) User=0.10s Sys=0.00s Real=0.01s
[2019-08-29T14:52:23.096+0930][gc,start      ] GC(56) Pause Young (Normal) (G1 Evacuation Pause)
[2019-08-29T14:52:23.096+0930][gc,task       ] GC(56) Using 8 workers of 8 for evacuation
[2019-08-29T14:52:23.101+0930][gc,phases     ] GC(56)   Pre Evacuate Collection Set: 0.0ms
[2019-08-29T14:52:23.101+0930][gc,phases     ] GC(56)   Evacuate Collection Set: 3.8ms
[2019-08-29T14:52:23.101+0930][gc,phases     ] GC(56)   Post Evacuate Collection Set: 0.6ms
[2019-08-29T14:52:23.101+0930][gc,phases     ] GC(56)   Other: 0.3ms
[2019-08-29T14:52:23.101+0930][gc,heap       ] GC(56) Eden regions: 580->0(599)
[2019-08-29T14:52:23.101+0930][gc,heap       ] GC(56) Survivor regions: 4->4(73)
[2019-08-29T14:52:23.101+0930][gc,heap       ] GC(56) Old regions: 22->22
[2019-08-29T14:52:23.101+0930][gc,heap       ] GC(56) Humongous regions: 129->129
[2019-08-29T14:52:23.101+0930][gc,metaspace  ] GC(56) Metaspace: 34441K->34441K(1081344K)
[2019-08-29T14:52:23.101+0930][gc            ] GC(56) Pause Young (Normal) (G1 Evacuation Pause) 732M->152M(1024M) 4.856ms
[2019-08-29T14:52:23.101+0930][gc,cpu        ] GC(56) User=0.00s Sys=0.00s Real=0.00s
[2019-08-29T14:52:36.801+0930][gc,start      ] GC(57) Pause Young (Normal) (G1 Evacuation Pause)
[2019-08-29T14:52:36.801+0930][gc,task       ] GC(57) Using 8 workers of 8 for evacuation
[2019-08-29T14:52:36.806+0930][gc,phases     ] GC(57)   Pre Evacuate Collection Set: 0.0ms
[2019-08-29T14:52:36.806+0930][gc,phases     ] GC(57)   Evacuate Collection Set: 4.1ms
[2019-08-29T14:52:36.806+0930][gc,phases     ] GC(57)   Post Evacuate Collection Set: 0.6ms
[2019-08-29T14:52:36.806+0930][gc,phases     ] GC(57)   Other: 0.3ms
[2019-08-29T14:52:36.806+0930][gc,heap       ] GC(57) Eden regions: 599->0(609)
[2019-08-29T14:52:36.806+0930][gc,heap       ] GC(57) Survivor regions: 4->5(76)
[2019-08-29T14:52:36.806+0930][gc,heap       ] GC(57) Old regions: 22->22
[2019-08-29T14:52:36.806+0930][gc,heap       ] GC(57) Humongous regions: 129->129
[2019-08-29T14:52:36.806+0930][gc,metaspace  ] GC(57) Metaspace: 34448K->34448K(1081344K)
[2019-08-29T14:52:36.806+0930][gc            ] GC(57) Pause Young (Normal) (G1 Evacuation Pause) 751M->153M(1024M) 5.105ms
[2019-08-29T14:52:36.806+0930][gc,cpu        ] GC(57) User=0.00s Sys=0.00s Real=0.01s
[2019-08-29T14:52:50.942+0930][gc,start      ] GC(58) Pause Young (Normal) (G1 Evacuation Pause)
[2019-08-29T14:52:50.942+0930][gc,task       ] GC(58) Using 8 workers of 8 for evacuation
[2019-08-29T14:52:50.948+0930][gc,phases     ] GC(58)   Pre Evacuate Collection Set: 0.1ms
[2019-08-29T14:52:50.948+0930][gc,phases     ] GC(58)   Evacuate Collection Set: 4.5ms
[2019-08-29T14:52:50.948+0930][gc,phases     ] GC(58)   Post Evacuate Collection Set: 0.6ms
[2019-08-29T14:52:50.948+0930][gc,phases     ] GC(58)   Other: 0.3ms
[2019-08-29T14:52:50.948+0930][gc,heap       ] GC(58) Eden regions: 609->0(609)
[2019-08-29T14:52:50.948+0930][gc,heap       ] GC(58) Survivor regions: 5->5(77)
[2019-08-29T14:52:50.948+0930][gc,heap       ] GC(58) Old regions: 22->22
[2019-08-29T14:52:50.948+0930][gc,heap       ] GC(58) Humongous regions: 129->129
[2019-08-29T14:52:50.948+0930][gc,metaspace  ] GC(58) Metaspace: 34472K->34472K(1081344K)
[2019-08-29T14:52:50.948+0930][gc            ] GC(58) Pause Young (Normal) (G1 Evacuation Pause) 762M->153M(1024M) 5.692ms
[2019-08-29T14:52:50.948+0930][gc,cpu        ] GC(58) User=0.00s Sys=0.00s Real=0.01s
[2019-08-29T14:53:05.003+0930][gc,start      ] GC(59) Pause Young (Normal) (G1 Evacuation Pause)
[2019-08-29T14:53:05.003+0930][gc,task       ] GC(59) Using 8 workers of 8 for evacuation
[2019-08-29T14:53:05.008+0930][gc,phases     ] GC(59)   Pre Evacuate Collection Set: 0.0ms
[2019-08-29T14:53:05.008+0930][gc,phases     ] GC(59)   Evacuate Collection Set: 3.9ms
[2019-08-29T14:53:05.008+0930][gc,phases     ] GC(59)   Post Evacuate Collection Set: 0.6ms
[2019-08-29T14:53:05.008+0930][gc,phases     ] GC(59)   Other: 0.3ms
[2019-08-29T14:53:05.008+0930][gc,heap       ] GC(59) Eden regions: 609->0(609)
[2019-08-29T14:53:05.008+0930][gc,heap       ] GC(59) Survivor regions: 5->5(77)
[2019-08-29T14:53:05.008+0930][gc,heap       ] GC(59) Old regions: 22->22
[2019-08-29T14:53:05.008+0930][gc,heap       ] GC(59) Humongous regions: 129->129
[2019-08-29T14:53:05.008+0930][gc,metaspace  ] GC(59) Metaspace: 34488K->34488K(1081344K)
[2019-08-29T14:53:05.008+0930][gc            ] GC(59) Pause Young (Normal) (G1 Evacuation Pause) 762M->154M(1024M) 4.985ms
[2019-08-29T14:53:05.008+0930][gc,cpu        ] GC(59) User=0.00s Sys=0.00s Real=0.01s
[2019-08-29T14:53:21.387+0930][gc,start      ] GC(60) Pause Young (Normal) (G1 Evacuation Pause)
[2019-08-29T14:53:21.387+0930][gc,task       ] GC(60) Using 8 workers of 8 for evacuation
[2019-08-29T14:53:21.392+0930][gc,phases     ] GC(60)   Pre Evacuate Collection Set: 0.0ms
[2019-08-29T14:53:21.392+0930][gc,phases     ] GC(60)   Evacuate Collection Set: 4.2ms
[2019-08-29T14:53:21.392+0930][gc,phases     ] GC(60)   Post Evacuate Collection Set: 0.6ms
[2019-08-29T14:53:21.392+0930][gc,phases     ] GC(60)   Other: 0.3ms
[2019-08-29T14:53:21.392+0930][gc,heap       ] GC(60) Eden regions: 609->0(609)
[2019-08-29T14:53:21.392+0930][gc,heap       ] GC(60) Survivor regions: 5->5(77)
[2019-08-29T14:53:21.392+0930][gc,heap       ] GC(60) Old regions: 22->23
[2019-08-29T14:53:21.392+0930][gc,heap       ] GC(60) Humongous regions: 129->129
[2019-08-29T14:53:21.392+0930][gc,metaspace  ] GC(60) Metaspace: 34502K->34502K(1081344K)
[2019-08-29T14:53:21.392+0930][gc            ] GC(60) Pause Young (Normal) (G1 Evacuation Pause) 763M->154M(1024M) 5.316ms
[2019-08-29T14:53:21.392+0930][gc,cpu        ] GC(60) User=0.00s Sys=0.00s Real=0.00s
[2019-08-29T14:53:36.165+0930][gc,start      ] GC(61) Pause Young (Normal) (G1 Evacuation Pause)
[2019-08-29T14:53:36.165+0930][gc,task       ] GC(61) Using 8 workers of 8 for evacuation
[2019-08-29T14:53:36.173+0930][gc,phases     ] GC(61)   Pre Evacuate Collection Set: 0.1ms
[2019-08-29T14:53:36.173+0930][gc,phases     ] GC(61)   Evacuate Collection Set: 7.1ms
[2019-08-29T14:53:36.173+0930][gc,phases     ] GC(61)   Post Evacuate Collection Set: 0.6ms
[2019-08-29T14:53:36.173+0930][gc,phases     ] GC(61)   Other: 0.8ms
[2019-08-29T14:53:36.173+0930][gc,heap       ] GC(61) Eden regions: 609->0(609)
[2019-08-29T14:53:36.173+0930][gc,heap       ] GC(61) Survivor regions: 5->5(77)
[2019-08-29T14:53:36.173+0930][gc,heap       ] GC(61) Old regions: 23->23
[2019-08-29T14:53:36.173+0930][gc,heap       ] GC(61) Humongous regions: 129->129
[2019-08-29T14:53:36.173+0930][gc,metaspace  ] GC(61) Metaspace: 34509K->34509K(1081344K)
[2019-08-29T14:53:36.173+0930][gc            ] GC(61) Pause Young (Normal) (G1 Evacuation Pause) 763M->154M(1024M) 8.604ms
[2019-08-29T14:53:36.174+0930][gc,cpu        ] GC(61) User=0.12s Sys=0.00s Real=0.01s
[2019-08-29T14:53:50.209+0930][gc,start      ] GC(62) Pause Young (Normal) (G1 Evacuation Pause)
[2019-08-29T14:53:50.209+0930][gc,task       ] GC(62) Using 8 workers of 8 for evacuation
[2019-08-29T14:53:50.216+0930][gc,phases     ] GC(62)   Pre Evacuate Collection Set: 0.2ms
[2019-08-29T14:53:50.216+0930][gc,phases     ] GC(62)   Evacuate Collection Set: 5.8ms
[2019-08-29T14:53:50.216+0930][gc,phases     ] GC(62)   Post Evacuate Collection Set: 0.6ms
[2019-08-29T14:53:50.216+0930][gc,phases     ] GC(62)   Other: 0.4ms
[2019-08-29T14:53:50.216+0930][gc,heap       ] GC(62) Eden regions: 609->0(609)
[2019-08-29T14:53:50.216+0930][gc,heap       ] GC(62) Survivor regions: 5->5(77)
[2019-08-29T14:53:50.216+0930][gc,heap       ] GC(62) Old regions: 23->23
[2019-08-29T14:53:50.216+0930][gc,heap       ] GC(62) Humongous regions: 129->129
[2019-08-29T14:53:50.216+0930][gc,metaspace  ] GC(62) Metaspace: 34520K->34520K(1081344K)
[2019-08-29T14:53:50.216+0930][gc            ] GC(62) Pause Young (Normal) (G1 Evacuation Pause) 763M->155M(1024M) 7.165ms
[2019-08-29T14:53:50.216+0930][gc,cpu        ] GC(62) User=0.06s Sys=0.06s Real=0.01s
[2019-08-29T14:54:04.368+0930][gc,start      ] GC(63) Pause Young (Normal) (G1 Evacuation Pause)
[2019-08-29T14:54:04.369+0930][gc,task       ] GC(63) Using 8 workers of 8 for evacuation
[2019-08-29T14:54:04.374+0930][gc,phases     ] GC(63)   Pre Evacuate Collection Set: 0.0ms
[2019-08-29T14:54:04.374+0930][gc,phases     ] GC(63)   Evacuate Collection Set: 4.6ms
[2019-08-29T14:54:04.374+0930][gc,phases     ] GC(63)   Post Evacuate Collection Set: 0.6ms
[2019-08-29T14:54:04.374+0930][gc,phases     ] GC(63)   Other: 0.3ms
[2019-08-29T14:54:04.374+0930][gc,heap       ] GC(63) Eden regions: 609->0(609)
[2019-08-29T14:54:04.374+0930][gc,heap       ] GC(63) Survivor regions: 5->5(77)
[2019-08-29T14:54:04.374+0930][gc,heap       ] GC(63) Old regions: 23->23
[2019-08-29T14:54:04.374+0930][gc,heap       ] GC(63) Humongous regions: 129->129
[2019-08-29T14:54:04.374+0930][gc,metaspace  ] GC(63) Metaspace: 34520K->34520K(1081344K)
[2019-08-29T14:54:04.374+0930][gc            ] GC(63) Pause Young (Normal) (G1 Evacuation Pause) 764M->155M(1024M) 5.669ms
[2019-08-29T14:54:04.374+0930][gc,cpu        ] GC(63) User=0.13s Sys=0.00s Real=0.00s
[2019-08-29T14:54:18.405+0930][gc,start      ] GC(64) Pause Young (Normal) (G1 Evacuation Pause)
[2019-08-29T14:54:18.405+0930][gc,task       ] GC(64) Using 8 workers of 8 for evacuation
[2019-08-29T14:54:18.410+0930][gc,phases     ] GC(64)   Pre Evacuate Collection Set: 0.0ms
[2019-08-29T14:54:18.410+0930][gc,phases     ] GC(64)   Evacuate Collection Set: 4.5ms
[2019-08-29T14:54:18.410+0930][gc,phases     ] GC(64)   Post Evacuate Collection Set: 0.6ms
[2019-08-29T14:54:18.410+0930][gc,phases     ] GC(64)   Other: 0.3ms
[2019-08-29T14:54:18.410+0930][gc,heap       ] GC(64) Eden regions: 609->0(608)
[2019-08-29T14:54:18.410+0930][gc,heap       ] GC(64) Survivor regions: 5->6(77)
[2019-08-29T14:54:18.411+0930][gc,heap       ] GC(64) Old regions: 23->24
[2019-08-29T14:54:18.411+0930][gc,heap       ] GC(64) Humongous regions: 129->129
[2019-08-29T14:54:18.411+0930][gc,metaspace  ] GC(64) Metaspace: 34524K->34524K(1081344K)
[2019-08-29T14:54:18.411+0930][gc            ] GC(64) Pause Young (Normal) (G1 Evacuation Pause) 764M->155M(1024M) 5.574ms
[2019-08-29T14:54:18.411+0930][gc,cpu        ] GC(64) User=0.00s Sys=0.00s Real=0.01s
[2019-08-29T14:54:32.716+0930][gc,start      ] GC(65) Pause Young (Normal) (G1 Evacuation Pause)
[2019-08-29T14:54:32.716+0930][gc,task       ] GC(65) Using 8 workers of 8 for evacuation
[2019-08-29T14:54:32.722+0930][gc,phases     ] GC(65)   Pre Evacuate Collection Set: 0.0ms
[2019-08-29T14:54:32.722+0930][gc,phases     ] GC(65)   Evacuate Collection Set: 4.7ms
[2019-08-29T14:54:32.722+0930][gc,phases     ] GC(65)   Post Evacuate Collection Set: 0.6ms
[2019-08-29T14:54:32.722+0930][gc,phases     ] GC(65)   Other: 0.3ms
[2019-08-29T14:54:32.722+0930][gc,heap       ] GC(65) Eden regions: 608->0(608)
[2019-08-29T14:54:32.722+0930][gc,heap       ] GC(65) Survivor regions: 6->6(77)
[2019-08-29T14:54:32.722+0930][gc,heap       ] GC(65) Old regions: 24->24
[2019-08-29T14:54:32.722+0930][gc,heap       ] GC(65) Humongous regions: 129->129
[2019-08-29T14:54:32.722+0930][gc,metaspace  ] GC(65) Metaspace: 34540K->34540K(1081344K)
[2019-08-29T14:54:32.722+0930][gc            ] GC(65) Pause Young (Normal) (G1 Evacuation Pause) 763M->156M(1024M) 5.879ms
[2019-08-29T14:54:32.722+0930][gc,cpu        ] GC(65) User=0.00s Sys=0.00s Real=0.00s
[2019-08-29T14:54:47.037+0930][gc,start      ] GC(66) Pause Young (Normal) (G1 Evacuation Pause)
[2019-08-29T14:54:47.037+0930][gc,task       ] GC(66) Using 8 workers of 8 for evacuation
[2019-08-29T14:54:47.043+0930][gc,phases     ] GC(66)   Pre Evacuate Collection Set: 0.0ms
[2019-08-29T14:54:47.043+0930][gc,phases     ] GC(66)   Evacuate Collection Set: 4.4ms
[2019-08-29T14:54:47.043+0930][gc,phases     ] GC(66)   Post Evacuate Collection Set: 0.6ms
[2019-08-29T14:54:47.043+0930][gc,phases     ] GC(66)   Other: 0.2ms
[2019-08-29T14:54:47.043+0930][gc,heap       ] GC(66) Eden regions: 608->0(608)
[2019-08-29T14:54:47.043+0930][gc,heap       ] GC(66) Survivor regions: 6->6(77)
[2019-08-29T14:54:47.043+0930][gc,heap       ] GC(66) Old regions: 24->24
[2019-08-29T14:54:47.043+0930][gc,heap       ] GC(66) Humongous regions: 129->129
[2019-08-29T14:54:47.043+0930][gc,metaspace  ] GC(66) Metaspace: 34541K->34541K(1081344K)
[2019-08-29T14:54:47.043+0930][gc            ] GC(66) Pause Young (Normal) (G1 Evacuation Pause) 764M->156M(1024M) 5.447ms
[2019-08-29T14:54:47.043+0930][gc,cpu        ] GC(66) User=0.00s Sys=0.00s Real=0.00s
[2019-08-29T14:55:01.655+0930][gc,start      ] GC(67) Pause Young (Normal) (G1 Evacuation Pause)
[2019-08-29T14:55:01.655+0930][gc,task       ] GC(67) Using 8 workers of 8 for evacuation
[2019-08-29T14:55:01.660+0930][gc,phases     ] GC(67)   Pre Evacuate Collection Set: 0.0ms
[2019-08-29T14:55:01.660+0930][gc,phases     ] GC(67)   Evacuate Collection Set: 4.6ms
[2019-08-29T14:55:01.660+0930][gc,phases     ] GC(67)   Post Evacuate Collection Set: 0.6ms
[2019-08-29T14:55:01.660+0930][gc,phases     ] GC(67)   Other: 0.3ms
[2019-08-29T14:55:01.660+0930][gc,heap       ] GC(67) Eden regions: 608->0(608)
[2019-08-29T14:55:01.661+0930][gc,heap       ] GC(67) Survivor regions: 6->6(77)
[2019-08-29T14:55:01.661+0930][gc,heap       ] GC(67) Old regions: 24->24
[2019-08-29T14:55:01.661+0930][gc,heap       ] GC(67) Humongous regions: 129->129
[2019-08-29T14:55:01.661+0930][gc,metaspace  ] GC(67) Metaspace: 34542K->34542K(1081344K)
[2019-08-29T14:55:01.661+0930][gc            ] GC(67) Pause Young (Normal) (G1 Evacuation Pause) 764M->156M(1024M) 5.639ms
[2019-08-29T14:55:01.661+0930][gc,cpu        ] GC(67) User=0.00s Sys=0.00s Real=0.01s
[2019-08-29T14:55:18.049+0930][gc,start      ] GC(68) Pause Young (Normal) (G1 Evacuation Pause)
[2019-08-29T14:55:18.049+0930][gc,task       ] GC(68) Using 8 workers of 8 for evacuation
[2019-08-29T14:55:18.055+0930][gc,phases     ] GC(68)   Pre Evacuate Collection Set: 0.0ms
[2019-08-29T14:55:18.055+0930][gc,phases     ] GC(68)   Evacuate Collection Set: 4.9ms
[2019-08-29T14:55:18.055+0930][gc,phases     ] GC(68)   Post Evacuate Collection Set: 0.6ms
[2019-08-29T14:55:18.055+0930][gc,phases     ] GC(68)   Other: 0.2ms
[2019-08-29T14:55:18.055+0930][gc,heap       ] GC(68) Eden regions: 608->0(608)
[2019-08-29T14:55:18.055+0930][gc,heap       ] GC(68) Survivor regions: 6->6(77)
[2019-08-29T14:55:18.055+0930][gc,heap       ] GC(68) Old regions: 24->25
[2019-08-29T14:55:18.055+0930][gc,heap       ] GC(68) Humongous regions: 129->129
[2019-08-29T14:55:18.055+0930][gc,metaspace  ] GC(68) Metaspace: 34606K->34606K(1081344K)
[2019-08-29T14:55:18.055+0930][gc            ] GC(68) Pause Young (Normal) (G1 Evacuation Pause) 764M->157M(1024M) 5.984ms
[2019-08-29T14:55:18.055+0930][gc,cpu        ] GC(68) User=0.00s Sys=0.00s Real=0.00s
[2019-08-29T14:55:33.162+0930][gc,start      ] GC(69) Pause Young (Normal) (G1 Evacuation Pause)
[2019-08-29T14:55:33.162+0930][gc,task       ] GC(69) Using 8 workers of 8 for evacuation
[2019-08-29T14:55:33.168+0930][gc,phases     ] GC(69)   Pre Evacuate Collection Set: 0.0ms
[2019-08-29T14:55:33.168+0930][gc,phases     ] GC(69)   Evacuate Collection Set: 5.0ms
[2019-08-29T14:55:33.168+0930][gc,phases     ] GC(69)   Post Evacuate Collection Set: 0.6ms
[2019-08-29T14:55:33.168+0930][gc,phases     ] GC(69)   Other: 0.3ms
[2019-08-29T14:55:33.168+0930][gc,heap       ] GC(69) Eden regions: 608->0(608)
[2019-08-29T14:55:33.168+0930][gc,heap       ] GC(69) Survivor regions: 6->6(77)
[2019-08-29T14:55:33.168+0930][gc,heap       ] GC(69) Old regions: 25->25
[2019-08-29T14:55:33.168+0930][gc,heap       ] GC(69) Humongous regions: 129->129
[2019-08-29T14:55:33.168+0930][gc,metaspace  ] GC(69) Metaspace: 34615K->34615K(1081344K)
[2019-08-29T14:55:33.168+0930][gc            ] GC(69) Pause Young (Normal) (G1 Evacuation Pause) 765M->157M(1024M) 6.010ms
[2019-08-29T14:55:33.168+0930][gc,cpu        ] GC(69) User=0.01s Sys=0.00s Real=0.01s
[2019-08-29T14:55:47.944+0930][gc,start      ] GC(70) Pause Young (Normal) (G1 Evacuation Pause)
[2019-08-29T14:55:47.944+0930][gc,task       ] GC(70) Using 8 workers of 8 for evacuation
[2019-08-29T14:55:47.950+0930][gc,phases     ] GC(70)   Pre Evacuate Collection Set: 0.0ms
[2019-08-29T14:55:47.950+0930][gc,phases     ] GC(70)   Evacuate Collection Set: 4.9ms
[2019-08-29T14:55:47.950+0930][gc,phases     ] GC(70)   Post Evacuate Collection Set: 0.6ms
[2019-08-29T14:55:47.950+0930][gc,phases     ] GC(70)   Other: 0.3ms
[2019-08-29T14:55:47.950+0930][gc,heap       ] GC(70) Eden regions: 608->0(608)
[2019-08-29T14:55:47.950+0930][gc,heap       ] GC(70) Survivor regions: 6->6(77)
[2019-08-29T14:55:47.950+0930][gc,heap       ] GC(70) Old regions: 25->25
[2019-08-29T14:55:47.950+0930][gc,heap       ] GC(70) Humongous regions: 129->129
[2019-08-29T14:55:47.950+0930][gc,metaspace  ] GC(70) Metaspace: 34618K->34618K(1081344K)
[2019-08-29T14:55:47.950+0930][gc            ] GC(70) Pause Young (Normal) (G1 Evacuation Pause) 765M->158M(1024M) 5.948ms
[2019-08-29T14:55:47.950+0930][gc,cpu        ] GC(70) User=0.01s Sys=0.00s Real=0.01s
[2019-08-29T14:56:03.960+0930][gc,start      ] GC(71) Pause Young (Normal) (G1 Evacuation Pause)
[2019-08-29T14:56:03.960+0930][gc,task       ] GC(71) Using 8 workers of 8 for evacuation
[2019-08-29T14:56:03.966+0930][gc,phases     ] GC(71)   Pre Evacuate Collection Set: 0.0ms
[2019-08-29T14:56:03.966+0930][gc,phases     ] GC(71)   Evacuate Collection Set: 4.9ms
[2019-08-29T14:56:03.966+0930][gc,phases     ] GC(71)   Post Evacuate Collection Set: 0.6ms
[2019-08-29T14:56:03.966+0930][gc,phases     ] GC(71)   Other: 0.3ms
[2019-08-29T14:56:03.966+0930][gc,heap       ] GC(71) Eden regions: 608->0(608)
[2019-08-29T14:56:03.966+0930][gc,heap       ] GC(71) Survivor regions: 6->6(77)
[2019-08-29T14:56:03.966+0930][gc,heap       ] GC(71) Old regions: 25->26
[2019-08-29T14:56:03.966+0930][gc,heap       ] GC(71) Humongous regions: 129->129
[2019-08-29T14:56:03.966+0930][gc,metaspace  ] GC(71) Metaspace: 34620K->34620K(1081344K)
[2019-08-29T14:56:03.966+0930][gc            ] GC(71) Pause Young (Normal) (G1 Evacuation Pause) 766M->158M(1024M) 6.007ms
[2019-08-29T14:56:03.966+0930][gc,cpu        ] GC(71) User=0.01s Sys=0.00s Real=0.01s
[2019-08-29T14:56:21.438+0930][gc,start      ] GC(72) Pause Young (Normal) (G1 Evacuation Pause)
[2019-08-29T14:56:21.438+0930][gc,task       ] GC(72) Using 8 workers of 8 for evacuation
[2019-08-29T14:56:21.445+0930][gc,phases     ] GC(72)   Pre Evacuate Collection Set: 0.0ms
[2019-08-29T14:56:21.445+0930][gc,phases     ] GC(72)   Evacuate Collection Set: 5.8ms
[2019-08-29T14:56:21.445+0930][gc,phases     ] GC(72)   Post Evacuate Collection Set: 0.8ms
[2019-08-29T14:56:21.445+0930][gc,phases     ] GC(72)   Other: 0.3ms
[2019-08-29T14:56:21.445+0930][gc,heap       ] GC(72) Eden regions: 608->0(608)
[2019-08-29T14:56:21.445+0930][gc,heap       ] GC(72) Survivor regions: 6->6(77)
[2019-08-29T14:56:21.445+0930][gc,heap       ] GC(72) Old regions: 26->26
[2019-08-29T14:56:21.445+0930][gc,heap       ] GC(72) Humongous regions: 129->129
[2019-08-29T14:56:21.445+0930][gc,metaspace  ] GC(72) Metaspace: 34621K->34621K(1081344K)
[2019-08-29T14:56:21.445+0930][gc            ] GC(72) Pause Young (Normal) (G1 Evacuation Pause) 766M->158M(1024M) 7.214ms
[2019-08-29T14:56:21.445+0930][gc,cpu        ] GC(72) User=0.00s Sys=0.00s Real=0.01s
[2019-08-29T15:01:12.504+0930][gc,heap,exit  ] Heap
[2019-08-29T15:01:12.504+0930][gc,heap,exit  ]  garbage-first heap   total 1048576K, used 604974K [0x00000000c0000000, 0x0000000100000000)
[2019-08-29T15:01:12.505+0930][gc,heap,exit  ]   region size 1024K, 440 young (450560K), 6 survivors (6144K)
[2019-08-29T15:01:12.505+0930][gc,heap,exit  ]  Metaspace       used 35530K, capacity 37930K, committed 38224K, reserved 1081344K
[2019-08-29T15:01:12.505+0930][gc,heap,exit  ]   class space    used 5182K, capacity 6342K, committed 6400K, reserved 1048576K
