[2019-08-29T14:29:06.008+0930][gc,heap] Heap region size: 1M
[2019-08-29T14:29:06.032+0930][gc     ] Using G1
[2019-08-29T14:29:06.032+0930][gc,heap,coops] Heap address: 0x00000000c0000000, size: 1024 MB, Compressed Oops mode: 32-bit
[2019-08-29T14:29:06.033+0930][gc,cds       ] Mark closed archive regions in map: [0x00000000fff00000, 0x00000000fff69ff8]
[2019-08-29T14:29:06.033+0930][gc,cds       ] Mark open archive regions in map: [0x00000000ffe00000, 0x00000000ffe33ff8]
[2019-08-29T14:29:07.258+0930][gc,start     ] GC(0) Pause Young (Normal) (G1 Evacuation Pause)
[2019-08-29T14:29:07.259+0930][gc,task      ] GC(0) Using 8 workers of 8 for evacuation
[2019-08-29T14:29:07.289+0930][gc,mmu       ] GC(0) MMU target violated: 21.0ms (20.0ms/21.0ms)
[2019-08-29T14:29:07.289+0930][gc,phases    ] GC(0)   Pre Evacuate Collection Set: 0.1ms
[2019-08-29T14:29:07.289+0930][gc,phases    ] GC(0)   Evacuate Collection Set: 24.9ms
[2019-08-29T14:29:07.289+0930][gc,phases    ] GC(0)   Post Evacuate Collection Set: 0.5ms
[2019-08-29T14:29:07.289+0930][gc,phases    ] GC(0)   Other: 5.4ms
[2019-08-29T14:29:07.289+0930][gc,heap      ] GC(0) Eden regions: 51->0(45)
[2019-08-29T14:29:07.289+0930][gc,heap      ] GC(0) Survivor regions: 0->6(7)
[2019-08-29T14:29:07.289+0930][gc,heap      ] GC(0) Old regions: 2->2
[2019-08-29T14:29:07.289+0930][gc,heap      ] GC(0) Humongous regions: 0->0
[2019-08-29T14:29:07.289+0930][gc,metaspace ] GC(0) Metaspace: 17047K->17047K(1064960K)
[2019-08-29T14:29:07.289+0930][gc           ] GC(0) Pause Young (Normal) (G1 Evacuation Pause) 51M->6M(1024M) 30.993ms
[2019-08-29T14:29:07.289+0930][gc,cpu       ] GC(0) User=0.02s Sys=0.08s Real=0.03s
[2019-08-29T14:29:07.727+0930][gc,start     ] GC(1) Pause Young (Concurrent Start) (Metadata GC Threshold)
[2019-08-29T14:29:07.727+0930][gc,task      ] GC(1) Using 8 workers of 8 for evacuation
[2019-08-29T14:29:07.742+0930][gc,phases    ] GC(1)   Pre Evacuate Collection Set: 0.0ms
[2019-08-29T14:29:07.742+0930][gc,phases    ] GC(1)   Evacuate Collection Set: 13.7ms
[2019-08-29T14:29:07.742+0930][gc,phases    ] GC(1)   Post Evacuate Collection Set: 0.3ms
[2019-08-29T14:29:07.742+0930][gc,phases    ] GC(1)   Other: 0.3ms
[2019-08-29T14:29:07.742+0930][gc,heap      ] GC(1) Eden regions: 15->0(49)
[2019-08-29T14:29:07.742+0930][gc,heap      ] GC(1) Survivor regions: 6->2(7)
[2019-08-29T14:29:07.742+0930][gc,heap      ] GC(1) Old regions: 2->8
[2019-08-29T14:29:07.742+0930][gc,heap      ] GC(1) Humongous regions: 129->129
[2019-08-29T14:29:07.742+0930][gc,metaspace ] GC(1) Metaspace: 20514K->20514K(1067008K)
[2019-08-29T14:29:07.742+0930][gc           ] GC(1) Pause Young (Concurrent Start) (Metadata GC Threshold) 150M->136M(1024M) 14.541ms
[2019-08-29T14:29:07.742+0930][gc,cpu       ] GC(1) User=0.03s Sys=0.05s Real=0.01s
[2019-08-29T14:29:07.742+0930][gc           ] GC(2) Concurrent Cycle
[2019-08-29T14:29:07.742+0930][gc,marking   ] GC(2) Concurrent Clear Claimed Marks
[2019-08-29T14:29:07.742+0930][gc,marking   ] GC(2) Concurrent Clear Claimed Marks 0.101ms
[2019-08-29T14:29:07.742+0930][gc,marking   ] GC(2) Concurrent Scan Root Regions
[2019-08-29T14:29:07.743+0930][gc,marking   ] GC(2) Concurrent Scan Root Regions 0.786ms
[2019-08-29T14:29:07.743+0930][gc,marking   ] GC(2) Concurrent Mark (1.749s)
[2019-08-29T14:29:07.743+0930][gc,marking   ] GC(2) Concurrent Mark From Roots
[2019-08-29T14:29:07.743+0930][gc,task      ] GC(2) Using 2 workers of 2 for marking
[2019-08-29T14:29:07.747+0930][gc,marking   ] GC(2) Concurrent Mark From Roots 4.304ms
[2019-08-29T14:29:07.747+0930][gc,marking   ] GC(2) Concurrent Preclean
[2019-08-29T14:29:07.748+0930][gc,marking   ] GC(2) Concurrent Preclean 0.201ms
[2019-08-29T14:29:07.748+0930][gc,marking   ] GC(2) Concurrent Mark (1.749s, 1.754s) 4.565ms
[2019-08-29T14:29:07.748+0930][gc,start     ] GC(2) Pause Remark
[2019-08-29T14:29:07.749+0930][gc,stringtable] GC(2) Cleaned string and symbol table, strings: 4812 processed, 0 removed, symbols: 50088 processed, 44 removed
[2019-08-29T14:29:07.749+0930][gc            ] GC(2) Pause Remark 137M->137M(1024M) 1.485ms
[2019-08-29T14:29:07.749+0930][gc,cpu        ] GC(2) User=0.00s Sys=0.00s Real=0.00s
[2019-08-29T14:29:07.749+0930][gc,marking    ] GC(2) Concurrent Rebuild Remembered Sets
[2019-08-29T14:29:07.754+0930][gc,marking    ] GC(2) Concurrent Rebuild Remembered Sets 4.564ms
[2019-08-29T14:29:07.754+0930][gc,start      ] GC(2) Pause Cleanup
[2019-08-29T14:29:07.755+0930][gc            ] GC(2) Pause Cleanup 138M->138M(1024M) 0.334ms
[2019-08-29T14:29:07.755+0930][gc,cpu        ] GC(2) User=0.00s Sys=0.00s Real=0.00s
[2019-08-29T14:29:07.755+0930][gc,marking    ] GC(2) Concurrent Cleanup for Next Mark
[2019-08-29T14:29:07.766+0930][gc,marking    ] GC(2) Concurrent Cleanup for Next Mark 10.968ms
[2019-08-29T14:29:07.766+0930][gc            ] GC(2) Concurrent Cycle 23.659ms
[2019-08-29T14:29:08.520+0930][gc,start      ] GC(3) Pause Young (Normal) (G1 Evacuation Pause)
[2019-08-29T14:29:08.520+0930][gc,task       ] GC(3) Using 8 workers of 8 for evacuation
[2019-08-29T14:29:08.526+0930][gc,phases     ] GC(3)   Pre Evacuate Collection Set: 0.0ms
[2019-08-29T14:29:08.526+0930][gc,phases     ] GC(3)   Evacuate Collection Set: 5.2ms
[2019-08-29T14:29:08.526+0930][gc,phases     ] GC(3)   Post Evacuate Collection Set: 0.6ms
[2019-08-29T14:29:08.526+0930][gc,phases     ] GC(3)   Other: 0.3ms
[2019-08-29T14:29:08.526+0930][gc,heap       ] GC(3) Eden regions: 49->0(45)
[2019-08-29T14:29:08.526+0930][gc,heap       ] GC(3) Survivor regions: 2->6(7)
[2019-08-29T14:29:08.526+0930][gc,heap       ] GC(3) Old regions: 8->8
[2019-08-29T14:29:08.526+0930][gc,heap       ] GC(3) Humongous regions: 129->129
[2019-08-29T14:29:08.526+0930][gc,metaspace  ] GC(3) Metaspace: 29516K->29516K(1075200K)
[2019-08-29T14:29:08.526+0930][gc            ] GC(3) Pause Young (Normal) (G1 Evacuation Pause) 185M->140M(1024M) 6.181ms
[2019-08-29T14:29:08.526+0930][gc,cpu        ] GC(3) User=0.00s Sys=0.00s Real=0.01s
[2019-08-29T14:29:28.043+0930][gc,start      ] GC(4) Pause Young (Normal) (G1 Evacuation Pause)
[2019-08-29T14:29:28.043+0930][gc,task       ] GC(4) Using 8 workers of 8 for evacuation
[2019-08-29T14:29:28.053+0930][gc,phases     ] GC(4)   Pre Evacuate Collection Set: 0.1ms
[2019-08-29T14:29:28.053+0930][gc,phases     ] GC(4)   Evacuate Collection Set: 8.8ms
[2019-08-29T14:29:28.053+0930][gc,phases     ] GC(4)   Post Evacuate Collection Set: 0.6ms
[2019-08-29T14:29:28.053+0930][gc,phases     ] GC(4)   Other: 0.2ms
[2019-08-29T14:29:28.053+0930][gc,heap       ] GC(4) Eden regions: 45->0(48)
[2019-08-29T14:29:28.053+0930][gc,heap       ] GC(4) Survivor regions: 6->3(7)
[2019-08-29T14:29:28.053+0930][gc,heap       ] GC(4) Old regions: 8->13
[2019-08-29T14:29:28.053+0930][gc,heap       ] GC(4) Humongous regions: 129->129
[2019-08-29T14:29:28.053+0930][gc,metaspace  ] GC(4) Metaspace: 33104K->33104K(1079296K)
[2019-08-29T14:29:28.053+0930][gc            ] GC(4) Pause Young (Normal) (G1 Evacuation Pause) 185M->143M(1024M) 9.858ms
[2019-08-29T14:29:28.053+0930][gc,cpu        ] GC(4) User=0.00s Sys=0.00s Real=0.01s
[2019-08-29T14:29:30.284+0930][gc,start      ] GC(5) Pause Young (Normal) (G1 Evacuation Pause)
[2019-08-29T14:29:30.284+0930][gc,task       ] GC(5) Using 8 workers of 8 for evacuation
[2019-08-29T14:29:30.287+0930][gc,phases     ] GC(5)   Pre Evacuate Collection Set: 0.0ms
[2019-08-29T14:29:30.287+0930][gc,phases     ] GC(5)   Evacuate Collection Set: 2.9ms
[2019-08-29T14:29:30.287+0930][gc,phases     ] GC(5)   Post Evacuate Collection Set: 0.3ms
[2019-08-29T14:29:30.287+0930][gc,phases     ] GC(5)   Other: 0.2ms
[2019-08-29T14:29:30.287+0930][gc,heap       ] GC(5) Eden regions: 48->0(48)
[2019-08-29T14:29:30.287+0930][gc,heap       ] GC(5) Survivor regions: 3->3(7)
[2019-08-29T14:29:30.287+0930][gc,heap       ] GC(5) Old regions: 13->13
[2019-08-29T14:29:30.287+0930][gc,heap       ] GC(5) Humongous regions: 129->129
[2019-08-29T14:29:30.287+0930][gc,metaspace  ] GC(5) Metaspace: 33140K->33140K(1079296K)
[2019-08-29T14:29:30.287+0930][gc            ] GC(5) Pause Young (Normal) (G1 Evacuation Pause) 191M->143M(1024M) 3.595ms
[2019-08-29T14:29:30.287+0930][gc,cpu        ] GC(5) User=0.00s Sys=0.00s Real=0.01s
[2019-08-29T14:29:31.545+0930][gc,start      ] GC(6) Pause Young (Normal) (G1 Evacuation Pause)
[2019-08-29T14:29:31.546+0930][gc,task       ] GC(6) Using 8 workers of 8 for evacuation
[2019-08-29T14:29:31.549+0930][gc,phases     ] GC(6)   Pre Evacuate Collection Set: 0.0ms
[2019-08-29T14:29:31.549+0930][gc,phases     ] GC(6)   Evacuate Collection Set: 3.3ms
[2019-08-29T14:29:31.549+0930][gc,phases     ] GC(6)   Post Evacuate Collection Set: 0.4ms
[2019-08-29T14:29:31.549+0930][gc,phases     ] GC(6)   Other: 0.2ms
[2019-08-29T14:29:31.549+0930][gc,heap       ] GC(6) Eden regions: 48->0(48)
[2019-08-29T14:29:31.549+0930][gc,heap       ] GC(6) Survivor regions: 3->3(7)
[2019-08-29T14:29:31.550+0930][gc,heap       ] GC(6) Old regions: 13->13
[2019-08-29T14:29:31.550+0930][gc,heap       ] GC(6) Humongous regions: 129->129
[2019-08-29T14:29:31.550+0930][gc,metaspace  ] GC(6) Metaspace: 33144K->33144K(1079296K)
[2019-08-29T14:29:31.550+0930][gc            ] GC(6) Pause Young (Normal) (G1 Evacuation Pause) 191M->143M(1024M) 4.107ms
[2019-08-29T14:29:31.550+0930][gc,cpu        ] GC(6) User=0.00s Sys=0.00s Real=0.00s
[2019-08-29T14:29:32.649+0930][gc,start      ] GC(7) Pause Young (Normal) (G1 Evacuation Pause)
[2019-08-29T14:29:32.649+0930][gc,task       ] GC(7) Using 8 workers of 8 for evacuation
[2019-08-29T14:29:32.652+0930][gc,phases     ] GC(7)   Pre Evacuate Collection Set: 0.0ms
[2019-08-29T14:29:32.652+0930][gc,phases     ] GC(7)   Evacuate Collection Set: 2.3ms
[2019-08-29T14:29:32.652+0930][gc,phases     ] GC(7)   Post Evacuate Collection Set: 0.3ms
[2019-08-29T14:29:32.652+0930][gc,phases     ] GC(7)   Other: 0.2ms
[2019-08-29T14:29:32.652+0930][gc,heap       ] GC(7) Eden regions: 48->0(48)
[2019-08-29T14:29:32.652+0930][gc,heap       ] GC(7) Survivor regions: 3->3(7)
[2019-08-29T14:29:32.652+0930][gc,heap       ] GC(7) Old regions: 13->13
[2019-08-29T14:29:32.652+0930][gc,heap       ] GC(7) Humongous regions: 129->129
[2019-08-29T14:29:32.652+0930][gc,metaspace  ] GC(7) Metaspace: 33152K->33152K(1079296K)
[2019-08-29T14:29:32.652+0930][gc            ] GC(7) Pause Young (Normal) (G1 Evacuation Pause) 191M->143M(1024M) 2.985ms
[2019-08-29T14:29:32.652+0930][gc,cpu        ] GC(7) User=0.00s Sys=0.00s Real=0.00s
[2019-08-29T14:29:33.662+0930][gc,start      ] GC(8) Pause Young (Normal) (G1 Evacuation Pause)
[2019-08-29T14:29:33.662+0930][gc,task       ] GC(8) Using 8 workers of 8 for evacuation
[2019-08-29T14:29:33.665+0930][gc,phases     ] GC(8)   Pre Evacuate Collection Set: 0.0ms
[2019-08-29T14:29:33.665+0930][gc,phases     ] GC(8)   Evacuate Collection Set: 2.7ms
[2019-08-29T14:29:33.665+0930][gc,phases     ] GC(8)   Post Evacuate Collection Set: 0.7ms
[2019-08-29T14:29:33.665+0930][gc,phases     ] GC(8)   Other: 0.2ms
[2019-08-29T14:29:33.665+0930][gc,heap       ] GC(8) Eden regions: 48->0(51)
[2019-08-29T14:29:33.665+0930][gc,heap       ] GC(8) Survivor regions: 3->3(7)
[2019-08-29T14:29:33.665+0930][gc,heap       ] GC(8) Old regions: 13->13
[2019-08-29T14:29:33.665+0930][gc,heap       ] GC(8) Humongous regions: 129->129
[2019-08-29T14:29:33.666+0930][gc,metaspace  ] GC(8) Metaspace: 33170K->33170K(1079296K)
[2019-08-29T14:29:33.666+0930][gc            ] GC(8) Pause Young (Normal) (G1 Evacuation Pause) 191M->143M(1024M) 3.849ms
[2019-08-29T14:29:33.666+0930][gc,cpu        ] GC(8) User=0.00s Sys=0.00s Real=0.01s
[2019-08-29T14:29:34.687+0930][gc,start      ] GC(9) Pause Young (Normal) (G1 Evacuation Pause)
[2019-08-29T14:29:34.688+0930][gc,task       ] GC(9) Using 8 workers of 8 for evacuation
[2019-08-29T14:29:34.690+0930][gc,phases     ] GC(9)   Pre Evacuate Collection Set: 0.0ms
[2019-08-29T14:29:34.690+0930][gc,phases     ] GC(9)   Evacuate Collection Set: 2.2ms
[2019-08-29T14:29:34.690+0930][gc,phases     ] GC(9)   Post Evacuate Collection Set: 0.3ms
[2019-08-29T14:29:34.690+0930][gc,phases     ] GC(9)   Other: 0.2ms
[2019-08-29T14:29:34.690+0930][gc,heap       ] GC(9) Eden regions: 51->0(59)
[2019-08-29T14:29:34.690+0930][gc,heap       ] GC(9) Survivor regions: 3->3(7)
[2019-08-29T14:29:34.690+0930][gc,heap       ] GC(9) Old regions: 13->13
[2019-08-29T14:29:34.690+0930][gc,heap       ] GC(9) Humongous regions: 129->129
[2019-08-29T14:29:34.690+0930][gc,metaspace  ] GC(9) Metaspace: 33178K->33178K(1079296K)
[2019-08-29T14:29:34.690+0930][gc            ] GC(9) Pause Young (Normal) (G1 Evacuation Pause) 194M->143M(1024M) 2.909ms
[2019-08-29T14:29:34.690+0930][gc,cpu        ] GC(9) User=0.00s Sys=0.00s Real=0.00s
[2019-08-29T14:29:35.922+0930][gc,start      ] GC(10) Pause Young (Normal) (G1 Evacuation Pause)
[2019-08-29T14:29:35.922+0930][gc,task       ] GC(10) Using 8 workers of 8 for evacuation
[2019-08-29T14:29:35.926+0930][gc,phases     ] GC(10)   Pre Evacuate Collection Set: 0.0ms
[2019-08-29T14:29:35.926+0930][gc,phases     ] GC(10)   Evacuate Collection Set: 3.3ms
[2019-08-29T14:29:35.926+0930][gc,phases     ] GC(10)   Post Evacuate Collection Set: 0.4ms
[2019-08-29T14:29:35.926+0930][gc,phases     ] GC(10)   Other: 0.2ms
[2019-08-29T14:29:35.926+0930][gc,heap       ] GC(10) Eden regions: 59->0(64)
[2019-08-29T14:29:35.926+0930][gc,heap       ] GC(10) Survivor regions: 3->3(8)
[2019-08-29T14:29:35.926+0930][gc,heap       ] GC(10) Old regions: 13->13
[2019-08-29T14:29:35.926+0930][gc,heap       ] GC(10) Humongous regions: 129->129
[2019-08-29T14:29:35.926+0930][gc,metaspace  ] GC(10) Metaspace: 33184K->33184K(1079296K)
[2019-08-29T14:29:35.926+0930][gc            ] GC(10) Pause Young (Normal) (G1 Evacuation Pause) 202M->143M(1024M) 4.073ms
[2019-08-29T14:29:35.927+0930][gc,cpu        ] GC(10) User=0.00s Sys=0.00s Real=0.01s
[2019-08-29T14:29:37.252+0930][gc,start      ] GC(11) Pause Young (Normal) (G1 Evacuation Pause)
[2019-08-29T14:29:37.252+0930][gc,task       ] GC(11) Using 8 workers of 8 for evacuation
[2019-08-29T14:29:37.256+0930][gc,phases     ] GC(11)   Pre Evacuate Collection Set: 0.0ms
[2019-08-29T14:29:37.256+0930][gc,phases     ] GC(11)   Evacuate Collection Set: 3.2ms
[2019-08-29T14:29:37.256+0930][gc,phases     ] GC(11)   Post Evacuate Collection Set: 0.3ms
[2019-08-29T14:29:37.256+0930][gc,phases     ] GC(11)   Other: 0.2ms
[2019-08-29T14:29:37.256+0930][gc,heap       ] GC(11) Eden regions: 64->0(71)
[2019-08-29T14:29:37.256+0930][gc,heap       ] GC(11) Survivor regions: 3->3(9)
[2019-08-29T14:29:37.256+0930][gc,heap       ] GC(11) Old regions: 13->13
[2019-08-29T14:29:37.256+0930][gc,heap       ] GC(11) Humongous regions: 129->129
[2019-08-29T14:29:37.256+0930][gc,metaspace  ] GC(11) Metaspace: 33188K->33188K(1079296K)
[2019-08-29T14:29:37.256+0930][gc            ] GC(11) Pause Young (Normal) (G1 Evacuation Pause) 207M->143M(1024M) 3.917ms
[2019-08-29T14:29:37.256+0930][gc,cpu        ] GC(11) User=0.00s Sys=0.00s Real=0.01s
[2019-08-29T14:29:39.005+0930][gc,start      ] GC(12) Pause Young (Normal) (G1 Evacuation Pause)
[2019-08-29T14:29:39.005+0930][gc,task       ] GC(12) Using 8 workers of 8 for evacuation
[2019-08-29T14:29:39.010+0930][gc,phases     ] GC(12)   Pre Evacuate Collection Set: 0.0ms
[2019-08-29T14:29:39.010+0930][gc,phases     ] GC(12)   Evacuate Collection Set: 4.4ms
[2019-08-29T14:29:39.010+0930][gc,phases     ] GC(12)   Post Evacuate Collection Set: 0.4ms
[2019-08-29T14:29:39.010+0930][gc,phases     ] GC(12)   Other: 0.2ms
[2019-08-29T14:29:39.010+0930][gc,heap       ] GC(12) Eden regions: 71->0(77)
[2019-08-29T14:29:39.010+0930][gc,heap       ] GC(12) Survivor regions: 3->3(10)
[2019-08-29T14:29:39.011+0930][gc,heap       ] GC(12) Old regions: 13->13
[2019-08-29T14:29:39.011+0930][gc,heap       ] GC(12) Humongous regions: 129->129
[2019-08-29T14:29:39.011+0930][gc,metaspace  ] GC(12) Metaspace: 33412K->33412K(1079296K)
[2019-08-29T14:29:39.011+0930][gc            ] GC(12) Pause Young (Normal) (G1 Evacuation Pause) 214M->143M(1024M) 5.168ms
[2019-08-29T14:29:39.011+0930][gc,cpu        ] GC(12) User=0.00s Sys=0.00s Real=0.00s
[2019-08-29T14:29:41.524+0930][gc,start      ] GC(13) Pause Young (Normal) (G1 Evacuation Pause)
[2019-08-29T14:29:41.524+0930][gc,task       ] GC(13) Using 8 workers of 8 for evacuation
[2019-08-29T14:29:41.529+0930][gc,phases     ] GC(13)   Pre Evacuate Collection Set: 0.2ms
[2019-08-29T14:29:41.529+0930][gc,phases     ] GC(13)   Evacuate Collection Set: 4.0ms
[2019-08-29T14:29:41.529+0930][gc,phases     ] GC(13)   Post Evacuate Collection Set: 0.5ms
[2019-08-29T14:29:41.529+0930][gc,phases     ] GC(13)   Other: 0.2ms
[2019-08-29T14:29:41.529+0930][gc,heap       ] GC(13) Eden regions: 77->0(83)
[2019-08-29T14:29:41.529+0930][gc,heap       ] GC(13) Survivor regions: 3->3(10)
[2019-08-29T14:29:41.529+0930][gc,heap       ] GC(13) Old regions: 13->13
[2019-08-29T14:29:41.529+0930][gc,heap       ] GC(13) Humongous regions: 129->129
[2019-08-29T14:29:41.529+0930][gc,metaspace  ] GC(13) Metaspace: 33421K->33421K(1079296K)
[2019-08-29T14:29:41.529+0930][gc            ] GC(13) Pause Young (Normal) (G1 Evacuation Pause) 220M->143M(1024M) 5.271ms
[2019-08-29T14:29:41.529+0930][gc,cpu        ] GC(13) User=0.06s Sys=0.03s Real=0.01s
[2019-08-29T14:29:44.185+0930][gc,start      ] GC(14) Pause Young (Normal) (G1 Evacuation Pause)
[2019-08-29T14:29:44.185+0930][gc,task       ] GC(14) Using 8 workers of 8 for evacuation
[2019-08-29T14:29:44.190+0930][gc,phases     ] GC(14)   Pre Evacuate Collection Set: 0.0ms
[2019-08-29T14:29:44.190+0930][gc,phases     ] GC(14)   Evacuate Collection Set: 4.4ms
[2019-08-29T14:29:44.190+0930][gc,phases     ] GC(14)   Post Evacuate Collection Set: 0.4ms
[2019-08-29T14:29:44.190+0930][gc,phases     ] GC(14)   Other: 0.2ms
[2019-08-29T14:29:44.190+0930][gc,heap       ] GC(14) Eden regions: 83->0(90)
[2019-08-29T14:29:44.190+0930][gc,heap       ] GC(14) Survivor regions: 3->3(11)
[2019-08-29T14:29:44.190+0930][gc,heap       ] GC(14) Old regions: 13->13
[2019-08-29T14:29:44.190+0930][gc,heap       ] GC(14) Humongous regions: 129->129
[2019-08-29T14:29:44.190+0930][gc,metaspace  ] GC(14) Metaspace: 33442K->33442K(1079296K)
[2019-08-29T14:29:44.190+0930][gc            ] GC(14) Pause Young (Normal) (G1 Evacuation Pause) 226M->143M(1024M) 5.181ms
[2019-08-29T14:29:44.190+0930][gc,cpu        ] GC(14) User=0.00s Sys=0.00s Real=0.01s
[2019-08-29T14:29:47.091+0930][gc,start      ] GC(15) Pause Young (Normal) (G1 Evacuation Pause)
[2019-08-29T14:29:47.091+0930][gc,task       ] GC(15) Using 8 workers of 8 for evacuation
[2019-08-29T14:29:47.098+0930][gc,phases     ] GC(15)   Pre Evacuate Collection Set: 0.1ms
[2019-08-29T14:29:47.098+0930][gc,phases     ] GC(15)   Evacuate Collection Set: 4.8ms
[2019-08-29T14:29:47.098+0930][gc,phases     ] GC(15)   Post Evacuate Collection Set: 1.6ms
[2019-08-29T14:29:47.098+0930][gc,phases     ] GC(15)   Other: 0.3ms
[2019-08-29T14:29:47.098+0930][gc,heap       ] GC(15) Eden regions: 90->0(98)
[2019-08-29T14:29:47.098+0930][gc,heap       ] GC(15) Survivor regions: 3->3(12)
[2019-08-29T14:29:47.098+0930][gc,heap       ] GC(15) Old regions: 13->13
[2019-08-29T14:29:47.098+0930][gc,heap       ] GC(15) Humongous regions: 129->129
[2019-08-29T14:29:47.098+0930][gc,metaspace  ] GC(15) Metaspace: 33489K->33489K(1079296K)
[2019-08-29T14:29:47.098+0930][gc            ] GC(15) Pause Young (Normal) (G1 Evacuation Pause) 233M->143M(1024M) 7.119ms
[2019-08-29T14:29:47.098+0930][gc,cpu        ] GC(15) User=0.00s Sys=0.00s Real=0.01s
[2019-08-29T14:29:49.341+0930][gc,start      ] GC(16) Pause Young (Normal) (G1 Evacuation Pause)
[2019-08-29T14:29:49.341+0930][gc,task       ] GC(16) Using 8 workers of 8 for evacuation
[2019-08-29T14:29:49.345+0930][gc,phases     ] GC(16)   Pre Evacuate Collection Set: 0.0ms
[2019-08-29T14:29:49.345+0930][gc,phases     ] GC(16)   Evacuate Collection Set: 3.7ms
[2019-08-29T14:29:49.345+0930][gc,phases     ] GC(16)   Post Evacuate Collection Set: 0.4ms
[2019-08-29T14:29:49.345+0930][gc,phases     ] GC(16)   Other: 0.2ms
[2019-08-29T14:29:49.345+0930][gc,heap       ] GC(16) Eden regions: 98->0(107)
[2019-08-29T14:29:49.345+0930][gc,heap       ] GC(16) Survivor regions: 3->3(13)
[2019-08-29T14:29:49.345+0930][gc,heap       ] GC(16) Old regions: 13->13
[2019-08-29T14:29:49.345+0930][gc,heap       ] GC(16) Humongous regions: 129->129
[2019-08-29T14:29:49.345+0930][gc,metaspace  ] GC(16) Metaspace: 33499K->33499K(1079296K)
[2019-08-29T14:29:49.345+0930][gc            ] GC(16) Pause Young (Normal) (G1 Evacuation Pause) 241M->143M(1024M) 4.499ms
[2019-08-29T14:29:49.345+0930][gc,cpu        ] GC(16) User=0.00s Sys=0.00s Real=0.01s
[2019-08-29T14:29:52.193+0930][gc,start      ] GC(17) Pause Young (Normal) (G1 Evacuation Pause)
[2019-08-29T14:29:52.193+0930][gc,task       ] GC(17) Using 8 workers of 8 for evacuation
[2019-08-29T14:29:52.198+0930][gc,phases     ] GC(17)   Pre Evacuate Collection Set: 0.0ms
[2019-08-29T14:29:52.198+0930][gc,phases     ] GC(17)   Evacuate Collection Set: 4.6ms
[2019-08-29T14:29:52.198+0930][gc,phases     ] GC(17)   Post Evacuate Collection Set: 0.4ms
[2019-08-29T14:29:52.198+0930][gc,phases     ] GC(17)   Other: 0.2ms
[2019-08-29T14:29:52.198+0930][gc,heap       ] GC(17) Eden regions: 107->0(115)
[2019-08-29T14:29:52.198+0930][gc,heap       ] GC(17) Survivor regions: 3->3(14)
[2019-08-29T14:29:52.198+0930][gc,heap       ] GC(17) Old regions: 13->13
[2019-08-29T14:29:52.198+0930][gc,heap       ] GC(17) Humongous regions: 129->129
[2019-08-29T14:29:52.198+0930][gc,metaspace  ] GC(17) Metaspace: 33507K->33507K(1079296K)
[2019-08-29T14:29:52.198+0930][gc            ] GC(17) Pause Young (Normal) (G1 Evacuation Pause) 250M->143M(1024M) 5.441ms
[2019-08-29T14:29:52.198+0930][gc,cpu        ] GC(17) User=0.00s Sys=0.00s Real=0.01s
[2019-08-29T14:29:55.001+0930][gc,start      ] GC(18) Pause Young (Normal) (G1 Evacuation Pause)
[2019-08-29T14:29:55.001+0930][gc,task       ] GC(18) Using 8 workers of 8 for evacuation
[2019-08-29T14:29:55.005+0930][gc,phases     ] GC(18)   Pre Evacuate Collection Set: 0.0ms
[2019-08-29T14:29:55.005+0930][gc,phases     ] GC(18)   Evacuate Collection Set: 4.2ms
[2019-08-29T14:29:55.006+0930][gc,phases     ] GC(18)   Post Evacuate Collection Set: 0.4ms
[2019-08-29T14:29:55.006+0930][gc,phases     ] GC(18)   Other: 0.2ms
[2019-08-29T14:29:55.006+0930][gc,heap       ] GC(18) Eden regions: 115->0(125)
[2019-08-29T14:29:55.006+0930][gc,heap       ] GC(18) Survivor regions: 3->3(15)
[2019-08-29T14:29:55.006+0930][gc,heap       ] GC(18) Old regions: 13->13
[2019-08-29T14:29:55.006+0930][gc,heap       ] GC(18) Humongous regions: 129->129
[2019-08-29T14:29:55.006+0930][gc,metaspace  ] GC(18) Metaspace: 33529K->33529K(1079296K)
[2019-08-29T14:29:55.006+0930][gc            ] GC(18) Pause Young (Normal) (G1 Evacuation Pause) 258M->143M(1024M) 4.955ms
[2019-08-29T14:29:55.006+0930][gc,cpu        ] GC(18) User=0.00s Sys=0.00s Real=0.01s
[2019-08-29T14:29:58.241+0930][gc,start      ] GC(19) Pause Young (Normal) (G1 Evacuation Pause)
[2019-08-29T14:29:58.241+0930][gc,task       ] GC(19) Using 8 workers of 8 for evacuation
[2019-08-29T14:29:58.249+0930][gc,phases     ] GC(19)   Pre Evacuate Collection Set: 0.0ms
[2019-08-29T14:29:58.249+0930][gc,phases     ] GC(19)   Evacuate Collection Set: 7.2ms
[2019-08-29T14:29:58.249+0930][gc,phases     ] GC(19)   Post Evacuate Collection Set: 0.4ms
[2019-08-29T14:29:58.249+0930][gc,phases     ] GC(19)   Other: 0.2ms
[2019-08-29T14:29:58.249+0930][gc,heap       ] GC(19) Eden regions: 125->0(132)
[2019-08-29T14:29:58.249+0930][gc,heap       ] GC(19) Survivor regions: 3->2(16)
[2019-08-29T14:29:58.249+0930][gc,heap       ] GC(19) Old regions: 13->15
[2019-08-29T14:29:58.249+0930][gc,heap       ] GC(19) Humongous regions: 129->129
[2019-08-29T14:29:58.249+0930][gc,metaspace  ] GC(19) Metaspace: 33538K->33538K(1079296K)
[2019-08-29T14:29:58.249+0930][gc            ] GC(19) Pause Young (Normal) (G1 Evacuation Pause) 268M->143M(1024M) 8.012ms
[2019-08-29T14:29:58.249+0930][gc,cpu        ] GC(19) User=0.03s Sys=0.01s Real=0.01s
[2019-08-29T14:30:01.564+0930][gc,start      ] GC(20) Pause Young (Normal) (G1 Evacuation Pause)
[2019-08-29T14:30:01.564+0930][gc,task       ] GC(20) Using 8 workers of 8 for evacuation
[2019-08-29T14:30:01.566+0930][gc,phases     ] GC(20)   Pre Evacuate Collection Set: 0.0ms
[2019-08-29T14:30:01.566+0930][gc,phases     ] GC(20)   Evacuate Collection Set: 2.1ms
[2019-08-29T14:30:01.566+0930][gc,phases     ] GC(20)   Post Evacuate Collection Set: 0.3ms
[2019-08-29T14:30:01.566+0930][gc,phases     ] GC(20)   Other: 0.2ms
[2019-08-29T14:30:01.566+0930][gc,heap       ] GC(20) Eden regions: 132->0(146)
[2019-08-29T14:30:01.566+0930][gc,heap       ] GC(20) Survivor regions: 2->2(17)
[2019-08-29T14:30:01.566+0930][gc,heap       ] GC(20) Old regions: 15->15
[2019-08-29T14:30:01.566+0930][gc,heap       ] GC(20) Humongous regions: 129->129
[2019-08-29T14:30:01.566+0930][gc,metaspace  ] GC(20) Metaspace: 33542K->33542K(1079296K)
[2019-08-29T14:30:01.566+0930][gc            ] GC(20) Pause Young (Normal) (G1 Evacuation Pause) 275M->143M(1024M) 2.841ms
[2019-08-29T14:30:01.567+0930][gc,cpu        ] GC(20) User=0.00s Sys=0.00s Real=0.01s
[2019-08-29T14:30:04.941+0930][gc,start      ] GC(21) Pause Young (Normal) (G1 Evacuation Pause)
[2019-08-29T14:30:04.941+0930][gc,task       ] GC(21) Using 8 workers of 8 for evacuation
[2019-08-29T14:30:04.944+0930][gc,phases     ] GC(21)   Pre Evacuate Collection Set: 0.0ms
[2019-08-29T14:30:04.944+0930][gc,phases     ] GC(21)   Evacuate Collection Set: 2.5ms
[2019-08-29T14:30:04.944+0930][gc,phases     ] GC(21)   Post Evacuate Collection Set: 0.4ms
[2019-08-29T14:30:04.944+0930][gc,phases     ] GC(21)   Other: 0.3ms
[2019-08-29T14:30:04.944+0930][gc,heap       ] GC(21) Eden regions: 146->0(162)
[2019-08-29T14:30:04.944+0930][gc,heap       ] GC(21) Survivor regions: 2->2(19)
[2019-08-29T14:30:04.944+0930][gc,heap       ] GC(21) Old regions: 15->15
[2019-08-29T14:30:04.944+0930][gc,heap       ] GC(21) Humongous regions: 129->129
[2019-08-29T14:30:04.944+0930][gc,metaspace  ] GC(21) Metaspace: 33573K->33573K(1079296K)
[2019-08-29T14:30:04.944+0930][gc            ] GC(21) Pause Young (Normal) (G1 Evacuation Pause) 289M->143M(1024M) 3.260ms
[2019-08-29T14:30:04.944+0930][gc,cpu        ] GC(21) User=0.00s Sys=0.00s Real=0.00s
[2019-08-29T14:30:08.615+0930][gc,start      ] GC(22) Pause Young (Normal) (G1 Evacuation Pause)
[2019-08-29T14:30:08.615+0930][gc,task       ] GC(22) Using 8 workers of 8 for evacuation
[2019-08-29T14:30:08.618+0930][gc,phases     ] GC(22)   Pre Evacuate Collection Set: 0.0ms
[2019-08-29T14:30:08.618+0930][gc,phases     ] GC(22)   Evacuate Collection Set: 2.8ms
[2019-08-29T14:30:08.618+0930][gc,phases     ] GC(22)   Post Evacuate Collection Set: 0.4ms
[2019-08-29T14:30:08.618+0930][gc,phases     ] GC(22)   Other: 0.3ms
[2019-08-29T14:30:08.618+0930][gc,heap       ] GC(22) Eden regions: 162->0(173)
[2019-08-29T14:30:08.618+0930][gc,heap       ] GC(22) Survivor regions: 2->2(21)
[2019-08-29T14:30:08.618+0930][gc,heap       ] GC(22) Old regions: 15->15
[2019-08-29T14:30:08.618+0930][gc,heap       ] GC(22) Humongous regions: 129->129
[2019-08-29T14:30:08.618+0930][gc,metaspace  ] GC(22) Metaspace: 33613K->33613K(1079296K)
[2019-08-29T14:30:08.618+0930][gc            ] GC(22) Pause Young (Normal) (G1 Evacuation Pause) 305M->143M(1024M) 3.540ms
[2019-08-29T14:30:08.618+0930][gc,cpu        ] GC(22) User=0.00s Sys=0.00s Real=0.01s
[2019-08-29T14:30:12.671+0930][gc,start      ] GC(23) Pause Young (Normal) (G1 Evacuation Pause)
[2019-08-29T14:30:12.671+0930][gc,task       ] GC(23) Using 8 workers of 8 for evacuation
[2019-08-29T14:30:12.675+0930][gc,phases     ] GC(23)   Pre Evacuate Collection Set: 0.0ms
[2019-08-29T14:30:12.675+0930][gc,phases     ] GC(23)   Evacuate Collection Set: 3.5ms
[2019-08-29T14:30:12.675+0930][gc,phases     ] GC(23)   Post Evacuate Collection Set: 0.4ms
[2019-08-29T14:30:12.675+0930][gc,phases     ] GC(23)   Other: 0.2ms
[2019-08-29T14:30:12.675+0930][gc,heap       ] GC(23) Eden regions: 173->0(183)
[2019-08-29T14:30:12.676+0930][gc,heap       ] GC(23) Survivor regions: 2->2(22)
[2019-08-29T14:30:12.676+0930][gc,heap       ] GC(23) Old regions: 15->15
[2019-08-29T14:30:12.676+0930][gc,heap       ] GC(23) Humongous regions: 129->129
[2019-08-29T14:30:12.676+0930][gc,metaspace  ] GC(23) Metaspace: 33614K->33614K(1079296K)
[2019-08-29T14:30:12.676+0930][gc            ] GC(23) Pause Young (Normal) (G1 Evacuation Pause) 316M->144M(1024M) 4.255ms
[2019-08-29T14:30:12.676+0930][gc,cpu        ] GC(23) User=0.00s Sys=0.00s Real=0.01s
[2019-08-29T14:30:17.004+0930][gc,start      ] GC(24) Pause Young (Normal) (G1 Evacuation Pause)
[2019-08-29T14:30:17.004+0930][gc,task       ] GC(24) Using 8 workers of 8 for evacuation
[2019-08-29T14:30:17.009+0930][gc,phases     ] GC(24)   Pre Evacuate Collection Set: 0.0ms
[2019-08-29T14:30:17.009+0930][gc,phases     ] GC(24)   Evacuate Collection Set: 4.3ms
[2019-08-29T14:30:17.009+0930][gc,phases     ] GC(24)   Post Evacuate Collection Set: 0.4ms
[2019-08-29T14:30:17.009+0930][gc,phases     ] GC(24)   Other: 0.2ms
[2019-08-29T14:30:17.009+0930][gc,heap       ] GC(24) Eden regions: 183->0(193)
[2019-08-29T14:30:17.009+0930][gc,heap       ] GC(24) Survivor regions: 2->3(24)
[2019-08-29T14:30:17.009+0930][gc,heap       ] GC(24) Old regions: 15->15
[2019-08-29T14:30:17.009+0930][gc,heap       ] GC(24) Humongous regions: 129->129
[2019-08-29T14:30:17.009+0930][gc,metaspace  ] GC(24) Metaspace: 33623K->33623K(1079296K)
[2019-08-29T14:30:17.009+0930][gc            ] GC(24) Pause Young (Normal) (G1 Evacuation Pause) 327M->144M(1024M) 5.144ms
[2019-08-29T14:30:17.009+0930][gc,cpu        ] GC(24) User=0.00s Sys=0.00s Real=0.01s
[2019-08-29T14:30:21.728+0930][gc,start      ] GC(25) Pause Young (Normal) (G1 Evacuation Pause)
[2019-08-29T14:30:21.729+0930][gc,task       ] GC(25) Using 8 workers of 8 for evacuation
[2019-08-29T14:30:21.733+0930][gc,phases     ] GC(25)   Pre Evacuate Collection Set: 0.0ms
[2019-08-29T14:30:21.733+0930][gc,phases     ] GC(25)   Evacuate Collection Set: 3.4ms
[2019-08-29T14:30:21.733+0930][gc,phases     ] GC(25)   Post Evacuate Collection Set: 0.4ms
[2019-08-29T14:30:21.733+0930][gc,phases     ] GC(25)   Other: 0.2ms
[2019-08-29T14:30:21.733+0930][gc,heap       ] GC(25) Eden regions: 193->0(315)
[2019-08-29T14:30:21.733+0930][gc,heap       ] GC(25) Survivor regions: 3->3(25)
[2019-08-29T14:30:21.733+0930][gc,heap       ] GC(25) Old regions: 15->15
[2019-08-29T14:30:21.733+0930][gc,heap       ] GC(25) Humongous regions: 129->129
[2019-08-29T14:30:21.733+0930][gc,metaspace  ] GC(25) Metaspace: 33759K->33759K(1079296K)
[2019-08-29T14:30:21.733+0930][gc            ] GC(25) Pause Young (Normal) (G1 Evacuation Pause) 337M->144M(1024M) 4.248ms
[2019-08-29T14:30:21.733+0930][gc,cpu        ] GC(25) User=0.07s Sys=0.05s Real=0.00s
[2019-08-29T14:30:29.087+0930][gc,start      ] GC(26) Pause Young (Normal) (G1 Evacuation Pause)
[2019-08-29T14:30:29.087+0930][gc,task       ] GC(26) Using 8 workers of 8 for evacuation
[2019-08-29T14:30:29.092+0930][gc,phases     ] GC(26)   Pre Evacuate Collection Set: 0.0ms
[2019-08-29T14:30:29.092+0930][gc,phases     ] GC(26)   Evacuate Collection Set: 4.3ms
[2019-08-29T14:30:29.092+0930][gc,phases     ] GC(26)   Post Evacuate Collection Set: 0.4ms
[2019-08-29T14:30:29.092+0930][gc,phases     ] GC(26)   Other: 0.3ms
[2019-08-29T14:30:29.092+0930][gc,heap       ] GC(26) Eden regions: 314->0(348)
[2019-08-29T14:30:29.092+0930][gc,heap       ] GC(26) Survivor regions: 3->3(40)
[2019-08-29T14:30:29.092+0930][gc,heap       ] GC(26) Old regions: 15->15
[2019-08-29T14:30:29.092+0930][gc,heap       ] GC(26) Humongous regions: 129->129
[2019-08-29T14:30:29.092+0930][gc,metaspace  ] GC(26) Metaspace: 33768K->33768K(1079296K)
[2019-08-29T14:30:29.092+0930][gc            ] GC(26) Pause Young (Normal) (G1 Evacuation Pause) 458M->145M(1024M) 5.216ms
[2019-08-29T14:30:29.092+0930][gc,cpu        ] GC(26) User=0.05s Sys=0.08s Real=0.00s
[2019-08-29T14:30:37.145+0930][gc,start      ] GC(27) Pause Young (Normal) (G1 Evacuation Pause)
[2019-08-29T14:30:37.145+0930][gc,task       ] GC(27) Using 8 workers of 8 for evacuation
[2019-08-29T14:30:37.150+0930][gc,phases     ] GC(27)   Pre Evacuate Collection Set: 0.0ms
[2019-08-29T14:30:37.151+0930][gc,phases     ] GC(27)   Evacuate Collection Set: 4.5ms
[2019-08-29T14:30:37.151+0930][gc,phases     ] GC(27)   Post Evacuate Collection Set: 0.5ms
[2019-08-29T14:30:37.151+0930][gc,phases     ] GC(27)   Other: 0.2ms
[2019-08-29T14:30:37.151+0930][gc,heap       ] GC(27) Eden regions: 347->0(358)
[2019-08-29T14:30:37.151+0930][gc,heap       ] GC(27) Survivor regions: 3->3(44)
[2019-08-29T14:30:37.151+0930][gc,heap       ] GC(27) Old regions: 15->15
[2019-08-29T14:30:37.151+0930][gc,heap       ] GC(27) Humongous regions: 129->129
[2019-08-29T14:30:37.151+0930][gc,metaspace  ] GC(27) Metaspace: 33785K->33785K(1079296K)
[2019-08-29T14:30:37.151+0930][gc            ] GC(27) Pause Young (Normal) (G1 Evacuation Pause) 492M->145M(1024M) 5.520ms
[2019-08-29T14:30:37.151+0930][gc,cpu        ] GC(27) User=0.00s Sys=0.00s Real=0.01s
[2019-08-29T14:30:45.138+0930][gc,start      ] GC(28) Pause Young (Normal) (G1 Evacuation Pause)
[2019-08-29T14:30:45.138+0930][gc,task       ] GC(28) Using 8 workers of 8 for evacuation
[2019-08-29T14:30:45.144+0930][gc,phases     ] GC(28)   Pre Evacuate Collection Set: 0.0ms
[2019-08-29T14:30:45.144+0930][gc,phases     ] GC(28)   Evacuate Collection Set: 5.2ms
[2019-08-29T14:30:45.144+0930][gc,phases     ] GC(28)   Post Evacuate Collection Set: 0.5ms
[2019-08-29T14:30:45.144+0930][gc,phases     ] GC(28)   Other: 0.2ms
[2019-08-29T14:30:45.144+0930][gc,heap       ] GC(28) Eden regions: 358->0(368)
[2019-08-29T14:30:45.144+0930][gc,heap       ] GC(28) Survivor regions: 3->4(46)
[2019-08-29T14:30:45.144+0930][gc,heap       ] GC(28) Old regions: 15->15
[2019-08-29T14:30:45.144+0930][gc,heap       ] GC(28) Humongous regions: 129->129
[2019-08-29T14:30:45.144+0930][gc,metaspace  ] GC(28) Metaspace: 33803K->33803K(1079296K)
[2019-08-29T14:30:45.144+0930][gc            ] GC(28) Pause Young (Normal) (G1 Evacuation Pause) 503M->145M(1024M) 6.100ms
[2019-08-29T14:30:45.144+0930][gc,cpu        ] GC(28) User=0.00s Sys=0.00s Real=0.00s
[2019-08-29T14:30:53.522+0930][gc,start      ] GC(29) Pause Young (Normal) (G1 Evacuation Pause)
[2019-08-29T14:30:53.522+0930][gc,task       ] GC(29) Using 8 workers of 8 for evacuation
[2019-08-29T14:30:53.528+0930][gc,phases     ] GC(29)   Pre Evacuate Collection Set: 0.0ms
[2019-08-29T14:30:53.528+0930][gc,phases     ] GC(29)   Evacuate Collection Set: 5.3ms
[2019-08-29T14:30:53.528+0930][gc,phases     ] GC(29)   Post Evacuate Collection Set: 0.5ms
[2019-08-29T14:30:53.528+0930][gc,phases     ] GC(29)   Other: 0.3ms
[2019-08-29T14:30:53.528+0930][gc,heap       ] GC(29) Eden regions: 368->0(451)
[2019-08-29T14:30:53.528+0930][gc,heap       ] GC(29) Survivor regions: 4->4(47)
[2019-08-29T14:30:53.528+0930][gc,heap       ] GC(29) Old regions: 15->16
[2019-08-29T14:30:53.528+0930][gc,heap       ] GC(29) Humongous regions: 129->129
[2019-08-29T14:30:53.528+0930][gc,metaspace  ] GC(29) Metaspace: 33815K->33815K(1079296K)
[2019-08-29T14:30:53.528+0930][gc            ] GC(29) Pause Young (Normal) (G1 Evacuation Pause) 513M->146M(1024M) 6.325ms
[2019-08-29T14:30:53.528+0930][gc,cpu        ] GC(29) User=0.02s Sys=0.00s Real=0.01s
[2019-08-29T14:31:03.938+0930][gc,start      ] GC(30) Pause Young (Normal) (G1 Evacuation Pause)
[2019-08-29T14:31:03.938+0930][gc,task       ] GC(30) Using 8 workers of 8 for evacuation
[2019-08-29T14:31:03.945+0930][gc,phases     ] GC(30)   Pre Evacuate Collection Set: 0.0ms
[2019-08-29T14:31:03.945+0930][gc,phases     ] GC(30)   Evacuate Collection Set: 6.0ms
[2019-08-29T14:31:03.945+0930][gc,phases     ] GC(30)   Post Evacuate Collection Set: 0.5ms
[2019-08-29T14:31:03.945+0930][gc,phases     ] GC(30)   Other: 0.2ms
[2019-08-29T14:31:03.945+0930][gc,heap       ] GC(30) Eden regions: 450->0(478)
[2019-08-29T14:31:03.945+0930][gc,heap       ] GC(30) Survivor regions: 4->4(57)
[2019-08-29T14:31:03.945+0930][gc,heap       ] GC(30) Old regions: 16->16
[2019-08-29T14:31:03.945+0930][gc,heap       ] GC(30) Humongous regions: 129->129
[2019-08-29T14:31:03.945+0930][gc,metaspace  ] GC(30) Metaspace: 33817K->33817K(1079296K)
[2019-08-29T14:31:03.945+0930][gc            ] GC(30) Pause Young (Normal) (G1 Evacuation Pause) 596M->146M(1024M) 6.903ms
[2019-08-29T14:31:03.945+0930][gc,cpu        ] GC(30) User=0.00s Sys=0.00s Real=0.00s
[2019-08-29T14:31:16.029+0930][gc,start      ] GC(31) Pause Young (Normal) (G1 Evacuation Pause)
[2019-08-29T14:31:16.029+0930][gc,task       ] GC(31) Using 8 workers of 8 for evacuation
[2019-08-29T14:31:16.039+0930][gc,phases     ] GC(31)   Pre Evacuate Collection Set: 0.0ms
[2019-08-29T14:31:16.039+0930][gc,phases     ] GC(31)   Evacuate Collection Set: 8.7ms
[2019-08-29T14:31:16.039+0930][gc,phases     ] GC(31)   Post Evacuate Collection Set: 0.7ms
[2019-08-29T14:31:16.039+0930][gc,phases     ] GC(31)   Other: 0.3ms
[2019-08-29T14:31:16.039+0930][gc,heap       ] GC(31) Eden regions: 477->0(485)
[2019-08-29T14:31:16.039+0930][gc,heap       ] GC(31) Survivor regions: 4->5(61)
[2019-08-29T14:31:16.039+0930][gc,heap       ] GC(31) Old regions: 16->16
[2019-08-29T14:31:16.039+0930][gc,heap       ] GC(31) Humongous regions: 129->129
[2019-08-29T14:31:16.039+0930][gc,metaspace  ] GC(31) Metaspace: 33832K->33832K(1079296K)
[2019-08-29T14:31:16.039+0930][gc            ] GC(31) Pause Young (Normal) (G1 Evacuation Pause) 623M->146M(1024M) 9.926ms
[2019-08-29T14:31:16.039+0930][gc,cpu        ] GC(31) User=0.00s Sys=0.00s Real=0.01s
[2019-08-29T14:31:33.309+0930][gc,start      ] GC(32) Pause Young (Normal) (G1 Evacuation Pause)
[2019-08-29T14:31:33.309+0930][gc,task       ] GC(32) Using 8 workers of 8 for evacuation
[2019-08-29T14:31:33.320+0930][gc,phases     ] GC(32)   Pre Evacuate Collection Set: 0.0ms
[2019-08-29T14:31:33.320+0930][gc,phases     ] GC(32)   Evacuate Collection Set: 9.9ms
[2019-08-29T14:31:33.320+0930][gc,phases     ] GC(32)   Post Evacuate Collection Set: 0.8ms
[2019-08-29T14:31:33.320+0930][gc,phases     ] GC(32)   Other: 0.3ms
[2019-08-29T14:31:33.320+0930][gc,heap       ] GC(32) Eden regions: 485->0(609)
[2019-08-29T14:31:33.320+0930][gc,heap       ] GC(32) Survivor regions: 5->5(62)
[2019-08-29T14:31:33.320+0930][gc,heap       ] GC(32) Old regions: 16->16
[2019-08-29T14:31:33.320+0930][gc,heap       ] GC(32) Humongous regions: 129->129
[2019-08-29T14:31:33.320+0930][gc,metaspace  ] GC(32) Metaspace: 33834K->33834K(1079296K)
[2019-08-29T14:31:33.320+0930][gc            ] GC(32) Pause Young (Normal) (G1 Evacuation Pause) 631M->147M(1024M) 11.102ms
[2019-08-29T14:31:33.320+0930][gc,cpu        ] GC(32) User=0.00s Sys=0.00s Real=0.01s
[2019-08-29T14:31:52.774+0930][gc,start      ] GC(33) Pause Young (Concurrent Start) (Metadata GC Threshold)
[2019-08-29T14:31:52.774+0930][gc,task       ] GC(33) Using 8 workers of 8 for evacuation
[2019-08-29T14:31:52.787+0930][gc,phases     ] GC(33)   Pre Evacuate Collection Set: 0.2ms
[2019-08-29T14:31:52.787+0930][gc,phases     ] GC(33)   Evacuate Collection Set: 11.5ms
[2019-08-29T14:31:52.787+0930][gc,phases     ] GC(33)   Post Evacuate Collection Set: 0.8ms
[2019-08-29T14:31:52.787+0930][gc,phases     ] GC(33)   Other: 0.3ms
[2019-08-29T14:31:52.787+0930][gc,heap       ] GC(33) Eden regions: 601->0(609)
[2019-08-29T14:31:52.787+0930][gc,heap       ] GC(33) Survivor regions: 5->5(77)
[2019-08-29T14:31:52.787+0930][gc,heap       ] GC(33) Old regions: 16->16
[2019-08-29T14:31:52.787+0930][gc,heap       ] GC(33) Humongous regions: 129->129
[2019-08-29T14:31:52.787+0930][gc,metaspace  ] GC(33) Metaspace: 33843K->33843K(1079296K)
[2019-08-29T14:31:52.787+0930][gc            ] GC(33) Pause Young (Concurrent Start) (Metadata GC Threshold) 748M->147M(1024M) 13.022ms
[2019-08-29T14:31:52.787+0930][gc,cpu        ] GC(33) User=0.01s Sys=0.06s Real=0.02s
[2019-08-29T14:31:52.787+0930][gc            ] GC(34) Concurrent Cycle
[2019-08-29T14:31:52.787+0930][gc,marking    ] GC(34) Concurrent Clear Claimed Marks
[2019-08-29T14:31:52.788+0930][gc,marking    ] GC(34) Concurrent Clear Claimed Marks 0.234ms
[2019-08-29T14:31:52.788+0930][gc,marking    ] GC(34) Concurrent Scan Root Regions
[2019-08-29T14:31:52.791+0930][gc,marking    ] GC(34) Concurrent Scan Root Regions 3.555ms
[2019-08-29T14:31:52.791+0930][gc,marking    ] GC(34) Concurrent Mark (166.798s)
[2019-08-29T14:31:52.791+0930][gc,marking    ] GC(34) Concurrent Mark From Roots
[2019-08-29T14:31:52.791+0930][gc,task       ] GC(34) Using 2 workers of 2 for marking
[2019-08-29T14:31:52.816+0930][gc,marking    ] GC(34) Concurrent Mark From Roots 24.831ms
[2019-08-29T14:31:52.816+0930][gc,marking    ] GC(34) Concurrent Preclean
[2019-08-29T14:31:52.817+0930][gc,marking    ] GC(34) Concurrent Preclean 0.460ms
[2019-08-29T14:31:52.817+0930][gc,marking    ] GC(34) Concurrent Mark (166.798s, 166.823s) 25.424ms
[2019-08-29T14:31:52.817+0930][gc,start      ] GC(34) Pause Remark
[2019-08-29T14:31:52.825+0930][gc,stringtable] GC(34) Cleaned string and symbol table, strings: 11180 processed, 13 removed, symbols: 72910 processed, 18 removed
[2019-08-29T14:31:52.825+0930][gc            ] GC(34) Pause Remark 152M->152M(1024M) 8.200ms
[2019-08-29T14:31:52.825+0930][gc,cpu        ] GC(34) User=0.11s Sys=0.00s Real=0.00s
[2019-08-29T14:31:52.825+0930][gc,marking    ] GC(34) Concurrent Rebuild Remembered Sets
[2019-08-29T14:31:52.839+0930][gc,marking    ] GC(34) Concurrent Rebuild Remembered Sets 13.634ms
[2019-08-29T14:31:52.839+0930][gc,start      ] GC(34) Pause Cleanup
[2019-08-29T14:31:52.839+0930][gc            ] GC(34) Pause Cleanup 152M->152M(1024M) 0.184ms
[2019-08-29T14:31:52.839+0930][gc,cpu        ] GC(34) User=0.00s Sys=0.00s Real=0.00s
[2019-08-29T14:31:52.839+0930][gc,marking    ] GC(34) Concurrent Cleanup for Next Mark
[2019-08-29T14:31:52.859+0930][gc,marking    ] GC(34) Concurrent Cleanup for Next Mark 19.214ms
[2019-08-29T14:31:52.859+0930][gc            ] GC(34) Concurrent Cycle 71.403ms
[2019-08-29T14:32:10.948+0930][gc,start      ] GC(35) Pause Young (Normal) (G1 Evacuation Pause)
[2019-08-29T14:32:10.948+0930][gc,task       ] GC(35) Using 8 workers of 8 for evacuation
[2019-08-29T14:32:10.954+0930][gc,phases     ] GC(35)   Pre Evacuate Collection Set: 0.0ms
[2019-08-29T14:32:10.954+0930][gc,phases     ] GC(35)   Evacuate Collection Set: 5.3ms
[2019-08-29T14:32:10.954+0930][gc,phases     ] GC(35)   Post Evacuate Collection Set: 0.7ms
[2019-08-29T14:32:10.954+0930][gc,phases     ] GC(35)   Other: 0.3ms
[2019-08-29T14:32:10.954+0930][gc,heap       ] GC(35) Eden regions: 600->0(609)
[2019-08-29T14:32:10.954+0930][gc,heap       ] GC(35) Survivor regions: 5->5(76)
[2019-08-29T14:32:10.954+0930][gc,heap       ] GC(35) Old regions: 16->16
[2019-08-29T14:32:10.954+0930][gc,heap       ] GC(35) Humongous regions: 129->129
[2019-08-29T14:32:10.954+0930][gc,metaspace  ] GC(35) Metaspace: 33828K->33828K(1079296K)
[2019-08-29T14:32:10.954+0930][gc            ] GC(35) Pause Young (Normal) (G1 Evacuation Pause) 747M->148M(1024M) 6.420ms
[2019-08-29T14:32:10.954+0930][gc,cpu        ] GC(35) User=0.09s Sys=0.03s Real=0.00s
[2019-08-29T14:32:30.665+0930][gc,start      ] GC(36) Pause Young (Normal) (G1 Evacuation Pause)
[2019-08-29T14:32:30.665+0930][gc,task       ] GC(36) Using 8 workers of 8 for evacuation
[2019-08-29T14:32:30.676+0930][gc,phases     ] GC(36)   Pre Evacuate Collection Set: 0.0ms
[2019-08-29T14:32:30.676+0930][gc,phases     ] GC(36)   Evacuate Collection Set: 9.2ms
[2019-08-29T14:32:30.676+0930][gc,phases     ] GC(36)   Post Evacuate Collection Set: 1.8ms
[2019-08-29T14:32:30.676+0930][gc,phases     ] GC(36)   Other: 0.3ms
[2019-08-29T14:32:30.676+0930][gc,heap       ] GC(36) Eden regions: 609->0(608)
[2019-08-29T14:32:30.676+0930][gc,heap       ] GC(36) Survivor regions: 5->6(77)
[2019-08-29T14:32:30.676+0930][gc,heap       ] GC(36) Old regions: 16->16
[2019-08-29T14:32:30.676+0930][gc,heap       ] GC(36) Humongous regions: 129->129
[2019-08-29T14:32:30.676+0930][gc,metaspace  ] GC(36) Metaspace: 33857K->33857K(1079296K)
[2019-08-29T14:32:30.676+0930][gc            ] GC(36) Pause Young (Normal) (G1 Evacuation Pause) 757M->148M(1024M) 11.545ms
[2019-08-29T14:32:30.676+0930][gc,cpu        ] GC(36) User=0.06s Sys=0.06s Real=0.02s
[2019-08-29T14:32:48.993+0930][gc,start      ] GC(37) Pause Young (Normal) (G1 Evacuation Pause)
[2019-08-29T14:32:48.993+0930][gc,task       ] GC(37) Using 8 workers of 8 for evacuation
[2019-08-29T14:32:48.998+0930][gc,phases     ] GC(37)   Pre Evacuate Collection Set: 0.0ms
[2019-08-29T14:32:48.998+0930][gc,phases     ] GC(37)   Evacuate Collection Set: 4.8ms
[2019-08-29T14:32:48.998+0930][gc,phases     ] GC(37)   Post Evacuate Collection Set: 0.6ms
[2019-08-29T14:32:48.998+0930][gc,phases     ] GC(37)   Other: 0.3ms
[2019-08-29T14:32:48.998+0930][gc,heap       ] GC(37) Eden regions: 608->0(608)
[2019-08-29T14:32:48.998+0930][gc,heap       ] GC(37) Survivor regions: 6->6(77)
[2019-08-29T14:32:48.999+0930][gc,heap       ] GC(37) Old regions: 16->17
[2019-08-29T14:32:48.999+0930][gc,heap       ] GC(37) Humongous regions: 129->129
[2019-08-29T14:32:48.999+0930][gc,metaspace  ] GC(37) Metaspace: 33862K->33862K(1079296K)
[2019-08-29T14:32:48.999+0930][gc            ] GC(37) Pause Young (Normal) (G1 Evacuation Pause) 756M->149M(1024M) 5.929ms
[2019-08-29T14:32:48.999+0930][gc,cpu        ] GC(37) User=0.07s Sys=0.06s Real=0.01s
[2019-08-29T14:33:09.114+0930][gc,start      ] GC(38) Pause Young (Normal) (G1 Evacuation Pause)
[2019-08-29T14:33:09.114+0930][gc,task       ] GC(38) Using 8 workers of 8 for evacuation
[2019-08-29T14:33:09.122+0930][gc,phases     ] GC(38)   Pre Evacuate Collection Set: 0.0ms
[2019-08-29T14:33:09.122+0930][gc,phases     ] GC(38)   Evacuate Collection Set: 6.6ms
[2019-08-29T14:33:09.122+0930][gc,phases     ] GC(38)   Post Evacuate Collection Set: 0.8ms
[2019-08-29T14:33:09.122+0930][gc,phases     ] GC(38)   Other: 0.3ms
[2019-08-29T14:33:09.122+0930][gc,heap       ] GC(38) Eden regions: 608->0(608)
[2019-08-29T14:33:09.122+0930][gc,heap       ] GC(38) Survivor regions: 6->6(77)
[2019-08-29T14:33:09.122+0930][gc,heap       ] GC(38) Old regions: 17->17
[2019-08-29T14:33:09.122+0930][gc,heap       ] GC(38) Humongous regions: 129->129
[2019-08-29T14:33:09.122+0930][gc,metaspace  ] GC(38) Metaspace: 33863K->33863K(1079296K)
[2019-08-29T14:33:09.122+0930][gc            ] GC(38) Pause Young (Normal) (G1 Evacuation Pause) 757M->149M(1024M) 7.920ms
[2019-08-29T14:33:09.122+0930][gc,cpu        ] GC(38) User=0.10s Sys=0.00s Real=0.01s
[2019-08-29T14:33:28.668+0930][gc,start      ] GC(39) Pause Young (Normal) (G1 Evacuation Pause)
[2019-08-29T14:33:28.668+0930][gc,task       ] GC(39) Using 8 workers of 8 for evacuation
[2019-08-29T14:33:28.676+0930][gc,phases     ] GC(39)   Pre Evacuate Collection Set: 0.0ms
[2019-08-29T14:33:28.676+0930][gc,phases     ] GC(39)   Evacuate Collection Set: 6.9ms
[2019-08-29T14:33:28.676+0930][gc,phases     ] GC(39)   Post Evacuate Collection Set: 0.7ms
[2019-08-29T14:33:28.676+0930][gc,phases     ] GC(39)   Other: 0.5ms
[2019-08-29T14:33:28.676+0930][gc,heap       ] GC(39) Eden regions: 608->0(608)
[2019-08-29T14:33:28.676+0930][gc,heap       ] GC(39) Survivor regions: 6->6(77)
[2019-08-29T14:33:28.676+0930][gc,heap       ] GC(39) Old regions: 17->17
[2019-08-29T14:33:28.676+0930][gc,heap       ] GC(39) Humongous regions: 129->129
[2019-08-29T14:33:28.676+0930][gc,metaspace  ] GC(39) Metaspace: 33866K->33866K(1079296K)
[2019-08-29T14:33:28.676+0930][gc            ] GC(39) Pause Young (Normal) (G1 Evacuation Pause) 757M->150M(1024M) 8.153ms
[2019-08-29T14:33:28.678+0930][gc,cpu        ] GC(39) User=0.10s Sys=0.00s Real=0.01s
[2019-08-29T14:33:37.581+0930][gc,heap,exit  ] Heap
[2019-08-29T14:33:37.581+0930][gc,heap,exit  ]  garbage-first heap   total 1048576K, used 435409K [0x00000000c0000000, 0x0000000100000000)
[2019-08-29T14:33:37.581+0930][gc,heap,exit  ]   region size 1024K, 282 young (288768K), 6 survivors (6144K)
[2019-08-29T14:33:37.581+0930][gc,heap,exit  ]  Metaspace       used 34056K, capacity 36149K, committed 36304K, reserved 1079296K
[2019-08-29T14:33:37.581+0930][gc,heap,exit  ]   class space    used 4804K, capacity 5766K, committed 5888K, reserved 1048576K
