[2019-06-03T11:22:59.464+0930][gc,heap] Heap region size: 1M
[2019-06-03T11:22:59.495+0930][gc     ] Using G1
[2019-06-03T11:22:59.495+0930][gc,heap,coops] Heap address: 0x00000000e0000000, size: 512 MB, Compressed Oops mode: 32-bit
[2019-06-03T11:22:59.497+0930][gc,cds       ] Mark closed archive regions in map: [0x00000000fff00000, 0x00000000fff69ff8]
[2019-06-03T11:22:59.497+0930][gc,cds       ] Mark open archive regions in map: [0x00000000ffe00000, 0x00000000ffe34ff8]
[2019-06-03T11:41:07.106+0930][gc,start     ] GC(0) Pause Young (Normal) (G1 Evacuation Pause)
[2019-06-03T11:41:07.114+0930][gc,task      ] GC(0) Using 8 workers of 8 for evacuation
[2019-06-03T11:41:07.156+0930][gc,mmu       ] GC(0) MMU target violated: 21.0ms (20.0ms/21.0ms)
[2019-06-03T11:41:07.156+0930][gc,phases    ] GC(0)   Pre Evacuate Collection Set: 0.3ms
[2019-06-03T11:41:07.156+0930][gc,phases    ] GC(0)   Evacuate Collection Set: 38.6ms
[2019-06-03T11:41:07.156+0930][gc,phases    ] GC(0)   Post Evacuate Collection Set: 1.9ms
[2019-06-03T11:41:07.156+0930][gc,phases    ] GC(0)   Other: 9.2ms
[2019-06-03T11:41:07.156+0930][gc,heap      ] GC(0) Eden regions: 25->0(21)
[2019-06-03T11:41:07.156+0930][gc,heap      ] GC(0) Survivor regions: 0->4(4)
[2019-06-03T11:41:07.156+0930][gc,heap      ] GC(0) Old regions: 2->4
[2019-06-03T11:41:07.156+0930][gc,heap      ] GC(0) Humongous regions: 0->0
[2019-06-03T11:41:07.156+0930][gc,metaspace ] GC(0) Metaspace: 7689K->7689K(1056768K)
[2019-06-03T11:41:07.156+0930][gc           ] GC(0) Pause Young (Normal) (G1 Evacuation Pause) 25M->5M(512M) 50.405ms
[2019-06-03T11:41:07.157+0930][gc,cpu       ] GC(0) User=0.12s Sys=0.11s Real=0.05s
