[2019-06-03T11:55:20.678+0930][gc,heap] Heap region size: 1M
[2019-06-03T11:55:20.708+0930][gc     ] Using G1
[2019-06-03T11:55:20.709+0930][gc,heap,coops] Heap address: 0x00000000e0000000, size: 512 MB, Compressed Oops mode: 32-bit
[2019-06-03T11:55:20.711+0930][gc,cds       ] Mark closed archive regions in map: [0x00000000fff00000, 0x00000000fff69ff8]
[2019-06-03T11:55:20.711+0930][gc,cds       ] Mark open archive regions in map: [0x00000000ffe00000, 0x00000000ffe34ff8]
[2019-06-03T12:05:59.819+0930][gc,start     ] GC(0) Pause Young (Normal) (G1 Evacuation Pause)
[2019-06-03T12:05:59.822+0930][gc,task      ] GC(0) Using 8 workers of 8 for evacuation
[2019-06-03T12:05:59.853+0930][gc,mmu       ] GC(0) MMU target violated: 21.0ms (20.0ms/21.0ms)
[2019-06-03T12:05:59.853+0930][gc,phases    ] GC(0)   Pre Evacuate Collection Set: 0.2ms
[2019-06-03T12:05:59.853+0930][gc,phases    ] GC(0)   Evacuate Collection Set: 29.3ms
[2019-06-03T12:05:59.853+0930][gc,phases    ] GC(0)   Post Evacuate Collection Set: 0.9ms
[2019-06-03T12:05:59.853+0930][gc,phases    ] GC(0)   Other: 4.0ms
[2019-06-03T12:05:59.853+0930][gc,heap      ] GC(0) Eden regions: 25->0(21)
[2019-06-03T12:05:59.853+0930][gc,heap      ] GC(0) Survivor regions: 0->4(4)
[2019-06-03T12:05:59.853+0930][gc,heap      ] GC(0) Old regions: 2->4
[2019-06-03T12:05:59.853+0930][gc,heap      ] GC(0) Humongous regions: 0->0
[2019-06-03T12:05:59.853+0930][gc,metaspace ] GC(0) Metaspace: 7670K->7670K(1056768K)
[2019-06-03T12:05:59.853+0930][gc           ] GC(0) Pause Young (Normal) (G1 Evacuation Pause) 25M->5M(512M) 34.637ms
[2019-06-03T12:05:59.854+0930][gc,cpu       ] GC(0) User=0.14s Sys=0.11s Real=0.04s
[2019-06-03T12:57:55.309+0930][gc,heap,exit ] Heap
[2019-06-03T12:57:55.309+0930][gc,heap,exit ]  garbage-first heap   total 524288K, used 15002K [0x00000000e0000000, 0x0000000100000000)
[2019-06-03T12:57:55.309+0930][gc,heap,exit ]   region size 1024K, 14 young (14336K), 4 survivors (4096K)
[2019-06-03T12:57:55.309+0930][gc,heap,exit ]  Metaspace       used 7752K, capacity 8051K, committed 8192K, reserved 1056768K
[2019-06-03T12:57:55.309+0930][gc,heap,exit ]   class space    used 837K, capacity 962K, committed 1024K, reserved 1048576K
