[2019-06-03T16:14:44.838+0930][gc,heap] Heap region size: 1M
[2019-06-03T16:14:44.849+0930][gc     ] Using G1
[2019-06-03T16:14:44.849+0930][gc,heap,coops] Heap address: 0x00000000e0000000, size: 512 MB, Compressed Oops mode: 32-bit
[2019-06-03T16:14:44.850+0930][gc,cds       ] Mark closed archive regions in map: [0x00000000fff00000, 0x00000000fff69ff8]
[2019-06-03T16:14:44.850+0930][gc,cds       ] Mark open archive regions in map: [0x00000000ffe00000, 0x00000000ffe34ff8]
[2019-06-03T16:34:53.537+0930][gc,heap,exit ] Heap
[2019-06-03T16:34:53.537+0930][gc,heap,exit ]  garbage-first heap   total 524288K, used 21116K [0x00000000e0000000, 0x0000000100000000)
[2019-06-03T16:34:53.538+0930][gc,heap,exit ]   region size 1024K, 21 young (21504K), 0 survivors (0K)
[2019-06-03T16:34:53.538+0930][gc,heap,exit ]  Metaspace       used 6947K, capacity 7315K, committed 7424K, reserved 1056768K
[2019-06-03T16:34:53.538+0930][gc,heap,exit ]   class space    used 795K, capacity 930K, committed 1024K, reserved 1048576K
