[2019-06-03T13:01:38.708+0930][gc,heap] Heap region size: 1M
[2019-06-03T13:01:38.762+0930][gc     ] Using G1
[2019-06-03T13:01:38.762+0930][gc,heap,coops] Heap address: 0x00000000c0000000, size: 1024 MB, Compressed Oops mode: 32-bit
[2019-06-03T13:01:38.765+0930][gc,cds       ] Mark closed archive regions in map: [0x00000000fff00000, 0x00000000fff69ff8]
[2019-06-03T13:01:38.765+0930][gc,cds       ] Mark open archive regions in map: [0x00000000ffe00000, 0x00000000ffe34ff8]
[2019-06-03T13:01:41.335+0930][gc,start     ] GC(0) Pause Young (Normal) (G1 Evacuation Pause)
[2019-06-03T13:01:41.338+0930][gc,task      ] GC(0) Using 8 workers of 8 for evacuation
[2019-06-03T13:01:41.375+0930][gc,mmu       ] GC(0) MMU target violated: 21.0ms (20.0ms/21.0ms)
[2019-06-03T13:01:41.375+0930][gc,phases    ] GC(0)   Pre Evacuate Collection Set: 0.0ms
[2019-06-03T13:01:41.375+0930][gc,phases    ] GC(0)   Evacuate Collection Set: 31.2ms
[2019-06-03T13:01:41.375+0930][gc,phases    ] GC(0)   Post Evacuate Collection Set: 1.1ms
[2019-06-03T13:01:41.375+0930][gc,phases    ] GC(0)   Other: 8.0ms
[2019-06-03T13:01:41.375+0930][gc,heap      ] GC(0) Eden regions: 51->0(45)
[2019-06-03T13:01:41.375+0930][gc,heap      ] GC(0) Survivor regions: 0->6(7)
[2019-06-03T13:01:41.375+0930][gc,heap      ] GC(0) Old regions: 2->2
[2019-06-03T13:01:41.375+0930][gc,heap      ] GC(0) Humongous regions: 0->0
[2019-06-03T13:01:41.375+0930][gc,metaspace ] GC(0) Metaspace: 16761K->16761K(1064960K)
[2019-06-03T13:01:41.375+0930][gc           ] GC(0) Pause Young (Normal) (G1 Evacuation Pause) 51M->6M(1024M) 40.540ms
[2019-06-03T13:01:41.375+0930][gc,cpu       ] GC(0) User=0.07s Sys=0.11s Real=0.04s
[2019-06-03T13:01:42.297+0930][gc,start     ] GC(1) Pause Young (Concurrent Start) (Metadata GC Threshold)
[2019-06-03T13:01:42.297+0930][gc,task      ] GC(1) Using 8 workers of 8 for evacuation
[2019-06-03T13:01:42.325+0930][gc,mmu       ] GC(1) MMU target violated: 21.0ms (20.0ms/21.0ms)
[2019-06-03T13:01:42.325+0930][gc,phases    ] GC(1)   Pre Evacuate Collection Set: 0.1ms
[2019-06-03T13:01:42.325+0930][gc,phases    ] GC(1)   Evacuate Collection Set: 27.2ms
[2019-06-03T13:01:42.325+0930][gc,phases    ] GC(1)   Post Evacuate Collection Set: 0.6ms
[2019-06-03T13:01:42.325+0930][gc,phases    ] GC(1)   Other: 0.7ms
[2019-06-03T13:01:42.325+0930][gc,heap      ] GC(1) Eden regions: 16->0(49)
[2019-06-03T13:01:42.325+0930][gc,heap      ] GC(1) Survivor regions: 6->2(7)
[2019-06-03T13:01:42.325+0930][gc,heap      ] GC(1) Old regions: 2->8
[2019-06-03T13:01:42.325+0930][gc,heap      ] GC(1) Humongous regions: 129->129
[2019-06-03T13:01:42.325+0930][gc,metaspace ] GC(1) Metaspace: 20486K->20486K(1067008K)
[2019-06-03T13:01:42.326+0930][gc           ] GC(1) Pause Young (Concurrent Start) (Metadata GC Threshold) 151M->136M(1024M) 28.799ms
[2019-06-03T13:01:42.326+0930][gc,cpu       ] GC(1) User=0.09s Sys=0.11s Real=0.03s
[2019-06-03T13:01:42.326+0930][gc           ] GC(2) Concurrent Cycle
[2019-06-03T13:01:42.326+0930][gc,marking   ] GC(2) Concurrent Clear Claimed Marks
[2019-06-03T13:01:42.326+0930][gc,marking   ] GC(2) Concurrent Clear Claimed Marks 0.187ms
[2019-06-03T13:01:42.326+0930][gc,marking   ] GC(2) Concurrent Scan Root Regions
[2019-06-03T13:01:42.328+0930][gc,marking   ] GC(2) Concurrent Scan Root Regions 1.823ms
[2019-06-03T13:01:42.328+0930][gc,marking   ] GC(2) Concurrent Mark (3.642s)
[2019-06-03T13:01:42.328+0930][gc,marking   ] GC(2) Concurrent Mark From Roots
[2019-06-03T13:01:42.328+0930][gc,task      ] GC(2) Using 2 workers of 2 for marking
[2019-06-03T13:01:42.342+0930][gc,marking   ] GC(2) Concurrent Mark From Roots 13.853ms
[2019-06-03T13:01:42.342+0930][gc,marking   ] GC(2) Concurrent Preclean
[2019-06-03T13:01:42.342+0930][gc,marking   ] GC(2) Concurrent Preclean 0.381ms
[2019-06-03T13:01:42.342+0930][gc,marking   ] GC(2) Concurrent Mark (3.642s, 3.657s) 14.383ms
[2019-06-03T13:01:42.343+0930][gc,start     ] GC(2) Pause Remark
[2019-06-03T13:01:42.346+0930][gc,stringtable] GC(2) Cleaned string and symbol table, strings: 4849 processed, 0 removed, symbols: 50435 processed, 44 removed
[2019-06-03T13:01:42.347+0930][gc            ] GC(2) Pause Remark 138M->138M(1024M) 4.560ms
[2019-06-03T13:01:42.347+0930][gc,cpu        ] GC(2) User=0.00s Sys=0.00s Real=0.00s
[2019-06-03T13:01:42.347+0930][gc,marking    ] GC(2) Concurrent Rebuild Remembered Sets
[2019-06-03T13:01:42.355+0930][gc,marking    ] GC(2) Concurrent Rebuild Remembered Sets 7.277ms
[2019-06-03T13:01:42.355+0930][gc,start      ] GC(2) Pause Cleanup
[2019-06-03T13:01:42.355+0930][gc            ] GC(2) Pause Cleanup 138M->138M(1024M) 0.519ms
[2019-06-03T13:01:42.355+0930][gc,cpu        ] GC(2) User=0.00s Sys=0.00s Real=0.00s
[2019-06-03T13:01:42.355+0930][gc,marking    ] GC(2) Concurrent Cleanup for Next Mark
[2019-06-03T13:01:42.401+0930][gc,marking    ] GC(2) Concurrent Cleanup for Next Mark 45.345ms
[2019-06-03T13:01:42.401+0930][gc            ] GC(2) Concurrent Cycle 75.292ms
[2019-06-03T13:03:23.575+0930][gc,start      ] GC(3) Pause Young (Normal) (G1 Evacuation Pause)
[2019-06-03T13:03:23.575+0930][gc,task       ] GC(3) Using 8 workers of 8 for evacuation
[2019-06-03T13:03:23.584+0930][gc,phases     ] GC(3)   Pre Evacuate Collection Set: 0.4ms
[2019-06-03T13:03:23.584+0930][gc,phases     ] GC(3)   Evacuate Collection Set: 6.5ms
[2019-06-03T13:03:23.584+0930][gc,phases     ] GC(3)   Post Evacuate Collection Set: 1.2ms
[2019-06-03T13:03:23.584+0930][gc,phases     ] GC(3)   Other: 0.4ms
[2019-06-03T13:03:23.584+0930][gc,heap       ] GC(3) Eden regions: 49->0(46)
[2019-06-03T13:03:23.584+0930][gc,heap       ] GC(3) Survivor regions: 2->5(7)
[2019-06-03T13:03:23.584+0930][gc,heap       ] GC(3) Old regions: 8->8
[2019-06-03T13:03:23.584+0930][gc,heap       ] GC(3) Humongous regions: 129->129
[2019-06-03T13:03:23.584+0930][gc,metaspace  ] GC(3) Metaspace: 30287K->30287K(1077248K)
[2019-06-03T13:03:23.584+0930][gc            ] GC(3) Pause Young (Normal) (G1 Evacuation Pause) 185M->140M(1024M) 8.733ms
[2019-06-03T13:03:23.584+0930][gc,cpu        ] GC(3) User=0.03s Sys=0.00s Real=0.01s
[2019-06-03T14:06:34.895+0930][gc,start      ] GC(4) Pause Young (Normal) (G1 Evacuation Pause)
[2019-06-03T14:06:34.895+0930][gc,task       ] GC(4) Using 8 workers of 8 for evacuation
[2019-06-03T14:06:34.911+0930][gc,phases     ] GC(4)   Pre Evacuate Collection Set: 0.3ms
[2019-06-03T14:06:34.911+0930][gc,phases     ] GC(4)   Evacuate Collection Set: 13.6ms
[2019-06-03T14:06:34.911+0930][gc,phases     ] GC(4)   Post Evacuate Collection Set: 1.4ms
[2019-06-03T14:06:34.912+0930][gc,phases     ] GC(4)   Other: 1.3ms
[2019-06-03T14:06:34.912+0930][gc,heap       ] GC(4) Eden regions: 46->0(48)
[2019-06-03T14:06:34.912+0930][gc,heap       ] GC(4) Survivor regions: 5->3(7)
[2019-06-03T14:06:34.912+0930][gc,heap       ] GC(4) Old regions: 8->13
[2019-06-03T14:06:34.912+0930][gc,heap       ] GC(4) Humongous regions: 129->129
[2019-06-03T14:06:34.912+0930][gc,metaspace  ] GC(4) Metaspace: 32722K->32722K(1079296K)
[2019-06-03T14:06:34.912+0930][gc            ] GC(4) Pause Young (Normal) (G1 Evacuation Pause) 186M->142M(1024M) 16.619ms
[2019-06-03T14:06:34.912+0930][gc,cpu        ] GC(4) User=0.02s Sys=0.00s Real=0.02s
