[2019-06-04T11:10:44.143+0930][gc,heap] Heap region size: 1M
[2019-06-04T11:10:44.163+0930][gc     ] Using G1
[2019-06-04T11:10:44.163+0930][gc,heap,coops] Heap address: 0x00000000c0000000, size: 1024 MB, Compressed Oops mode: 32-bit
[2019-06-04T11:10:44.164+0930][gc,cds       ] Mark closed archive regions in map: [0x00000000fff00000, 0x00000000fff69ff8]
[2019-06-04T11:10:44.164+0930][gc,cds       ] Mark open archive regions in map: [0x00000000ffe00000, 0x00000000ffe34ff8]
[2019-06-04T11:10:45.273+0930][gc,start     ] GC(0) Pause Young (Normal) (G1 Evacuation Pause)
[2019-06-04T11:10:45.274+0930][gc,task      ] GC(0) Using 8 workers of 8 for evacuation
[2019-06-04T11:10:45.290+0930][gc,phases    ] GC(0)   Pre Evacuate Collection Set: 0.0ms
[2019-06-04T11:10:45.290+0930][gc,phases    ] GC(0)   Evacuate Collection Set: 13.6ms
[2019-06-04T11:10:45.290+0930][gc,phases    ] GC(0)   Post Evacuate Collection Set: 0.8ms
[2019-06-04T11:10:45.290+0930][gc,phases    ] GC(0)   Other: 2.7ms
[2019-06-04T11:10:45.290+0930][gc,heap      ] GC(0) Eden regions: 51->0(44)
[2019-06-04T11:10:45.290+0930][gc,heap      ] GC(0) Survivor regions: 0->7(7)
[2019-06-04T11:10:45.290+0930][gc,heap      ] GC(0) Old regions: 2->2
[2019-06-04T11:10:45.290+0930][gc,heap      ] GC(0) Humongous regions: 0->0
[2019-06-04T11:10:45.290+0930][gc,metaspace ] GC(0) Metaspace: 16764K->16764K(1064960K)
[2019-06-04T11:10:45.290+0930][gc           ] GC(0) Pause Young (Normal) (G1 Evacuation Pause) 51M->6M(1024M) 17.074ms
[2019-06-04T11:10:45.290+0930][gc,cpu       ] GC(0) User=0.08s Sys=0.04s Real=0.01s
[2019-06-04T11:10:45.563+0930][gc,start     ] GC(1) Pause Young (Concurrent Start) (Metadata GC Threshold)
[2019-06-04T11:10:45.563+0930][gc,task      ] GC(1) Using 8 workers of 8 for evacuation
[2019-06-04T11:10:45.575+0930][gc,phases    ] GC(1)   Pre Evacuate Collection Set: 0.1ms
[2019-06-04T11:10:45.575+0930][gc,phases    ] GC(1)   Evacuate Collection Set: 10.9ms
[2019-06-04T11:10:45.575+0930][gc,phases    ] GC(1)   Post Evacuate Collection Set: 0.3ms
[2019-06-04T11:10:45.575+0930][gc,phases    ] GC(1)   Other: 0.7ms
[2019-06-04T11:10:45.575+0930][gc,heap      ] GC(1) Eden regions: 15->0(50)
[2019-06-04T11:10:45.575+0930][gc,heap      ] GC(1) Survivor regions: 7->1(7)
[2019-06-04T11:10:45.575+0930][gc,heap      ] GC(1) Old regions: 2->8
[2019-06-04T11:10:45.575+0930][gc,heap      ] GC(1) Humongous regions: 0->0
[2019-06-04T11:10:45.575+0930][gc,metaspace ] GC(1) Metaspace: 20531K->20531K(1067008K)
[2019-06-04T11:10:45.575+0930][gc           ] GC(1) Pause Young (Concurrent Start) (Metadata GC Threshold) 21M->7M(1024M) 11.992ms
[2019-06-04T11:10:45.575+0930][gc,cpu       ] GC(1) User=0.00s Sys=0.03s Real=0.01s
[2019-06-04T11:10:45.575+0930][gc           ] GC(2) Concurrent Cycle
[2019-06-04T11:10:45.575+0930][gc,marking   ] GC(2) Concurrent Clear Claimed Marks
[2019-06-04T11:10:45.575+0930][gc,marking   ] GC(2) Concurrent Clear Claimed Marks 0.042ms
[2019-06-04T11:10:45.575+0930][gc,marking   ] GC(2) Concurrent Scan Root Regions
[2019-06-04T11:10:45.576+0930][gc,marking   ] GC(2) Concurrent Scan Root Regions 0.741ms
[2019-06-04T11:10:45.576+0930][gc,marking   ] GC(2) Concurrent Mark (1.443s)
[2019-06-04T11:10:45.576+0930][gc,marking   ] GC(2) Concurrent Mark From Roots
[2019-06-04T11:10:45.577+0930][gc,task      ] GC(2) Using 2 workers of 2 for marking
[2019-06-04T11:10:45.581+0930][gc,marking   ] GC(2) Concurrent Mark From Roots 4.723ms
[2019-06-04T11:10:45.581+0930][gc,marking   ] GC(2) Concurrent Preclean
[2019-06-04T11:10:45.581+0930][gc,marking   ] GC(2) Concurrent Preclean 0.150ms
[2019-06-04T11:10:45.581+0930][gc,marking   ] GC(2) Concurrent Mark (1.443s, 1.448s) 4.929ms
[2019-06-04T11:10:45.581+0930][gc,start     ] GC(2) Pause Remark
[2019-06-04T11:10:45.584+0930][gc,stringtable] GC(2) Cleaned string and symbol table, strings: 4756 processed, 0 removed, symbols: 49581 processed, 49 removed
[2019-06-04T11:10:45.584+0930][gc            ] GC(2) Pause Remark 7M->7M(1024M) 2.843ms
[2019-06-04T11:10:45.584+0930][gc,cpu        ] GC(2) User=0.02s Sys=0.00s Real=0.00s
[2019-06-04T11:10:45.584+0930][gc,marking    ] GC(2) Concurrent Rebuild Remembered Sets
[2019-06-04T11:10:45.587+0930][gc,marking    ] GC(2) Concurrent Rebuild Remembered Sets 2.429ms
[2019-06-04T11:10:45.587+0930][gc,start      ] GC(2) Pause Cleanup
[2019-06-04T11:10:45.587+0930][gc            ] GC(2) Pause Cleanup 7M->7M(1024M) 0.199ms
[2019-06-04T11:10:45.587+0930][gc,cpu        ] GC(2) User=0.00s Sys=0.00s Real=0.00s
[2019-06-04T11:10:45.587+0930][gc,marking    ] GC(2) Concurrent Cleanup for Next Mark
[2019-06-04T11:10:45.602+0930][gc,marking    ] GC(2) Concurrent Cleanup for Next Mark 15.118ms
[2019-06-04T11:10:45.602+0930][gc            ] GC(2) Concurrent Cycle 26.864ms
[2019-06-04T11:10:46.000+0930][gc,heap,exit  ] Heap
[2019-06-04T11:10:46.000+0930][gc,heap,exit  ]  garbage-first heap   total 1048576K, used 163205K [0x00000000c0000000, 0x0000000100000000)
[2019-06-04T11:10:46.000+0930][gc,heap,exit  ]   region size 1024K, 26 young (26624K), 1 survivors (1024K)
[2019-06-04T11:10:46.000+0930][gc,heap,exit  ]  Metaspace       used 24618K, capacity 25694K, committed 25904K, reserved 1071104K
[2019-06-04T11:10:46.000+0930][gc,heap,exit  ]   class space    used 3462K, capacity 3899K, committed 3968K, reserved 1048576K
