[2019-06-04T11:11:14.529+0930][gc,heap] Heap region size: 1M
[2019-06-04T11:11:14.554+0930][gc     ] Using G1
[2019-06-04T11:11:14.554+0930][gc,heap,coops] Heap address: 0x00000000c0000000, size: 1024 MB, Compressed Oops mode: 32-bit
[2019-06-04T11:11:14.555+0930][gc,cds       ] Mark closed archive regions in map: [0x00000000fff00000, 0x00000000fff69ff8]
[2019-06-04T11:11:14.555+0930][gc,cds       ] Mark open archive regions in map: [0x00000000ffe00000, 0x00000000ffe34ff8]
[2019-06-04T11:11:15.522+0930][gc,start     ] GC(0) Pause Young (Normal) (G1 Evacuation Pause)
[2019-06-04T11:11:15.523+0930][gc,task      ] GC(0) Using 8 workers of 8 for evacuation
[2019-06-04T11:11:15.541+0930][gc,phases    ] GC(0)   Pre Evacuate Collection Set: 0.0ms
[2019-06-04T11:11:15.541+0930][gc,phases    ] GC(0)   Evacuate Collection Set: 14.0ms
[2019-06-04T11:11:15.541+0930][gc,phases    ] GC(0)   Post Evacuate Collection Set: 0.4ms
[2019-06-04T11:11:15.541+0930][gc,phases    ] GC(0)   Other: 5.3ms
[2019-06-04T11:11:15.541+0930][gc,heap      ] GC(0) Eden regions: 51->0(45)
[2019-06-04T11:11:15.541+0930][gc,heap      ] GC(0) Survivor regions: 0->6(7)
[2019-06-04T11:11:15.541+0930][gc,heap      ] GC(0) Old regions: 2->2
[2019-06-04T11:11:15.541+0930][gc,heap      ] GC(0) Humongous regions: 0->0
[2019-06-04T11:11:15.541+0930][gc,metaspace ] GC(0) Metaspace: 16773K->16773K(1064960K)
[2019-06-04T11:11:15.541+0930][gc           ] GC(0) Pause Young (Normal) (G1 Evacuation Pause) 51M->6M(1024M) 19.877ms
[2019-06-04T11:11:15.541+0930][gc,cpu       ] GC(0) User=0.03s Sys=0.09s Real=0.02s
[2019-06-04T11:11:15.850+0930][gc,start     ] GC(1) Pause Young (Concurrent Start) (Metadata GC Threshold)
[2019-06-04T11:11:15.850+0930][gc,task      ] GC(1) Using 8 workers of 8 for evacuation
[2019-06-04T11:11:15.862+0930][gc,phases    ] GC(1)   Pre Evacuate Collection Set: 0.0ms
[2019-06-04T11:11:15.862+0930][gc,phases    ] GC(1)   Evacuate Collection Set: 11.6ms
[2019-06-04T11:11:15.862+0930][gc,phases    ] GC(1)   Post Evacuate Collection Set: 0.3ms
[2019-06-04T11:11:15.862+0930][gc,phases    ] GC(1)   Other: 0.3ms
[2019-06-04T11:11:15.862+0930][gc,heap      ] GC(1) Eden regions: 16->0(49)
[2019-06-04T11:11:15.862+0930][gc,heap      ] GC(1) Survivor regions: 6->2(7)
[2019-06-04T11:11:15.862+0930][gc,heap      ] GC(1) Old regions: 2->8
[2019-06-04T11:11:15.862+0930][gc,heap      ] GC(1) Humongous regions: 129->129
[2019-06-04T11:11:15.862+0930][gc,metaspace ] GC(1) Metaspace: 20519K->20519K(1067008K)
[2019-06-04T11:11:15.862+0930][gc           ] GC(1) Pause Young (Concurrent Start) (Metadata GC Threshold) 151M->136M(1024M) 12.381ms
[2019-06-04T11:11:15.862+0930][gc,cpu       ] GC(1) User=0.00s Sys=0.00s Real=0.02s
[2019-06-04T11:11:15.862+0930][gc           ] GC(2) Concurrent Cycle
[2019-06-04T11:11:15.862+0930][gc,marking   ] GC(2) Concurrent Clear Claimed Marks
[2019-06-04T11:11:15.862+0930][gc,marking   ] GC(2) Concurrent Clear Claimed Marks 0.048ms
[2019-06-04T11:11:15.862+0930][gc,marking   ] GC(2) Concurrent Scan Root Regions
[2019-06-04T11:11:15.863+0930][gc,marking   ] GC(2) Concurrent Scan Root Regions 1.163ms
[2019-06-04T11:11:15.863+0930][gc,marking   ] GC(2) Concurrent Mark (1.360s)
[2019-06-04T11:11:15.863+0930][gc,marking   ] GC(2) Concurrent Mark From Roots
[2019-06-04T11:11:15.863+0930][gc,task      ] GC(2) Using 2 workers of 2 for marking
[2019-06-04T11:11:15.868+0930][gc,marking   ] GC(2) Concurrent Mark From Roots 4.148ms
[2019-06-04T11:11:15.868+0930][gc,marking   ] GC(2) Concurrent Preclean
[2019-06-04T11:11:15.868+0930][gc,marking   ] GC(2) Concurrent Preclean 0.141ms
[2019-06-04T11:11:15.868+0930][gc,marking   ] GC(2) Concurrent Mark (1.360s, 1.364s) 4.344ms
[2019-06-04T11:11:15.868+0930][gc,start     ] GC(2) Pause Remark
[2019-06-04T11:11:15.870+0930][gc,stringtable] GC(2) Cleaned string and symbol table, strings: 4838 processed, 0 removed, symbols: 50282 processed, 44 removed
[2019-06-04T11:11:15.870+0930][gc            ] GC(2) Pause Remark 137M->137M(1024M) 1.886ms
[2019-06-04T11:11:15.870+0930][gc,cpu        ] GC(2) User=0.00s Sys=0.00s Real=0.00s
[2019-06-04T11:11:15.870+0930][gc,marking    ] GC(2) Concurrent Rebuild Remembered Sets
[2019-06-04T11:11:15.872+0930][gc,marking    ] GC(2) Concurrent Rebuild Remembered Sets 2.496ms
[2019-06-04T11:11:15.872+0930][gc,start      ] GC(2) Pause Cleanup
[2019-06-04T11:11:15.873+0930][gc            ] GC(2) Pause Cleanup 138M->138M(1024M) 0.190ms
[2019-06-04T11:11:15.873+0930][gc,cpu        ] GC(2) User=0.00s Sys=0.00s Real=0.00s
[2019-06-04T11:11:15.873+0930][gc,marking    ] GC(2) Concurrent Cleanup for Next Mark
[2019-06-04T11:11:15.889+0930][gc,marking    ] GC(2) Concurrent Cleanup for Next Mark 15.859ms
[2019-06-04T11:11:15.889+0930][gc            ] GC(2) Concurrent Cycle 26.491ms
[2019-06-04T11:12:15.857+0930][gc,start      ] GC(3) Pause Young (Normal) (G1 Evacuation Pause)
[2019-06-04T11:12:15.857+0930][gc,task       ] GC(3) Using 8 workers of 8 for evacuation
[2019-06-04T11:12:15.865+0930][gc,phases     ] GC(3)   Pre Evacuate Collection Set: 0.8ms
[2019-06-04T11:12:15.865+0930][gc,phases     ] GC(3)   Evacuate Collection Set: 5.9ms
[2019-06-04T11:12:15.865+0930][gc,phases     ] GC(3)   Post Evacuate Collection Set: 0.4ms
[2019-06-04T11:12:15.865+0930][gc,phases     ] GC(3)   Other: 0.6ms
[2019-06-04T11:12:15.865+0930][gc,heap       ] GC(3) Eden regions: 49->0(45)
[2019-06-04T11:12:15.865+0930][gc,heap       ] GC(3) Survivor regions: 2->6(7)
[2019-06-04T11:12:15.865+0930][gc,heap       ] GC(3) Old regions: 8->8
[2019-06-04T11:12:15.865+0930][gc,heap       ] GC(3) Humongous regions: 129->129
[2019-06-04T11:12:15.865+0930][gc,metaspace  ] GC(3) Metaspace: 30479K->30479K(1077248K)
[2019-06-04T11:12:15.865+0930][gc            ] GC(3) Pause Young (Normal) (G1 Evacuation Pause) 185M->140M(1024M) 7.713ms
[2019-06-04T11:12:15.865+0930][gc,cpu        ] GC(3) User=0.13s Sys=0.00s Real=0.01s
[2019-06-04T11:18:20.370+0930][gc,start      ] GC(4) Pause Young (Concurrent Start) (Metadata GC Threshold)
[2019-06-04T11:18:20.370+0930][gc,task       ] GC(4) Using 8 workers of 8 for evacuation
[2019-06-04T11:18:20.378+0930][gc,phases     ] GC(4)   Pre Evacuate Collection Set: 0.2ms
[2019-06-04T11:18:20.378+0930][gc,phases     ] GC(4)   Evacuate Collection Set: 7.1ms
[2019-06-04T11:18:20.378+0930][gc,phases     ] GC(4)   Post Evacuate Collection Set: 0.4ms
[2019-06-04T11:18:20.378+0930][gc,phases     ] GC(4)   Other: 0.5ms
[2019-06-04T11:18:20.378+0930][gc,heap       ] GC(4) Eden regions: 38->0(49)
[2019-06-04T11:18:20.378+0930][gc,heap       ] GC(4) Survivor regions: 6->2(7)
[2019-06-04T11:18:20.378+0930][gc,heap       ] GC(4) Old regions: 8->13
[2019-06-04T11:18:20.378+0930][gc,heap       ] GC(4) Humongous regions: 129->129
[2019-06-04T11:18:20.378+0930][gc,metaspace  ] GC(4) Metaspace: 33714K->33714K(1079296K)
[2019-06-04T11:18:20.378+0930][gc            ] GC(4) Pause Young (Concurrent Start) (Metadata GC Threshold) 177M->142M(1024M) 8.215ms
[2019-06-04T11:18:20.378+0930][gc,cpu        ] GC(4) User=0.00s Sys=0.00s Real=0.01s
[2019-06-04T11:18:20.378+0930][gc            ] GC(5) Concurrent Cycle
[2019-06-04T11:18:20.378+0930][gc,marking    ] GC(5) Concurrent Clear Claimed Marks
[2019-06-04T11:18:20.378+0930][gc,marking    ] GC(5) Concurrent Clear Claimed Marks 0.168ms
[2019-06-04T11:18:20.378+0930][gc,marking    ] GC(5) Concurrent Scan Root Regions
[2019-06-04T11:18:20.379+0930][gc,marking    ] GC(5) Concurrent Scan Root Regions 0.664ms
[2019-06-04T11:18:20.379+0930][gc,marking    ] GC(5) Concurrent Mark (425.875s)
[2019-06-04T11:18:20.379+0930][gc,marking    ] GC(5) Concurrent Mark From Roots
[2019-06-04T11:18:20.379+0930][gc,task       ] GC(5) Using 2 workers of 2 for marking
[2019-06-04T11:18:20.386+0930][gc,marking    ] GC(5) Concurrent Mark From Roots 6.988ms
[2019-06-04T11:18:20.386+0930][gc,marking    ] GC(5) Concurrent Preclean
[2019-06-04T11:18:20.386+0930][gc,marking    ] GC(5) Concurrent Preclean 0.133ms
[2019-06-04T11:18:20.386+0930][gc,marking    ] GC(5) Concurrent Mark (425.875s, 425.882s) 7.184ms
[2019-06-04T11:18:20.386+0930][gc,start      ] GC(5) Pause Remark
[2019-06-04T11:18:20.388+0930][gc,stringtable] GC(5) Cleaned string and symbol table, strings: 10367 processed, 9 removed, symbols: 73692 processed, 16 removed
[2019-06-04T11:18:20.388+0930][gc            ] GC(5) Pause Remark 142M->142M(1024M) 1.984ms
[2019-06-04T11:18:20.388+0930][gc,cpu        ] GC(5) User=0.00s Sys=0.00s Real=0.00s
[2019-06-04T11:18:20.388+0930][gc,marking    ] GC(5) Concurrent Rebuild Remembered Sets
[2019-06-04T11:18:20.392+0930][gc,marking    ] GC(5) Concurrent Rebuild Remembered Sets 4.099ms
[2019-06-04T11:18:20.392+0930][gc,start      ] GC(5) Pause Cleanup
[2019-06-04T11:18:20.393+0930][gc            ] GC(5) Pause Cleanup 142M->142M(1024M) 0.173ms
[2019-06-04T11:18:20.393+0930][gc,cpu        ] GC(5) User=0.00s Sys=0.00s Real=0.00s
[2019-06-04T11:18:20.393+0930][gc,marking    ] GC(5) Concurrent Cleanup for Next Mark
[2019-06-04T11:18:20.405+0930][gc,marking    ] GC(5) Concurrent Cleanup for Next Mark 12.714ms
[2019-06-04T11:18:20.405+0930][gc            ] GC(5) Concurrent Cycle 27.526ms
[2019-06-04T11:30:35.597+0930][gc,start      ] GC(6) Pause Young (Normal) (G1 Evacuation Pause)
[2019-06-04T11:30:35.597+0930][gc,task       ] GC(6) Using 8 workers of 8 for evacuation
[2019-06-04T11:30:35.604+0930][gc,phases     ] GC(6)   Pre Evacuate Collection Set: 0.8ms
[2019-06-04T11:30:35.604+0930][gc,phases     ] GC(6)   Evacuate Collection Set: 5.6ms
[2019-06-04T11:30:35.604+0930][gc,phases     ] GC(6)   Post Evacuate Collection Set: 0.4ms
[2019-06-04T11:30:35.604+0930][gc,phases     ] GC(6)   Other: 0.8ms
[2019-06-04T11:30:35.604+0930][gc,heap       ] GC(6) Eden regions: 49->0(47)
[2019-06-04T11:30:35.604+0930][gc,heap       ] GC(6) Survivor regions: 2->4(7)
[2019-06-04T11:30:35.604+0930][gc,heap       ] GC(6) Old regions: 13->13
[2019-06-04T11:30:35.604+0930][gc,heap       ] GC(6) Humongous regions: 129->129
[2019-06-04T11:30:35.604+0930][gc,metaspace  ] GC(6) Metaspace: 34741K->34741K(1081344K)
[2019-06-04T11:30:35.604+0930][gc            ] GC(6) Pause Young (Normal) (G1 Evacuation Pause) 191M->144M(1024M) 7.543ms
[2019-06-04T11:30:35.604+0930][gc,cpu        ] GC(6) User=0.02s Sys=0.02s Real=0.01s
[2019-06-04T11:30:58.240+0930][gc,heap,exit  ] Heap
[2019-06-04T11:30:58.240+0930][gc,heap,exit  ]  garbage-first heap   total 1048576K, used 165952K [0x00000000c0000000, 0x0000000100000000)
[2019-06-04T11:30:58.240+0930][gc,heap,exit  ]   region size 1024K, 24 young (24576K), 4 survivors (4096K)
[2019-06-04T11:30:58.240+0930][gc,heap,exit  ]  Metaspace       used 35506K, capacity 37953K, committed 38096K, reserved 1081344K
[2019-06-04T11:30:58.240+0930][gc,heap,exit  ]   class space    used 5237K, capacity 6429K, committed 6528K, reserved 1048576K
