[2019-06-03T11:55:39.320+0930][gc,heap] Heap region size: 1M
[2019-06-03T11:55:39.391+0930][gc     ] Using G1
[2019-06-03T11:55:39.391+0930][gc,heap,coops] Heap address: 0x00000000c0000000, size: 1024 MB, Compressed Oops mode: 32-bit
[2019-06-03T11:55:39.394+0930][gc,cds       ] Mark closed archive regions in map: [0x00000000fff00000, 0x00000000fff69ff8]
[2019-06-03T11:55:39.394+0930][gc,cds       ] Mark open archive regions in map: [0x00000000ffe00000, 0x00000000ffe34ff8]
[2019-06-03T11:55:42.262+0930][gc,start     ] GC(0) Pause Young (Normal) (G1 Evacuation Pause)
[2019-06-03T11:55:42.266+0930][gc,task      ] GC(0) Using 8 workers of 8 for evacuation
[2019-06-03T11:55:42.301+0930][gc,mmu       ] GC(0) MMU target violated: 21.0ms (20.0ms/21.0ms)
[2019-06-03T11:55:42.301+0930][gc,phases    ] GC(0)   Pre Evacuate Collection Set: 0.0ms
[2019-06-03T11:55:42.301+0930][gc,phases    ] GC(0)   Evacuate Collection Set: 29.5ms
[2019-06-03T11:55:42.301+0930][gc,phases    ] GC(0)   Post Evacuate Collection Set: 0.9ms
[2019-06-03T11:55:42.301+0930][gc,phases    ] GC(0)   Other: 8.4ms
[2019-06-03T11:55:42.301+0930][gc,heap      ] GC(0) Eden regions: 51->0(45)
[2019-06-03T11:55:42.301+0930][gc,heap      ] GC(0) Survivor regions: 0->6(7)
[2019-06-03T11:55:42.301+0930][gc,heap      ] GC(0) Old regions: 2->2
[2019-06-03T11:55:42.301+0930][gc,heap      ] GC(0) Humongous regions: 0->0
[2019-06-03T11:55:42.301+0930][gc,metaspace ] GC(0) Metaspace: 16761K->16761K(1064960K)
[2019-06-03T11:55:42.301+0930][gc           ] GC(0) Pause Young (Normal) (G1 Evacuation Pause) 51M->6M(1024M) 39.076ms
[2019-06-03T11:55:42.301+0930][gc,cpu       ] GC(0) User=0.03s Sys=0.11s Real=0.04s
[2019-06-03T11:55:43.543+0930][gc,start     ] GC(1) Pause Young (Concurrent Start) (Metadata GC Threshold)
[2019-06-03T11:55:43.543+0930][gc,task      ] GC(1) Using 8 workers of 8 for evacuation
[2019-06-03T11:55:43.576+0930][gc,mmu       ] GC(1) MMU target violated: 21.0ms (20.0ms/21.0ms)
[2019-06-03T11:55:43.576+0930][gc,phases    ] GC(1)   Pre Evacuate Collection Set: 0.1ms
[2019-06-03T11:55:43.576+0930][gc,phases    ] GC(1)   Evacuate Collection Set: 31.6ms
[2019-06-03T11:55:43.576+0930][gc,phases    ] GC(1)   Post Evacuate Collection Set: 0.9ms
[2019-06-03T11:55:43.576+0930][gc,phases    ] GC(1)   Other: 0.7ms
[2019-06-03T11:55:43.576+0930][gc,heap      ] GC(1) Eden regions: 15->0(50)
[2019-06-03T11:55:43.576+0930][gc,heap      ] GC(1) Survivor regions: 6->1(7)
[2019-06-03T11:55:43.576+0930][gc,heap      ] GC(1) Old regions: 2->8
[2019-06-03T11:55:43.576+0930][gc,heap      ] GC(1) Humongous regions: 0->0
[2019-06-03T11:55:43.576+0930][gc,metaspace ] GC(1) Metaspace: 20467K->20467K(1067008K)
[2019-06-03T11:55:43.576+0930][gc           ] GC(1) Pause Young (Concurrent Start) (Metadata GC Threshold) 21M->7M(1024M) 33.471ms
[2019-06-03T11:55:43.576+0930][gc,cpu       ] GC(1) User=0.09s Sys=0.09s Real=0.03s
[2019-06-03T11:55:43.577+0930][gc           ] GC(2) Concurrent Cycle
[2019-06-03T11:55:43.577+0930][gc,marking   ] GC(2) Concurrent Clear Claimed Marks
[2019-06-03T11:55:43.577+0930][gc,marking   ] GC(2) Concurrent Clear Claimed Marks 0.114ms
[2019-06-03T11:55:43.577+0930][gc,marking   ] GC(2) Concurrent Scan Root Regions
[2019-06-03T11:55:43.578+0930][gc,marking   ] GC(2) Concurrent Scan Root Regions 1.472ms
[2019-06-03T11:55:43.578+0930][gc,marking   ] GC(2) Concurrent Mark (4.280s)
[2019-06-03T11:55:43.578+0930][gc,marking   ] GC(2) Concurrent Mark From Roots
[2019-06-03T11:55:43.579+0930][gc,task      ] GC(2) Using 2 workers of 2 for marking
[2019-06-03T11:55:43.589+0930][gc,marking   ] GC(2) Concurrent Mark From Roots 10.487ms
[2019-06-03T11:55:43.589+0930][gc,marking   ] GC(2) Concurrent Preclean
[2019-06-03T11:55:43.589+0930][gc,marking   ] GC(2) Concurrent Preclean 0.340ms
[2019-06-03T11:55:43.589+0930][gc,marking   ] GC(2) Concurrent Mark (4.280s, 4.291s) 10.949ms
[2019-06-03T11:55:43.589+0930][gc,start     ] GC(2) Pause Remark
[2019-06-03T11:55:43.592+0930][gc,stringtable] GC(2) Cleaned string and symbol table, strings: 4754 processed, 0 removed, symbols: 49516 processed, 50 removed
[2019-06-03T11:55:43.592+0930][gc            ] GC(2) Pause Remark 7M->7M(1024M) 2.877ms
[2019-06-03T11:55:43.592+0930][gc,cpu        ] GC(2) User=0.00s Sys=0.00s Real=0.01s
[2019-06-03T11:55:43.593+0930][gc,marking    ] GC(2) Concurrent Rebuild Remembered Sets
[2019-06-03T11:55:43.598+0930][gc,marking    ] GC(2) Concurrent Rebuild Remembered Sets 5.256ms
[2019-06-03T11:55:43.598+0930][gc,start      ] GC(2) Pause Cleanup
[2019-06-03T11:55:43.599+0930][gc            ] GC(2) Pause Cleanup 7M->7M(1024M) 0.512ms
[2019-06-03T11:55:43.599+0930][gc,cpu        ] GC(2) User=0.00s Sys=0.00s Real=0.00s
[2019-06-03T11:55:43.599+0930][gc,marking    ] GC(2) Concurrent Cleanup for Next Mark
[2019-06-03T11:55:43.641+0930][gc,marking    ] GC(2) Concurrent Cleanup for Next Mark 42.536ms
[2019-06-03T11:55:43.641+0930][gc            ] GC(2) Concurrent Cycle 64.910ms
[2019-06-03T11:55:45.900+0930][gc,start      ] GC(3) Pause Young (Normal) (G1 Evacuation Pause)
[2019-06-03T11:55:45.900+0930][gc,task       ] GC(3) Using 8 workers of 8 for evacuation
[2019-06-03T11:55:45.909+0930][gc,phases     ] GC(3)   Pre Evacuate Collection Set: 0.0ms
[2019-06-03T11:55:45.909+0930][gc,phases     ] GC(3)   Evacuate Collection Set: 8.3ms
[2019-06-03T11:55:45.909+0930][gc,phases     ] GC(3)   Post Evacuate Collection Set: 0.8ms
[2019-06-03T11:55:45.910+0930][gc,phases     ] GC(3)   Other: 0.5ms
[2019-06-03T11:55:45.910+0930][gc,heap       ] GC(3) Eden regions: 50->0(46)
[2019-06-03T11:55:45.910+0930][gc,heap       ] GC(3) Survivor regions: 1->5(7)
[2019-06-03T11:55:45.910+0930][gc,heap       ] GC(3) Old regions: 8->8
[2019-06-03T11:55:45.910+0930][gc,heap       ] GC(3) Humongous regions: 129->129
[2019-06-03T11:55:45.910+0930][gc,metaspace  ] GC(3) Metaspace: 28893K->28893K(1075200K)
[2019-06-03T11:55:45.910+0930][gc            ] GC(3) Pause Young (Normal) (G1 Evacuation Pause) 186M->140M(1024M) 9.867ms
[2019-06-03T11:55:45.910+0930][gc,cpu        ] GC(3) User=0.00s Sys=0.00s Real=0.01s
[2019-06-03T11:56:02.518+0930][gc,start      ] GC(4) Pause Young (Normal) (G1 Evacuation Pause)
[2019-06-03T11:56:02.518+0930][gc,task       ] GC(4) Using 8 workers of 8 for evacuation
[2019-06-03T11:56:02.535+0930][gc,phases     ] GC(4)   Pre Evacuate Collection Set: 0.0ms
[2019-06-03T11:56:02.535+0930][gc,phases     ] GC(4)   Evacuate Collection Set: 15.4ms
[2019-06-03T11:56:02.535+0930][gc,phases     ] GC(4)   Post Evacuate Collection Set: 1.0ms
[2019-06-03T11:56:02.535+0930][gc,phases     ] GC(4)   Other: 0.4ms
[2019-06-03T11:56:02.535+0930][gc,heap       ] GC(4) Eden regions: 46->0(48)
[2019-06-03T11:56:02.535+0930][gc,heap       ] GC(4) Survivor regions: 5->3(7)
[2019-06-03T11:56:02.535+0930][gc,heap       ] GC(4) Old regions: 8->13
[2019-06-03T11:56:02.535+0930][gc,heap       ] GC(4) Humongous regions: 129->129
[2019-06-03T11:56:02.535+0930][gc,metaspace  ] GC(4) Metaspace: 32147K->32147K(1077248K)
[2019-06-03T11:56:02.535+0930][gc            ] GC(4) Pause Young (Normal) (G1 Evacuation Pause) 186M->142M(1024M) 17.062ms
[2019-06-03T11:56:02.535+0930][gc,cpu        ] GC(4) User=0.06s Sys=0.09s Real=0.02s
[2019-06-03T11:56:06.002+0930][gc,start      ] GC(5) Pause Young (Normal) (G1 Evacuation Pause)
[2019-06-03T11:56:06.002+0930][gc,task       ] GC(5) Using 8 workers of 8 for evacuation
[2019-06-03T11:56:06.007+0930][gc,phases     ] GC(5)   Pre Evacuate Collection Set: 0.0ms
[2019-06-03T11:56:06.007+0930][gc,phases     ] GC(5)   Evacuate Collection Set: 4.2ms
[2019-06-03T11:56:06.007+0930][gc,phases     ] GC(5)   Post Evacuate Collection Set: 0.5ms
[2019-06-03T11:56:06.007+0930][gc,phases     ] GC(5)   Other: 0.3ms
[2019-06-03T11:56:06.007+0930][gc,heap       ] GC(5) Eden regions: 48->0(48)
[2019-06-03T11:56:06.007+0930][gc,heap       ] GC(5) Survivor regions: 3->3(7)
[2019-06-03T11:56:06.007+0930][gc,heap       ] GC(5) Old regions: 13->13
[2019-06-03T11:56:06.007+0930][gc,heap       ] GC(5) Humongous regions: 129->129
[2019-06-03T11:56:06.007+0930][gc,metaspace  ] GC(5) Metaspace: 32167K->32167K(1077248K)
[2019-06-03T11:56:06.007+0930][gc            ] GC(5) Pause Young (Normal) (G1 Evacuation Pause) 190M->142M(1024M) 5.218ms
[2019-06-03T11:56:06.007+0930][gc,cpu        ] GC(5) User=0.10s Sys=0.00s Real=0.00s
[2019-06-03T11:56:08.994+0930][gc,start      ] GC(6) Pause Young (Normal) (G1 Evacuation Pause)
[2019-06-03T11:56:08.994+0930][gc,task       ] GC(6) Using 8 workers of 8 for evacuation
[2019-06-03T11:56:09.000+0930][gc,phases     ] GC(6)   Pre Evacuate Collection Set: 0.0ms
[2019-06-03T11:56:09.000+0930][gc,phases     ] GC(6)   Evacuate Collection Set: 5.4ms
[2019-06-03T11:56:09.000+0930][gc,phases     ] GC(6)   Post Evacuate Collection Set: 0.8ms
[2019-06-03T11:56:09.000+0930][gc,phases     ] GC(6)   Other: 0.3ms
[2019-06-03T11:56:09.000+0930][gc,heap       ] GC(6) Eden regions: 48->0(48)
[2019-06-03T11:56:09.001+0930][gc,heap       ] GC(6) Survivor regions: 3->3(7)
[2019-06-03T11:56:09.001+0930][gc,heap       ] GC(6) Old regions: 13->13
[2019-06-03T11:56:09.001+0930][gc,heap       ] GC(6) Humongous regions: 129->129
[2019-06-03T11:56:09.001+0930][gc,metaspace  ] GC(6) Metaspace: 32221K->32221K(1079296K)
[2019-06-03T11:56:09.001+0930][gc            ] GC(6) Pause Young (Normal) (G1 Evacuation Pause) 190M->142M(1024M) 6.939ms
[2019-06-03T11:56:09.001+0930][gc,cpu        ] GC(6) User=0.00s Sys=0.00s Real=0.00s
[2019-06-03T11:56:11.877+0930][gc,start      ] GC(7) Pause Young (Normal) (G1 Evacuation Pause)
[2019-06-03T11:56:11.877+0930][gc,task       ] GC(7) Using 8 workers of 8 for evacuation
[2019-06-03T11:56:11.882+0930][gc,phases     ] GC(7)   Pre Evacuate Collection Set: 0.0ms
[2019-06-03T11:56:11.882+0930][gc,phases     ] GC(7)   Evacuate Collection Set: 3.4ms
[2019-06-03T11:56:11.882+0930][gc,phases     ] GC(7)   Post Evacuate Collection Set: 0.7ms
[2019-06-03T11:56:11.882+0930][gc,phases     ] GC(7)   Other: 0.4ms
[2019-06-03T11:56:11.882+0930][gc,heap       ] GC(7) Eden regions: 48->0(48)
[2019-06-03T11:56:11.882+0930][gc,heap       ] GC(7) Survivor regions: 3->3(7)
[2019-06-03T11:56:11.882+0930][gc,heap       ] GC(7) Old regions: 13->13
[2019-06-03T11:56:11.882+0930][gc,heap       ] GC(7) Humongous regions: 129->129
[2019-06-03T11:56:11.882+0930][gc,metaspace  ] GC(7) Metaspace: 32226K->32226K(1079296K)
[2019-06-03T11:56:11.882+0930][gc            ] GC(7) Pause Young (Normal) (G1 Evacuation Pause) 190M->142M(1024M) 4.783ms
[2019-06-03T11:56:11.882+0930][gc,cpu        ] GC(7) User=0.11s Sys=0.01s Real=0.01s
[2019-06-03T11:56:15.799+0930][gc,start      ] GC(8) Pause Young (Normal) (G1 Evacuation Pause)
[2019-06-03T11:56:15.800+0930][gc,task       ] GC(8) Using 8 workers of 8 for evacuation
[2019-06-03T11:56:15.806+0930][gc,phases     ] GC(8)   Pre Evacuate Collection Set: 0.0ms
[2019-06-03T11:56:15.806+0930][gc,phases     ] GC(8)   Evacuate Collection Set: 4.9ms
[2019-06-03T11:56:15.806+0930][gc,phases     ] GC(8)   Post Evacuate Collection Set: 0.9ms
[2019-06-03T11:56:15.806+0930][gc,phases     ] GC(8)   Other: 0.4ms
[2019-06-03T11:56:15.806+0930][gc,heap       ] GC(8) Eden regions: 48->0(48)
[2019-06-03T11:56:15.806+0930][gc,heap       ] GC(8) Survivor regions: 3->3(7)
[2019-06-03T11:56:15.806+0930][gc,heap       ] GC(8) Old regions: 13->13
[2019-06-03T11:56:15.806+0930][gc,heap       ] GC(8) Humongous regions: 129->129
[2019-06-03T11:56:15.806+0930][gc,metaspace  ] GC(8) Metaspace: 32472K->32472K(1079296K)
[2019-06-03T11:56:15.806+0930][gc            ] GC(8) Pause Young (Normal) (G1 Evacuation Pause) 190M->142M(1024M) 6.468ms
[2019-06-03T11:56:15.806+0930][gc,cpu        ] GC(8) User=0.10s Sys=0.01s Real=0.01s
[2019-06-03T11:56:19.259+0930][gc,start      ] GC(9) Pause Young (Normal) (G1 Evacuation Pause)
[2019-06-03T11:56:19.259+0930][gc,task       ] GC(9) Using 8 workers of 8 for evacuation
[2019-06-03T11:56:19.264+0930][gc,phases     ] GC(9)   Pre Evacuate Collection Set: 0.0ms
[2019-06-03T11:56:19.264+0930][gc,phases     ] GC(9)   Evacuate Collection Set: 4.1ms
[2019-06-03T11:56:19.264+0930][gc,phases     ] GC(9)   Post Evacuate Collection Set: 0.8ms
[2019-06-03T11:56:19.264+0930][gc,phases     ] GC(9)   Other: 0.3ms
[2019-06-03T11:56:19.264+0930][gc,heap       ] GC(9) Eden regions: 48->0(57)
[2019-06-03T11:56:19.264+0930][gc,heap       ] GC(9) Survivor regions: 3->3(7)
[2019-06-03T11:56:19.264+0930][gc,heap       ] GC(9) Old regions: 13->13
[2019-06-03T11:56:19.264+0930][gc,heap       ] GC(9) Humongous regions: 129->129
[2019-06-03T11:56:19.264+0930][gc,metaspace  ] GC(9) Metaspace: 32482K->32482K(1079296K)
[2019-06-03T11:56:19.264+0930][gc            ] GC(9) Pause Young (Normal) (G1 Evacuation Pause) 190M->142M(1024M) 5.596ms
[2019-06-03T11:56:19.264+0930][gc,cpu        ] GC(9) User=0.00s Sys=0.00s Real=0.01s
[2019-06-03T11:56:24.473+0930][gc,start      ] GC(10) Pause Young (Normal) (G1 Evacuation Pause)
[2019-06-03T11:56:24.473+0930][gc,task       ] GC(10) Using 8 workers of 8 for evacuation
[2019-06-03T11:56:24.482+0930][gc,phases     ] GC(10)   Pre Evacuate Collection Set: 0.0ms
[2019-06-03T11:56:24.482+0930][gc,phases     ] GC(10)   Evacuate Collection Set: 7.9ms
[2019-06-03T11:56:24.482+0930][gc,phases     ] GC(10)   Post Evacuate Collection Set: 0.9ms
[2019-06-03T11:56:24.482+0930][gc,phases     ] GC(10)   Other: 0.4ms
[2019-06-03T11:56:24.482+0930][gc,heap       ] GC(10) Eden regions: 57->0(73)
[2019-06-03T11:56:24.482+0930][gc,heap       ] GC(10) Survivor regions: 3->3(8)
[2019-06-03T11:56:24.482+0930][gc,heap       ] GC(10) Old regions: 13->13
[2019-06-03T11:56:24.483+0930][gc,heap       ] GC(10) Humongous regions: 129->129
[2019-06-03T11:56:24.483+0930][gc,metaspace  ] GC(10) Metaspace: 32486K->32486K(1079296K)
[2019-06-03T11:56:24.483+0930][gc            ] GC(10) Pause Young (Normal) (G1 Evacuation Pause) 199M->142M(1024M) 9.801ms
[2019-06-03T11:56:24.483+0930][gc,cpu        ] GC(10) User=0.00s Sys=0.00s Real=0.01s
[2019-06-03T11:56:30.356+0930][gc,start      ] GC(11) Pause Young (Normal) (G1 Evacuation Pause)
[2019-06-03T11:56:30.356+0930][gc,task       ] GC(11) Using 8 workers of 8 for evacuation
[2019-06-03T11:56:30.363+0930][gc,phases     ] GC(11)   Pre Evacuate Collection Set: 0.0ms
[2019-06-03T11:56:30.363+0930][gc,phases     ] GC(11)   Evacuate Collection Set: 6.3ms
[2019-06-03T11:56:30.363+0930][gc,phases     ] GC(11)   Post Evacuate Collection Set: 0.7ms
[2019-06-03T11:56:30.363+0930][gc,phases     ] GC(11)   Other: 0.3ms
[2019-06-03T11:56:30.363+0930][gc,heap       ] GC(11) Eden regions: 73->0(84)
[2019-06-03T11:56:30.363+0930][gc,heap       ] GC(11) Survivor regions: 3->3(10)
[2019-06-03T11:56:30.363+0930][gc,heap       ] GC(11) Old regions: 13->13
[2019-06-03T11:56:30.363+0930][gc,heap       ] GC(11) Humongous regions: 129->129
[2019-06-03T11:56:30.363+0930][gc,metaspace  ] GC(11) Metaspace: 32508K->32508K(1079296K)
[2019-06-03T11:56:30.363+0930][gc            ] GC(11) Pause Young (Normal) (G1 Evacuation Pause) 215M->142M(1024M) 7.628ms
[2019-06-03T11:56:30.363+0930][gc,cpu        ] GC(11) User=0.02s Sys=0.00s Real=0.01s
[2019-06-03T11:56:35.680+0930][gc,start      ] GC(12) Pause Young (Normal) (G1 Evacuation Pause)
[2019-06-03T11:56:35.680+0930][gc,task       ] GC(12) Using 8 workers of 8 for evacuation
[2019-06-03T11:56:35.690+0930][gc,phases     ] GC(12)   Pre Evacuate Collection Set: 0.3ms
[2019-06-03T11:56:35.690+0930][gc,phases     ] GC(12)   Evacuate Collection Set: 7.7ms
[2019-06-03T11:56:35.690+0930][gc,phases     ] GC(12)   Post Evacuate Collection Set: 1.2ms
[2019-06-03T11:56:35.690+0930][gc,phases     ] GC(12)   Other: 0.4ms
[2019-06-03T11:56:35.690+0930][gc,heap       ] GC(12) Eden regions: 84->0(136)
[2019-06-03T11:56:35.690+0930][gc,heap       ] GC(12) Survivor regions: 3->3(11)
[2019-06-03T11:56:35.690+0930][gc,heap       ] GC(12) Old regions: 13->13
[2019-06-03T11:56:35.690+0930][gc,heap       ] GC(12) Humongous regions: 129->129
[2019-06-03T11:56:35.690+0930][gc,metaspace  ] GC(12) Metaspace: 32510K->32510K(1079296K)
[2019-06-03T11:56:35.690+0930][gc            ] GC(12) Pause Young (Normal) (G1 Evacuation Pause) 226M->142M(1024M) 9.768ms
[2019-06-03T11:56:35.690+0930][gc,cpu        ] GC(12) User=0.00s Sys=0.00s Real=0.01s
[2019-06-03T11:56:45.029+0930][gc,start      ] GC(13) Pause Young (Normal) (G1 Evacuation Pause)
[2019-06-03T11:56:45.029+0930][gc,task       ] GC(13) Using 8 workers of 8 for evacuation
[2019-06-03T11:56:45.038+0930][gc,phases     ] GC(13)   Pre Evacuate Collection Set: 0.0ms
[2019-06-03T11:56:45.038+0930][gc,phases     ] GC(13)   Evacuate Collection Set: 7.7ms
[2019-06-03T11:56:45.038+0930][gc,phases     ] GC(13)   Post Evacuate Collection Set: 0.7ms
[2019-06-03T11:56:45.038+0930][gc,phases     ] GC(13)   Other: 0.4ms
[2019-06-03T11:56:45.038+0930][gc,heap       ] GC(13) Eden regions: 136->0(178)
[2019-06-03T11:56:45.038+0930][gc,heap       ] GC(13) Survivor regions: 3->3(18)
[2019-06-03T11:56:45.038+0930][gc,heap       ] GC(13) Old regions: 13->13
[2019-06-03T11:56:45.038+0930][gc,heap       ] GC(13) Humongous regions: 129->129
[2019-06-03T11:56:45.038+0930][gc,metaspace  ] GC(13) Metaspace: 32524K->32524K(1079296K)
[2019-06-03T11:56:45.038+0930][gc            ] GC(13) Pause Young (Normal) (G1 Evacuation Pause) 278M->142M(1024M) 8.968ms
[2019-06-03T11:56:45.038+0930][gc,cpu        ] GC(13) User=0.04s Sys=0.06s Real=0.01s
[2019-06-03T11:57:02.160+0930][gc,start      ] GC(14) Pause Young (Normal) (G1 Evacuation Pause)
[2019-06-03T11:57:02.161+0930][gc,task       ] GC(14) Using 8 workers of 8 for evacuation
[2019-06-03T11:57:02.174+0930][gc,phases     ] GC(14)   Pre Evacuate Collection Set: 0.0ms
[2019-06-03T11:57:02.174+0930][gc,phases     ] GC(14)   Evacuate Collection Set: 11.7ms
[2019-06-03T11:57:02.174+0930][gc,phases     ] GC(14)   Post Evacuate Collection Set: 1.3ms
[2019-06-03T11:57:02.174+0930][gc,phases     ] GC(14)   Other: 0.6ms
[2019-06-03T11:57:02.174+0930][gc,heap       ] GC(14) Eden regions: 178->0(201)
[2019-06-03T11:57:02.174+0930][gc,heap       ] GC(14) Survivor regions: 3->3(23)
[2019-06-03T11:57:02.174+0930][gc,heap       ] GC(14) Old regions: 13->13
[2019-06-03T11:57:02.174+0930][gc,heap       ] GC(14) Humongous regions: 129->129
[2019-06-03T11:57:02.174+0930][gc,metaspace  ] GC(14) Metaspace: 32576K->32576K(1079296K)
[2019-06-03T11:57:02.175+0930][gc            ] GC(14) Pause Young (Normal) (G1 Evacuation Pause) 320M->142M(1024M) 14.103ms
[2019-06-03T11:57:02.175+0930][gc,cpu        ] GC(14) User=0.00s Sys=0.00s Real=0.02s
[2019-06-03T11:57:19.475+0930][gc,start      ] GC(15) Pause Young (Normal) (G1 Evacuation Pause)
[2019-06-03T11:57:19.475+0930][gc,task       ] GC(15) Using 8 workers of 8 for evacuation
[2019-06-03T11:57:19.484+0930][gc,phases     ] GC(15)   Pre Evacuate Collection Set: 0.0ms
[2019-06-03T11:57:19.484+0930][gc,phases     ] GC(15)   Evacuate Collection Set: 8.0ms
[2019-06-03T11:57:19.484+0930][gc,phases     ] GC(15)   Post Evacuate Collection Set: 1.0ms
[2019-06-03T11:57:19.485+0930][gc,phases     ] GC(15)   Other: 0.4ms
[2019-06-03T11:57:19.485+0930][gc,heap       ] GC(15) Eden regions: 201->0(218)
[2019-06-03T11:57:19.485+0930][gc,heap       ] GC(15) Survivor regions: 3->3(26)
[2019-06-03T11:57:19.485+0930][gc,heap       ] GC(15) Old regions: 13->13
[2019-06-03T11:57:19.485+0930][gc,heap       ] GC(15) Humongous regions: 129->129
[2019-06-03T11:57:19.485+0930][gc,metaspace  ] GC(15) Metaspace: 32589K->32589K(1079296K)
[2019-06-03T11:57:19.485+0930][gc            ] GC(15) Pause Young (Normal) (G1 Evacuation Pause) 343M->142M(1024M) 9.629ms
[2019-06-03T11:57:19.485+0930][gc,cpu        ] GC(15) User=0.00s Sys=0.00s Real=0.01s
[2019-06-03T11:57:35.889+0930][gc,start      ] GC(16) Pause Young (Normal) (G1 Evacuation Pause)
[2019-06-03T11:57:35.889+0930][gc,task       ] GC(16) Using 8 workers of 8 for evacuation
[2019-06-03T11:57:35.898+0930][gc,phases     ] GC(16)   Pre Evacuate Collection Set: 0.0ms
[2019-06-03T11:57:35.898+0930][gc,phases     ] GC(16)   Evacuate Collection Set: 7.6ms
[2019-06-03T11:57:35.898+0930][gc,phases     ] GC(16)   Post Evacuate Collection Set: 1.1ms
[2019-06-03T11:57:35.898+0930][gc,phases     ] GC(16)   Other: 0.4ms
[2019-06-03T11:57:35.898+0930][gc,heap       ] GC(16) Eden regions: 218->0(260)
[2019-06-03T11:57:35.898+0930][gc,heap       ] GC(16) Survivor regions: 3->3(28)
[2019-06-03T11:57:35.898+0930][gc,heap       ] GC(16) Old regions: 13->13
[2019-06-03T11:57:35.898+0930][gc,heap       ] GC(16) Humongous regions: 129->129
[2019-06-03T11:57:35.898+0930][gc,metaspace  ] GC(16) Metaspace: 32595K->32595K(1079296K)
[2019-06-03T11:57:35.898+0930][gc            ] GC(16) Pause Young (Normal) (G1 Evacuation Pause) 360M->142M(1024M) 9.392ms
[2019-06-03T11:57:35.898+0930][gc,cpu        ] GC(16) User=0.09s Sys=0.01s Real=0.01s
[2019-06-03T11:57:56.178+0930][gc,start      ] GC(17) Pause Young (Normal) (G1 Evacuation Pause)
[2019-06-03T11:57:56.178+0930][gc,task       ] GC(17) Using 8 workers of 8 for evacuation
[2019-06-03T11:57:56.190+0930][gc,phases     ] GC(17)   Pre Evacuate Collection Set: 0.1ms
[2019-06-03T11:57:56.190+0930][gc,phases     ] GC(17)   Evacuate Collection Set: 11.1ms
[2019-06-03T11:57:56.190+0930][gc,phases     ] GC(17)   Post Evacuate Collection Set: 1.0ms
[2019-06-03T11:57:56.191+0930][gc,phases     ] GC(17)   Other: 0.5ms
[2019-06-03T11:57:56.191+0930][gc,heap       ] GC(17) Eden regions: 260->0(285)
[2019-06-03T11:57:56.191+0930][gc,heap       ] GC(17) Survivor regions: 3->3(33)
[2019-06-03T11:57:56.191+0930][gc,heap       ] GC(17) Old regions: 13->13
[2019-06-03T11:57:56.191+0930][gc,heap       ] GC(17) Humongous regions: 129->129
[2019-06-03T11:57:56.191+0930][gc,metaspace  ] GC(17) Metaspace: 32606K->32606K(1079296K)
[2019-06-03T11:57:56.191+0930][gc            ] GC(17) Pause Young (Normal) (G1 Evacuation Pause) 402M->142M(1024M) 12.953ms
[2019-06-03T11:57:56.191+0930][gc,cpu        ] GC(17) User=0.00s Sys=0.00s Real=0.01s
[2019-06-03T11:58:17.616+0930][gc,start      ] GC(18) Pause Young (Normal) (G1 Evacuation Pause)
[2019-06-03T11:58:17.616+0930][gc,task       ] GC(18) Using 8 workers of 8 for evacuation
[2019-06-03T11:58:17.627+0930][gc,phases     ] GC(18)   Pre Evacuate Collection Set: 0.0ms
[2019-06-03T11:58:17.627+0930][gc,phases     ] GC(18)   Evacuate Collection Set: 9.6ms
[2019-06-03T11:58:17.627+0930][gc,phases     ] GC(18)   Post Evacuate Collection Set: 1.2ms
[2019-06-03T11:58:17.628+0930][gc,phases     ] GC(18)   Other: 0.4ms
[2019-06-03T11:58:17.628+0930][gc,heap       ] GC(18) Eden regions: 285->0(311)
[2019-06-03T11:58:17.628+0930][gc,heap       ] GC(18) Survivor regions: 3->3(36)
[2019-06-03T11:58:17.628+0930][gc,heap       ] GC(18) Old regions: 13->13
[2019-06-03T11:58:17.628+0930][gc,heap       ] GC(18) Humongous regions: 129->129
[2019-06-03T11:58:17.628+0930][gc,metaspace  ] GC(18) Metaspace: 32641K->32641K(1079296K)
[2019-06-03T11:58:17.628+0930][gc            ] GC(18) Pause Young (Normal) (G1 Evacuation Pause) 427M->142M(1024M) 11.513ms
[2019-06-03T11:58:17.628+0930][gc,cpu        ] GC(18) User=0.00s Sys=0.00s Real=0.01s
[2019-06-03T11:58:39.619+0930][gc,start      ] GC(19) Pause Young (Normal) (G1 Evacuation Pause)
[2019-06-03T11:58:39.619+0930][gc,task       ] GC(19) Using 8 workers of 8 for evacuation
[2019-06-03T11:58:39.630+0930][gc,phases     ] GC(19)   Pre Evacuate Collection Set: 0.0ms
[2019-06-03T11:58:39.630+0930][gc,phases     ] GC(19)   Evacuate Collection Set: 9.4ms
[2019-06-03T11:58:39.630+0930][gc,phases     ] GC(19)   Post Evacuate Collection Set: 1.2ms
[2019-06-03T11:58:39.630+0930][gc,phases     ] GC(19)   Other: 0.3ms
[2019-06-03T11:58:39.630+0930][gc,heap       ] GC(19) Eden regions: 311->0(345)
[2019-06-03T11:58:39.630+0930][gc,heap       ] GC(19) Survivor regions: 3->2(40)
[2019-06-03T11:58:39.630+0930][gc,heap       ] GC(19) Old regions: 13->14
[2019-06-03T11:58:39.630+0930][gc,heap       ] GC(19) Humongous regions: 129->129
[2019-06-03T11:58:39.630+0930][gc,metaspace  ] GC(19) Metaspace: 32663K->32663K(1079296K)
[2019-06-03T11:58:39.630+0930][gc            ] GC(19) Pause Young (Normal) (G1 Evacuation Pause) 453M->142M(1024M) 11.227ms
[2019-06-03T11:58:39.630+0930][gc,cpu        ] GC(19) User=0.00s Sys=0.02s Real=0.01s
[2019-06-03T11:59:06.446+0930][gc,start      ] GC(20) Pause Young (Normal) (G1 Evacuation Pause)
[2019-06-03T11:59:06.446+0930][gc,task       ] GC(20) Using 8 workers of 8 for evacuation
[2019-06-03T11:59:06.451+0930][gc,phases     ] GC(20)   Pre Evacuate Collection Set: 0.0ms
[2019-06-03T11:59:06.451+0930][gc,phases     ] GC(20)   Evacuate Collection Set: 4.2ms
[2019-06-03T11:59:06.451+0930][gc,phases     ] GC(20)   Post Evacuate Collection Set: 1.1ms
[2019-06-03T11:59:06.452+0930][gc,phases     ] GC(20)   Other: 0.3ms
[2019-06-03T11:59:06.452+0930][gc,heap       ] GC(20) Eden regions: 345->0(356)
[2019-06-03T11:59:06.452+0930][gc,heap       ] GC(20) Survivor regions: 2->2(44)
[2019-06-03T11:59:06.452+0930][gc,heap       ] GC(20) Old regions: 14->14
[2019-06-03T11:59:06.452+0930][gc,heap       ] GC(20) Humongous regions: 129->129
[2019-06-03T11:59:06.452+0930][gc,metaspace  ] GC(20) Metaspace: 32670K->32670K(1079296K)
[2019-06-03T11:59:06.452+0930][gc            ] GC(20) Pause Young (Normal) (G1 Evacuation Pause) 487M->142M(1024M) 6.014ms
[2019-06-03T11:59:06.452+0930][gc,cpu        ] GC(20) User=0.00s Sys=0.00s Real=0.01s
[2019-06-03T11:59:35.624+0930][gc,start      ] GC(21) Pause Young (Normal) (G1 Evacuation Pause)
[2019-06-03T11:59:35.624+0930][gc,task       ] GC(21) Using 8 workers of 8 for evacuation
[2019-06-03T11:59:35.630+0930][gc,phases     ] GC(21)   Pre Evacuate Collection Set: 0.2ms
[2019-06-03T11:59:35.630+0930][gc,phases     ] GC(21)   Evacuate Collection Set: 4.6ms
[2019-06-03T11:59:35.630+0930][gc,phases     ] GC(21)   Post Evacuate Collection Set: 0.6ms
[2019-06-03T11:59:35.630+0930][gc,phases     ] GC(21)   Other: 0.3ms
[2019-06-03T11:59:35.630+0930][gc,heap       ] GC(21) Eden regions: 356->0(362)
[2019-06-03T11:59:35.630+0930][gc,heap       ] GC(21) Survivor regions: 2->2(45)
[2019-06-03T11:59:35.630+0930][gc,heap       ] GC(21) Old regions: 14->14
[2019-06-03T11:59:35.630+0930][gc,heap       ] GC(21) Humongous regions: 129->129
[2019-06-03T11:59:35.630+0930][gc,metaspace  ] GC(21) Metaspace: 32683K->32683K(1079296K)
[2019-06-03T11:59:35.630+0930][gc            ] GC(21) Pause Young (Normal) (G1 Evacuation Pause) 498M->143M(1024M) 5.811ms
[2019-06-03T11:59:35.630+0930][gc,cpu        ] GC(21) User=0.01s Sys=0.00s Real=0.00s
[2019-06-03T12:00:05.588+0930][gc,start      ] GC(22) Pause Young (Normal) (G1 Evacuation Pause)
[2019-06-03T12:00:05.588+0930][gc,task       ] GC(22) Using 8 workers of 8 for evacuation
[2019-06-03T12:00:05.601+0930][gc,phases     ] GC(22)   Pre Evacuate Collection Set: 0.0ms
[2019-06-03T12:00:05.601+0930][gc,phases     ] GC(22)   Evacuate Collection Set: 11.2ms
[2019-06-03T12:00:05.601+0930][gc,phases     ] GC(22)   Post Evacuate Collection Set: 1.2ms
[2019-06-03T12:00:05.601+0930][gc,phases     ] GC(22)   Other: 0.6ms
[2019-06-03T12:00:05.602+0930][gc,heap       ] GC(22) Eden regions: 362->0(365)
[2019-06-03T12:00:05.602+0930][gc,heap       ] GC(22) Survivor regions: 2->3(46)
[2019-06-03T12:00:05.602+0930][gc,heap       ] GC(22) Old regions: 14->14
[2019-06-03T12:00:05.602+0930][gc,heap       ] GC(22) Humongous regions: 129->129
[2019-06-03T12:00:05.602+0930][gc,metaspace  ] GC(22) Metaspace: 32686K->32686K(1079296K)
[2019-06-03T12:00:05.602+0930][gc            ] GC(22) Pause Young (Normal) (G1 Evacuation Pause) 505M->143M(1024M) 13.352ms
[2019-06-03T12:00:05.602+0930][gc,cpu        ] GC(22) User=0.01s Sys=0.11s Real=0.02s
[2019-06-03T12:00:33.104+0930][gc,start      ] GC(23) Pause Young (Normal) (G1 Evacuation Pause)
[2019-06-03T12:00:33.104+0930][gc,task       ] GC(23) Using 8 workers of 8 for evacuation
[2019-06-03T12:00:33.116+0930][gc,phases     ] GC(23)   Pre Evacuate Collection Set: 0.0ms
[2019-06-03T12:00:33.116+0930][gc,phases     ] GC(23)   Evacuate Collection Set: 10.1ms
[2019-06-03T12:00:33.116+0930][gc,phases     ] GC(23)   Post Evacuate Collection Set: 1.0ms
[2019-06-03T12:00:33.116+0930][gc,phases     ] GC(23)   Other: 0.4ms
[2019-06-03T12:00:33.116+0930][gc,heap       ] GC(23) Eden regions: 365->0(367)
[2019-06-03T12:00:33.116+0930][gc,heap       ] GC(23) Survivor regions: 3->4(46)
[2019-06-03T12:00:33.116+0930][gc,heap       ] GC(23) Old regions: 14->14
[2019-06-03T12:00:33.116+0930][gc,heap       ] GC(23) Humongous regions: 129->129
[2019-06-03T12:00:33.116+0930][gc,metaspace  ] GC(23) Metaspace: 32693K->32693K(1079296K)
[2019-06-03T12:00:33.116+0930][gc            ] GC(23) Pause Young (Normal) (G1 Evacuation Pause) 508M->144M(1024M) 11.923ms
[2019-06-03T12:00:33.116+0930][gc,cpu        ] GC(23) User=0.05s Sys=0.07s Real=0.01s
[2019-06-03T12:01:00.552+0930][gc,start      ] GC(24) Pause Young (Normal) (G1 Evacuation Pause)
[2019-06-03T12:01:00.552+0930][gc,task       ] GC(24) Using 8 workers of 8 for evacuation
[2019-06-03T12:01:00.564+0930][gc,phases     ] GC(24)   Pre Evacuate Collection Set: 0.0ms
[2019-06-03T12:01:00.564+0930][gc,phases     ] GC(24)   Evacuate Collection Set: 11.3ms
[2019-06-03T12:01:00.564+0930][gc,phases     ] GC(24)   Post Evacuate Collection Set: 1.1ms
[2019-06-03T12:01:00.564+0930][gc,phases     ] GC(24)   Other: 0.4ms
[2019-06-03T12:01:00.565+0930][gc,heap       ] GC(24) Eden regions: 367->0(405)
[2019-06-03T12:01:00.565+0930][gc,heap       ] GC(24) Survivor regions: 4->4(47)
[2019-06-03T12:01:00.565+0930][gc,heap       ] GC(24) Old regions: 14->14
[2019-06-03T12:01:00.565+0930][gc,heap       ] GC(24) Humongous regions: 129->129
[2019-06-03T12:01:00.565+0930][gc,metaspace  ] GC(24) Metaspace: 32699K->32699K(1079296K)
[2019-06-03T12:01:00.565+0930][gc            ] GC(24) Pause Young (Normal) (G1 Evacuation Pause) 511M->145M(1024M) 13.035ms
[2019-06-03T12:01:00.565+0930][gc,cpu        ] GC(24) User=0.00s Sys=0.00s Real=0.01s
[2019-06-03T12:01:34.922+0930][gc,start      ] GC(25) Pause Young (Normal) (G1 Evacuation Pause)
[2019-06-03T12:01:34.923+0930][gc,task       ] GC(25) Using 8 workers of 8 for evacuation
[2019-06-03T12:01:34.939+0930][gc,phases     ] GC(25)   Pre Evacuate Collection Set: 0.0ms
[2019-06-03T12:01:34.939+0930][gc,phases     ] GC(25)   Evacuate Collection Set: 14.8ms
[2019-06-03T12:01:34.939+0930][gc,phases     ] GC(25)   Post Evacuate Collection Set: 1.2ms
[2019-06-03T12:01:34.939+0930][gc,phases     ] GC(25)   Other: 0.4ms
[2019-06-03T12:01:34.939+0930][gc,heap       ] GC(25) Eden regions: 405->0(406)
[2019-06-03T12:01:34.939+0930][gc,heap       ] GC(25) Survivor regions: 4->5(52)
[2019-06-03T12:01:34.939+0930][gc,heap       ] GC(25) Old regions: 14->14
[2019-06-03T12:01:34.939+0930][gc,heap       ] GC(25) Humongous regions: 129->129
[2019-06-03T12:01:34.939+0930][gc,metaspace  ] GC(25) Metaspace: 32724K->32724K(1079296K)
[2019-06-03T12:01:34.939+0930][gc            ] GC(25) Pause Young (Normal) (G1 Evacuation Pause) 550M->146M(1024M) 16.733ms
[2019-06-03T12:01:34.939+0930][gc,cpu        ] GC(25) User=0.06s Sys=0.06s Real=0.01s
[2019-06-03T12:02:04.970+0930][gc,start      ] GC(26) Pause Young (Normal) (G1 Evacuation Pause)
[2019-06-03T12:02:04.970+0930][gc,task       ] GC(26) Using 8 workers of 8 for evacuation
[2019-06-03T12:02:04.986+0930][gc,phases     ] GC(26)   Pre Evacuate Collection Set: 0.0ms
[2019-06-03T12:02:04.986+0930][gc,phases     ] GC(26)   Evacuate Collection Set: 14.0ms
[2019-06-03T12:02:04.986+0930][gc,phases     ] GC(26)   Post Evacuate Collection Set: 1.2ms
[2019-06-03T12:02:04.986+0930][gc,phases     ] GC(26)   Other: 0.4ms
[2019-06-03T12:02:04.986+0930][gc,heap       ] GC(26) Eden regions: 406->0(407)
[2019-06-03T12:02:04.986+0930][gc,heap       ] GC(26) Survivor regions: 5->6(52)
[2019-06-03T12:02:04.986+0930][gc,heap       ] GC(26) Old regions: 14->14
[2019-06-03T12:02:04.986+0930][gc,heap       ] GC(26) Humongous regions: 129->129
[2019-06-03T12:02:04.986+0930][gc,metaspace  ] GC(26) Metaspace: 32730K->32730K(1079296K)
[2019-06-03T12:02:04.986+0930][gc            ] GC(26) Pause Young (Normal) (G1 Evacuation Pause) 552M->146M(1024M) 15.916ms
[2019-06-03T12:02:04.986+0930][gc,cpu        ] GC(26) User=0.03s Sys=0.09s Real=0.02s
[2019-06-03T12:02:35.705+0930][gc,start      ] GC(27) Pause Young (Normal) (G1 Evacuation Pause)
[2019-06-03T12:02:35.705+0930][gc,task       ] GC(27) Using 8 workers of 8 for evacuation
[2019-06-03T12:02:35.716+0930][gc,phases     ] GC(27)   Pre Evacuate Collection Set: 0.0ms
[2019-06-03T12:02:35.716+0930][gc,phases     ] GC(27)   Evacuate Collection Set: 10.3ms
[2019-06-03T12:02:35.716+0930][gc,phases     ] GC(27)   Post Evacuate Collection Set: 1.1ms
[2019-06-03T12:02:35.717+0930][gc,phases     ] GC(27)   Other: 0.4ms
[2019-06-03T12:02:35.717+0930][gc,heap       ] GC(27) Eden regions: 407->0(413)
[2019-06-03T12:02:35.717+0930][gc,heap       ] GC(27) Survivor regions: 6->6(52)
[2019-06-03T12:02:35.717+0930][gc,heap       ] GC(27) Old regions: 14->14
[2019-06-03T12:02:35.717+0930][gc,heap       ] GC(27) Humongous regions: 129->129
[2019-06-03T12:02:35.717+0930][gc,metaspace  ] GC(27) Metaspace: 32732K->32732K(1079296K)
[2019-06-03T12:02:35.717+0930][gc            ] GC(27) Pause Young (Normal) (G1 Evacuation Pause) 553M->147M(1024M) 12.207ms
[2019-06-03T12:02:35.717+0930][gc,cpu        ] GC(27) User=0.12s Sys=0.00s Real=0.01s
[2019-06-03T12:03:06.478+0930][gc,start      ] GC(28) Pause Young (Normal) (G1 Evacuation Pause)
[2019-06-03T12:03:06.478+0930][gc,task       ] GC(28) Using 8 workers of 8 for evacuation
[2019-06-03T12:03:06.499+0930][gc,mmu        ] GC(28) MMU target violated: 20.4ms (20.0ms/21.0ms)
[2019-06-03T12:03:06.499+0930][gc,phases     ] GC(28)   Pre Evacuate Collection Set: 0.0ms
[2019-06-03T12:03:06.499+0930][gc,phases     ] GC(28)   Evacuate Collection Set: 19.1ms
[2019-06-03T12:03:06.499+0930][gc,phases     ] GC(28)   Post Evacuate Collection Set: 1.1ms
[2019-06-03T12:03:06.499+0930][gc,phases     ] GC(28)   Other: 0.6ms
[2019-06-03T12:03:06.499+0930][gc,heap       ] GC(28) Eden regions: 413->0(412)
[2019-06-03T12:03:06.499+0930][gc,heap       ] GC(28) Survivor regions: 6->7(53)
[2019-06-03T12:03:06.499+0930][gc,heap       ] GC(28) Old regions: 14->14
[2019-06-03T12:03:06.499+0930][gc,heap       ] GC(28) Humongous regions: 129->129
[2019-06-03T12:03:06.499+0930][gc,metaspace  ] GC(28) Metaspace: 32732K->32732K(1079296K)
[2019-06-03T12:03:06.499+0930][gc            ] GC(28) Pause Young (Normal) (G1 Evacuation Pause) 560M->148M(1024M) 20.979ms
[2019-06-03T12:03:06.499+0930][gc,cpu        ] GC(28) User=0.06s Sys=0.07s Real=0.02s
[2019-06-03T12:03:39.858+0930][gc,start      ] GC(29) Pause Young (Normal) (G1 Evacuation Pause)
[2019-06-03T12:03:39.858+0930][gc,task       ] GC(29) Using 8 workers of 8 for evacuation
[2019-06-03T12:03:39.865+0930][gc,phases     ] GC(29)   Pre Evacuate Collection Set: 0.0ms
[2019-06-03T12:03:39.865+0930][gc,phases     ] GC(29)   Evacuate Collection Set: 6.0ms
[2019-06-03T12:03:39.865+0930][gc,phases     ] GC(29)   Post Evacuate Collection Set: 1.0ms
[2019-06-03T12:03:39.865+0930][gc,phases     ] GC(29)   Other: 0.3ms
[2019-06-03T12:03:39.865+0930][gc,heap       ] GC(29) Eden regions: 412->0(413)
[2019-06-03T12:03:39.865+0930][gc,heap       ] GC(29) Survivor regions: 7->8(53)
[2019-06-03T12:03:39.865+0930][gc,heap       ] GC(29) Old regions: 14->14
[2019-06-03T12:03:39.865+0930][gc,heap       ] GC(29) Humongous regions: 129->129
[2019-06-03T12:03:39.865+0930][gc,metaspace  ] GC(29) Metaspace: 32744K->32744K(1079296K)
[2019-06-03T12:03:39.866+0930][gc            ] GC(29) Pause Young (Normal) (G1 Evacuation Pause) 560M->149M(1024M) 7.617ms
[2019-06-03T12:03:39.866+0930][gc,cpu        ] GC(29) User=0.11s Sys=0.01s Real=0.01s
[2019-06-03T12:04:10.483+0930][gc,start      ] GC(30) Pause Young (Normal) (G1 Evacuation Pause)
[2019-06-03T12:04:10.483+0930][gc,task       ] GC(30) Using 8 workers of 8 for evacuation
[2019-06-03T12:04:10.497+0930][gc,phases     ] GC(30)   Pre Evacuate Collection Set: 0.0ms
[2019-06-03T12:04:10.497+0930][gc,phases     ] GC(30)   Evacuate Collection Set: 12.8ms
[2019-06-03T12:04:10.497+0930][gc,phases     ] GC(30)   Post Evacuate Collection Set: 1.0ms
[2019-06-03T12:04:10.497+0930][gc,phases     ] GC(30)   Other: 0.3ms
[2019-06-03T12:04:10.497+0930][gc,heap       ] GC(30) Eden regions: 413->0(415)
[2019-06-03T12:04:10.497+0930][gc,heap       ] GC(30) Survivor regions: 8->9(53)
[2019-06-03T12:04:10.497+0930][gc,heap       ] GC(30) Old regions: 14->14
[2019-06-03T12:04:10.497+0930][gc,heap       ] GC(30) Humongous regions: 129->129
[2019-06-03T12:04:10.497+0930][gc,metaspace  ] GC(30) Metaspace: 32763K->32763K(1079296K)
[2019-06-03T12:04:10.497+0930][gc            ] GC(30) Pause Young (Normal) (G1 Evacuation Pause) 562M->149M(1024M) 14.374ms
[2019-06-03T12:04:10.497+0930][gc,cpu        ] GC(30) User=0.06s Sys=0.06s Real=0.01s
[2019-06-03T12:04:42.126+0930][gc,start      ] GC(31) Pause Young (Normal) (G1 Evacuation Pause)
[2019-06-03T12:04:42.126+0930][gc,task       ] GC(31) Using 8 workers of 8 for evacuation
[2019-06-03T12:04:42.143+0930][gc,phases     ] GC(31)   Pre Evacuate Collection Set: 0.0ms
[2019-06-03T12:04:42.143+0930][gc,phases     ] GC(31)   Evacuate Collection Set: 15.0ms
[2019-06-03T12:04:42.143+0930][gc,phases     ] GC(31)   Post Evacuate Collection Set: 1.1ms
[2019-06-03T12:04:42.143+0930][gc,phases     ] GC(31)   Other: 0.4ms
[2019-06-03T12:04:42.143+0930][gc,heap       ] GC(31) Eden regions: 415->0(427)
[2019-06-03T12:04:42.143+0930][gc,heap       ] GC(31) Survivor regions: 9->9(53)
[2019-06-03T12:04:42.143+0930][gc,heap       ] GC(31) Old regions: 14->14
[2019-06-03T12:04:42.143+0930][gc,heap       ] GC(31) Humongous regions: 129->129
[2019-06-03T12:04:42.143+0930][gc,metaspace  ] GC(31) Metaspace: 32769K->32769K(1079296K)
[2019-06-03T12:04:42.143+0930][gc            ] GC(31) Pause Young (Normal) (G1 Evacuation Pause) 564M->150M(1024M) 16.873ms
[2019-06-03T12:04:42.143+0930][gc,cpu        ] GC(31) User=0.13s Sys=0.00s Real=0.02s
[2019-06-03T12:05:16.505+0930][gc,start      ] GC(32) Pause Young (Normal) (G1 Evacuation Pause)
[2019-06-03T12:05:16.505+0930][gc,task       ] GC(32) Using 8 workers of 8 for evacuation
[2019-06-03T12:05:16.532+0930][gc,mmu        ] GC(32) MMU target violated: 21.0ms (20.0ms/21.0ms)
[2019-06-03T12:05:16.532+0930][gc,phases     ] GC(32)   Pre Evacuate Collection Set: 0.3ms
[2019-06-03T12:05:16.532+0930][gc,phases     ] GC(32)   Evacuate Collection Set: 25.2ms
[2019-06-03T12:05:16.532+0930][gc,phases     ] GC(32)   Post Evacuate Collection Set: 1.1ms
[2019-06-03T12:05:16.533+0930][gc,phases     ] GC(32)   Other: 0.6ms
[2019-06-03T12:05:16.533+0930][gc,heap       ] GC(32) Eden regions: 423->0(392)
[2019-06-03T12:05:16.533+0930][gc,heap       ] GC(32) Survivor regions: 9->10(54)
[2019-06-03T12:05:16.533+0930][gc,heap       ] GC(32) Old regions: 14->15
[2019-06-03T12:05:16.533+0930][gc,heap       ] GC(32) Humongous regions: 129->129
[2019-06-03T12:05:16.533+0930][gc,metaspace  ] GC(32) Metaspace: 32773K->32773K(1079296K)
[2019-06-03T12:05:16.533+0930][gc            ] GC(32) Pause Young (Normal) (G1 Evacuation Pause) 573M->151M(1024M) 27.399ms
[2019-06-03T12:05:16.533+0930][gc,cpu        ] GC(32) User=0.03s Sys=0.10s Real=0.03s
[2019-06-03T12:05:42.512+0930][gc,start      ] GC(33) Pause Young (Normal) (G1 Evacuation Pause)
[2019-06-03T12:05:42.512+0930][gc,task       ] GC(33) Using 8 workers of 8 for evacuation
[2019-06-03T12:05:42.523+0930][gc,phases     ] GC(33)   Pre Evacuate Collection Set: 0.0ms
[2019-06-03T12:05:42.523+0930][gc,phases     ] GC(33)   Evacuate Collection Set: 9.7ms
[2019-06-03T12:05:42.524+0930][gc,phases     ] GC(33)   Post Evacuate Collection Set: 1.0ms
[2019-06-03T12:05:42.524+0930][gc,phases     ] GC(33)   Other: 0.5ms
[2019-06-03T12:05:42.524+0930][gc,heap       ] GC(33) Eden regions: 347->0(356)
[2019-06-03T12:05:42.524+0930][gc,heap       ] GC(33) Survivor regions: 10->10(45)
[2019-06-03T12:05:42.524+0930][gc,heap       ] GC(33) Old regions: 15->15
[2019-06-03T12:05:42.524+0930][gc,heap       ] GC(33) Humongous regions: 129->129
[2019-06-03T12:05:42.524+0930][gc,metaspace  ] GC(33) Metaspace: 32774K->32774K(1079296K)
[2019-06-03T12:05:42.524+0930][gc            ] GC(33) Pause Young (Normal) (G1 Evacuation Pause) 498M->151M(1024M) 11.411ms
[2019-06-03T12:05:42.524+0930][gc,cpu        ] GC(33) User=0.11s Sys=0.02s Real=0.01s
[2019-06-03T12:06:08.446+0930][gc,start      ] GC(34) Pause Young (Normal) (G1 Evacuation Pause)
[2019-06-03T12:06:08.446+0930][gc,task       ] GC(34) Using 8 workers of 8 for evacuation
[2019-06-03T12:06:08.457+0930][gc,phases     ] GC(34)   Pre Evacuate Collection Set: 0.0ms
[2019-06-03T12:06:08.458+0930][gc,phases     ] GC(34)   Evacuate Collection Set: 10.6ms
[2019-06-03T12:06:08.458+0930][gc,phases     ] GC(34)   Post Evacuate Collection Set: 1.0ms
[2019-06-03T12:06:08.458+0930][gc,phases     ] GC(34)   Other: 0.4ms
[2019-06-03T12:06:08.458+0930][gc,heap       ] GC(34) Eden regions: 346->0(350)
[2019-06-03T12:06:08.458+0930][gc,heap       ] GC(34) Survivor regions: 10->11(45)
[2019-06-03T12:06:08.458+0930][gc,heap       ] GC(34) Old regions: 15->15
[2019-06-03T12:06:08.458+0930][gc,heap       ] GC(34) Humongous regions: 129->129
[2019-06-03T12:06:08.458+0930][gc,metaspace  ] GC(34) Metaspace: 32823K->32823K(1079296K)
[2019-06-03T12:06:08.458+0930][gc            ] GC(34) Pause Young (Normal) (G1 Evacuation Pause) 497M->152M(1024M) 12.327ms
[2019-06-03T12:06:08.458+0930][gc,cpu        ] GC(34) User=0.00s Sys=0.02s Real=0.01s
[2019-06-03T12:06:34.004+0930][gc,start      ] GC(35) Pause Young (Normal) (G1 Evacuation Pause)
[2019-06-03T12:06:34.004+0930][gc,task       ] GC(35) Using 8 workers of 8 for evacuation
[2019-06-03T12:06:34.016+0930][gc,phases     ] GC(35)   Pre Evacuate Collection Set: 0.0ms
[2019-06-03T12:06:34.016+0930][gc,phases     ] GC(35)   Evacuate Collection Set: 11.1ms
[2019-06-03T12:06:34.016+0930][gc,phases     ] GC(35)   Post Evacuate Collection Set: 1.1ms
[2019-06-03T12:06:34.016+0930][gc,phases     ] GC(35)   Other: 0.5ms
[2019-06-03T12:06:34.016+0930][gc,heap       ] GC(35) Eden regions: 348->0(352)
[2019-06-03T12:06:34.016+0930][gc,heap       ] GC(35) Survivor regions: 11->11(45)
[2019-06-03T12:06:34.016+0930][gc,heap       ] GC(35) Old regions: 15->15
[2019-06-03T12:06:34.016+0930][gc,heap       ] GC(35) Humongous regions: 129->129
[2019-06-03T12:06:34.016+0930][gc,metaspace  ] GC(35) Metaspace: 32832K->32832K(1079296K)
[2019-06-03T12:06:34.017+0930][gc            ] GC(35) Pause Young (Normal) (G1 Evacuation Pause) 500M->153M(1024M) 13.025ms
[2019-06-03T12:06:34.017+0930][gc,cpu        ] GC(35) User=0.00s Sys=0.01s Real=0.01s
[2019-06-03T12:07:01.812+0930][gc,start      ] GC(36) Pause Young (Normal) (G1 Evacuation Pause)
[2019-06-03T12:07:01.812+0930][gc,task       ] GC(36) Using 8 workers of 8 for evacuation
[2019-06-03T12:07:01.829+0930][gc,phases     ] GC(36)   Pre Evacuate Collection Set: 0.0ms
[2019-06-03T12:07:01.829+0930][gc,phases     ] GC(36)   Evacuate Collection Set: 15.7ms
[2019-06-03T12:07:01.829+0930][gc,phases     ] GC(36)   Post Evacuate Collection Set: 1.3ms
[2019-06-03T12:07:01.829+0930][gc,phases     ] GC(36)   Other: 0.5ms
[2019-06-03T12:07:01.829+0930][gc,heap       ] GC(36) Eden regions: 350->0(355)
[2019-06-03T12:07:01.830+0930][gc,heap       ] GC(36) Survivor regions: 11->11(46)
[2019-06-03T12:07:01.830+0930][gc,heap       ] GC(36) Old regions: 15->16
[2019-06-03T12:07:01.830+0930][gc,heap       ] GC(36) Humongous regions: 129->129
[2019-06-03T12:07:01.830+0930][gc,metaspace  ] GC(36) Metaspace: 32842K->32842K(1079296K)
[2019-06-03T12:07:01.830+0930][gc            ] GC(36) Pause Young (Normal) (G1 Evacuation Pause) 503M->153M(1024M) 17.907ms
[2019-06-03T12:07:01.830+0930][gc,cpu        ] GC(36) User=0.13s Sys=0.00s Real=0.01s
[2019-06-03T12:07:30.906+0930][gc,start      ] GC(37) Pause Young (Normal) (G1 Evacuation Pause)
[2019-06-03T12:07:30.906+0930][gc,task       ] GC(37) Using 8 workers of 8 for evacuation
[2019-06-03T12:07:30.922+0930][gc,phases     ] GC(37)   Pre Evacuate Collection Set: 0.0ms
[2019-06-03T12:07:30.922+0930][gc,phases     ] GC(37)   Evacuate Collection Set: 14.2ms
[2019-06-03T12:07:30.922+0930][gc,phases     ] GC(37)   Post Evacuate Collection Set: 1.3ms
[2019-06-03T12:07:30.922+0930][gc,phases     ] GC(37)   Other: 0.5ms
[2019-06-03T12:07:30.922+0930][gc,heap       ] GC(37) Eden regions: 353->0(359)
[2019-06-03T12:07:30.922+0930][gc,heap       ] GC(37) Survivor regions: 11->11(46)
[2019-06-03T12:07:30.922+0930][gc,heap       ] GC(37) Old regions: 16->17
[2019-06-03T12:07:30.922+0930][gc,heap       ] GC(37) Humongous regions: 129->129
[2019-06-03T12:07:30.922+0930][gc,metaspace  ] GC(37) Metaspace: 32853K->32853K(1079296K)
[2019-06-03T12:07:30.922+0930][gc            ] GC(37) Pause Young (Normal) (G1 Evacuation Pause) 506M->154M(1024M) 16.285ms
[2019-06-03T12:07:30.922+0930][gc,cpu        ] GC(37) User=0.11s Sys=0.01s Real=0.02s
[2019-06-03T12:08:00.289+0930][gc,start      ] GC(38) Pause Young (Normal) (G1 Evacuation Pause)
[2019-06-03T12:08:00.289+0930][gc,task       ] GC(38) Using 8 workers of 8 for evacuation
[2019-06-03T12:08:00.306+0930][gc,phases     ] GC(38)   Pre Evacuate Collection Set: 0.0ms
[2019-06-03T12:08:00.306+0930][gc,phases     ] GC(38)   Evacuate Collection Set: 15.0ms
[2019-06-03T12:08:00.306+0930][gc,phases     ] GC(38)   Post Evacuate Collection Set: 1.2ms
[2019-06-03T12:08:00.306+0930][gc,phases     ] GC(38)   Other: 0.5ms
[2019-06-03T12:08:00.306+0930][gc,heap       ] GC(38) Eden regions: 359->0(362)
[2019-06-03T12:08:00.306+0930][gc,heap       ] GC(38) Survivor regions: 11->11(47)
[2019-06-03T12:08:00.306+0930][gc,heap       ] GC(38) Old regions: 17->17
[2019-06-03T12:08:00.306+0930][gc,heap       ] GC(38) Humongous regions: 129->129
[2019-06-03T12:08:00.306+0930][gc,metaspace  ] GC(38) Metaspace: 32856K->32856K(1079296K)
[2019-06-03T12:08:00.306+0930][gc            ] GC(38) Pause Young (Normal) (G1 Evacuation Pause) 513M->155M(1024M) 17.001ms
[2019-06-03T12:08:00.306+0930][gc,cpu        ] GC(38) User=0.12s Sys=0.00s Real=0.02s
[2019-06-03T12:08:27.266+0930][gc,start      ] GC(39) Pause Young (Normal) (G1 Evacuation Pause)
[2019-06-03T12:08:27.266+0930][gc,task       ] GC(39) Using 8 workers of 8 for evacuation
[2019-06-03T12:08:27.281+0930][gc,phases     ] GC(39)   Pre Evacuate Collection Set: 0.0ms
[2019-06-03T12:08:27.281+0930][gc,phases     ] GC(39)   Evacuate Collection Set: 12.9ms
[2019-06-03T12:08:27.281+0930][gc,phases     ] GC(39)   Post Evacuate Collection Set: 1.0ms
[2019-06-03T12:08:27.281+0930][gc,phases     ] GC(39)   Other: 0.4ms
[2019-06-03T12:08:27.281+0930][gc,heap       ] GC(39) Eden regions: 362->0(369)
[2019-06-03T12:08:27.281+0930][gc,heap       ] GC(39) Survivor regions: 11->11(47)
[2019-06-03T12:08:27.281+0930][gc,heap       ] GC(39) Old regions: 17->18
[2019-06-03T12:08:27.281+0930][gc,heap       ] GC(39) Humongous regions: 129->129
[2019-06-03T12:08:27.281+0930][gc,metaspace  ] GC(39) Metaspace: 32871K->32871K(1079296K)
[2019-06-03T12:08:27.281+0930][gc            ] GC(39) Pause Young (Normal) (G1 Evacuation Pause) 517M->156M(1024M) 14.630ms
[2019-06-03T12:08:27.281+0930][gc,cpu        ] GC(39) User=0.12s Sys=0.00s Real=0.02s
[2019-06-03T12:08:56.556+0930][gc,start      ] GC(40) Pause Young (Normal) (G1 Evacuation Pause)
[2019-06-03T12:08:56.556+0930][gc,task       ] GC(40) Using 8 workers of 8 for evacuation
[2019-06-03T12:08:56.572+0930][gc,phases     ] GC(40)   Pre Evacuate Collection Set: 0.0ms
[2019-06-03T12:08:56.572+0930][gc,phases     ] GC(40)   Evacuate Collection Set: 14.7ms
[2019-06-03T12:08:56.572+0930][gc,phases     ] GC(40)   Post Evacuate Collection Set: 1.3ms
[2019-06-03T12:08:56.573+0930][gc,phases     ] GC(40)   Other: 0.5ms
[2019-06-03T12:08:56.573+0930][gc,heap       ] GC(40) Eden regions: 369->0(373)
[2019-06-03T12:08:56.573+0930][gc,heap       ] GC(40) Survivor regions: 11->11(48)
[2019-06-03T12:08:56.573+0930][gc,heap       ] GC(40) Old regions: 18->19
[2019-06-03T12:08:56.573+0930][gc,heap       ] GC(40) Humongous regions: 129->129
[2019-06-03T12:08:56.573+0930][gc,metaspace  ] GC(40) Metaspace: 32878K->32878K(1079296K)
[2019-06-03T12:08:56.573+0930][gc            ] GC(40) Pause Young (Normal) (G1 Evacuation Pause) 525M->156M(1024M) 16.838ms
[2019-06-03T12:08:56.573+0930][gc,cpu        ] GC(40) User=0.11s Sys=0.02s Real=0.02s
[2019-06-03T12:09:27.142+0930][gc,start      ] GC(41) Pause Young (Normal) (G1 Evacuation Pause)
[2019-06-03T12:09:27.142+0930][gc,task       ] GC(41) Using 8 workers of 8 for evacuation
[2019-06-03T12:09:27.158+0930][gc,phases     ] GC(41)   Pre Evacuate Collection Set: 0.0ms
[2019-06-03T12:09:27.158+0930][gc,phases     ] GC(41)   Evacuate Collection Set: 14.6ms
[2019-06-03T12:09:27.158+0930][gc,phases     ] GC(41)   Post Evacuate Collection Set: 1.1ms
[2019-06-03T12:09:27.158+0930][gc,phases     ] GC(41)   Other: 0.5ms
[2019-06-03T12:09:27.158+0930][gc,heap       ] GC(41) Eden regions: 373->0(377)
[2019-06-03T12:09:27.158+0930][gc,heap       ] GC(41) Survivor regions: 11->11(48)
[2019-06-03T12:09:27.159+0930][gc,heap       ] GC(41) Old regions: 19->20
[2019-06-03T12:09:27.159+0930][gc,heap       ] GC(41) Humongous regions: 129->129
[2019-06-03T12:09:27.159+0930][gc,metaspace  ] GC(41) Metaspace: 32881K->32881K(1079296K)
[2019-06-03T12:09:27.159+0930][gc            ] GC(41) Pause Young (Normal) (G1 Evacuation Pause) 529M->157M(1024M) 16.610ms
[2019-06-03T12:09:27.159+0930][gc,cpu        ] GC(41) User=0.12s Sys=0.00s Real=0.01s
[2019-06-03T12:09:57.605+0930][gc,start      ] GC(42) Pause Young (Normal) (G1 Evacuation Pause)
[2019-06-03T12:09:57.605+0930][gc,task       ] GC(42) Using 8 workers of 8 for evacuation
[2019-06-03T12:09:57.621+0930][gc,phases     ] GC(42)   Pre Evacuate Collection Set: 0.0ms
[2019-06-03T12:09:57.621+0930][gc,phases     ] GC(42)   Evacuate Collection Set: 14.9ms
[2019-06-03T12:09:57.621+0930][gc,phases     ] GC(42)   Post Evacuate Collection Set: 1.1ms
[2019-06-03T12:09:57.621+0930][gc,phases     ] GC(42)   Other: 0.5ms
[2019-06-03T12:09:57.622+0930][gc,heap       ] GC(42) Eden regions: 377->0(381)
[2019-06-03T12:09:57.622+0930][gc,heap       ] GC(42) Survivor regions: 11->11(49)
[2019-06-03T12:09:57.622+0930][gc,heap       ] GC(42) Old regions: 20->20
[2019-06-03T12:09:57.622+0930][gc,heap       ] GC(42) Humongous regions: 129->129
[2019-06-03T12:09:57.622+0930][gc,metaspace  ] GC(42) Metaspace: 32881K->32881K(1079296K)
[2019-06-03T12:09:57.622+0930][gc            ] GC(42) Pause Young (Normal) (G1 Evacuation Pause) 534M->158M(1024M) 16.877ms
[2019-06-03T12:09:57.622+0930][gc,cpu        ] GC(42) User=0.11s Sys=0.00s Real=0.02s
[2019-06-03T12:10:28.713+0930][gc,start      ] GC(43) Pause Young (Normal) (G1 Evacuation Pause)
[2019-06-03T12:10:28.713+0930][gc,task       ] GC(43) Using 8 workers of 8 for evacuation
[2019-06-03T12:10:28.722+0930][gc,phases     ] GC(43)   Pre Evacuate Collection Set: 0.0ms
[2019-06-03T12:10:28.722+0930][gc,phases     ] GC(43)   Evacuate Collection Set: 8.4ms
[2019-06-03T12:10:28.722+0930][gc,phases     ] GC(43)   Post Evacuate Collection Set: 0.6ms
[2019-06-03T12:10:28.722+0930][gc,phases     ] GC(43)   Other: 0.4ms
[2019-06-03T12:10:28.722+0930][gc,heap       ] GC(43) Eden regions: 381->0(397)
[2019-06-03T12:10:28.722+0930][gc,heap       ] GC(43) Survivor regions: 11->11(49)
[2019-06-03T12:10:28.722+0930][gc,heap       ] GC(43) Old regions: 20->21
[2019-06-03T12:10:28.722+0930][gc,heap       ] GC(43) Humongous regions: 129->129
[2019-06-03T12:10:28.722+0930][gc,metaspace  ] GC(43) Metaspace: 32882K->32882K(1079296K)
[2019-06-03T12:10:28.722+0930][gc            ] GC(43) Pause Young (Normal) (G1 Evacuation Pause) 539M->158M(1024M) 9.509ms
[2019-06-03T12:10:28.722+0930][gc,cpu        ] GC(43) User=0.00s Sys=0.00s Real=0.01s
[2019-06-03T12:11:01.660+0930][gc,start      ] GC(44) Pause Young (Normal) (G1 Evacuation Pause)
[2019-06-03T12:11:01.660+0930][gc,task       ] GC(44) Using 8 workers of 8 for evacuation
[2019-06-03T12:11:01.679+0930][gc,phases     ] GC(44)   Pre Evacuate Collection Set: 0.4ms
[2019-06-03T12:11:01.679+0930][gc,phases     ] GC(44)   Evacuate Collection Set: 16.2ms
[2019-06-03T12:11:01.679+0930][gc,phases     ] GC(44)   Post Evacuate Collection Set: 1.4ms
[2019-06-03T12:11:01.679+0930][gc,phases     ] GC(44)   Other: 0.6ms
[2019-06-03T12:11:01.679+0930][gc,heap       ] GC(44) Eden regions: 397->0(395)
[2019-06-03T12:11:01.679+0930][gc,heap       ] GC(44) Survivor regions: 11->11(51)
[2019-06-03T12:11:01.679+0930][gc,heap       ] GC(44) Old regions: 21->22
[2019-06-03T12:11:01.679+0930][gc,heap       ] GC(44) Humongous regions: 129->129
[2019-06-03T12:11:01.679+0930][gc,metaspace  ] GC(44) Metaspace: 32885K->32885K(1079296K)
[2019-06-03T12:11:01.679+0930][gc            ] GC(44) Pause Young (Normal) (G1 Evacuation Pause) 555M->159M(1024M) 18.897ms
[2019-06-03T12:11:01.679+0930][gc,cpu        ] GC(44) User=0.09s Sys=0.05s Real=0.02s
[2019-06-03T12:11:36.590+0930][gc,start      ] GC(45) Pause Young (Normal) (G1 Evacuation Pause)
[2019-06-03T12:11:36.590+0930][gc,task       ] GC(45) Using 8 workers of 8 for evacuation
[2019-06-03T12:11:36.607+0930][gc,phases     ] GC(45)   Pre Evacuate Collection Set: 0.0ms
[2019-06-03T12:11:36.607+0930][gc,phases     ] GC(45)   Evacuate Collection Set: 15.9ms
[2019-06-03T12:11:36.607+0930][gc,phases     ] GC(45)   Post Evacuate Collection Set: 1.3ms
[2019-06-03T12:11:36.608+0930][gc,phases     ] GC(45)   Other: 0.5ms
[2019-06-03T12:11:36.608+0930][gc,heap       ] GC(45) Eden regions: 395->0(397)
[2019-06-03T12:11:36.608+0930][gc,heap       ] GC(45) Survivor regions: 11->11(51)
[2019-06-03T12:11:36.608+0930][gc,heap       ] GC(45) Old regions: 22->23
[2019-06-03T12:11:36.608+0930][gc,heap       ] GC(45) Humongous regions: 129->129
[2019-06-03T12:11:36.608+0930][gc,metaspace  ] GC(45) Metaspace: 32889K->32889K(1079296K)
[2019-06-03T12:11:36.608+0930][gc            ] GC(45) Pause Young (Normal) (G1 Evacuation Pause) 554M->160M(1024M) 18.112ms
[2019-06-03T12:11:36.608+0930][gc,cpu        ] GC(45) User=0.12s Sys=0.00s Real=0.02s
[2019-06-03T12:12:07.847+0930][gc,start      ] GC(46) Pause Young (Normal) (G1 Evacuation Pause)
[2019-06-03T12:12:07.847+0930][gc,task       ] GC(46) Using 8 workers of 8 for evacuation
[2019-06-03T12:12:07.861+0930][gc,phases     ] GC(46)   Pre Evacuate Collection Set: 0.0ms
[2019-06-03T12:12:07.861+0930][gc,phases     ] GC(46)   Evacuate Collection Set: 13.1ms
[2019-06-03T12:12:07.861+0930][gc,phases     ] GC(46)   Post Evacuate Collection Set: 1.2ms
[2019-06-03T12:12:07.861+0930][gc,phases     ] GC(46)   Other: 0.5ms
[2019-06-03T12:12:07.862+0930][gc,heap       ] GC(46) Eden regions: 397->0(403)
[2019-06-03T12:12:07.862+0930][gc,heap       ] GC(46) Survivor regions: 11->11(51)
[2019-06-03T12:12:07.862+0930][gc,heap       ] GC(46) Old regions: 23->23
[2019-06-03T12:12:07.862+0930][gc,heap       ] GC(46) Humongous regions: 129->129
[2019-06-03T12:12:07.862+0930][gc,metaspace  ] GC(46) Metaspace: 32891K->32891K(1079296K)
[2019-06-03T12:12:07.862+0930][gc            ] GC(46) Pause Young (Normal) (G1 Evacuation Pause) 557M->161M(1024M) 15.105ms
[2019-06-03T12:12:07.862+0930][gc,cpu        ] GC(46) User=0.12s Sys=0.00s Real=0.02s
[2019-06-03T12:12:37.272+0930][gc,start      ] GC(47) Pause Young (Normal) (G1 Evacuation Pause)
[2019-06-03T12:12:37.272+0930][gc,task       ] GC(47) Using 8 workers of 8 for evacuation
[2019-06-03T12:12:37.291+0930][gc,phases     ] GC(47)   Pre Evacuate Collection Set: 0.1ms
[2019-06-03T12:12:37.291+0930][gc,phases     ] GC(47)   Evacuate Collection Set: 16.7ms
[2019-06-03T12:12:37.291+0930][gc,phases     ] GC(47)   Post Evacuate Collection Set: 1.2ms
[2019-06-03T12:12:37.291+0930][gc,phases     ] GC(47)   Other: 0.4ms
[2019-06-03T12:12:37.291+0930][gc,heap       ] GC(47) Eden regions: 403->0(409)
[2019-06-03T12:12:37.291+0930][gc,heap       ] GC(47) Survivor regions: 11->11(52)
[2019-06-03T12:12:37.291+0930][gc,heap       ] GC(47) Old regions: 23->24
[2019-06-03T12:12:37.291+0930][gc,heap       ] GC(47) Humongous regions: 129->129
[2019-06-03T12:12:37.291+0930][gc,metaspace  ] GC(47) Metaspace: 32891K->32891K(1079296K)
[2019-06-03T12:12:37.291+0930][gc            ] GC(47) Pause Young (Normal) (G1 Evacuation Pause) 564M->161M(1024M) 18.897ms
[2019-06-03T12:12:37.291+0930][gc,cpu        ] GC(47) User=0.08s Sys=0.00s Real=0.02s
[2019-06-03T12:13:11.978+0930][gc,start      ] GC(48) Pause Young (Normal) (G1 Evacuation Pause)
[2019-06-03T12:13:11.978+0930][gc,task       ] GC(48) Using 8 workers of 8 for evacuation
[2019-06-03T12:13:11.992+0930][gc,phases     ] GC(48)   Pre Evacuate Collection Set: 0.0ms
[2019-06-03T12:13:11.992+0930][gc,phases     ] GC(48)   Evacuate Collection Set: 12.8ms
[2019-06-03T12:13:11.992+0930][gc,phases     ] GC(48)   Post Evacuate Collection Set: 1.1ms
[2019-06-03T12:13:11.992+0930][gc,phases     ] GC(48)   Other: 0.4ms
[2019-06-03T12:13:11.992+0930][gc,heap       ] GC(48) Eden regions: 409->0(416)
[2019-06-03T12:13:11.992+0930][gc,heap       ] GC(48) Survivor regions: 11->11(53)
[2019-06-03T12:13:11.992+0930][gc,heap       ] GC(48) Old regions: 24->25
[2019-06-03T12:13:11.992+0930][gc,heap       ] GC(48) Humongous regions: 129->129
[2019-06-03T12:13:11.992+0930][gc,metaspace  ] GC(48) Metaspace: 32891K->32891K(1079296K)
[2019-06-03T12:13:11.992+0930][gc            ] GC(48) Pause Young (Normal) (G1 Evacuation Pause) 570M->162M(1024M) 14.623ms
[2019-06-03T12:13:11.992+0930][gc,cpu        ] GC(48) User=0.10s Sys=0.03s Real=0.02s
[2019-06-03T12:13:46.702+0930][gc,start      ] GC(49) Pause Young (Normal) (G1 Evacuation Pause)
[2019-06-03T12:13:46.702+0930][gc,task       ] GC(49) Using 8 workers of 8 for evacuation
[2019-06-03T12:13:46.718+0930][gc,phases     ] GC(49)   Pre Evacuate Collection Set: 0.0ms
[2019-06-03T12:13:46.718+0930][gc,phases     ] GC(49)   Evacuate Collection Set: 14.7ms
[2019-06-03T12:13:46.718+0930][gc,phases     ] GC(49)   Post Evacuate Collection Set: 1.1ms
[2019-06-03T12:13:46.718+0930][gc,phases     ] GC(49)   Other: 0.4ms
[2019-06-03T12:13:46.718+0930][gc,heap       ] GC(49) Eden regions: 416->0(420)
[2019-06-03T12:13:46.718+0930][gc,heap       ] GC(49) Survivor regions: 11->11(54)
[2019-06-03T12:13:46.718+0930][gc,heap       ] GC(49) Old regions: 25->25
[2019-06-03T12:13:46.718+0930][gc,heap       ] GC(49) Humongous regions: 129->129
[2019-06-03T12:13:46.718+0930][gc,metaspace  ] GC(49) Metaspace: 32898K->32898K(1079296K)
[2019-06-03T12:13:46.718+0930][gc            ] GC(49) Pause Young (Normal) (G1 Evacuation Pause) 578M->163M(1024M) 16.517ms
[2019-06-03T12:13:46.718+0930][gc,cpu        ] GC(49) User=0.12s Sys=0.00s Real=0.01s
[2019-06-03T12:14:20.475+0930][gc,start      ] GC(50) Pause Young (Normal) (G1 Evacuation Pause)
[2019-06-03T12:14:20.475+0930][gc,task       ] GC(50) Using 8 workers of 8 for evacuation
[2019-06-03T12:14:20.490+0930][gc,phases     ] GC(50)   Pre Evacuate Collection Set: 0.0ms
[2019-06-03T12:14:20.491+0930][gc,phases     ] GC(50)   Evacuate Collection Set: 14.0ms
[2019-06-03T12:14:20.491+0930][gc,phases     ] GC(50)   Post Evacuate Collection Set: 1.1ms
[2019-06-03T12:14:20.491+0930][gc,phases     ] GC(50)   Other: 0.4ms
[2019-06-03T12:14:20.491+0930][gc,heap       ] GC(50) Eden regions: 420->0(424)
[2019-06-03T12:14:20.491+0930][gc,heap       ] GC(50) Survivor regions: 11->12(54)
[2019-06-03T12:14:20.491+0930][gc,heap       ] GC(50) Old regions: 25->26
[2019-06-03T12:14:20.491+0930][gc,heap       ] GC(50) Humongous regions: 129->129
[2019-06-03T12:14:20.491+0930][gc,metaspace  ] GC(50) Metaspace: 32900K->32900K(1079296K)
[2019-06-03T12:14:20.491+0930][gc            ] GC(50) Pause Young (Normal) (G1 Evacuation Pause) 583M->164M(1024M) 15.902ms
[2019-06-03T12:14:20.491+0930][gc,cpu        ] GC(50) User=0.05s Sys=0.06s Real=0.01s
[2019-06-03T12:14:56.844+0930][gc,start      ] GC(51) Pause Young (Normal) (G1 Evacuation Pause)
[2019-06-03T12:14:56.844+0930][gc,task       ] GC(51) Using 8 workers of 8 for evacuation
[2019-06-03T12:14:56.865+0930][gc,mmu        ] GC(51) MMU target violated: 21.0ms (20.0ms/21.0ms)
[2019-06-03T12:14:56.865+0930][gc,phases     ] GC(51)   Pre Evacuate Collection Set: 0.0ms
[2019-06-03T12:14:56.865+0930][gc,phases     ] GC(51)   Evacuate Collection Set: 19.7ms
[2019-06-03T12:14:56.865+0930][gc,phases     ] GC(51)   Post Evacuate Collection Set: 1.2ms
[2019-06-03T12:14:56.865+0930][gc,phases     ] GC(51)   Other: 0.5ms
[2019-06-03T12:14:56.865+0930][gc,heap       ] GC(51) Eden regions: 424->0(420)
[2019-06-03T12:14:56.865+0930][gc,heap       ] GC(51) Survivor regions: 12->12(55)
[2019-06-03T12:14:56.865+0930][gc,heap       ] GC(51) Old regions: 26->27
[2019-06-03T12:14:56.865+0930][gc,heap       ] GC(51) Humongous regions: 129->129
[2019-06-03T12:14:56.865+0930][gc,metaspace  ] GC(51) Metaspace: 32917K->32917K(1079296K)
[2019-06-03T12:14:56.865+0930][gc            ] GC(51) Pause Young (Normal) (G1 Evacuation Pause) 588M->165M(1024M) 21.682ms
[2019-06-03T12:14:56.865+0930][gc,cpu        ] GC(51) User=0.20s Sys=0.05s Real=0.02s
[2019-06-03T12:15:27.176+0930][gc,start      ] GC(52) Pause Young (Normal) (G1 Evacuation Pause)
[2019-06-03T12:15:27.176+0930][gc,task       ] GC(52) Using 8 workers of 8 for evacuation
[2019-06-03T12:15:27.194+0930][gc,phases     ] GC(52)   Pre Evacuate Collection Set: 0.0ms
[2019-06-03T12:15:27.194+0930][gc,phases     ] GC(52)   Evacuate Collection Set: 16.5ms
[2019-06-03T12:15:27.194+0930][gc,phases     ] GC(52)   Post Evacuate Collection Set: 1.4ms
[2019-06-03T12:15:27.194+0930][gc,phases     ] GC(52)   Other: 0.5ms
[2019-06-03T12:15:27.194+0930][gc,heap       ] GC(52) Eden regions: 420->0(422)
[2019-06-03T12:15:27.195+0930][gc,heap       ] GC(52) Survivor regions: 12->12(54)
[2019-06-03T12:15:27.195+0930][gc,heap       ] GC(52) Old regions: 27->27
[2019-06-03T12:15:27.195+0930][gc,heap       ] GC(52) Humongous regions: 129->129
[2019-06-03T12:15:27.195+0930][gc,metaspace  ] GC(52) Metaspace: 32922K->32922K(1079296K)
[2019-06-03T12:15:27.195+0930][gc            ] GC(52) Pause Young (Normal) (G1 Evacuation Pause) 585M->165M(1024M) 18.744ms
[2019-06-03T12:15:27.195+0930][gc,cpu        ] GC(52) User=0.08s Sys=0.05s Real=0.02s
[2019-06-03T12:16:01.188+0930][gc,start      ] GC(53) Pause Young (Normal) (G1 Evacuation Pause)
[2019-06-03T12:16:01.189+0930][gc,task       ] GC(53) Using 8 workers of 8 for evacuation
[2019-06-03T12:16:01.211+0930][gc,mmu        ] GC(53) MMU target violated: 21.0ms (20.0ms/21.0ms)
[2019-06-03T12:16:01.211+0930][gc,phases     ] GC(53)   Pre Evacuate Collection Set: 0.0ms
[2019-06-03T12:16:01.211+0930][gc,phases     ] GC(53)   Evacuate Collection Set: 20.8ms
[2019-06-03T12:16:01.211+0930][gc,phases     ] GC(53)   Post Evacuate Collection Set: 1.4ms
[2019-06-03T12:16:01.211+0930][gc,phases     ] GC(53)   Other: 0.6ms
[2019-06-03T12:16:01.211+0930][gc,heap       ] GC(53) Eden regions: 422->0(416)
[2019-06-03T12:16:01.212+0930][gc,heap       ] GC(53) Survivor regions: 12->12(55)
[2019-06-03T12:16:01.212+0930][gc,heap       ] GC(53) Old regions: 27->28
[2019-06-03T12:16:01.212+0930][gc,heap       ] GC(53) Humongous regions: 129->129
[2019-06-03T12:16:01.212+0930][gc,metaspace  ] GC(53) Metaspace: 32952K->32952K(1079296K)
[2019-06-03T12:16:01.212+0930][gc            ] GC(53) Pause Young (Normal) (G1 Evacuation Pause) 587M->166M(1024M) 23.205ms
[2019-06-03T12:16:01.212+0930][gc,cpu        ] GC(53) User=0.22s Sys=0.03s Real=0.03s
[2019-06-03T12:16:35.032+0930][gc,start      ] GC(54) Pause Young (Normal) (G1 Evacuation Pause)
[2019-06-03T12:16:35.032+0930][gc,task       ] GC(54) Using 8 workers of 8 for evacuation
[2019-06-03T12:16:35.049+0930][gc,phases     ] GC(54)   Pre Evacuate Collection Set: 0.3ms
[2019-06-03T12:16:35.049+0930][gc,phases     ] GC(54)   Evacuate Collection Set: 15.5ms
[2019-06-03T12:16:35.049+0930][gc,phases     ] GC(54)   Post Evacuate Collection Set: 1.1ms
[2019-06-03T12:16:35.049+0930][gc,phases     ] GC(54)   Other: 0.5ms
[2019-06-03T12:16:35.049+0930][gc,heap       ] GC(54) Eden regions: 416->0(422)
[2019-06-03T12:16:35.049+0930][gc,heap       ] GC(54) Survivor regions: 12->12(54)
[2019-06-03T12:16:35.049+0930][gc,heap       ] GC(54) Old regions: 28->29
[2019-06-03T12:16:35.049+0930][gc,heap       ] GC(54) Humongous regions: 129->129
[2019-06-03T12:16:35.049+0930][gc,metaspace  ] GC(54) Metaspace: 32955K->32955K(1079296K)
[2019-06-03T12:16:35.049+0930][gc            ] GC(54) Pause Young (Normal) (G1 Evacuation Pause) 582M->167M(1024M) 17.792ms
[2019-06-03T12:16:35.050+0930][gc,cpu        ] GC(54) User=0.13s Sys=0.00s Real=0.01s
[2019-06-03T12:17:09.323+0930][gc,start      ] GC(55) Pause Young (Normal) (G1 Evacuation Pause)
[2019-06-03T12:17:09.323+0930][gc,task       ] GC(55) Using 8 workers of 8 for evacuation
[2019-06-03T12:17:09.340+0930][gc,phases     ] GC(55)   Pre Evacuate Collection Set: 0.0ms
[2019-06-03T12:17:09.340+0930][gc,phases     ] GC(55)   Evacuate Collection Set: 15.9ms
[2019-06-03T12:17:09.341+0930][gc,phases     ] GC(55)   Post Evacuate Collection Set: 1.2ms
[2019-06-03T12:17:09.341+0930][gc,phases     ] GC(55)   Other: 0.5ms
[2019-06-03T12:17:09.341+0930][gc,heap       ] GC(55) Eden regions: 422->0(432)
[2019-06-03T12:17:09.341+0930][gc,heap       ] GC(55) Survivor regions: 12->12(55)
[2019-06-03T12:17:09.341+0930][gc,heap       ] GC(55) Old regions: 29->30
[2019-06-03T12:17:09.341+0930][gc,heap       ] GC(55) Humongous regions: 129->129
[2019-06-03T12:17:09.341+0930][gc,metaspace  ] GC(55) Metaspace: 32964K->32964K(1079296K)
[2019-06-03T12:17:09.341+0930][gc            ] GC(55) Pause Young (Normal) (G1 Evacuation Pause) 589M->168M(1024M) 18.039ms
[2019-06-03T12:17:09.341+0930][gc,cpu        ] GC(55) User=0.13s Sys=0.00s Real=0.02s
[2019-06-03T12:17:47.184+0930][gc,start      ] GC(56) Pause Young (Normal) (G1 Evacuation Pause)
[2019-06-03T12:17:47.184+0930][gc,task       ] GC(56) Using 8 workers of 8 for evacuation
[2019-06-03T12:17:47.235+0930][gc,mmu        ] GC(56) MMU target violated: 21.0ms (20.0ms/21.0ms)
[2019-06-03T12:17:47.235+0930][gc,phases     ] GC(56)   Pre Evacuate Collection Set: 0.1ms
[2019-06-03T12:17:47.235+0930][gc,phases     ] GC(56)   Evacuate Collection Set: 48.0ms
[2019-06-03T12:17:47.235+0930][gc,phases     ] GC(56)   Post Evacuate Collection Set: 1.8ms
[2019-06-03T12:17:47.235+0930][gc,phases     ] GC(56)   Other: 0.7ms
[2019-06-03T12:17:47.235+0930][gc,heap       ] GC(56) Eden regions: 432->0(39)
[2019-06-03T12:17:47.235+0930][gc,heap       ] GC(56) Survivor regions: 12->12(56)
[2019-06-03T12:17:47.235+0930][gc,heap       ] GC(56) Old regions: 30->30
[2019-06-03T12:17:47.235+0930][gc,heap       ] GC(56) Humongous regions: 129->129
[2019-06-03T12:17:47.235+0930][gc,metaspace  ] GC(56) Metaspace: 32981K->32981K(1079296K)
[2019-06-03T12:17:47.235+0930][gc            ] GC(56) Pause Young (Normal) (G1 Evacuation Pause) 600M->169M(1024M) 50.989ms
[2019-06-03T12:17:47.235+0930][gc,cpu        ] GC(56) User=0.14s Sys=0.24s Real=0.05s
[2019-06-03T12:17:50.170+0930][gc,start      ] GC(57) Pause Young (Normal) (G1 Evacuation Pause)
[2019-06-03T12:17:50.170+0930][gc,task       ] GC(57) Using 8 workers of 8 for evacuation
[2019-06-03T12:17:50.218+0930][gc,mmu        ] GC(57) MMU target violated: 21.0ms (20.0ms/21.0ms)
[2019-06-03T12:17:50.219+0930][gc,phases     ] GC(57)   Pre Evacuate Collection Set: 0.1ms
[2019-06-03T12:17:50.219+0930][gc,phases     ] GC(57)   Evacuate Collection Set: 46.7ms
[2019-06-03T12:17:50.219+0930][gc,phases     ] GC(57)   Post Evacuate Collection Set: 1.2ms
[2019-06-03T12:17:50.219+0930][gc,phases     ] GC(57)   Other: 0.7ms
[2019-06-03T12:17:50.219+0930][gc,heap       ] GC(57) Eden regions: 39->0(48)
[2019-06-03T12:17:50.219+0930][gc,heap       ] GC(57) Survivor regions: 12->5(7)
[2019-06-03T12:17:50.219+0930][gc,heap       ] GC(57) Old regions: 30->38
[2019-06-03T12:17:50.219+0930][gc,heap       ] GC(57) Humongous regions: 129->129
[2019-06-03T12:17:50.219+0930][gc,metaspace  ] GC(57) Metaspace: 32981K->32981K(1079296K)
[2019-06-03T12:17:50.219+0930][gc            ] GC(57) Pause Young (Normal) (G1 Evacuation Pause) 208M->169M(1024M) 49.119ms
[2019-06-03T12:17:50.219+0930][gc,cpu        ] GC(57) User=0.19s Sys=0.19s Real=0.05s
[2019-06-03T12:17:55.522+0930][gc,start      ] GC(58) Pause Young (Normal) (G1 Evacuation Pause)
[2019-06-03T12:17:55.522+0930][gc,task       ] GC(58) Using 8 workers of 8 for evacuation
[2019-06-03T12:17:55.531+0930][gc,phases     ] GC(58)   Pre Evacuate Collection Set: 0.0ms
[2019-06-03T12:17:55.531+0930][gc,phases     ] GC(58)   Evacuate Collection Set: 7.8ms
[2019-06-03T12:17:55.531+0930][gc,phases     ] GC(58)   Post Evacuate Collection Set: 1.0ms
[2019-06-03T12:17:55.531+0930][gc,phases     ] GC(58)   Other: 0.5ms
[2019-06-03T12:17:55.531+0930][gc,heap       ] GC(58) Eden regions: 48->0(63)
[2019-06-03T12:17:55.531+0930][gc,heap       ] GC(58) Survivor regions: 5->4(7)
[2019-06-03T12:17:55.531+0930][gc,heap       ] GC(58) Old regions: 38->38
[2019-06-03T12:17:55.532+0930][gc,heap       ] GC(58) Humongous regions: 129->129
[2019-06-03T12:17:55.532+0930][gc,metaspace  ] GC(58) Metaspace: 32981K->32981K(1079296K)
[2019-06-03T12:17:55.532+0930][gc            ] GC(58) Pause Young (Normal) (G1 Evacuation Pause) 217M->169M(1024M) 9.798ms
[2019-06-03T12:17:55.532+0930][gc,cpu        ] GC(58) User=0.00s Sys=0.00s Real=0.01s
[2019-06-03T12:18:00.584+0930][gc,start      ] GC(59) Pause Young (Normal) (G1 Evacuation Pause)
[2019-06-03T12:18:00.584+0930][gc,task       ] GC(59) Using 8 workers of 8 for evacuation
[2019-06-03T12:18:00.590+0930][gc,phases     ] GC(59)   Pre Evacuate Collection Set: 0.0ms
[2019-06-03T12:18:00.590+0930][gc,phases     ] GC(59)   Evacuate Collection Set: 5.1ms
[2019-06-03T12:18:00.591+0930][gc,phases     ] GC(59)   Post Evacuate Collection Set: 0.8ms
[2019-06-03T12:18:00.591+0930][gc,phases     ] GC(59)   Other: 0.4ms
[2019-06-03T12:18:00.591+0930][gc,heap       ] GC(59) Eden regions: 63->0(74)
[2019-06-03T12:18:00.591+0930][gc,heap       ] GC(59) Survivor regions: 4->4(9)
[2019-06-03T12:18:00.591+0930][gc,heap       ] GC(59) Old regions: 38->38
[2019-06-03T12:18:00.591+0930][gc,heap       ] GC(59) Humongous regions: 129->129
[2019-06-03T12:18:00.591+0930][gc,metaspace  ] GC(59) Metaspace: 32981K->32981K(1079296K)
[2019-06-03T12:18:00.591+0930][gc            ] GC(59) Pause Young (Normal) (G1 Evacuation Pause) 232M->168M(1024M) 6.628ms
[2019-06-03T12:18:00.591+0930][gc,cpu        ] GC(59) User=0.00s Sys=0.00s Real=0.00s
[2019-06-03T12:18:06.722+0930][gc,start      ] GC(60) Pause Young (Normal) (G1 Evacuation Pause)
[2019-06-03T12:18:06.722+0930][gc,task       ] GC(60) Using 8 workers of 8 for evacuation
[2019-06-03T12:18:06.730+0930][gc,phases     ] GC(60)   Pre Evacuate Collection Set: 0.0ms
[2019-06-03T12:18:06.730+0930][gc,phases     ] GC(60)   Evacuate Collection Set: 6.6ms
[2019-06-03T12:18:06.730+0930][gc,phases     ] GC(60)   Post Evacuate Collection Set: 0.9ms
[2019-06-03T12:18:06.730+0930][gc,phases     ] GC(60)   Other: 0.4ms
[2019-06-03T12:18:06.730+0930][gc,heap       ] GC(60) Eden regions: 74->0(81)
[2019-06-03T12:18:06.730+0930][gc,heap       ] GC(60) Survivor regions: 4->4(10)
[2019-06-03T12:18:06.730+0930][gc,heap       ] GC(60) Old regions: 38->38
[2019-06-03T12:18:06.730+0930][gc,heap       ] GC(60) Humongous regions: 129->129
[2019-06-03T12:18:06.730+0930][gc,metaspace  ] GC(60) Metaspace: 32981K->32981K(1079296K)
[2019-06-03T12:18:06.731+0930][gc            ] GC(60) Pause Young (Normal) (G1 Evacuation Pause) 242M->169M(1024M) 8.315ms
[2019-06-03T12:18:06.731+0930][gc,cpu        ] GC(60) User=0.01s Sys=0.00s Real=0.00s
[2019-06-03T12:18:13.952+0930][gc,start      ] GC(61) Pause Young (Normal) (G1 Evacuation Pause)
[2019-06-03T12:18:13.952+0930][gc,task       ] GC(61) Using 8 workers of 8 for evacuation
[2019-06-03T12:18:13.965+0930][gc,phases     ] GC(61)   Pre Evacuate Collection Set: 0.1ms
[2019-06-03T12:18:13.965+0930][gc,phases     ] GC(61)   Evacuate Collection Set: 11.4ms
[2019-06-03T12:18:13.965+0930][gc,phases     ] GC(61)   Post Evacuate Collection Set: 1.0ms
[2019-06-03T12:18:13.965+0930][gc,phases     ] GC(61)   Other: 0.6ms
[2019-06-03T12:18:13.965+0930][gc,heap       ] GC(61) Eden regions: 80->0(85)
[2019-06-03T12:18:13.965+0930][gc,heap       ] GC(61) Survivor regions: 4->4(11)
[2019-06-03T12:18:13.965+0930][gc,heap       ] GC(61) Old regions: 38->38
[2019-06-03T12:18:13.965+0930][gc,heap       ] GC(61) Humongous regions: 129->129
[2019-06-03T12:18:13.965+0930][gc,metaspace  ] GC(61) Metaspace: 32981K->32981K(1079296K)
[2019-06-03T12:18:13.965+0930][gc            ] GC(61) Pause Young (Normal) (G1 Evacuation Pause) 249M->169M(1024M) 13.414ms
[2019-06-03T12:18:13.965+0930][gc,cpu        ] GC(61) User=0.08s Sys=0.00s Real=0.01s
[2019-06-03T12:18:20.633+0930][gc,start      ] GC(62) Pause Young (Normal) (G1 Evacuation Pause)
[2019-06-03T12:18:20.633+0930][gc,task       ] GC(62) Using 8 workers of 8 for evacuation
[2019-06-03T12:18:20.641+0930][gc,phases     ] GC(62)   Pre Evacuate Collection Set: 0.0ms
[2019-06-03T12:18:20.641+0930][gc,phases     ] GC(62)   Evacuate Collection Set: 6.3ms
[2019-06-03T12:18:20.641+0930][gc,phases     ] GC(62)   Post Evacuate Collection Set: 0.9ms
[2019-06-03T12:18:20.641+0930][gc,phases     ] GC(62)   Other: 0.4ms
[2019-06-03T12:18:20.641+0930][gc,heap       ] GC(62) Eden regions: 84->0(90)
[2019-06-03T12:18:20.641+0930][gc,heap       ] GC(62) Survivor regions: 4->5(11)
[2019-06-03T12:18:20.641+0930][gc,heap       ] GC(62) Old regions: 38->38
[2019-06-03T12:18:20.641+0930][gc,heap       ] GC(62) Humongous regions: 129->129
[2019-06-03T12:18:20.641+0930][gc,metaspace  ] GC(62) Metaspace: 32981K->32981K(1079296K)
[2019-06-03T12:18:20.641+0930][gc            ] GC(62) Pause Young (Normal) (G1 Evacuation Pause) 253M->169M(1024M) 8.037ms
[2019-06-03T12:18:20.641+0930][gc,cpu        ] GC(62) User=0.00s Sys=0.00s Real=0.01s
[2019-06-03T12:18:31.310+0930][gc,start      ] GC(63) Pause Young (Normal) (G1 Evacuation Pause)
[2019-06-03T12:18:31.310+0930][gc,task       ] GC(63) Using 8 workers of 8 for evacuation
[2019-06-03T12:18:31.322+0930][gc,phases     ] GC(63)   Pre Evacuate Collection Set: 0.0ms
[2019-06-03T12:18:31.322+0930][gc,phases     ] GC(63)   Evacuate Collection Set: 11.7ms
[2019-06-03T12:18:31.322+0930][gc,phases     ] GC(63)   Post Evacuate Collection Set: 0.5ms
[2019-06-03T12:18:31.322+0930][gc,phases     ] GC(63)   Other: 0.3ms
[2019-06-03T12:18:31.322+0930][gc,heap       ] GC(63) Eden regions: 89->0(95)
[2019-06-03T12:18:31.322+0930][gc,heap       ] GC(63) Survivor regions: 5->5(12)
[2019-06-03T12:18:31.322+0930][gc,heap       ] GC(63) Old regions: 38->38
[2019-06-03T12:18:31.322+0930][gc,heap       ] GC(63) Humongous regions: 129->129
[2019-06-03T12:18:31.322+0930][gc,metaspace  ] GC(63) Metaspace: 32981K->32981K(1079296K)
[2019-06-03T12:18:31.322+0930][gc            ] GC(63) Pause Young (Normal) (G1 Evacuation Pause) 258M->169M(1024M) 12.759ms
[2019-06-03T12:18:31.322+0930][gc,cpu        ] GC(63) User=0.00s Sys=0.00s Real=0.02s
[2019-06-03T12:18:38.027+0930][gc,start      ] GC(64) Pause Young (Normal) (G1 Evacuation Pause)
[2019-06-03T12:18:38.027+0930][gc,task       ] GC(64) Using 8 workers of 8 for evacuation
[2019-06-03T12:18:38.034+0930][gc,phases     ] GC(64)   Pre Evacuate Collection Set: 0.0ms
[2019-06-03T12:18:38.034+0930][gc,phases     ] GC(64)   Evacuate Collection Set: 5.8ms
[2019-06-03T12:18:38.034+0930][gc,phases     ] GC(64)   Post Evacuate Collection Set: 0.5ms
[2019-06-03T12:18:38.034+0930][gc,phases     ] GC(64)   Other: 0.3ms
[2019-06-03T12:18:38.034+0930][gc,heap       ] GC(64) Eden regions: 95->0(105)
[2019-06-03T12:18:38.034+0930][gc,heap       ] GC(64) Survivor regions: 5->5(13)
[2019-06-03T12:18:38.034+0930][gc,heap       ] GC(64) Old regions: 38->38
[2019-06-03T12:18:38.034+0930][gc,heap       ] GC(64) Humongous regions: 129->129
[2019-06-03T12:18:38.034+0930][gc,metaspace  ] GC(64) Metaspace: 32981K->32981K(1079296K)
[2019-06-03T12:18:38.034+0930][gc            ] GC(64) Pause Young (Normal) (G1 Evacuation Pause) 264M->169M(1024M) 6.828ms
[2019-06-03T12:18:38.034+0930][gc,cpu        ] GC(64) User=0.00s Sys=0.00s Real=0.01s
[2019-06-03T12:18:45.613+0930][gc,start      ] GC(65) Pause Young (Normal) (G1 Evacuation Pause)
[2019-06-03T12:18:45.613+0930][gc,task       ] GC(65) Using 8 workers of 8 for evacuation
[2019-06-03T12:18:45.623+0930][gc,phases     ] GC(65)   Pre Evacuate Collection Set: 0.0ms
[2019-06-03T12:18:45.623+0930][gc,phases     ] GC(65)   Evacuate Collection Set: 9.0ms
[2019-06-03T12:18:45.623+0930][gc,phases     ] GC(65)   Post Evacuate Collection Set: 0.7ms
[2019-06-03T12:18:45.623+0930][gc,phases     ] GC(65)   Other: 0.4ms
[2019-06-03T12:18:45.623+0930][gc,heap       ] GC(65) Eden regions: 105->0(115)
[2019-06-03T12:18:45.623+0930][gc,heap       ] GC(65) Survivor regions: 5->5(14)
[2019-06-03T12:18:45.623+0930][gc,heap       ] GC(65) Old regions: 38->38
[2019-06-03T12:18:45.623+0930][gc,heap       ] GC(65) Humongous regions: 129->129
[2019-06-03T12:18:45.623+0930][gc,metaspace  ] GC(65) Metaspace: 32981K->32981K(1079296K)
[2019-06-03T12:18:45.624+0930][gc            ] GC(65) Pause Young (Normal) (G1 Evacuation Pause) 274M->169M(1024M) 10.460ms
[2019-06-03T12:18:45.624+0930][gc,cpu        ] GC(65) User=0.00s Sys=0.00s Real=0.01s
[2019-06-03T12:18:55.476+0930][gc,start      ] GC(66) Pause Young (Normal) (G1 Evacuation Pause)
[2019-06-03T12:18:55.476+0930][gc,task       ] GC(66) Using 8 workers of 8 for evacuation
[2019-06-03T12:18:55.490+0930][gc,phases     ] GC(66)   Pre Evacuate Collection Set: 0.1ms
[2019-06-03T12:18:55.490+0930][gc,phases     ] GC(66)   Evacuate Collection Set: 12.9ms
[2019-06-03T12:18:55.490+0930][gc,phases     ] GC(66)   Post Evacuate Collection Set: 1.2ms
[2019-06-03T12:18:55.491+0930][gc,phases     ] GC(66)   Other: 0.7ms
[2019-06-03T12:18:55.491+0930][gc,heap       ] GC(66) Eden regions: 114->0(114)
[2019-06-03T12:18:55.491+0930][gc,heap       ] GC(66) Survivor regions: 5->5(15)
[2019-06-03T12:18:55.491+0930][gc,heap       ] GC(66) Old regions: 38->38
[2019-06-03T12:18:55.491+0930][gc,heap       ] GC(66) Humongous regions: 129->129
[2019-06-03T12:18:55.491+0930][gc,metaspace  ] GC(66) Metaspace: 32981K->32981K(1079296K)
[2019-06-03T12:18:55.491+0930][gc            ] GC(66) Pause Young (Normal) (G1 Evacuation Pause) 283M->170M(1024M) 15.283ms
[2019-06-03T12:18:55.491+0930][gc,cpu        ] GC(66) User=0.11s Sys=0.00s Real=0.02s
[2019-06-03T12:19:04.547+0930][gc,start      ] GC(67) Pause Young (Normal) (G1 Evacuation Pause)
[2019-06-03T12:19:04.547+0930][gc,task       ] GC(67) Using 8 workers of 8 for evacuation
[2019-06-03T12:19:04.556+0930][gc,phases     ] GC(67)   Pre Evacuate Collection Set: 0.0ms
[2019-06-03T12:19:04.556+0930][gc,phases     ] GC(67)   Evacuate Collection Set: 8.3ms
[2019-06-03T12:19:04.556+0930][gc,phases     ] GC(67)   Post Evacuate Collection Set: 0.8ms
[2019-06-03T12:19:04.556+0930][gc,phases     ] GC(67)   Other: 0.4ms
[2019-06-03T12:19:04.556+0930][gc,heap       ] GC(67) Eden regions: 114->0(122)
[2019-06-03T12:19:04.556+0930][gc,heap       ] GC(67) Survivor regions: 5->6(15)
[2019-06-03T12:19:04.556+0930][gc,heap       ] GC(67) Old regions: 38->38
[2019-06-03T12:19:04.556+0930][gc,heap       ] GC(67) Humongous regions: 129->129
[2019-06-03T12:19:04.556+0930][gc,metaspace  ] GC(67) Metaspace: 32982K->32982K(1079296K)
[2019-06-03T12:19:04.557+0930][gc            ] GC(67) Pause Young (Normal) (G1 Evacuation Pause) 284M->170M(1024M) 9.803ms
[2019-06-03T12:19:04.557+0930][gc,cpu        ] GC(67) User=0.11s Sys=0.02s Real=0.01s
[2019-06-03T12:19:13.742+0930][gc,start      ] GC(68) Pause Young (Normal) (G1 Evacuation Pause)
[2019-06-03T12:19:13.742+0930][gc,task       ] GC(68) Using 8 workers of 8 for evacuation
[2019-06-03T12:19:13.751+0930][gc,phases     ] GC(68)   Pre Evacuate Collection Set: 0.0ms
[2019-06-03T12:19:13.751+0930][gc,phases     ] GC(68)   Evacuate Collection Set: 8.2ms
[2019-06-03T12:19:13.751+0930][gc,phases     ] GC(68)   Post Evacuate Collection Set: 0.7ms
[2019-06-03T12:19:13.751+0930][gc,phases     ] GC(68)   Other: 0.3ms
[2019-06-03T12:19:13.751+0930][gc,heap       ] GC(68) Eden regions: 121->0(128)
[2019-06-03T12:19:13.751+0930][gc,heap       ] GC(68) Survivor regions: 6->5(16)
[2019-06-03T12:19:13.751+0930][gc,heap       ] GC(68) Old regions: 38->39
[2019-06-03T12:19:13.751+0930][gc,heap       ] GC(68) Humongous regions: 129->129
[2019-06-03T12:19:13.751+0930][gc,metaspace  ] GC(68) Metaspace: 32982K->32982K(1079296K)
[2019-06-03T12:19:13.751+0930][gc            ] GC(68) Pause Young (Normal) (G1 Evacuation Pause) 291M->171M(1024M) 9.500ms
[2019-06-03T12:19:13.751+0930][gc,cpu        ] GC(68) User=0.00s Sys=0.00s Real=0.01s
[2019-06-03T12:19:27.306+0930][gc,start      ] GC(69) Pause Young (Normal) (G1 Evacuation Pause)
[2019-06-03T12:19:27.306+0930][gc,task       ] GC(69) Using 8 workers of 8 for evacuation
[2019-06-03T12:19:27.319+0930][gc,phases     ] GC(69)   Pre Evacuate Collection Set: 0.0ms
[2019-06-03T12:19:27.319+0930][gc,phases     ] GC(69)   Evacuate Collection Set: 11.5ms
[2019-06-03T12:19:27.319+0930][gc,phases     ] GC(69)   Post Evacuate Collection Set: 1.2ms
[2019-06-03T12:19:27.319+0930][gc,phases     ] GC(69)   Other: 0.5ms
[2019-06-03T12:19:27.320+0930][gc,heap       ] GC(69) Eden regions: 128->0(132)
[2019-06-03T12:19:27.320+0930][gc,heap       ] GC(69) Survivor regions: 5->5(17)
[2019-06-03T12:19:27.320+0930][gc,heap       ] GC(69) Old regions: 39->40
[2019-06-03T12:19:27.320+0930][gc,heap       ] GC(69) Humongous regions: 129->129
[2019-06-03T12:19:27.320+0930][gc,metaspace  ] GC(69) Metaspace: 32982K->32982K(1079296K)
[2019-06-03T12:19:27.320+0930][gc            ] GC(69) Pause Young (Normal) (G1 Evacuation Pause) 299M->171M(1024M) 13.638ms
[2019-06-03T12:19:27.320+0930][gc,cpu        ] GC(69) User=0.09s Sys=0.00s Real=0.01s
[2019-06-03T12:19:41.910+0930][gc,start      ] GC(70) Pause Young (Normal) (G1 Evacuation Pause)
[2019-06-03T12:19:41.911+0930][gc,task       ] GC(70) Using 8 workers of 8 for evacuation
[2019-06-03T12:19:41.927+0930][gc,phases     ] GC(70)   Pre Evacuate Collection Set: 0.0ms
[2019-06-03T12:19:41.927+0930][gc,phases     ] GC(70)   Evacuate Collection Set: 14.6ms
[2019-06-03T12:19:41.927+0930][gc,phases     ] GC(70)   Post Evacuate Collection Set: 1.1ms
[2019-06-03T12:19:41.927+0930][gc,phases     ] GC(70)   Other: 0.6ms
[2019-06-03T12:19:41.927+0930][gc,heap       ] GC(70) Eden regions: 132->0(133)
[2019-06-03T12:19:41.927+0930][gc,heap       ] GC(70) Survivor regions: 5->4(18)
[2019-06-03T12:19:41.927+0930][gc,heap       ] GC(70) Old regions: 40->41
[2019-06-03T12:19:41.927+0930][gc,heap       ] GC(70) Humongous regions: 129->129
[2019-06-03T12:19:41.927+0930][gc,metaspace  ] GC(70) Metaspace: 32982K->32982K(1079296K)
[2019-06-03T12:19:41.927+0930][gc            ] GC(70) Pause Young (Normal) (G1 Evacuation Pause) 303M->171M(1024M) 16.836ms
[2019-06-03T12:19:41.927+0930][gc,cpu        ] GC(70) User=0.04s Sys=0.01s Real=0.02s
[2019-06-03T12:19:57.766+0930][gc,start      ] GC(71) Pause Young (Normal) (G1 Evacuation Pause)
[2019-06-03T12:19:57.766+0930][gc,task       ] GC(71) Using 8 workers of 8 for evacuation
[2019-06-03T12:19:57.782+0930][gc,phases     ] GC(71)   Pre Evacuate Collection Set: 0.0ms
[2019-06-03T12:19:57.782+0930][gc,phases     ] GC(71)   Evacuate Collection Set: 13.8ms
[2019-06-03T12:19:57.782+0930][gc,phases     ] GC(71)   Post Evacuate Collection Set: 1.2ms
[2019-06-03T12:19:57.782+0930][gc,phases     ] GC(71)   Other: 0.6ms
[2019-06-03T12:19:57.782+0930][gc,heap       ] GC(71) Eden regions: 133->0(137)
[2019-06-03T12:19:57.782+0930][gc,heap       ] GC(71) Survivor regions: 4->4(18)
[2019-06-03T12:19:57.782+0930][gc,heap       ] GC(71) Old regions: 41->41
[2019-06-03T12:19:57.782+0930][gc,heap       ] GC(71) Humongous regions: 129->129
[2019-06-03T12:19:57.782+0930][gc,metaspace  ] GC(71) Metaspace: 32983K->32983K(1079296K)
[2019-06-03T12:19:57.782+0930][gc            ] GC(71) Pause Young (Normal) (G1 Evacuation Pause) 304M->171M(1024M) 16.073ms
[2019-06-03T12:19:57.782+0930][gc,cpu        ] GC(71) User=0.08s Sys=0.03s Real=0.02s
[2019-06-03T12:20:13.982+0930][gc,start      ] GC(72) Pause Young (Normal) (G1 Evacuation Pause)
[2019-06-03T12:20:13.982+0930][gc,task       ] GC(72) Using 8 workers of 8 for evacuation
[2019-06-03T12:20:13.991+0930][gc,phases     ] GC(72)   Pre Evacuate Collection Set: 0.0ms
[2019-06-03T12:20:13.991+0930][gc,phases     ] GC(72)   Evacuate Collection Set: 7.7ms
[2019-06-03T12:20:13.991+0930][gc,phases     ] GC(72)   Post Evacuate Collection Set: 0.8ms
[2019-06-03T12:20:13.991+0930][gc,phases     ] GC(72)   Other: 0.4ms
[2019-06-03T12:20:13.991+0930][gc,heap       ] GC(72) Eden regions: 137->0(148)
[2019-06-03T12:20:13.991+0930][gc,heap       ] GC(72) Survivor regions: 4->4(18)
[2019-06-03T12:20:13.991+0930][gc,heap       ] GC(72) Old regions: 41->42
[2019-06-03T12:20:13.991+0930][gc,heap       ] GC(72) Humongous regions: 129->129
[2019-06-03T12:20:13.991+0930][gc,metaspace  ] GC(72) Metaspace: 32984K->32984K(1079296K)
[2019-06-03T12:20:13.991+0930][gc            ] GC(72) Pause Young (Normal) (G1 Evacuation Pause) 308M->171M(1024M) 9.186ms
[2019-06-03T12:20:13.991+0930][gc,cpu        ] GC(72) User=0.06s Sys=0.04s Real=0.01s
[2019-06-03T12:20:29.215+0930][gc,start      ] GC(73) Pause Young (Normal) (G1 Evacuation Pause)
[2019-06-03T12:20:29.215+0930][gc,task       ] GC(73) Using 8 workers of 8 for evacuation
[2019-06-03T12:20:29.220+0930][gc,phases     ] GC(73)   Pre Evacuate Collection Set: 0.0ms
[2019-06-03T12:20:29.220+0930][gc,phases     ] GC(73)   Evacuate Collection Set: 4.6ms
[2019-06-03T12:20:29.220+0930][gc,phases     ] GC(73)   Post Evacuate Collection Set: 0.6ms
[2019-06-03T12:20:29.220+0930][gc,phases     ] GC(73)   Other: 0.3ms
[2019-06-03T12:20:29.220+0930][gc,heap       ] GC(73) Eden regions: 148->0(163)
[2019-06-03T12:20:29.220+0930][gc,heap       ] GC(73) Survivor regions: 4->4(19)
[2019-06-03T12:20:29.220+0930][gc,heap       ] GC(73) Old regions: 42->42
[2019-06-03T12:20:29.221+0930][gc,heap       ] GC(73) Humongous regions: 129->129
[2019-06-03T12:20:29.221+0930][gc,metaspace  ] GC(73) Metaspace: 32984K->32984K(1079296K)
[2019-06-03T12:20:29.221+0930][gc            ] GC(73) Pause Young (Normal) (G1 Evacuation Pause) 319M->172M(1024M) 5.741ms
[2019-06-03T12:20:29.221+0930][gc,cpu        ] GC(73) User=0.00s Sys=0.00s Real=0.00s
[2019-06-03T12:20:42.652+0930][gc,start      ] GC(74) Pause Young (Normal) (G1 Evacuation Pause)
[2019-06-03T12:20:42.652+0930][gc,task       ] GC(74) Using 8 workers of 8 for evacuation
[2019-06-03T12:20:42.661+0930][gc,phases     ] GC(74)   Pre Evacuate Collection Set: 0.0ms
[2019-06-03T12:20:42.661+0930][gc,phases     ] GC(74)   Evacuate Collection Set: 8.0ms
[2019-06-03T12:20:42.661+0930][gc,phases     ] GC(74)   Post Evacuate Collection Set: 0.9ms
[2019-06-03T12:20:42.661+0930][gc,phases     ] GC(74)   Other: 0.4ms
[2019-06-03T12:20:42.661+0930][gc,heap       ] GC(74) Eden regions: 163->0(173)
[2019-06-03T12:20:42.661+0930][gc,heap       ] GC(74) Survivor regions: 4->4(21)
[2019-06-03T12:20:42.661+0930][gc,heap       ] GC(74) Old regions: 42->42
[2019-06-03T12:20:42.661+0930][gc,heap       ] GC(74) Humongous regions: 129->129
[2019-06-03T12:20:42.661+0930][gc,metaspace  ] GC(74) Metaspace: 32984K->32984K(1079296K)
[2019-06-03T12:20:42.661+0930][gc            ] GC(74) Pause Young (Normal) (G1 Evacuation Pause) 335M->172M(1024M) 9.525ms
[2019-06-03T12:20:42.661+0930][gc,cpu        ] GC(74) User=0.02s Sys=0.00s Real=0.01s
[2019-06-03T12:20:57.312+0930][gc,start      ] GC(75) Pause Young (Normal) (G1 Evacuation Pause)
[2019-06-03T12:20:57.312+0930][gc,task       ] GC(75) Using 8 workers of 8 for evacuation
[2019-06-03T12:20:57.326+0930][gc,phases     ] GC(75)   Pre Evacuate Collection Set: 0.6ms
[2019-06-03T12:20:57.326+0930][gc,phases     ] GC(75)   Evacuate Collection Set: 11.3ms
[2019-06-03T12:20:57.326+0930][gc,phases     ] GC(75)   Post Evacuate Collection Set: 1.4ms
[2019-06-03T12:20:57.326+0930][gc,phases     ] GC(75)   Other: 0.8ms
[2019-06-03T12:20:57.326+0930][gc,heap       ] GC(75) Eden regions: 172->0(169)
[2019-06-03T12:20:57.326+0930][gc,heap       ] GC(75) Survivor regions: 4->4(22)
[2019-06-03T12:20:57.326+0930][gc,heap       ] GC(75) Old regions: 42->42
[2019-06-03T12:20:57.327+0930][gc,heap       ] GC(75) Humongous regions: 129->129
[2019-06-03T12:20:57.327+0930][gc,metaspace  ] GC(75) Metaspace: 32989K->32989K(1079296K)
[2019-06-03T12:20:57.327+0930][gc            ] GC(75) Pause Young (Normal) (G1 Evacuation Pause) 344M->173M(1024M) 14.649ms
[2019-06-03T12:20:57.327+0930][gc,cpu        ] GC(75) User=0.11s Sys=0.02s Real=0.01s
[2019-06-03T12:21:14.473+0930][gc,start      ] GC(76) Pause Young (Normal) (G1 Evacuation Pause)
[2019-06-03T12:21:14.473+0930][gc,task       ] GC(76) Using 8 workers of 8 for evacuation
[2019-06-03T12:21:14.492+0930][gc,phases     ] GC(76)   Pre Evacuate Collection Set: 0.1ms
[2019-06-03T12:21:14.492+0930][gc,phases     ] GC(76)   Evacuate Collection Set: 17.5ms
[2019-06-03T12:21:14.492+0930][gc,phases     ] GC(76)   Post Evacuate Collection Set: 1.2ms
[2019-06-03T12:21:14.492+0930][gc,phases     ] GC(76)   Other: 0.8ms
[2019-06-03T12:21:14.492+0930][gc,heap       ] GC(76) Eden regions: 168->0(171)
[2019-06-03T12:21:14.492+0930][gc,heap       ] GC(76) Survivor regions: 4->5(22)
[2019-06-03T12:21:14.492+0930][gc,heap       ] GC(76) Old regions: 42->42
[2019-06-03T12:21:14.493+0930][gc,heap       ] GC(76) Humongous regions: 129->129
[2019-06-03T12:21:14.493+0930][gc,metaspace  ] GC(76) Metaspace: 32989K->32989K(1079296K)
[2019-06-03T12:21:14.493+0930][gc            ] GC(76) Pause Young (Normal) (G1 Evacuation Pause) 341M->173M(1024M) 19.960ms
[2019-06-03T12:21:14.493+0930][gc,cpu        ] GC(76) User=0.11s Sys=0.02s Real=0.02s
[2019-06-03T12:21:33.495+0930][gc,start      ] GC(77) Pause Young (Normal) (G1 Evacuation Pause)
[2019-06-03T12:21:33.495+0930][gc,task       ] GC(77) Using 8 workers of 8 for evacuation
[2019-06-03T12:21:33.505+0930][gc,phases     ] GC(77)   Pre Evacuate Collection Set: 0.0ms
[2019-06-03T12:21:33.505+0930][gc,phases     ] GC(77)   Evacuate Collection Set: 8.5ms
[2019-06-03T12:21:33.505+0930][gc,phases     ] GC(77)   Post Evacuate Collection Set: 1.1ms
[2019-06-03T12:21:33.505+0930][gc,phases     ] GC(77)   Other: 0.5ms
[2019-06-03T12:21:33.505+0930][gc,heap       ] GC(77) Eden regions: 171->0(175)
[2019-06-03T12:21:33.505+0930][gc,heap       ] GC(77) Survivor regions: 5->5(22)
[2019-06-03T12:21:33.505+0930][gc,heap       ] GC(77) Old regions: 42->42
[2019-06-03T12:21:33.505+0930][gc,heap       ] GC(77) Humongous regions: 129->129
[2019-06-03T12:21:33.505+0930][gc,metaspace  ] GC(77) Metaspace: 32991K->32991K(1079296K)
[2019-06-03T12:21:33.505+0930][gc            ] GC(77) Pause Young (Normal) (G1 Evacuation Pause) 344M->173M(1024M) 10.468ms
[2019-06-03T12:21:33.505+0930][gc,cpu        ] GC(77) User=0.01s Sys=0.11s Real=0.01s
[2019-06-03T12:21:49.233+0930][gc,start      ] GC(78) Pause Young (Normal) (G1 Evacuation Pause)
[2019-06-03T12:21:49.233+0930][gc,task       ] GC(78) Using 8 workers of 8 for evacuation
[2019-06-03T12:21:49.243+0930][gc,phases     ] GC(78)   Pre Evacuate Collection Set: 0.0ms
[2019-06-03T12:21:49.243+0930][gc,phases     ] GC(78)   Evacuate Collection Set: 8.5ms
[2019-06-03T12:21:49.243+0930][gc,phases     ] GC(78)   Post Evacuate Collection Set: 1.1ms
[2019-06-03T12:21:49.243+0930][gc,phases     ] GC(78)   Other: 0.5ms
[2019-06-03T12:21:49.243+0930][gc,heap       ] GC(78) Eden regions: 175->0(180)
[2019-06-03T12:21:49.243+0930][gc,heap       ] GC(78) Survivor regions: 5->5(23)
[2019-06-03T12:21:49.243+0930][gc,heap       ] GC(78) Old regions: 42->43
[2019-06-03T12:21:49.243+0930][gc,heap       ] GC(78) Humongous regions: 129->129
[2019-06-03T12:21:49.243+0930][gc,metaspace  ] GC(78) Metaspace: 32991K->32991K(1079296K)
[2019-06-03T12:21:49.244+0930][gc            ] GC(78) Pause Young (Normal) (G1 Evacuation Pause) 348M->174M(1024M) 10.511ms
[2019-06-03T12:21:49.244+0930][gc,cpu        ] GC(78) User=0.12s Sys=0.00s Real=0.01s
[2019-06-03T12:22:04.003+0930][gc,start      ] GC(79) Pause Young (Normal) (G1 Evacuation Pause)
[2019-06-03T12:22:04.003+0930][gc,task       ] GC(79) Using 8 workers of 8 for evacuation
[2019-06-03T12:22:04.011+0930][gc,phases     ] GC(79)   Pre Evacuate Collection Set: 0.1ms
[2019-06-03T12:22:04.012+0930][gc,phases     ] GC(79)   Evacuate Collection Set: 7.4ms
[2019-06-03T12:22:04.012+0930][gc,phases     ] GC(79)   Post Evacuate Collection Set: 0.8ms
[2019-06-03T12:22:04.012+0930][gc,phases     ] GC(79)   Other: 0.6ms
[2019-06-03T12:22:04.012+0930][gc,heap       ] GC(79) Eden regions: 180->0(186)
[2019-06-03T12:22:04.012+0930][gc,heap       ] GC(79) Survivor regions: 5->5(24)
[2019-06-03T12:22:04.012+0930][gc,heap       ] GC(79) Old regions: 43->43
[2019-06-03T12:22:04.012+0930][gc,heap       ] GC(79) Humongous regions: 129->129
[2019-06-03T12:22:04.012+0930][gc,metaspace  ] GC(79) Metaspace: 32991K->32991K(1079296K)
[2019-06-03T12:22:04.012+0930][gc            ] GC(79) Pause Young (Normal) (G1 Evacuation Pause) 354M->174M(1024M) 9.101ms
[2019-06-03T12:22:04.012+0930][gc,cpu        ] GC(79) User=0.11s Sys=0.00s Real=0.01s
[2019-06-03T12:22:20.665+0930][gc,start      ] GC(80) Pause Young (Normal) (G1 Evacuation Pause)
[2019-06-03T12:22:20.665+0930][gc,task       ] GC(80) Using 8 workers of 8 for evacuation
[2019-06-03T12:22:20.677+0930][gc,phases     ] GC(80)   Pre Evacuate Collection Set: 0.1ms
[2019-06-03T12:22:20.677+0930][gc,phases     ] GC(80)   Evacuate Collection Set: 10.2ms
[2019-06-03T12:22:20.677+0930][gc,phases     ] GC(80)   Post Evacuate Collection Set: 0.8ms
[2019-06-03T12:22:20.677+0930][gc,phases     ] GC(80)   Other: 0.4ms
[2019-06-03T12:22:20.677+0930][gc,heap       ] GC(80) Eden regions: 186->0(191)
[2019-06-03T12:22:20.677+0930][gc,heap       ] GC(80) Survivor regions: 5->5(24)
[2019-06-03T12:22:20.677+0930][gc,heap       ] GC(80) Old regions: 43->43
[2019-06-03T12:22:20.677+0930][gc,heap       ] GC(80) Humongous regions: 129->129
[2019-06-03T12:22:20.677+0930][gc,metaspace  ] GC(80) Metaspace: 32993K->32993K(1079296K)
[2019-06-03T12:22:20.677+0930][gc            ] GC(80) Pause Young (Normal) (G1 Evacuation Pause) 360M->175M(1024M) 11.861ms
[2019-06-03T12:22:20.677+0930][gc,cpu        ] GC(80) User=0.01s Sys=0.06s Real=0.01s
[2019-06-03T12:22:29.796+0930][gc,start      ] GC(81) Pause Young (Normal) (G1 Evacuation Pause)
[2019-06-03T12:22:29.796+0930][gc,task       ] GC(81) Using 8 workers of 8 for evacuation
[2019-06-03T12:22:29.806+0930][gc,phases     ] GC(81)   Pre Evacuate Collection Set: 0.0ms
[2019-06-03T12:22:29.806+0930][gc,phases     ] GC(81)   Evacuate Collection Set: 8.4ms
[2019-06-03T12:22:29.806+0930][gc,phases     ] GC(81)   Post Evacuate Collection Set: 1.1ms
[2019-06-03T12:22:29.806+0930][gc,phases     ] GC(81)   Other: 0.3ms
[2019-06-03T12:22:29.806+0930][gc,heap       ] GC(81) Eden regions: 191->0(197)
[2019-06-03T12:22:29.806+0930][gc,heap       ] GC(81) Survivor regions: 5->6(25)
[2019-06-03T12:22:29.806+0930][gc,heap       ] GC(81) Old regions: 43->43
[2019-06-03T12:22:29.806+0930][gc,heap       ] GC(81) Humongous regions: 129->129
[2019-06-03T12:22:29.806+0930][gc,metaspace  ] GC(81) Metaspace: 32993K->32993K(1079296K)
[2019-06-03T12:22:29.806+0930][gc            ] GC(81) Pause Young (Normal) (G1 Evacuation Pause) 366M->175M(1024M) 9.986ms
[2019-06-03T12:22:29.806+0930][gc,cpu        ] GC(81) User=0.11s Sys=0.00s Real=0.01s
[2019-06-03T12:22:45.799+0930][gc,start      ] GC(82) Pause Young (Normal) (G1 Evacuation Pause)
[2019-06-03T12:22:45.800+0930][gc,task       ] GC(82) Using 8 workers of 8 for evacuation
[2019-06-03T12:22:45.808+0930][gc,phases     ] GC(82)   Pre Evacuate Collection Set: 0.0ms
[2019-06-03T12:22:45.808+0930][gc,phases     ] GC(82)   Evacuate Collection Set: 7.1ms
[2019-06-03T12:22:45.808+0930][gc,phases     ] GC(82)   Post Evacuate Collection Set: 0.6ms
[2019-06-03T12:22:45.808+0930][gc,phases     ] GC(82)   Other: 0.3ms
[2019-06-03T12:22:45.808+0930][gc,heap       ] GC(82) Eden regions: 197->0(203)
[2019-06-03T12:22:45.808+0930][gc,heap       ] GC(82) Survivor regions: 6->6(26)
[2019-06-03T12:22:45.808+0930][gc,heap       ] GC(82) Old regions: 43->43
[2019-06-03T12:22:45.808+0930][gc,heap       ] GC(82) Humongous regions: 129->129
[2019-06-03T12:22:45.808+0930][gc,metaspace  ] GC(82) Metaspace: 32993K->32993K(1079296K)
[2019-06-03T12:22:45.808+0930][gc            ] GC(82) Pause Young (Normal) (G1 Evacuation Pause) 372M->176M(1024M) 8.271ms
[2019-06-03T12:22:45.808+0930][gc,cpu        ] GC(82) User=0.12s Sys=0.00s Real=0.01s
[2019-06-03T12:22:56.257+0930][gc,start      ] GC(83) Pause Young (Normal) (G1 Evacuation Pause)
[2019-06-03T12:22:56.257+0930][gc,task       ] GC(83) Using 8 workers of 8 for evacuation
[2019-06-03T12:22:56.278+0930][gc,mmu        ] GC(83) MMU target violated: 21.0ms (20.0ms/21.0ms)
[2019-06-03T12:22:56.279+0930][gc,phases     ] GC(83)   Pre Evacuate Collection Set: 0.1ms
[2019-06-03T12:22:56.279+0930][gc,phases     ] GC(83)   Evacuate Collection Set: 19.0ms
[2019-06-03T12:22:56.279+0930][gc,phases     ] GC(83)   Post Evacuate Collection Set: 1.4ms
[2019-06-03T12:22:56.279+0930][gc,phases     ] GC(83)   Other: 1.3ms
[2019-06-03T12:22:56.279+0930][gc,heap       ] GC(83) Eden regions: 203->0(199)
[2019-06-03T12:22:56.279+0930][gc,heap       ] GC(83) Survivor regions: 6->6(27)
[2019-06-03T12:22:56.279+0930][gc,heap       ] GC(83) Old regions: 43->44
[2019-06-03T12:22:56.279+0930][gc,heap       ] GC(83) Humongous regions: 129->129
[2019-06-03T12:22:56.279+0930][gc,metaspace  ] GC(83) Metaspace: 32993K->32993K(1079296K)
[2019-06-03T12:22:56.279+0930][gc            ] GC(83) Pause Young (Normal) (G1 Evacuation Pause) 379M->176M(1024M) 22.110ms
[2019-06-03T12:22:56.279+0930][gc,cpu        ] GC(83) User=0.06s Sys=0.03s Real=0.02s
[2019-06-03T12:23:15.301+0930][gc,start      ] GC(84) Pause Young (Normal) (G1 Evacuation Pause)
[2019-06-03T12:23:15.302+0930][gc,task       ] GC(84) Using 8 workers of 8 for evacuation
[2019-06-03T12:23:15.318+0930][gc,phases     ] GC(84)   Pre Evacuate Collection Set: 0.1ms
[2019-06-03T12:23:15.318+0930][gc,phases     ] GC(84)   Evacuate Collection Set: 14.3ms
[2019-06-03T12:23:15.318+0930][gc,phases     ] GC(84)   Post Evacuate Collection Set: 1.4ms
[2019-06-03T12:23:15.318+0930][gc,phases     ] GC(84)   Other: 0.7ms
[2019-06-03T12:23:15.318+0930][gc,heap       ] GC(84) Eden regions: 199->0(199)
[2019-06-03T12:23:15.318+0930][gc,heap       ] GC(84) Survivor regions: 6->6(26)
[2019-06-03T12:23:15.318+0930][gc,heap       ] GC(84) Old regions: 44->44
[2019-06-03T12:23:15.318+0930][gc,heap       ] GC(84) Humongous regions: 129->129
[2019-06-03T12:23:15.318+0930][gc,metaspace  ] GC(84) Metaspace: 32993K->32993K(1079296K)
[2019-06-03T12:23:15.318+0930][gc            ] GC(84) Pause Young (Normal) (G1 Evacuation Pause) 375M->176M(1024M) 16.848ms
[2019-06-03T12:23:15.318+0930][gc,cpu        ] GC(84) User=0.01s Sys=0.00s Real=0.01s
[2019-06-03T12:23:32.362+0930][gc,start      ] GC(85) Pause Young (Normal) (G1 Evacuation Pause)
[2019-06-03T12:23:32.362+0930][gc,task       ] GC(85) Using 8 workers of 8 for evacuation
[2019-06-03T12:23:32.372+0930][gc,phases     ] GC(85)   Pre Evacuate Collection Set: 0.0ms
[2019-06-03T12:23:32.372+0930][gc,phases     ] GC(85)   Evacuate Collection Set: 8.8ms
[2019-06-03T12:23:32.372+0930][gc,phases     ] GC(85)   Post Evacuate Collection Set: 0.9ms
[2019-06-03T12:23:32.372+0930][gc,phases     ] GC(85)   Other: 0.4ms
[2019-06-03T12:23:32.372+0930][gc,heap       ] GC(85) Eden regions: 199->0(205)
[2019-06-03T12:23:32.372+0930][gc,heap       ] GC(85) Survivor regions: 6->6(26)
[2019-06-03T12:23:32.372+0930][gc,heap       ] GC(85) Old regions: 44->44
[2019-06-03T12:23:32.372+0930][gc,heap       ] GC(85) Humongous regions: 129->129
[2019-06-03T12:23:32.372+0930][gc,metaspace  ] GC(85) Metaspace: 32993K->32993K(1079296K)
[2019-06-03T12:23:32.372+0930][gc            ] GC(85) Pause Young (Normal) (G1 Evacuation Pause) 375M->177M(1024M) 10.374ms
[2019-06-03T12:23:32.372+0930][gc,cpu        ] GC(85) User=0.11s Sys=0.02s Real=0.01s
[2019-06-03T12:23:50.109+0930][gc,start      ] GC(86) Pause Young (Normal) (G1 Evacuation Pause)
[2019-06-03T12:23:50.110+0930][gc,task       ] GC(86) Using 8 workers of 8 for evacuation
[2019-06-03T12:23:50.132+0930][gc,mmu        ] GC(86) MMU target violated: 21.0ms (20.0ms/21.0ms)
[2019-06-03T12:23:50.132+0930][gc,phases     ] GC(86)   Pre Evacuate Collection Set: 0.0ms
[2019-06-03T12:23:50.132+0930][gc,phases     ] GC(86)   Evacuate Collection Set: 21.4ms
[2019-06-03T12:23:50.132+0930][gc,phases     ] GC(86)   Post Evacuate Collection Set: 0.9ms
[2019-06-03T12:23:50.132+0930][gc,phases     ] GC(86)   Other: 0.5ms
[2019-06-03T12:23:50.132+0930][gc,heap       ] GC(86) Eden regions: 205->0(211)
[2019-06-03T12:23:50.132+0930][gc,heap       ] GC(86) Survivor regions: 6->6(27)
[2019-06-03T12:23:50.132+0930][gc,heap       ] GC(86) Old regions: 44->45
[2019-06-03T12:23:50.132+0930][gc,heap       ] GC(86) Humongous regions: 129->129
[2019-06-03T12:23:50.133+0930][gc,metaspace  ] GC(86) Metaspace: 32993K->32993K(1079296K)
[2019-06-03T12:23:50.133+0930][gc            ] GC(86) Pause Young (Normal) (G1 Evacuation Pause) 382M->177M(1024M) 23.077ms
[2019-06-03T12:23:50.133+0930][gc,cpu        ] GC(86) User=0.12s Sys=0.00s Real=0.03s
[2019-06-03T12:24:09.603+0930][gc,start      ] GC(87) Pause Young (Normal) (G1 Evacuation Pause)
[2019-06-03T12:24:09.603+0930][gc,task       ] GC(87) Using 8 workers of 8 for evacuation
[2019-06-03T12:24:09.616+0930][gc,phases     ] GC(87)   Pre Evacuate Collection Set: 0.0ms
[2019-06-03T12:24:09.616+0930][gc,phases     ] GC(87)   Evacuate Collection Set: 11.3ms
[2019-06-03T12:24:09.616+0930][gc,phases     ] GC(87)   Post Evacuate Collection Set: 1.1ms
[2019-06-03T12:24:09.616+0930][gc,phases     ] GC(87)   Other: 0.5ms
[2019-06-03T12:24:09.616+0930][gc,heap       ] GC(87) Eden regions: 211->0(214)
[2019-06-03T12:24:09.616+0930][gc,heap       ] GC(87) Survivor regions: 6->6(28)
[2019-06-03T12:24:09.616+0930][gc,heap       ] GC(87) Old regions: 45->45
