[2019-06-03T11:25:01.074+0930][gc,heap] Heap region size: 1M
[2019-06-03T11:25:01.128+0930][gc     ] Using G1
[2019-06-03T11:25:01.128+0930][gc,heap,coops] Heap address: 0x00000000c0000000, size: 1024 MB, Compressed Oops mode: 32-bit
[2019-06-03T11:25:01.129+0930][gc,cds       ] Mark closed archive regions in map: [0x00000000fff00000, 0x00000000fff69ff8]
[2019-06-03T11:25:01.130+0930][gc,cds       ] Mark open archive regions in map: [0x00000000ffe00000, 0x00000000ffe34ff8]
[2019-06-03T11:25:04.067+0930][gc,start     ] GC(0) Pause Young (Normal) (G1 Evacuation Pause)
[2019-06-03T11:25:04.071+0930][gc,task      ] GC(0) Using 8 workers of 8 for evacuation
[2019-06-03T11:25:04.109+0930][gc,mmu       ] GC(0) MMU target violated: 21.0ms (20.0ms/21.0ms)
[2019-06-03T11:25:04.109+0930][gc,phases    ] GC(0)   Pre Evacuate Collection Set: 0.1ms
[2019-06-03T11:25:04.109+0930][gc,phases    ] GC(0)   Evacuate Collection Set: 32.3ms
[2019-06-03T11:25:04.109+0930][gc,phases    ] GC(0)   Post Evacuate Collection Set: 1.0ms
[2019-06-03T11:25:04.109+0930][gc,phases    ] GC(0)   Other: 8.6ms
[2019-06-03T11:25:04.109+0930][gc,heap      ] GC(0) Eden regions: 51->0(45)
[2019-06-03T11:25:04.109+0930][gc,heap      ] GC(0) Survivor regions: 0->6(7)
[2019-06-03T11:25:04.109+0930][gc,heap      ] GC(0) Old regions: 2->2
[2019-06-03T11:25:04.109+0930][gc,heap      ] GC(0) Humongous regions: 0->0
[2019-06-03T11:25:04.109+0930][gc,metaspace ] GC(0) Metaspace: 16775K->16775K(1064960K)
[2019-06-03T11:25:04.109+0930][gc           ] GC(0) Pause Young (Normal) (G1 Evacuation Pause) 51M->6M(1024M) 42.099ms
[2019-06-03T11:25:04.109+0930][gc,cpu       ] GC(0) User=0.11s Sys=0.09s Real=0.04s
[2019-06-03T11:25:05.143+0930][gc,start     ] GC(1) Pause Young (Concurrent Start) (Metadata GC Threshold)
[2019-06-03T11:25:05.143+0930][gc,task      ] GC(1) Using 8 workers of 8 for evacuation
[2019-06-03T11:25:05.187+0930][gc,mmu       ] GC(1) MMU target violated: 21.0ms (20.0ms/21.0ms)
[2019-06-03T11:25:05.188+0930][gc,phases    ] GC(1)   Pre Evacuate Collection Set: 0.1ms
[2019-06-03T11:25:05.188+0930][gc,phases    ] GC(1)   Evacuate Collection Set: 41.7ms
[2019-06-03T11:25:05.188+0930][gc,phases    ] GC(1)   Post Evacuate Collection Set: 2.2ms
[2019-06-03T11:25:05.188+0930][gc,phases    ] GC(1)   Other: 1.1ms
[2019-06-03T11:25:05.188+0930][gc,heap      ] GC(1) Eden regions: 16->0(49)
[2019-06-03T11:25:05.188+0930][gc,heap      ] GC(1) Survivor regions: 6->2(7)
[2019-06-03T11:25:05.188+0930][gc,heap      ] GC(1) Old regions: 2->8
[2019-06-03T11:25:05.188+0930][gc,heap      ] GC(1) Humongous regions: 129->129
[2019-06-03T11:25:05.188+0930][gc,metaspace ] GC(1) Metaspace: 20528K->20528K(1067008K)
[2019-06-03T11:25:05.188+0930][gc           ] GC(1) Pause Young (Concurrent Start) (Metadata GC Threshold) 151M->137M(1024M) 45.846ms
[2019-06-03T11:25:05.189+0930][gc,cpu       ] GC(1) User=0.07s Sys=0.09s Real=0.04s
[2019-06-03T11:25:05.189+0930][gc           ] GC(2) Concurrent Cycle
[2019-06-03T11:25:05.189+0930][gc,marking   ] GC(2) Concurrent Clear Claimed Marks
[2019-06-03T11:25:05.189+0930][gc,marking   ] GC(2) Concurrent Clear Claimed Marks 0.219ms
[2019-06-03T11:25:05.189+0930][gc,marking   ] GC(2) Concurrent Scan Root Regions
[2019-06-03T11:25:05.193+0930][gc,marking   ] GC(2) Concurrent Scan Root Regions 3.421ms
[2019-06-03T11:25:05.193+0930][gc,marking   ] GC(2) Concurrent Mark (4.148s)
[2019-06-03T11:25:05.193+0930][gc,marking   ] GC(2) Concurrent Mark From Roots
[2019-06-03T11:25:05.193+0930][gc,task      ] GC(2) Using 2 workers of 2 for marking
[2019-06-03T11:25:05.210+0930][gc,marking   ] GC(2) Concurrent Mark From Roots 17.338ms
[2019-06-03T11:25:05.210+0930][gc,marking   ] GC(2) Concurrent Preclean
[2019-06-03T11:25:05.211+0930][gc,marking   ] GC(2) Concurrent Preclean 0.594ms
[2019-06-03T11:25:05.211+0930][gc,marking   ] GC(2) Concurrent Mark (4.148s, 4.166s) 18.138ms
[2019-06-03T11:25:05.211+0930][gc,start     ] GC(2) Pause Remark
[2019-06-03T11:25:05.216+0930][gc,stringtable] GC(2) Cleaned string and symbol table, strings: 4840 processed, 0 removed, symbols: 50313 processed, 44 removed
[2019-06-03T11:25:05.217+0930][gc            ] GC(2) Pause Remark 138M->138M(1024M) 5.893ms
[2019-06-03T11:25:05.217+0930][gc,cpu        ] GC(2) User=0.00s Sys=0.00s Real=0.01s
[2019-06-03T11:25:05.217+0930][gc,marking    ] GC(2) Concurrent Rebuild Remembered Sets
[2019-06-03T11:25:05.229+0930][gc,marking    ] GC(2) Concurrent Rebuild Remembered Sets 11.615ms
[2019-06-03T11:25:05.229+0930][gc,start      ] GC(2) Pause Cleanup
[2019-06-03T11:25:05.230+0930][gc            ] GC(2) Pause Cleanup 138M->138M(1024M) 0.613ms
[2019-06-03T11:25:05.230+0930][gc,cpu        ] GC(2) User=0.00s Sys=0.00s Real=0.00s
[2019-06-03T11:25:05.230+0930][gc,marking    ] GC(2) Concurrent Cleanup for Next Mark
[2019-06-03T11:25:05.276+0930][gc,marking    ] GC(2) Concurrent Cleanup for Next Mark 46.145ms
[2019-06-03T11:25:05.276+0930][gc            ] GC(2) Concurrent Cycle 87.614ms
[2019-06-03T11:25:07.095+0930][gc,start      ] GC(3) Pause Young (Normal) (G1 Evacuation Pause)
[2019-06-03T11:25:07.095+0930][gc,task       ] GC(3) Using 8 workers of 8 for evacuation
[2019-06-03T11:25:07.104+0930][gc,phases     ] GC(3)   Pre Evacuate Collection Set: 0.0ms
[2019-06-03T11:25:07.105+0930][gc,phases     ] GC(3)   Evacuate Collection Set: 7.8ms
[2019-06-03T11:25:07.105+0930][gc,phases     ] GC(3)   Post Evacuate Collection Set: 1.7ms
[2019-06-03T11:25:07.105+0930][gc,phases     ] GC(3)   Other: 0.4ms
[2019-06-03T11:25:07.105+0930][gc,heap       ] GC(3) Eden regions: 49->0(45)
[2019-06-03T11:25:07.105+0930][gc,heap       ] GC(3) Survivor regions: 2->6(7)
[2019-06-03T11:25:07.105+0930][gc,heap       ] GC(3) Old regions: 8->8
[2019-06-03T11:25:07.105+0930][gc,heap       ] GC(3) Humongous regions: 129->129
[2019-06-03T11:25:07.105+0930][gc,metaspace  ] GC(3) Metaspace: 29698K->29698K(1075200K)
[2019-06-03T11:25:07.105+0930][gc            ] GC(3) Pause Young (Normal) (G1 Evacuation Pause) 186M->140M(1024M) 10.181ms
[2019-06-03T11:25:07.105+0930][gc,cpu        ] GC(3) User=0.11s Sys=0.00s Real=0.01s
[2019-06-03T11:25:40.951+0930][gc,start      ] GC(4) Pause Young (Normal) (G1 Evacuation Pause)
[2019-06-03T11:25:40.951+0930][gc,task       ] GC(4) Using 8 workers of 8 for evacuation
[2019-06-03T11:25:40.971+0930][gc,phases     ] GC(4)   Pre Evacuate Collection Set: 0.3ms
[2019-06-03T11:25:40.971+0930][gc,phases     ] GC(4)   Evacuate Collection Set: 18.2ms
[2019-06-03T11:25:40.971+0930][gc,phases     ] GC(4)   Post Evacuate Collection Set: 0.8ms
[2019-06-03T11:25:40.971+0930][gc,phases     ] GC(4)   Other: 0.3ms
[2019-06-03T11:25:40.971+0930][gc,heap       ] GC(4) Eden regions: 45->0(48)
[2019-06-03T11:25:40.971+0930][gc,heap       ] GC(4) Survivor regions: 6->3(7)
[2019-06-03T11:25:40.971+0930][gc,heap       ] GC(4) Old regions: 8->13
[2019-06-03T11:25:40.971+0930][gc,heap       ] GC(4) Humongous regions: 129->129
[2019-06-03T11:25:40.971+0930][gc,metaspace  ] GC(4) Metaspace: 32385K->32385K(1079296K)
[2019-06-03T11:25:40.971+0930][gc            ] GC(4) Pause Young (Normal) (G1 Evacuation Pause) 185M->142M(1024M) 19.946ms
[2019-06-03T11:25:40.971+0930][gc,cpu        ] GC(4) User=0.11s Sys=0.00s Real=0.02s
[2019-06-03T11:25:45.862+0930][gc,start      ] GC(5) Pause Young (Normal) (G1 Evacuation Pause)
[2019-06-03T11:25:45.862+0930][gc,task       ] GC(5) Using 8 workers of 8 for evacuation
[2019-06-03T11:25:45.868+0930][gc,phases     ] GC(5)   Pre Evacuate Collection Set: 0.0ms
[2019-06-03T11:25:45.868+0930][gc,phases     ] GC(5)   Evacuate Collection Set: 4.7ms
[2019-06-03T11:25:45.868+0930][gc,phases     ] GC(5)   Post Evacuate Collection Set: 1.0ms
[2019-06-03T11:25:45.868+0930][gc,phases     ] GC(5)   Other: 0.5ms
[2019-06-03T11:25:45.868+0930][gc,heap       ] GC(5) Eden regions: 48->0(48)
[2019-06-03T11:25:45.868+0930][gc,heap       ] GC(5) Survivor regions: 3->3(7)
[2019-06-03T11:25:45.868+0930][gc,heap       ] GC(5) Old regions: 13->13
[2019-06-03T11:25:45.868+0930][gc,heap       ] GC(5) Humongous regions: 129->129
[2019-06-03T11:25:45.868+0930][gc,metaspace  ] GC(5) Metaspace: 32397K->32397K(1079296K)
[2019-06-03T11:25:45.868+0930][gc            ] GC(5) Pause Young (Normal) (G1 Evacuation Pause) 190M->142M(1024M) 6.619ms
[2019-06-03T11:25:45.868+0930][gc,cpu        ] GC(5) User=0.13s Sys=0.00s Real=0.00s
[2019-06-03T11:25:49.203+0930][gc,start      ] GC(6) Pause Young (Normal) (G1 Evacuation Pause)
[2019-06-03T11:25:49.203+0930][gc,task       ] GC(6) Using 8 workers of 8 for evacuation
[2019-06-03T11:25:49.208+0930][gc,phases     ] GC(6)   Pre Evacuate Collection Set: 0.0ms
[2019-06-03T11:25:49.208+0930][gc,phases     ] GC(6)   Evacuate Collection Set: 4.2ms
[2019-06-03T11:25:49.208+0930][gc,phases     ] GC(6)   Post Evacuate Collection Set: 0.8ms
[2019-06-03T11:25:49.208+0930][gc,phases     ] GC(6)   Other: 0.3ms
[2019-06-03T11:25:49.208+0930][gc,heap       ] GC(6) Eden regions: 48->0(48)
[2019-06-03T11:25:49.208+0930][gc,heap       ] GC(6) Survivor regions: 3->3(7)
[2019-06-03T11:25:49.208+0930][gc,heap       ] GC(6) Old regions: 13->13
[2019-06-03T11:25:49.208+0930][gc,heap       ] GC(6) Humongous regions: 129->129
[2019-06-03T11:25:49.209+0930][gc,metaspace  ] GC(6) Metaspace: 32405K->32405K(1079296K)
[2019-06-03T11:25:49.209+0930][gc            ] GC(6) Pause Young (Normal) (G1 Evacuation Pause) 190M->142M(1024M) 5.547ms
[2019-06-03T11:25:49.209+0930][gc,cpu        ] GC(6) User=0.00s Sys=0.00s Real=0.00s
[2019-06-03T11:25:52.715+0930][gc,start      ] GC(7) Pause Young (Normal) (G1 Evacuation Pause)
[2019-06-03T11:25:52.715+0930][gc,task       ] GC(7) Using 8 workers of 8 for evacuation
[2019-06-03T11:25:52.720+0930][gc,phases     ] GC(7)   Pre Evacuate Collection Set: 0.0ms
[2019-06-03T11:25:52.720+0930][gc,phases     ] GC(7)   Evacuate Collection Set: 3.7ms
[2019-06-03T11:25:52.720+0930][gc,phases     ] GC(7)   Post Evacuate Collection Set: 1.0ms
[2019-06-03T11:25:52.720+0930][gc,phases     ] GC(7)   Other: 0.4ms
[2019-06-03T11:25:52.720+0930][gc,heap       ] GC(7) Eden regions: 48->0(48)
[2019-06-03T11:25:52.720+0930][gc,heap       ] GC(7) Survivor regions: 3->3(7)
[2019-06-03T11:25:52.720+0930][gc,heap       ] GC(7) Old regions: 13->13
[2019-06-03T11:25:52.720+0930][gc,heap       ] GC(7) Humongous regions: 129->129
[2019-06-03T11:25:52.720+0930][gc,metaspace  ] GC(7) Metaspace: 32416K->32416K(1079296K)
[2019-06-03T11:25:52.721+0930][gc            ] GC(7) Pause Young (Normal) (G1 Evacuation Pause) 190M->142M(1024M) 5.540ms
[2019-06-03T11:25:52.721+0930][gc,cpu        ] GC(7) User=0.00s Sys=0.00s Real=0.00s
[2019-06-03T11:25:57.270+0930][gc,start      ] GC(8) Pause Young (Normal) (G1 Evacuation Pause)
[2019-06-03T11:25:57.270+0930][gc,task       ] GC(8) Using 8 workers of 8 for evacuation
[2019-06-03T11:25:57.275+0930][gc,phases     ] GC(8)   Pre Evacuate Collection Set: 0.0ms
[2019-06-03T11:25:57.275+0930][gc,phases     ] GC(8)   Evacuate Collection Set: 3.9ms
[2019-06-03T11:25:57.275+0930][gc,phases     ] GC(8)   Post Evacuate Collection Set: 1.0ms
[2019-06-03T11:25:57.275+0930][gc,phases     ] GC(8)   Other: 0.4ms
[2019-06-03T11:25:57.276+0930][gc,heap       ] GC(8) Eden regions: 48->0(48)
[2019-06-03T11:25:57.276+0930][gc,heap       ] GC(8) Survivor regions: 3->3(7)
[2019-06-03T11:25:57.276+0930][gc,heap       ] GC(8) Old regions: 13->13
[2019-06-03T11:25:57.276+0930][gc,heap       ] GC(8) Humongous regions: 129->129
[2019-06-03T11:25:57.276+0930][gc,metaspace  ] GC(8) Metaspace: 32416K->32416K(1079296K)
[2019-06-03T11:25:57.276+0930][gc            ] GC(8) Pause Young (Normal) (G1 Evacuation Pause) 190M->142M(1024M) 5.737ms
[2019-06-03T11:25:57.276+0930][gc,cpu        ] GC(8) User=0.00s Sys=0.02s Real=0.01s
[2019-06-03T11:26:02.098+0930][gc,start      ] GC(9) Pause Young (Normal) (G1 Evacuation Pause)
[2019-06-03T11:26:02.098+0930][gc,task       ] GC(9) Using 8 workers of 8 for evacuation
[2019-06-03T11:26:02.103+0930][gc,phases     ] GC(9)   Pre Evacuate Collection Set: 0.0ms
[2019-06-03T11:26:02.103+0930][gc,phases     ] GC(9)   Evacuate Collection Set: 3.9ms
[2019-06-03T11:26:02.103+0930][gc,phases     ] GC(9)   Post Evacuate Collection Set: 0.9ms
[2019-06-03T11:26:02.103+0930][gc,phases     ] GC(9)   Other: 0.4ms
[2019-06-03T11:26:02.103+0930][gc,heap       ] GC(9) Eden regions: 48->0(58)
[2019-06-03T11:26:02.104+0930][gc,heap       ] GC(9) Survivor regions: 3->3(7)
[2019-06-03T11:26:02.104+0930][gc,heap       ] GC(9) Old regions: 13->13
[2019-06-03T11:26:02.104+0930][gc,heap       ] GC(9) Humongous regions: 129->129
[2019-06-03T11:26:02.104+0930][gc,metaspace  ] GC(9) Metaspace: 32431K->32431K(1079296K)
[2019-06-03T11:26:02.104+0930][gc            ] GC(9) Pause Young (Normal) (G1 Evacuation Pause) 190M->142M(1024M) 5.575ms
[2019-06-03T11:26:02.104+0930][gc,cpu        ] GC(9) User=0.00s Sys=0.00s Real=0.01s
[2019-06-03T11:26:06.478+0930][gc,start      ] GC(10) Pause Young (Normal) (G1 Evacuation Pause)
[2019-06-03T11:26:06.478+0930][gc,task       ] GC(10) Using 8 workers of 8 for evacuation
[2019-06-03T11:26:06.485+0930][gc,phases     ] GC(10)   Pre Evacuate Collection Set: 0.0ms
[2019-06-03T11:26:06.485+0930][gc,phases     ] GC(10)   Evacuate Collection Set: 6.4ms
[2019-06-03T11:26:06.486+0930][gc,phases     ] GC(10)   Post Evacuate Collection Set: 0.8ms
[2019-06-03T11:26:06.486+0930][gc,phases     ] GC(10)   Other: 0.3ms
[2019-06-03T11:26:06.486+0930][gc,heap       ] GC(10) Eden regions: 58->0(67)
[2019-06-03T11:26:06.486+0930][gc,heap       ] GC(10) Survivor regions: 3->3(8)
[2019-06-03T11:26:06.486+0930][gc,heap       ] GC(10) Old regions: 13->13
[2019-06-03T11:26:06.486+0930][gc,heap       ] GC(10) Humongous regions: 129->129
[2019-06-03T11:26:06.486+0930][gc,metaspace  ] GC(10) Metaspace: 32447K->32447K(1079296K)
[2019-06-03T11:26:06.486+0930][gc            ] GC(10) Pause Young (Normal) (G1 Evacuation Pause) 200M->142M(1024M) 7.813ms
[2019-06-03T11:26:06.486+0930][gc,cpu        ] GC(10) User=0.00s Sys=0.00s Real=0.01s
[2019-06-03T11:26:11.314+0930][gc,start      ] GC(11) Pause Young (Normal) (G1 Evacuation Pause)
[2019-06-03T11:26:11.315+0930][gc,task       ] GC(11) Using 8 workers of 8 for evacuation
[2019-06-03T11:26:11.330+0930][gc,phases     ] GC(11)   Pre Evacuate Collection Set: 0.0ms
[2019-06-03T11:26:11.330+0930][gc,phases     ] GC(11)   Evacuate Collection Set: 13.2ms
[2019-06-03T11:26:11.330+0930][gc,phases     ] GC(11)   Post Evacuate Collection Set: 1.3ms
[2019-06-03T11:26:11.330+0930][gc,phases     ] GC(11)   Other: 0.6ms
[2019-06-03T11:26:11.330+0930][gc,heap       ] GC(11) Eden regions: 67->0(70)
[2019-06-03T11:26:11.330+0930][gc,heap       ] GC(11) Survivor regions: 3->3(9)
[2019-06-03T11:26:11.330+0930][gc,heap       ] GC(11) Old regions: 13->13
[2019-06-03T11:26:11.330+0930][gc,heap       ] GC(11) Humongous regions: 129->129
[2019-06-03T11:26:11.330+0930][gc,metaspace  ] GC(11) Metaspace: 32473K->32473K(1079296K)
[2019-06-03T11:26:11.330+0930][gc            ] GC(11) Pause Young (Normal) (G1 Evacuation Pause) 209M->142M(1024M) 15.916ms
[2019-06-03T11:26:11.331+0930][gc,cpu        ] GC(11) User=0.02s Sys=0.08s Real=0.01s
[2019-06-03T11:26:16.467+0930][gc,start      ] GC(12) Pause Young (Normal) (G1 Evacuation Pause)
[2019-06-03T11:26:16.467+0930][gc,task       ] GC(12) Using 8 workers of 8 for evacuation
[2019-06-03T11:26:16.473+0930][gc,phases     ] GC(12)   Pre Evacuate Collection Set: 0.0ms
[2019-06-03T11:26:16.473+0930][gc,phases     ] GC(12)   Evacuate Collection Set: 5.6ms
[2019-06-03T11:26:16.473+0930][gc,phases     ] GC(12)   Post Evacuate Collection Set: 0.6ms
[2019-06-03T11:26:16.473+0930][gc,phases     ] GC(12)   Other: 0.2ms
[2019-06-03T11:26:16.473+0930][gc,heap       ] GC(12) Eden regions: 70->0(78)
[2019-06-03T11:26:16.473+0930][gc,heap       ] GC(12) Survivor regions: 3->3(10)
[2019-06-03T11:26:16.473+0930][gc,heap       ] GC(12) Old regions: 13->13
[2019-06-03T11:26:16.473+0930][gc,heap       ] GC(12) Humongous regions: 129->129
[2019-06-03T11:26:16.473+0930][gc,metaspace  ] GC(12) Metaspace: 32473K->32473K(1079296K)
[2019-06-03T11:26:16.473+0930][gc            ] GC(12) Pause Young (Normal) (G1 Evacuation Pause) 212M->142M(1024M) 6.594ms
[2019-06-03T11:26:16.473+0930][gc,cpu        ] GC(12) User=0.07s Sys=0.04s Real=0.01s
[2019-06-03T11:26:19.264+0930][gc,start      ] GC(13) Pause Young (Normal) (G1 Evacuation Pause)
[2019-06-03T11:26:19.265+0930][gc,task       ] GC(13) Using 8 workers of 8 for evacuation
[2019-06-03T11:26:19.275+0930][gc,phases     ] GC(13)   Pre Evacuate Collection Set: 0.0ms
[2019-06-03T11:26:19.275+0930][gc,phases     ] GC(13)   Evacuate Collection Set: 9.3ms
[2019-06-03T11:26:19.275+0930][gc,phases     ] GC(13)   Post Evacuate Collection Set: 0.9ms
[2019-06-03T11:26:19.275+0930][gc,phases     ] GC(13)   Other: 0.5ms
[2019-06-03T11:26:19.275+0930][gc,heap       ] GC(13) Eden regions: 78->0(89)
[2019-06-03T11:26:19.275+0930][gc,heap       ] GC(13) Survivor regions: 3->3(11)
[2019-06-03T11:26:19.275+0930][gc,heap       ] GC(13) Old regions: 13->13
[2019-06-03T11:26:19.275+0930][gc,heap       ] GC(13) Humongous regions: 129->129
[2019-06-03T11:26:19.275+0930][gc,metaspace  ] GC(13) Metaspace: 32473K->32473K(1079296K)
[2019-06-03T11:26:19.275+0930][gc            ] GC(13) Pause Young (Normal) (G1 Evacuation Pause) 220M->142M(1024M) 10.872ms
[2019-06-03T11:26:19.275+0930][gc,cpu        ] GC(13) User=0.05s Sys=0.06s Real=0.01s
[2019-06-03T11:26:23.109+0930][gc,start      ] GC(14) Pause Young (Normal) (G1 Evacuation Pause)
[2019-06-03T11:26:23.109+0930][gc,task       ] GC(14) Using 8 workers of 8 for evacuation
[2019-06-03T11:26:23.124+0930][gc,phases     ] GC(14)   Pre Evacuate Collection Set: 0.1ms
[2019-06-03T11:26:23.124+0930][gc,phases     ] GC(14)   Evacuate Collection Set: 13.0ms
[2019-06-03T11:26:23.124+0930][gc,phases     ] GC(14)   Post Evacuate Collection Set: 1.2ms
[2019-06-03T11:26:23.124+0930][gc,phases     ] GC(14)   Other: 0.5ms
[2019-06-03T11:26:23.124+0930][gc,heap       ] GC(14) Eden regions: 89->0(96)
[2019-06-03T11:26:23.124+0930][gc,heap       ] GC(14) Survivor regions: 3->3(12)
[2019-06-03T11:26:23.124+0930][gc,heap       ] GC(14) Old regions: 13->13
[2019-06-03T11:26:23.124+0930][gc,heap       ] GC(14) Humongous regions: 129->129
[2019-06-03T11:26:23.124+0930][gc,metaspace  ] GC(14) Metaspace: 32477K->32477K(1079296K)
[2019-06-03T11:26:23.124+0930][gc            ] GC(14) Pause Young (Normal) (G1 Evacuation Pause) 231M->142M(1024M) 15.256ms
[2019-06-03T11:26:23.124+0930][gc,cpu        ] GC(14) User=0.00s Sys=0.00s Real=0.02s
[2019-06-03T11:26:30.860+0930][gc,start      ] GC(15) Pause Young (Normal) (G1 Evacuation Pause)
[2019-06-03T11:26:30.860+0930][gc,task       ] GC(15) Using 8 workers of 8 for evacuation
[2019-06-03T11:26:30.868+0930][gc,phases     ] GC(15)   Pre Evacuate Collection Set: 0.0ms
[2019-06-03T11:26:30.869+0930][gc,phases     ] GC(15)   Evacuate Collection Set: 7.5ms
[2019-06-03T11:26:30.869+0930][gc,phases     ] GC(15)   Post Evacuate Collection Set: 0.8ms
[2019-06-03T11:26:30.869+0930][gc,phases     ] GC(15)   Other: 0.4ms
[2019-06-03T11:26:30.869+0930][gc,heap       ] GC(15) Eden regions: 96->0(106)
[2019-06-03T11:26:30.869+0930][gc,heap       ] GC(15) Survivor regions: 3->3(13)
[2019-06-03T11:26:30.869+0930][gc,heap       ] GC(15) Old regions: 13->13
[2019-06-03T11:26:30.869+0930][gc,heap       ] GC(15) Humongous regions: 129->129
[2019-06-03T11:26:30.869+0930][gc,metaspace  ] GC(15) Metaspace: 32481K->32481K(1079296K)
[2019-06-03T11:26:30.869+0930][gc            ] GC(15) Pause Young (Normal) (G1 Evacuation Pause) 238M->142M(1024M) 9.017ms
[2019-06-03T11:26:30.869+0930][gc,cpu        ] GC(15) User=0.01s Sys=0.11s Real=0.01s
[2019-06-03T11:26:39.816+0930][gc,start      ] GC(16) Pause Young (Normal) (G1 Evacuation Pause)
[2019-06-03T11:26:39.816+0930][gc,task       ] GC(16) Using 8 workers of 8 for evacuation
[2019-06-03T11:26:39.826+0930][gc,phases     ] GC(16)   Pre Evacuate Collection Set: 0.0ms
[2019-06-03T11:26:39.826+0930][gc,phases     ] GC(16)   Evacuate Collection Set: 8.3ms
[2019-06-03T11:26:39.826+0930][gc,phases     ] GC(16)   Post Evacuate Collection Set: 1.0ms
[2019-06-03T11:26:39.826+0930][gc,phases     ] GC(16)   Other: 0.4ms
[2019-06-03T11:26:39.826+0930][gc,heap       ] GC(16) Eden regions: 106->0(117)
[2019-06-03T11:26:39.826+0930][gc,heap       ] GC(16) Survivor regions: 3->3(14)
[2019-06-03T11:26:39.826+0930][gc,heap       ] GC(16) Old regions: 13->13
[2019-06-03T11:26:39.826+0930][gc,heap       ] GC(16) Humongous regions: 129->129
[2019-06-03T11:26:39.826+0930][gc,metaspace  ] GC(16) Metaspace: 32508K->32508K(1079296K)
[2019-06-03T11:26:39.826+0930][gc            ] GC(16) Pause Young (Normal) (G1 Evacuation Pause) 248M->142M(1024M) 10.084ms
[2019-06-03T11:26:39.826+0930][gc,cpu        ] GC(16) User=0.04s Sys=0.08s Real=0.01s
[2019-06-03T11:26:50.774+0930][gc,start      ] GC(17) Pause Young (Normal) (G1 Evacuation Pause)
[2019-06-03T11:26:50.774+0930][gc,task       ] GC(17) Using 8 workers of 8 for evacuation
[2019-06-03T11:26:50.787+0930][gc,phases     ] GC(17)   Pre Evacuate Collection Set: 0.2ms
[2019-06-03T11:26:50.787+0930][gc,phases     ] GC(17)   Evacuate Collection Set: 11.7ms
[2019-06-03T11:26:50.787+0930][gc,phases     ] GC(17)   Post Evacuate Collection Set: 0.9ms
[2019-06-03T11:26:50.787+0930][gc,phases     ] GC(17)   Other: 0.4ms
[2019-06-03T11:26:50.787+0930][gc,heap       ] GC(17) Eden regions: 117->0(130)
[2019-06-03T11:26:50.787+0930][gc,heap       ] GC(17) Survivor regions: 3->3(15)
[2019-06-03T11:26:50.787+0930][gc,heap       ] GC(17) Old regions: 13->13
[2019-06-03T11:26:50.787+0930][gc,heap       ] GC(17) Humongous regions: 129->129
[2019-06-03T11:26:50.787+0930][gc,metaspace  ] GC(17) Metaspace: 32510K->32510K(1079296K)
[2019-06-03T11:26:50.787+0930][gc            ] GC(17) Pause Young (Normal) (G1 Evacuation Pause) 259M->142M(1024M) 13.437ms
[2019-06-03T11:26:50.787+0930][gc,cpu        ] GC(17) User=0.00s Sys=0.00s Real=0.01s
[2019-06-03T11:27:02.470+0930][gc,start      ] GC(18) Pause Young (Normal) (G1 Evacuation Pause)
[2019-06-03T11:27:02.471+0930][gc,task       ] GC(18) Using 8 workers of 8 for evacuation
[2019-06-03T11:27:02.479+0930][gc,phases     ] GC(18)   Pre Evacuate Collection Set: 0.3ms
[2019-06-03T11:27:02.479+0930][gc,phases     ] GC(18)   Evacuate Collection Set: 7.2ms
[2019-06-03T11:27:02.479+0930][gc,phases     ] GC(18)   Post Evacuate Collection Set: 0.6ms
[2019-06-03T11:27:02.479+0930][gc,phases     ] GC(18)   Other: 0.5ms
[2019-06-03T11:27:02.479+0930][gc,heap       ] GC(18) Eden regions: 130->0(147)
[2019-06-03T11:27:02.479+0930][gc,heap       ] GC(18) Survivor regions: 3->3(17)
[2019-06-03T11:27:02.479+0930][gc,heap       ] GC(18) Old regions: 13->13
[2019-06-03T11:27:02.479+0930][gc,heap       ] GC(18) Humongous regions: 129->129
[2019-06-03T11:27:02.479+0930][gc,metaspace  ] GC(18) Metaspace: 32514K->32514K(1079296K)
[2019-06-03T11:27:02.479+0930][gc            ] GC(18) Pause Young (Normal) (G1 Evacuation Pause) 272M->142M(1024M) 8.853ms
[2019-06-03T11:27:02.479+0930][gc,cpu        ] GC(18) User=0.04s Sys=0.08s Real=0.01s
[2019-06-03T11:27:12.881+0930][gc,start      ] GC(19) Pause Young (Normal) (G1 Evacuation Pause)
[2019-06-03T11:27:12.881+0930][gc,task       ] GC(19) Using 8 workers of 8 for evacuation
[2019-06-03T11:27:12.895+0930][gc,phases     ] GC(19)   Pre Evacuate Collection Set: 0.1ms
[2019-06-03T11:27:12.895+0930][gc,phases     ] GC(19)   Evacuate Collection Set: 13.0ms
[2019-06-03T11:27:12.895+0930][gc,phases     ] GC(19)   Post Evacuate Collection Set: 1.0ms
[2019-06-03T11:27:12.895+0930][gc,phases     ] GC(19)   Other: 0.5ms
[2019-06-03T11:27:12.895+0930][gc,heap       ] GC(19) Eden regions: 147->0(162)
[2019-06-03T11:27:12.896+0930][gc,heap       ] GC(19) Survivor regions: 3->2(19)
[2019-06-03T11:27:12.896+0930][gc,heap       ] GC(19) Old regions: 13->14
[2019-06-03T11:27:12.896+0930][gc,heap       ] GC(19) Humongous regions: 129->129
[2019-06-03T11:27:12.896+0930][gc,metaspace  ] GC(19) Metaspace: 32536K->32536K(1079296K)
[2019-06-03T11:27:12.896+0930][gc            ] GC(19) Pause Young (Normal) (G1 Evacuation Pause) 289M->142M(1024M) 14.881ms
[2019-06-03T11:27:12.896+0930][gc,cpu        ] GC(19) User=0.01s Sys=0.00s Real=0.02s
[2019-06-03T11:27:25.377+0930][gc,start      ] GC(20) Pause Young (Normal) (G1 Evacuation Pause)
[2019-06-03T11:27:25.377+0930][gc,task       ] GC(20) Using 8 workers of 8 for evacuation
[2019-06-03T11:27:25.389+0930][gc,phases     ] GC(20)   Pre Evacuate Collection Set: 0.1ms
[2019-06-03T11:27:25.389+0930][gc,phases     ] GC(20)   Evacuate Collection Set: 9.9ms
[2019-06-03T11:27:25.389+0930][gc,phases     ] GC(20)   Post Evacuate Collection Set: 1.3ms
[2019-06-03T11:27:25.389+0930][gc,phases     ] GC(20)   Other: 0.6ms
[2019-06-03T11:27:25.389+0930][gc,heap       ] GC(20) Eden regions: 162->0(168)
[2019-06-03T11:27:25.389+0930][gc,heap       ] GC(20) Survivor regions: 2->2(21)
[2019-06-03T11:27:25.390+0930][gc,heap       ] GC(20) Old regions: 14->14
[2019-06-03T11:27:25.390+0930][gc,heap       ] GC(20) Humongous regions: 129->129
[2019-06-03T11:27:25.390+0930][gc,metaspace  ] GC(20) Metaspace: 32539K->32539K(1079296K)
[2019-06-03T11:27:25.390+0930][gc            ] GC(20) Pause Young (Normal) (G1 Evacuation Pause) 304M->142M(1024M) 12.645ms
[2019-06-03T11:27:25.390+0930][gc,cpu        ] GC(20) User=0.03s Sys=0.08s Real=0.01s
[2019-06-03T11:27:37.649+0930][gc,start      ] GC(21) Pause Young (Normal) (G1 Evacuation Pause)
[2019-06-03T11:27:37.649+0930][gc,task       ] GC(21) Using 8 workers of 8 for evacuation
[2019-06-03T11:27:37.656+0930][gc,phases     ] GC(21)   Pre Evacuate Collection Set: 0.1ms
[2019-06-03T11:27:37.656+0930][gc,phases     ] GC(21)   Evacuate Collection Set: 6.3ms
[2019-06-03T11:27:37.656+0930][gc,phases     ] GC(21)   Post Evacuate Collection Set: 0.6ms
[2019-06-03T11:27:37.656+0930][gc,phases     ] GC(21)   Other: 0.4ms
[2019-06-03T11:27:37.656+0930][gc,heap       ] GC(21) Eden regions: 168->0(173)
[2019-06-03T11:27:37.656+0930][gc,heap       ] GC(21) Survivor regions: 2->2(22)
[2019-06-03T11:27:37.656+0930][gc,heap       ] GC(21) Old regions: 14->15
[2019-06-03T11:27:37.656+0930][gc,heap       ] GC(21) Humongous regions: 129->129
[2019-06-03T11:27:37.656+0930][gc,metaspace  ] GC(21) Metaspace: 32545K->32545K(1079296K)
[2019-06-03T11:27:37.656+0930][gc            ] GC(21) Pause Young (Normal) (G1 Evacuation Pause) 310M->143M(1024M) 7.591ms
[2019-06-03T11:27:37.656+0930][gc,cpu        ] GC(21) User=0.00s Sys=0.00s Real=0.01s
[2019-06-03T11:27:48.831+0930][gc,start      ] GC(22) Pause Young (Normal) (G1 Evacuation Pause)
[2019-06-03T11:27:48.831+0930][gc,task       ] GC(22) Using 8 workers of 8 for evacuation
[2019-06-03T11:27:48.837+0930][gc,phases     ] GC(22)   Pre Evacuate Collection Set: 0.0ms
[2019-06-03T11:27:48.837+0930][gc,phases     ] GC(22)   Evacuate Collection Set: 5.3ms
[2019-06-03T11:27:48.837+0930][gc,phases     ] GC(22)   Post Evacuate Collection Set: 0.6ms
[2019-06-03T11:27:48.837+0930][gc,phases     ] GC(22)   Other: 0.3ms
[2019-06-03T11:27:48.837+0930][gc,heap       ] GC(22) Eden regions: 173->0(175)
[2019-06-03T11:27:48.837+0930][gc,heap       ] GC(22) Survivor regions: 2->2(22)
[2019-06-03T11:27:48.837+0930][gc,heap       ] GC(22) Old regions: 15->15
[2019-06-03T11:27:48.837+0930][gc,heap       ] GC(22) Humongous regions: 129->129
[2019-06-03T11:27:48.837+0930][gc,metaspace  ] GC(22) Metaspace: 32555K->32555K(1079296K)
[2019-06-03T11:27:48.837+0930][gc            ] GC(22) Pause Young (Normal) (G1 Evacuation Pause) 316M->143M(1024M) 6.265ms
[2019-06-03T11:27:48.837+0930][gc,cpu        ] GC(22) User=0.05s Sys=0.06s Real=0.01s
[2019-06-03T11:28:00.588+0930][gc,start      ] GC(23) Pause Young (Normal) (G1 Evacuation Pause)
[2019-06-03T11:28:00.588+0930][gc,task       ] GC(23) Using 8 workers of 8 for evacuation
[2019-06-03T11:28:00.594+0930][gc,phases     ] GC(23)   Pre Evacuate Collection Set: 0.0ms
[2019-06-03T11:28:00.594+0930][gc,phases     ] GC(23)   Evacuate Collection Set: 5.3ms
[2019-06-03T11:28:00.594+0930][gc,phases     ] GC(23)   Post Evacuate Collection Set: 0.9ms
[2019-06-03T11:28:00.594+0930][gc,phases     ] GC(23)   Other: 0.3ms
[2019-06-03T11:28:00.594+0930][gc,heap       ] GC(23) Eden regions: 175->0(178)
[2019-06-03T11:28:00.594+0930][gc,heap       ] GC(23) Survivor regions: 2->3(23)
[2019-06-03T11:28:00.594+0930][gc,heap       ] GC(23) Old regions: 15->15
[2019-06-03T11:28:00.594+0930][gc,heap       ] GC(23) Humongous regions: 129->129
[2019-06-03T11:28:00.594+0930][gc,metaspace  ] GC(23) Metaspace: 32580K->32580K(1079296K)
[2019-06-03T11:28:00.594+0930][gc            ] GC(23) Pause Young (Normal) (G1 Evacuation Pause) 318M->144M(1024M) 6.610ms
[2019-06-03T11:28:00.594+0930][gc,cpu        ] GC(23) User=0.00s Sys=0.00s Real=0.01s
[2019-06-03T11:28:10.207+0930][gc,start      ] GC(24) Pause Young (Normal) (G1 Evacuation Pause)
[2019-06-03T11:28:10.207+0930][gc,task       ] GC(24) Using 8 workers of 8 for evacuation
[2019-06-03T11:28:10.215+0930][gc,phases     ] GC(24)   Pre Evacuate Collection Set: 0.0ms
[2019-06-03T11:28:10.215+0930][gc,phases     ] GC(24)   Evacuate Collection Set: 6.8ms
[2019-06-03T11:28:10.215+0930][gc,phases     ] GC(24)   Post Evacuate Collection Set: 0.9ms
[2019-06-03T11:28:10.215+0930][gc,phases     ] GC(24)   Other: 0.3ms
[2019-06-03T11:28:10.215+0930][gc,heap       ] GC(24) Eden regions: 178->0(190)
[2019-06-03T11:28:10.215+0930][gc,heap       ] GC(24) Survivor regions: 3->3(23)
[2019-06-03T11:28:10.215+0930][gc,heap       ] GC(24) Old regions: 15->15
[2019-06-03T11:28:10.215+0930][gc,heap       ] GC(24) Humongous regions: 129->129
[2019-06-03T11:28:10.215+0930][gc,metaspace  ] GC(24) Metaspace: 32582K->32582K(1079296K)
[2019-06-03T11:28:10.215+0930][gc            ] GC(24) Pause Young (Normal) (G1 Evacuation Pause) 322M->144M(1024M) 8.306ms
[2019-06-03T11:28:10.215+0930][gc,cpu        ] GC(24) User=0.01s Sys=0.00s Real=0.01s
[2019-06-03T11:28:19.841+0930][gc,start      ] GC(25) Pause Young (Normal) (G1 Evacuation Pause)
[2019-06-03T11:28:19.841+0930][gc,task       ] GC(25) Using 8 workers of 8 for evacuation
[2019-06-03T11:28:19.852+0930][gc,phases     ] GC(25)   Pre Evacuate Collection Set: 0.0ms
[2019-06-03T11:28:19.852+0930][gc,phases     ] GC(25)   Evacuate Collection Set: 9.7ms
[2019-06-03T11:28:19.852+0930][gc,phases     ] GC(25)   Post Evacuate Collection Set: 0.8ms
[2019-06-03T11:28:19.852+0930][gc,phases     ] GC(25)   Other: 0.4ms
[2019-06-03T11:28:19.852+0930][gc,heap       ] GC(25) Eden regions: 190->0(193)
[2019-06-03T11:28:19.852+0930][gc,heap       ] GC(25) Survivor regions: 3->3(25)
[2019-06-03T11:28:19.852+0930][gc,heap       ] GC(25) Old regions: 15->15
[2019-06-03T11:28:19.852+0930][gc,heap       ] GC(25) Humongous regions: 129->129
[2019-06-03T11:28:19.852+0930][gc,metaspace  ] GC(25) Metaspace: 32582K->32582K(1079296K)
[2019-06-03T11:28:19.852+0930][gc            ] GC(25) Pause Young (Normal) (G1 Evacuation Pause) 334M->144M(1024M) 11.436ms
[2019-06-03T11:28:19.852+0930][gc,cpu        ] GC(25) User=0.00s Sys=0.01s Real=0.02s
[2019-06-03T11:28:30.672+0930][gc,start      ] GC(26) Pause Young (Normal) (G1 Evacuation Pause)
[2019-06-03T11:28:30.672+0930][gc,task       ] GC(26) Using 8 workers of 8 for evacuation
[2019-06-03T11:28:30.681+0930][gc,phases     ] GC(26)   Pre Evacuate Collection Set: 0.0ms
[2019-06-03T11:28:30.682+0930][gc,phases     ] GC(26)   Evacuate Collection Set: 8.6ms
[2019-06-03T11:28:30.682+0930][gc,phases     ] GC(26)   Post Evacuate Collection Set: 0.6ms
[2019-06-03T11:28:30.682+0930][gc,phases     ] GC(26)   Other: 0.3ms
[2019-06-03T11:28:30.682+0930][gc,heap       ] GC(26) Eden regions: 193->0(196)
[2019-06-03T11:28:30.682+0930][gc,heap       ] GC(26) Survivor regions: 3->4(25)
[2019-06-03T11:28:30.682+0930][gc,heap       ] GC(26) Old regions: 15->15
[2019-06-03T11:28:30.682+0930][gc,heap       ] GC(26) Humongous regions: 129->129
[2019-06-03T11:28:30.682+0930][gc,metaspace  ] GC(26) Metaspace: 32585K->32585K(1079296K)
[2019-06-03T11:28:30.682+0930][gc            ] GC(26) Pause Young (Normal) (G1 Evacuation Pause) 337M->144M(1024M) 9.852ms
[2019-06-03T11:28:30.682+0930][gc,cpu        ] GC(26) User=0.03s Sys=0.04s Real=0.01s
[2019-06-03T11:28:41.428+0930][gc,start      ] GC(27) Pause Young (Normal) (G1 Evacuation Pause)
[2019-06-03T11:28:41.428+0930][gc,task       ] GC(27) Using 8 workers of 8 for evacuation
[2019-06-03T11:28:41.440+0930][gc,phases     ] GC(27)   Pre Evacuate Collection Set: 0.0ms
[2019-06-03T11:28:41.440+0930][gc,phases     ] GC(27)   Evacuate Collection Set: 10.9ms
[2019-06-03T11:28:41.440+0930][gc,phases     ] GC(27)   Post Evacuate Collection Set: 1.0ms
[2019-06-03T11:28:41.440+0930][gc,phases     ] GC(27)   Other: 0.5ms
[2019-06-03T11:28:41.440+0930][gc,heap       ] GC(27) Eden regions: 196->0(302)
[2019-06-03T11:28:41.440+0930][gc,heap       ] GC(27) Survivor regions: 4->4(25)
[2019-06-03T11:28:41.440+0930][gc,heap       ] GC(27) Old regions: 15->15
[2019-06-03T11:28:41.441+0930][gc,heap       ] GC(27) Humongous regions: 129->129
[2019-06-03T11:28:41.441+0930][gc,metaspace  ] GC(27) Metaspace: 32591K->32591K(1079296K)
[2019-06-03T11:28:41.441+0930][gc            ] GC(27) Pause Young (Normal) (G1 Evacuation Pause) 340M->145M(1024M) 13.034ms
[2019-06-03T11:28:41.441+0930][gc,cpu        ] GC(27) User=0.00s Sys=0.00s Real=0.01s
[2019-06-03T11:29:02.942+0930][gc,start      ] GC(28) Pause Young (Normal) (G1 Evacuation Pause)
[2019-06-03T11:29:02.942+0930][gc,task       ] GC(28) Using 8 workers of 8 for evacuation
[2019-06-03T11:29:02.955+0930][gc,phases     ] GC(28)   Pre Evacuate Collection Set: 0.0ms
[2019-06-03T11:29:02.955+0930][gc,phases     ] GC(28)   Evacuate Collection Set: 11.4ms
[2019-06-03T11:29:02.955+0930][gc,phases     ] GC(28)   Post Evacuate Collection Set: 1.2ms
[2019-06-03T11:29:02.955+0930][gc,phases     ] GC(28)   Other: 0.3ms
[2019-06-03T11:29:02.955+0930][gc,heap       ] GC(28) Eden regions: 302->0(306)
[2019-06-03T11:29:02.955+0930][gc,heap       ] GC(28) Survivor regions: 4->4(39)
[2019-06-03T11:29:02.955+0930][gc,heap       ] GC(28) Old regions: 15->15
[2019-06-03T11:29:02.955+0930][gc,heap       ] GC(28) Humongous regions: 129->129
[2019-06-03T11:29:02.955+0930][gc,metaspace  ] GC(28) Metaspace: 32592K->32592K(1079296K)
[2019-06-03T11:29:02.955+0930][gc            ] GC(28) Pause Young (Normal) (G1 Evacuation Pause) 447M->145M(1024M) 13.256ms
[2019-06-03T11:29:02.956+0930][gc,cpu        ] GC(28) User=0.00s Sys=0.00s Real=0.01s
[2019-06-03T11:29:19.369+0930][gc,start      ] GC(29) Pause Young (Normal) (G1 Evacuation Pause)
[2019-06-03T11:29:19.369+0930][gc,task       ] GC(29) Using 8 workers of 8 for evacuation
[2019-06-03T11:29:19.381+0930][gc,phases     ] GC(29)   Pre Evacuate Collection Set: 0.1ms
[2019-06-03T11:29:19.381+0930][gc,phases     ] GC(29)   Evacuate Collection Set: 10.3ms
[2019-06-03T11:29:19.381+0930][gc,phases     ] GC(29)   Post Evacuate Collection Set: 0.9ms
[2019-06-03T11:29:19.381+0930][gc,phases     ] GC(29)   Other: 0.4ms
[2019-06-03T11:29:19.381+0930][gc,heap       ] GC(29) Eden regions: 306->0(308)
[2019-06-03T11:29:19.381+0930][gc,heap       ] GC(29) Survivor regions: 4->5(39)
[2019-06-03T11:29:19.381+0930][gc,heap       ] GC(29) Old regions: 15->15
[2019-06-03T11:29:19.381+0930][gc,heap       ] GC(29) Humongous regions: 129->129
[2019-06-03T11:29:19.381+0930][gc,metaspace  ] GC(29) Metaspace: 32595K->32595K(1079296K)
[2019-06-03T11:29:19.381+0930][gc            ] GC(29) Pause Young (Normal) (G1 Evacuation Pause) 451M->146M(1024M) 11.874ms
[2019-06-03T11:29:19.381+0930][gc,cpu        ] GC(29) User=0.07s Sys=0.03s Real=0.01s
[2019-06-03T11:29:37.390+0930][gc,start      ] GC(30) Pause Young (Normal) (G1 Evacuation Pause)
[2019-06-03T11:29:37.390+0930][gc,task       ] GC(30) Using 8 workers of 8 for evacuation
[2019-06-03T11:29:37.403+0930][gc,phases     ] GC(30)   Pre Evacuate Collection Set: 0.2ms
[2019-06-03T11:29:37.403+0930][gc,phases     ] GC(30)   Evacuate Collection Set: 11.4ms
[2019-06-03T11:29:37.403+0930][gc,phases     ] GC(30)   Post Evacuate Collection Set: 0.9ms
[2019-06-03T11:29:37.403+0930][gc,phases     ] GC(30)   Other: 0.4ms
[2019-06-03T11:29:37.403+0930][gc,heap       ] GC(30) Eden regions: 308->0(319)
[2019-06-03T11:29:37.403+0930][gc,heap       ] GC(30) Survivor regions: 5->5(40)
[2019-06-03T11:29:37.403+0930][gc,heap       ] GC(30) Old regions: 15->15
[2019-06-03T11:29:37.403+0930][gc,heap       ] GC(30) Humongous regions: 129->129
[2019-06-03T11:29:37.403+0930][gc,metaspace  ] GC(30) Metaspace: 32600K->32600K(1079296K)
[2019-06-03T11:29:37.403+0930][gc            ] GC(30) Pause Young (Normal) (G1 Evacuation Pause) 454M->146M(1024M) 13.193ms
[2019-06-03T11:29:37.403+0930][gc,cpu        ] GC(30) User=0.08s Sys=0.04s Real=0.02s
[2019-06-03T11:29:54.513+0930][gc,start      ] GC(31) Pause Young (Normal) (G1 Evacuation Pause)
[2019-06-03T11:29:54.513+0930][gc,task       ] GC(31) Using 8 workers of 8 for evacuation
[2019-06-03T11:29:54.527+0930][gc,phases     ] GC(31)   Pre Evacuate Collection Set: 0.0ms
[2019-06-03T11:29:54.528+0930][gc,phases     ] GC(31)   Evacuate Collection Set: 13.2ms
[2019-06-03T11:29:54.528+0930][gc,phases     ] GC(31)   Post Evacuate Collection Set: 0.6ms
[2019-06-03T11:29:54.528+0930][gc,phases     ] GC(31)   Other: 0.4ms
[2019-06-03T11:29:54.528+0930][gc,heap       ] GC(31) Eden regions: 319->0(321)
[2019-06-03T11:29:54.528+0930][gc,heap       ] GC(31) Survivor regions: 5->6(41)
[2019-06-03T11:29:54.528+0930][gc,heap       ] GC(31) Old regions: 15->15
[2019-06-03T11:29:54.528+0930][gc,heap       ] GC(31) Humongous regions: 129->129
[2019-06-03T11:29:54.528+0930][gc,metaspace  ] GC(31) Metaspace: 32600K->32600K(1079296K)
[2019-06-03T11:29:54.528+0930][gc            ] GC(31) Pause Young (Normal) (G1 Evacuation Pause) 465M->147M(1024M) 14.495ms
[2019-06-03T11:29:54.528+0930][gc,cpu        ] GC(31) User=0.03s Sys=0.10s Real=0.01s
[2019-06-03T11:30:09.441+0930][gc,start      ] GC(32) Pause Young (Normal) (G1 Evacuation Pause)
[2019-06-03T11:30:09.442+0930][gc,task       ] GC(32) Using 8 workers of 8 for evacuation
[2019-06-03T11:30:09.460+0930][gc,phases     ] GC(32)   Pre Evacuate Collection Set: 0.1ms
[2019-06-03T11:30:09.460+0930][gc,phases     ] GC(32)   Evacuate Collection Set: 16.4ms
[2019-06-03T11:30:09.460+0930][gc,phases     ] GC(32)   Post Evacuate Collection Set: 1.2ms
[2019-06-03T11:30:09.460+0930][gc,phases     ] GC(32)   Other: 0.6ms
[2019-06-03T11:30:09.460+0930][gc,heap       ] GC(32) Eden regions: 321->0(410)
[2019-06-03T11:30:09.460+0930][gc,heap       ] GC(32) Survivor regions: 6->6(41)
[2019-06-03T11:30:09.460+0930][gc,heap       ] GC(32) Old regions: 15->15
[2019-06-03T11:30:09.460+0930][gc,heap       ] GC(32) Humongous regions: 129->129
[2019-06-03T11:30:09.460+0930][gc,metaspace  ] GC(32) Metaspace: 32600K->32600K(1079296K)
[2019-06-03T11:30:09.460+0930][gc            ] GC(32) Pause Young (Normal) (G1 Evacuation Pause) 468M->147M(1024M) 18.710ms
[2019-06-03T11:30:09.460+0930][gc,cpu        ] GC(32) User=0.05s Sys=0.06s Real=0.01s
[2019-06-03T11:30:29.990+0930][gc,start      ] GC(33) Pause Young (Normal) (G1 Evacuation Pause)
[2019-06-03T11:30:29.990+0930][gc,task       ] GC(33) Using 8 workers of 8 for evacuation
[2019-06-03T11:30:30.002+0930][gc,phases     ] GC(33)   Pre Evacuate Collection Set: 0.0ms
[2019-06-03T11:30:30.002+0930][gc,phases     ] GC(33)   Evacuate Collection Set: 10.5ms
[2019-06-03T11:30:30.002+0930][gc,phases     ] GC(33)   Post Evacuate Collection Set: 0.9ms
[2019-06-03T11:30:30.002+0930][gc,phases     ] GC(33)   Other: 0.3ms
[2019-06-03T11:30:30.002+0930][gc,heap       ] GC(33) Eden regions: 402->0(405)
[2019-06-03T11:30:30.002+0930][gc,heap       ] GC(33) Survivor regions: 6->6(51)
[2019-06-03T11:30:30.002+0930][gc,heap       ] GC(33) Old regions: 15->15
[2019-06-03T11:30:30.002+0930][gc,heap       ] GC(33) Humongous regions: 129->129
[2019-06-03T11:30:30.002+0930][gc,metaspace  ] GC(33) Metaspace: 32629K->32629K(1079296K)
[2019-06-03T11:30:30.002+0930][gc            ] GC(33) Pause Young (Normal) (G1 Evacuation Pause) 549M->148M(1024M) 11.919ms
[2019-06-03T11:30:30.002+0930][gc,cpu        ] GC(33) User=0.00s Sys=0.00s Real=0.02s
[2019-06-03T11:30:53.958+0930][gc,start      ] GC(34) Pause Young (Normal) (G1 Evacuation Pause)
[2019-06-03T11:30:53.958+0930][gc,task       ] GC(34) Using 8 workers of 8 for evacuation
[2019-06-03T11:30:53.968+0930][gc,phases     ] GC(34)   Pre Evacuate Collection Set: 0.0ms
[2019-06-03T11:30:53.968+0930][gc,phases     ] GC(34)   Evacuate Collection Set: 9.2ms
[2019-06-03T11:30:53.968+0930][gc,phases     ] GC(34)   Post Evacuate Collection Set: 0.7ms
[2019-06-03T11:30:53.968+0930][gc,phases     ] GC(34)   Other: 0.3ms
[2019-06-03T11:30:53.968+0930][gc,heap       ] GC(34) Eden regions: 404->0(406)
[2019-06-03T11:30:53.968+0930][gc,heap       ] GC(34) Survivor regions: 6->7(52)
[2019-06-03T11:30:53.968+0930][gc,heap       ] GC(34) Old regions: 15->16
[2019-06-03T11:30:53.968+0930][gc,heap       ] GC(34) Humongous regions: 129->129
[2019-06-03T11:30:53.968+0930][gc,metaspace  ] GC(34) Metaspace: 32640K->32640K(1079296K)
[2019-06-03T11:30:53.968+0930][gc            ] GC(34) Pause Young (Normal) (G1 Evacuation Pause) 552M->148M(1024M) 10.473ms
[2019-06-03T11:30:53.968+0930][gc,cpu        ] GC(34) User=0.00s Sys=0.00s Real=0.01s
[2019-06-03T11:31:20.645+0930][gc,start      ] GC(35) Pause Young (Normal) (G1 Evacuation Pause)
[2019-06-03T11:31:20.645+0930][gc,task       ] GC(35) Using 8 workers of 8 for evacuation
[2019-06-03T11:31:20.663+0930][gc,phases     ] GC(35)   Pre Evacuate Collection Set: 0.0ms
[2019-06-03T11:31:20.663+0930][gc,phases     ] GC(35)   Evacuate Collection Set: 16.0ms
[2019-06-03T11:31:20.663+0930][gc,phases     ] GC(35)   Post Evacuate Collection Set: 1.2ms
[2019-06-03T11:31:20.663+0930][gc,phases     ] GC(35)   Other: 0.5ms
[2019-06-03T11:31:20.663+0930][gc,heap       ] GC(35) Eden regions: 406->0(442)
[2019-06-03T11:31:20.663+0930][gc,heap       ] GC(35) Survivor regions: 7->7(52)
[2019-06-03T11:31:20.663+0930][gc,heap       ] GC(35) Old regions: 16->16
[2019-06-03T11:31:20.663+0930][gc,heap       ] GC(35) Humongous regions: 129->129
[2019-06-03T11:31:20.663+0930][gc,metaspace  ] GC(35) Metaspace: 32643K->32643K(1079296K)
[2019-06-03T11:31:20.663+0930][gc            ] GC(35) Pause Young (Normal) (G1 Evacuation Pause) 554M->149M(1024M) 18.015ms
[2019-06-03T11:31:20.663+0930][gc,cpu        ] GC(35) User=0.08s Sys=0.05s Real=0.02s
[2019-06-03T11:31:52.559+0930][gc,start      ] GC(36) Pause Young (Normal) (G1 Evacuation Pause)
[2019-06-03T11:31:52.559+0930][gc,task       ] GC(36) Using 8 workers of 8 for evacuation
[2019-06-03T11:31:52.583+0930][gc,mmu        ] GC(36) MMU target violated: 21.0ms (20.0ms/21.0ms)
[2019-06-03T11:31:52.583+0930][gc,phases     ] GC(36)   Pre Evacuate Collection Set: 0.0ms
[2019-06-03T11:31:52.583+0930][gc,phases     ] GC(36)   Evacuate Collection Set: 22.4ms
[2019-06-03T11:31:52.583+0930][gc,phases     ] GC(36)   Post Evacuate Collection Set: 1.5ms
[2019-06-03T11:31:52.583+0930][gc,phases     ] GC(36)   Other: 0.6ms
[2019-06-03T11:31:52.583+0930][gc,heap       ] GC(36) Eden regions: 439->0(431)
[2019-06-03T11:31:52.583+0930][gc,heap       ] GC(36) Survivor regions: 7->7(56)
[2019-06-03T11:31:52.583+0930][gc,heap       ] GC(36) Old regions: 16->16
[2019-06-03T11:31:52.583+0930][gc,heap       ] GC(36) Humongous regions: 129->129
[2019-06-03T11:31:52.583+0930][gc,metaspace  ] GC(36) Metaspace: 32646K->32646K(1079296K)
[2019-06-03T11:31:52.584+0930][gc            ] GC(36) Pause Young (Normal) (G1 Evacuation Pause) 588M->150M(1024M) 24.881ms
[2019-06-03T11:31:52.584+0930][gc,cpu        ] GC(36) User=0.02s Sys=0.08s Real=0.03s
[2019-06-03T11:32:13.198+0930][gc,start      ] GC(37) Pause Young (Normal) (G1 Evacuation Pause)
[2019-06-03T11:32:13.198+0930][gc,task       ] GC(37) Using 8 workers of 8 for evacuation
[2019-06-03T11:32:13.208+0930][gc,phases     ] GC(37)   Pre Evacuate Collection Set: 0.0ms
[2019-06-03T11:32:13.208+0930][gc,phases     ] GC(37)   Evacuate Collection Set: 8.5ms
[2019-06-03T11:32:13.208+0930][gc,phases     ] GC(37)   Post Evacuate Collection Set: 1.0ms
[2019-06-03T11:32:13.208+0930][gc,phases     ] GC(37)   Other: 0.3ms
[2019-06-03T11:32:13.208+0930][gc,heap       ] GC(37) Eden regions: 405->0(410)
[2019-06-03T11:32:13.208+0930][gc,heap       ] GC(37) Survivor regions: 7->7(52)
[2019-06-03T11:32:13.208+0930][gc,heap       ] GC(37) Old regions: 16->17
[2019-06-03T11:32:13.208+0930][gc,heap       ] GC(37) Humongous regions: 129->129
[2019-06-03T11:32:13.208+0930][gc,metaspace  ] GC(37) Metaspace: 32651K->32651K(1079296K)
[2019-06-03T11:32:13.208+0930][gc            ] GC(37) Pause Young (Normal) (G1 Evacuation Pause) 555M->150M(1024M) 10.105ms
[2019-06-03T11:32:13.208+0930][gc,cpu        ] GC(37) User=0.00s Sys=0.00s Real=0.01s
[2019-06-03T11:32:27.474+0930][gc,start      ] GC(38) Pause Young (Normal) (G1 Evacuation Pause)
[2019-06-03T11:32:27.474+0930][gc,task       ] GC(38) Using 8 workers of 8 for evacuation
[2019-06-03T11:32:27.486+0930][gc,phases     ] GC(38)   Pre Evacuate Collection Set: 0.3ms
[2019-06-03T11:32:27.486+0930][gc,phases     ] GC(38)   Evacuate Collection Set: 10.6ms
[2019-06-03T11:32:27.486+0930][gc,phases     ] GC(38)   Post Evacuate Collection Set: 1.2ms
[2019-06-03T11:32:27.486+0930][gc,phases     ] GC(38)   Other: 0.4ms
[2019-06-03T11:32:27.486+0930][gc,heap       ] GC(38) Eden regions: 410->0(415)
[2019-06-03T11:32:27.486+0930][gc,heap       ] GC(38) Survivor regions: 7->8(53)
[2019-06-03T11:32:27.486+0930][gc,heap       ] GC(38) Old regions: 17->17
[2019-06-03T11:32:27.486+0930][gc,heap       ] GC(38) Humongous regions: 129->129
[2019-06-03T11:32:27.486+0930][gc,metaspace  ] GC(38) Metaspace: 32651K->32651K(1079296K)
[2019-06-03T11:32:27.486+0930][gc            ] GC(38) Pause Young (Normal) (G1 Evacuation Pause) 560M->151M(1024M) 12.747ms
[2019-06-03T11:32:27.486+0930][gc,cpu        ] GC(38) User=0.00s Sys=0.00s Real=0.01s
[2019-06-03T11:32:42.484+0930][gc,start      ] GC(39) Pause Young (Normal) (G1 Evacuation Pause)
[2019-06-03T11:32:42.484+0930][gc,task       ] GC(39) Using 8 workers of 8 for evacuation
[2019-06-03T11:32:42.494+0930][gc,phases     ] GC(39)   Pre Evacuate Collection Set: 0.0ms
[2019-06-03T11:32:42.494+0930][gc,phases     ] GC(39)   Evacuate Collection Set: 8.6ms
[2019-06-03T11:32:42.494+0930][gc,phases     ] GC(39)   Post Evacuate Collection Set: 1.2ms
[2019-06-03T11:32:42.494+0930][gc,phases     ] GC(39)   Other: 0.3ms
[2019-06-03T11:32:42.494+0930][gc,heap       ] GC(39) Eden regions: 415->0(422)
[2019-06-03T11:32:42.494+0930][gc,heap       ] GC(39) Survivor regions: 8->8(53)
[2019-06-03T11:32:42.494+0930][gc,heap       ] GC(39) Old regions: 17->17
[2019-06-03T11:32:42.494+0930][gc,heap       ] GC(39) Humongous regions: 129->129
[2019-06-03T11:32:42.494+0930][gc,metaspace  ] GC(39) Metaspace: 32660K->32660K(1079296K)
[2019-06-03T11:32:42.494+0930][gc            ] GC(39) Pause Young (Normal) (G1 Evacuation Pause) 566M->151M(1024M) 10.468ms
[2019-06-03T11:32:42.495+0930][gc,cpu        ] GC(39) User=0.00s Sys=0.00s Real=0.01s
[2019-06-03T11:32:57.737+0930][gc,start      ] GC(40) Pause Young (Normal) (G1 Evacuation Pause)
[2019-06-03T11:32:57.737+0930][gc,task       ] GC(40) Using 8 workers of 8 for evacuation
[2019-06-03T11:32:57.747+0930][gc,phases     ] GC(40)   Pre Evacuate Collection Set: 0.0ms
[2019-06-03T11:32:57.747+0930][gc,phases     ] GC(40)   Evacuate Collection Set: 8.8ms
[2019-06-03T11:32:57.747+0930][gc,phases     ] GC(40)   Post Evacuate Collection Set: 1.0ms
[2019-06-03T11:32:57.747+0930][gc,phases     ] GC(40)   Other: 0.3ms
[2019-06-03T11:32:57.747+0930][gc,heap       ] GC(40) Eden regions: 422->0(431)
[2019-06-03T11:32:57.747+0930][gc,heap       ] GC(40) Survivor regions: 8->8(54)
[2019-06-03T11:32:57.747+0930][gc,heap       ] GC(40) Old regions: 17->18
[2019-06-03T11:32:57.747+0930][gc,heap       ] GC(40) Humongous regions: 129->129
[2019-06-03T11:32:57.747+0930][gc,metaspace  ] GC(40) Metaspace: 32660K->32660K(1079296K)
[2019-06-03T11:32:57.747+0930][gc            ] GC(40) Pause Young (Normal) (G1 Evacuation Pause) 573M->152M(1024M) 10.434ms
[2019-06-03T11:32:57.747+0930][gc,cpu        ] GC(40) User=0.13s Sys=0.00s Real=0.01s
[2019-06-03T11:33:13.593+0930][gc,start      ] GC(41) Pause Young (Normal) (G1 Evacuation Pause)
[2019-06-03T11:33:13.593+0930][gc,task       ] GC(41) Using 8 workers of 8 for evacuation
[2019-06-03T11:33:13.604+0930][gc,phases     ] GC(41)   Pre Evacuate Collection Set: 0.0ms
[2019-06-03T11:33:13.604+0930][gc,phases     ] GC(41)   Evacuate Collection Set: 9.9ms
[2019-06-03T11:33:13.604+0930][gc,phases     ] GC(41)   Post Evacuate Collection Set: 1.0ms
[2019-06-03T11:33:13.604+0930][gc,phases     ] GC(41)   Other: 0.3ms
[2019-06-03T11:33:13.604+0930][gc,heap       ] GC(41) Eden regions: 431->0(441)
[2019-06-03T11:33:13.604+0930][gc,heap       ] GC(41) Survivor regions: 8->8(55)
[2019-06-03T11:33:13.604+0930][gc,heap       ] GC(41) Old regions: 18->18
[2019-06-03T11:33:13.604+0930][gc,heap       ] GC(41) Humongous regions: 129->129
[2019-06-03T11:33:13.604+0930][gc,metaspace  ] GC(41) Metaspace: 32660K->32660K(1079296K)
[2019-06-03T11:33:13.604+0930][gc            ] GC(41) Pause Young (Normal) (G1 Evacuation Pause) 583M->152M(1024M) 11.536ms
[2019-06-03T11:33:13.604+0930][gc,cpu        ] GC(41) User=0.02s Sys=0.00s Real=0.01s
[2019-06-03T11:33:30.025+0930][gc,start      ] GC(42) Pause Young (Normal) (G1 Evacuation Pause)
[2019-06-03T11:33:30.025+0930][gc,task       ] GC(42) Using 8 workers of 8 for evacuation
[2019-06-03T11:33:30.044+0930][gc,phases     ] GC(42)   Pre Evacuate Collection Set: 0.0ms
[2019-06-03T11:33:30.044+0930][gc,phases     ] GC(42)   Evacuate Collection Set: 17.3ms
[2019-06-03T11:33:30.044+0930][gc,phases     ] GC(42)   Post Evacuate Collection Set: 1.1ms
[2019-06-03T11:33:30.044+0930][gc,phases     ] GC(42)   Other: 0.5ms
[2019-06-03T11:33:30.044+0930][gc,heap       ] GC(42) Eden regions: 441->0(436)
[2019-06-03T11:33:30.044+0930][gc,heap       ] GC(42) Survivor regions: 8->8(57)
[2019-06-03T11:33:30.044+0930][gc,heap       ] GC(42) Old regions: 18->18
[2019-06-03T11:33:30.044+0930][gc,heap       ] GC(42) Humongous regions: 129->129
[2019-06-03T11:33:30.044+0930][gc,metaspace  ] GC(42) Metaspace: 32679K->32679K(1079296K)
[2019-06-03T11:33:30.044+0930][gc            ] GC(42) Pause Young (Normal) (G1 Evacuation Pause) 593M->152M(1024M) 19.270ms
[2019-06-03T11:33:30.044+0930][gc,cpu        ] GC(42) User=0.02s Sys=0.00s Real=0.02s
[2019-06-03T11:33:45.258+0930][gc,start      ] GC(43) Pause Young (Normal) (G1 Evacuation Pause)
[2019-06-03T11:33:45.258+0930][gc,task       ] GC(43) Using 8 workers of 8 for evacuation
[2019-06-03T11:33:45.270+0930][gc,phases     ] GC(43)   Pre Evacuate Collection Set: 0.0ms
[2019-06-03T11:33:45.270+0930][gc,phases     ] GC(43)   Evacuate Collection Set: 10.2ms
[2019-06-03T11:33:45.270+0930][gc,phases     ] GC(43)   Post Evacuate Collection Set: 1.2ms
[2019-06-03T11:33:45.270+0930][gc,phases     ] GC(43)   Other: 0.3ms
[2019-06-03T11:33:45.270+0930][gc,heap       ] GC(43) Eden regions: 436->0(441)
[2019-06-03T11:33:45.270+0930][gc,heap       ] GC(43) Survivor regions: 8->8(56)
[2019-06-03T11:33:45.270+0930][gc,heap       ] GC(43) Old regions: 18->19
[2019-06-03T11:33:45.270+0930][gc,heap       ] GC(43) Humongous regions: 129->129
[2019-06-03T11:33:45.270+0930][gc,metaspace  ] GC(43) Metaspace: 32683K->32683K(1079296K)
[2019-06-03T11:33:45.270+0930][gc            ] GC(43) Pause Young (Normal) (G1 Evacuation Pause) 588M->153M(1024M) 12.112ms
[2019-06-03T11:33:45.270+0930][gc,cpu        ] GC(43) User=0.00s Sys=0.00s Real=0.01s
[2019-06-03T11:34:00.368+0930][gc,start      ] GC(44) Pause Young (Normal) (G1 Evacuation Pause)
[2019-06-03T11:34:00.368+0930][gc,task       ] GC(44) Using 8 workers of 8 for evacuation
[2019-06-03T11:34:00.381+0930][gc,phases     ] GC(44)   Pre Evacuate Collection Set: 0.0ms
[2019-06-03T11:34:00.381+0930][gc,phases     ] GC(44)   Evacuate Collection Set: 10.8ms
[2019-06-03T11:34:00.381+0930][gc,phases     ] GC(44)   Post Evacuate Collection Set: 1.4ms
[2019-06-03T11:34:00.381+0930][gc,phases     ] GC(44)   Other: 0.4ms
[2019-06-03T11:34:00.381+0930][gc,heap       ] GC(44) Eden regions: 441->0(448)
[2019-06-03T11:34:00.381+0930][gc,heap       ] GC(44) Survivor regions: 8->8(57)
[2019-06-03T11:34:00.381+0930][gc,heap       ] GC(44) Old regions: 19->19
[2019-06-03T11:34:00.381+0930][gc,heap       ] GC(44) Humongous regions: 129->129
[2019-06-03T11:34:00.381+0930][gc,metaspace  ] GC(44) Metaspace: 32685K->32685K(1079296K)
[2019-06-03T11:34:00.381+0930][gc            ] GC(44) Pause Young (Normal) (G1 Evacuation Pause) 594M->154M(1024M) 13.005ms
[2019-06-03T11:34:00.381+0930][gc,cpu        ] GC(44) User=0.00s Sys=0.00s Real=0.02s
[2019-06-03T11:34:16.672+0930][gc,start      ] GC(45) Pause Young (Normal) (G1 Evacuation Pause)
[2019-06-03T11:34:16.672+0930][gc,task       ] GC(45) Using 8 workers of 8 for evacuation
[2019-06-03T11:34:16.693+0930][gc,mmu        ] GC(45) MMU target violated: 20.8ms (20.0ms/21.0ms)
[2019-06-03T11:34:16.693+0930][gc,phases     ] GC(45)   Pre Evacuate Collection Set: 0.0ms
[2019-06-03T11:34:16.693+0930][gc,phases     ] GC(45)   Evacuate Collection Set: 19.4ms
[2019-06-03T11:34:16.693+0930][gc,phases     ] GC(45)   Post Evacuate Collection Set: 1.2ms
[2019-06-03T11:34:16.693+0930][gc,phases     ] GC(45)   Other: 0.4ms
[2019-06-03T11:34:16.693+0930][gc,heap       ] GC(45) Eden regions: 448->0(447)
[2019-06-03T11:34:16.693+0930][gc,heap       ] GC(45) Survivor regions: 8->8(57)
[2019-06-03T11:34:16.693+0930][gc,heap       ] GC(45) Old regions: 19->20
[2019-06-03T11:34:16.693+0930][gc,heap       ] GC(45) Humongous regions: 129->129
[2019-06-03T11:34:16.693+0930][gc,metaspace  ] GC(45) Metaspace: 32685K->32685K(1079296K)
[2019-06-03T11:34:16.694+0930][gc            ] GC(45) Pause Young (Normal) (G1 Evacuation Pause) 602M->154M(1024M) 21.270ms
[2019-06-03T11:34:16.694+0930][gc,cpu        ] GC(45) User=0.03s Sys=0.05s Real=0.02s
[2019-06-03T11:34:32.815+0930][gc,start      ] GC(46) Pause Young (Normal) (G1 Evacuation Pause)
[2019-06-03T11:34:32.815+0930][gc,task       ] GC(46) Using 8 workers of 8 for evacuation
[2019-06-03T11:34:32.827+0930][gc,phases     ] GC(46)   Pre Evacuate Collection Set: 0.0ms
[2019-06-03T11:34:32.827+0930][gc,phases     ] GC(46)   Evacuate Collection Set: 10.3ms
[2019-06-03T11:34:32.827+0930][gc,phases     ] GC(46)   Post Evacuate Collection Set: 1.2ms
[2019-06-03T11:34:32.827+0930][gc,phases     ] GC(46)   Other: 0.3ms
[2019-06-03T11:34:32.827+0930][gc,heap       ] GC(46) Eden regions: 447->0(454)
[2019-06-03T11:34:32.827+0930][gc,heap       ] GC(46) Survivor regions: 8->8(57)
[2019-06-03T11:34:32.827+0930][gc,heap       ] GC(46) Old regions: 20->20
[2019-06-03T11:34:32.827+0930][gc,heap       ] GC(46) Humongous regions: 129->129
[2019-06-03T11:34:32.827+0930][gc,metaspace  ] GC(46) Metaspace: 32686K->32686K(1079296K)
[2019-06-03T11:34:32.827+0930][gc            ] GC(46) Pause Young (Normal) (G1 Evacuation Pause) 601M->155M(1024M) 12.134ms
[2019-06-03T11:34:32.827+0930][gc,cpu        ] GC(46) User=0.00s Sys=0.00s Real=0.01s
[2019-06-03T11:34:48.814+0930][gc,start      ] GC(47) Pause Young (Normal) (G1 Evacuation Pause)
[2019-06-03T11:34:48.814+0930][gc,task       ] GC(47) Using 8 workers of 8 for evacuation
[2019-06-03T11:34:48.833+0930][gc,phases     ] GC(47)   Pre Evacuate Collection Set: 0.0ms
[2019-06-03T11:34:48.833+0930][gc,phases     ] GC(47)   Evacuate Collection Set: 18.1ms
[2019-06-03T11:34:48.833+0930][gc,phases     ] GC(47)   Post Evacuate Collection Set: 1.1ms
[2019-06-03T11:34:48.833+0930][gc,phases     ] GC(47)   Other: 0.3ms
[2019-06-03T11:34:48.833+0930][gc,heap       ] GC(47) Eden regions: 454->0(459)
[2019-06-03T11:34:48.833+0930][gc,heap       ] GC(47) Survivor regions: 8->8(58)
[2019-06-03T11:34:48.833+0930][gc,heap       ] GC(47) Old regions: 20->21
[2019-06-03T11:34:48.834+0930][gc,heap       ] GC(47) Humongous regions: 129->129
[2019-06-03T11:34:48.834+0930][gc,metaspace  ] GC(47) Metaspace: 32686K->32686K(1079296K)
[2019-06-03T11:34:48.834+0930][gc            ] GC(47) Pause Young (Normal) (G1 Evacuation Pause) 609M->155M(1024M) 19.850ms
[2019-06-03T11:34:48.834+0930][gc,cpu        ] GC(47) User=0.06s Sys=0.06s Real=0.02s
[2019-06-03T11:35:04.851+0930][gc,start      ] GC(48) Pause Young (Normal) (G1 Evacuation Pause)
[2019-06-03T11:35:04.851+0930][gc,task       ] GC(48) Using 8 workers of 8 for evacuation
[2019-06-03T11:35:04.870+0930][gc,phases     ] GC(48)   Pre Evacuate Collection Set: 0.0ms
[2019-06-03T11:35:04.870+0930][gc,phases     ] GC(48)   Evacuate Collection Set: 17.2ms
[2019-06-03T11:35:04.870+0930][gc,phases     ] GC(48)   Post Evacuate Collection Set: 1.2ms
[2019-06-03T11:35:04.870+0930][gc,phases     ] GC(48)   Other: 0.4ms
[2019-06-03T11:35:04.870+0930][gc,heap       ] GC(48) Eden regions: 459->0(460)
[2019-06-03T11:35:04.870+0930][gc,heap       ] GC(48) Survivor regions: 8->8(59)
[2019-06-03T11:35:04.870+0930][gc,heap       ] GC(48) Old regions: 21->21
[2019-06-03T11:35:04.870+0930][gc,heap       ] GC(48) Humongous regions: 129->129
[2019-06-03T11:35:04.870+0930][gc,metaspace  ] GC(48) Metaspace: 32686K->32686K(1079296K)
[2019-06-03T11:35:04.870+0930][gc            ] GC(48) Pause Young (Normal) (G1 Evacuation Pause) 614M->155M(1024M) 19.137ms
[2019-06-03T11:35:04.870+0930][gc,cpu        ] GC(48) User=0.00s Sys=0.00s Real=0.02s
[2019-06-03T11:35:21.215+0930][gc,start      ] GC(49) Pause Young (Normal) (G1 Evacuation Pause)
[2019-06-03T11:35:21.215+0930][gc,task       ] GC(49) Using 8 workers of 8 for evacuation
[2019-06-03T11:35:21.227+0930][gc,phases     ] GC(49)   Pre Evacuate Collection Set: 0.0ms
[2019-06-03T11:35:21.227+0930][gc,phases     ] GC(49)   Evacuate Collection Set: 10.2ms
[2019-06-03T11:35:21.227+0930][gc,phases     ] GC(49)   Post Evacuate Collection Set: 0.9ms
[2019-06-03T11:35:21.227+0930][gc,phases     ] GC(49)   Other: 0.3ms
[2019-06-03T11:35:21.227+0930][gc,heap       ] GC(49) Eden regions: 460->0(479)
[2019-06-03T11:35:21.227+0930][gc,heap       ] GC(49) Survivor regions: 8->8(59)
[2019-06-03T11:35:21.227+0930][gc,heap       ] GC(49) Old regions: 21->22
[2019-06-03T11:35:21.227+0930][gc,heap       ] GC(49) Humongous regions: 129->129
[2019-06-03T11:35:21.227+0930][gc,metaspace  ] GC(49) Metaspace: 32767K->32767K(1079296K)
[2019-06-03T11:35:21.227+0930][gc            ] GC(49) Pause Young (Normal) (G1 Evacuation Pause) 615M->156M(1024M) 11.527ms
[2019-06-03T11:35:21.227+0930][gc,cpu        ] GC(49) User=0.00s Sys=0.01s Real=0.01s
[2019-06-03T11:35:39.110+0930][gc,start      ] GC(50) Pause Young (Normal) (G1 Evacuation Pause)
[2019-06-03T11:35:39.110+0930][gc,task       ] GC(50) Using 8 workers of 8 for evacuation
[2019-06-03T11:35:39.134+0930][gc,mmu        ] GC(50) MMU target violated: 21.0ms (20.0ms/21.0ms)
[2019-06-03T11:35:39.134+0930][gc,phases     ] GC(50)   Pre Evacuate Collection Set: 0.0ms
[2019-06-03T11:35:39.134+0930][gc,phases     ] GC(50)   Evacuate Collection Set: 22.7ms
[2019-06-03T11:35:39.134+0930][gc,phases     ] GC(50)   Post Evacuate Collection Set: 1.3ms
[2019-06-03T11:35:39.134+0930][gc,phases     ] GC(50)   Other: 0.5ms
[2019-06-03T11:35:39.134+0930][gc,heap       ] GC(50) Eden regions: 479->0(481)
[2019-06-03T11:35:39.134+0930][gc,heap       ] GC(50) Survivor regions: 8->8(61)
[2019-06-03T11:35:39.134+0930][gc,heap       ] GC(50) Old regions: 22->22
[2019-06-03T11:35:39.134+0930][gc,heap       ] GC(50) Humongous regions: 129->129
[2019-06-03T11:35:39.134+0930][gc,metaspace  ] GC(50) Metaspace: 32768K->32768K(1079296K)
[2019-06-03T11:35:39.134+0930][gc            ] GC(50) Pause Young (Normal) (G1 Evacuation Pause) 635M->156M(1024M) 24.792ms
[2019-06-03T11:35:39.134+0930][gc,cpu        ] GC(50) User=0.02s Sys=0.08s Real=0.03s
[2019-06-03T11:35:57.216+0930][gc,start      ] GC(51) Pause Young (Normal) (G1 Evacuation Pause)
[2019-06-03T11:35:57.216+0930][gc,task       ] GC(51) Using 8 workers of 8 for evacuation
[2019-06-03T11:35:57.230+0930][gc,phases     ] GC(51)   Pre Evacuate Collection Set: 0.0ms
[2019-06-03T11:35:57.230+0930][gc,phases     ] GC(51)   Evacuate Collection Set: 12.9ms
[2019-06-03T11:35:57.230+0930][gc,phases     ] GC(51)   Post Evacuate Collection Set: 1.2ms
[2019-06-03T11:35:57.230+0930][gc,phases     ] GC(51)   Other: 0.3ms
[2019-06-03T11:35:57.230+0930][gc,heap       ] GC(51) Eden regions: 481->0(495)
[2019-06-03T11:35:57.230+0930][gc,heap       ] GC(51) Survivor regions: 8->7(62)
[2019-06-03T11:35:57.230+0930][gc,heap       ] GC(51) Old regions: 22->23
[2019-06-03T11:35:57.230+0930][gc,heap       ] GC(51) Humongous regions: 129->129
[2019-06-03T11:35:57.230+0930][gc,metaspace  ] GC(51) Metaspace: 32775K->32775K(1079296K)
[2019-06-03T11:35:57.230+0930][gc            ] GC(51) Pause Young (Normal) (G1 Evacuation Pause) 637M->157M(1024M) 14.781ms
[2019-06-03T11:35:57.230+0930][gc,cpu        ] GC(51) User=0.08s Sys=0.01s Real=0.01s
[2019-06-03T11:36:15.419+0930][gc,start      ] GC(52) Pause Young (Normal) (G1 Evacuation Pause)
[2019-06-03T11:36:15.419+0930][gc,task       ] GC(52) Using 8 workers of 8 for evacuation
[2019-06-03T11:36:15.440+0930][gc,mmu        ] GC(52) MMU target violated: 20.7ms (20.0ms/21.0ms)
[2019-06-03T11:36:15.440+0930][gc,phases     ] GC(52)   Pre Evacuate Collection Set: 0.0ms
[2019-06-03T11:36:15.440+0930][gc,phases     ] GC(52)   Evacuate Collection Set: 19.3ms
[2019-06-03T11:36:15.440+0930][gc,phases     ] GC(52)   Post Evacuate Collection Set: 1.2ms
[2019-06-03T11:36:15.440+0930][gc,phases     ] GC(52)   Other: 0.4ms
[2019-06-03T11:36:15.440+0930][gc,heap       ] GC(52) Eden regions: 495->0(495)
[2019-06-03T11:36:15.440+0930][gc,heap       ] GC(52) Survivor regions: 7->7(63)
[2019-06-03T11:36:15.440+0930][gc,heap       ] GC(52) Old regions: 23->24
[2019-06-03T11:36:15.440+0930][gc,heap       ] GC(52) Humongous regions: 129->129
[2019-06-03T11:36:15.440+0930][gc,metaspace  ] GC(52) Metaspace: 32777K->32777K(1079296K)
[2019-06-03T11:36:15.440+0930][gc            ] GC(52) Pause Young (Normal) (G1 Evacuation Pause) 652M->157M(1024M) 21.202ms
[2019-06-03T11:36:15.440+0930][gc,cpu        ] GC(52) User=0.07s Sys=0.01s Real=0.02s
[2019-06-03T11:36:32.645+0930][gc,start      ] GC(53) Pause Young (Normal) (G1 Evacuation Pause)
[2019-06-03T11:36:32.645+0930][gc,task       ] GC(53) Using 8 workers of 8 for evacuation
[2019-06-03T11:36:32.658+0930][gc,phases     ] GC(53)   Pre Evacuate Collection Set: 0.0ms
[2019-06-03T11:36:32.658+0930][gc,phases     ] GC(53)   Evacuate Collection Set: 11.5ms
[2019-06-03T11:36:32.658+0930][gc,phases     ] GC(53)   Post Evacuate Collection Set: 1.2ms
[2019-06-03T11:36:32.658+0930][gc,phases     ] GC(53)   Other: 0.3ms
[2019-06-03T11:36:32.658+0930][gc,heap       ] GC(53) Eden regions: 495->0(498)
[2019-06-03T11:36:32.659+0930][gc,heap       ] GC(53) Survivor regions: 7->7(63)
[2019-06-03T11:36:32.659+0930][gc,heap       ] GC(53) Old regions: 24->24
[2019-06-03T11:36:32.659+0930][gc,heap       ] GC(53) Humongous regions: 129->129
[2019-06-03T11:36:32.659+0930][gc,metaspace  ] GC(53) Metaspace: 32777K->32777K(1079296K)
[2019-06-03T11:36:32.659+0930][gc            ] GC(53) Pause Young (Normal) (G1 Evacuation Pause) 652M->157M(1024M) 13.373ms
[2019-06-03T11:36:32.659+0930][gc,cpu        ] GC(53) User=0.00s Sys=0.00s Real=0.01s
[2019-06-03T11:36:50.501+0930][gc,start      ] GC(54) Pause Young (Normal) (G1 Evacuation Pause)
[2019-06-03T11:36:50.501+0930][gc,task       ] GC(54) Using 8 workers of 8 for evacuation
[2019-06-03T11:36:50.518+0930][gc,phases     ] GC(54)   Pre Evacuate Collection Set: 0.0ms
[2019-06-03T11:36:50.518+0930][gc,phases     ] GC(54)   Evacuate Collection Set: 15.1ms
[2019-06-03T11:36:50.518+0930][gc,phases     ] GC(54)   Post Evacuate Collection Set: 1.3ms
[2019-06-03T11:36:50.518+0930][gc,phases     ] GC(54)   Other: 0.4ms
[2019-06-03T11:36:50.518+0930][gc,heap       ] GC(54) Eden regions: 498->0(504)
[2019-06-03T11:36:50.518+0930][gc,heap       ] GC(54) Survivor regions: 7->7(64)
[2019-06-03T11:36:50.518+0930][gc,heap       ] GC(54) Old regions: 24->25
[2019-06-03T11:36:50.518+0930][gc,heap       ] GC(54) Humongous regions: 129->129
[2019-06-03T11:36:50.518+0930][gc,metaspace  ] GC(54) Metaspace: 32779K->32779K(1079296K)
[2019-06-03T11:36:50.518+0930][gc            ] GC(54) Pause Young (Normal) (G1 Evacuation Pause) 655M->158M(1024M) 17.184ms
[2019-06-03T11:36:50.518+0930][gc,cpu        ] GC(54) User=0.05s Sys=0.03s Real=0.02s
[2019-06-03T11:37:09.078+0930][gc,start      ] GC(55) Pause Young (Normal) (G1 Evacuation Pause)
[2019-06-03T11:37:09.079+0930][gc,task       ] GC(55) Using 8 workers of 8 for evacuation
[2019-06-03T11:37:09.098+0930][gc,phases     ] GC(55)   Pre Evacuate Collection Set: 0.0ms
[2019-06-03T11:37:09.098+0930][gc,phases     ] GC(55)   Evacuate Collection Set: 18.2ms
[2019-06-03T11:37:09.098+0930][gc,phases     ] GC(55)   Post Evacuate Collection Set: 1.2ms
[2019-06-03T11:37:09.098+0930][gc,phases     ] GC(55)   Other: 0.4ms
[2019-06-03T11:37:09.098+0930][gc,heap       ] GC(55) Eden regions: 504->0(506)
[2019-06-03T11:37:09.098+0930][gc,heap       ] GC(55) Survivor regions: 7->7(64)
[2019-06-03T11:37:09.098+0930][gc,heap       ] GC(55) Old regions: 25->25
[2019-06-03T11:37:09.099+0930][gc,heap       ] GC(55) Humongous regions: 129->129
[2019-06-03T11:37:09.099+0930][gc,metaspace  ] GC(55) Metaspace: 32779K->32779K(1079296K)
[2019-06-03T11:37:09.099+0930][gc            ] GC(55) Pause Young (Normal) (G1 Evacuation Pause) 662M->158M(1024M) 20.243ms
[2019-06-03T11:37:09.099+0930][gc,cpu        ] GC(55) User=0.06s Sys=0.06s Real=0.02s
[2019-06-03T11:37:27.243+0930][gc,start      ] GC(56) Pause Young (Normal) (G1 Evacuation Pause)
[2019-06-03T11:37:27.243+0930][gc,task       ] GC(56) Using 8 workers of 8 for evacuation
[2019-06-03T11:37:27.258+0930][gc,phases     ] GC(56)   Pre Evacuate Collection Set: 0.0ms
[2019-06-03T11:37:27.258+0930][gc,phases     ] GC(56)   Evacuate Collection Set: 12.6ms
[2019-06-03T11:37:27.258+0930][gc,phases     ] GC(56)   Post Evacuate Collection Set: 1.4ms
[2019-06-03T11:37:27.258+0930][gc,phases     ] GC(56)   Other: 0.3ms
[2019-06-03T11:37:27.258+0930][gc,heap       ] GC(56) Eden regions: 506->0(512)
[2019-06-03T11:37:27.258+0930][gc,heap       ] GC(56) Survivor regions: 7->7(65)
[2019-06-03T11:37:27.258+0930][gc,heap       ] GC(56) Old regions: 25->26
[2019-06-03T11:37:27.258+0930][gc,heap       ] GC(56) Humongous regions: 129->129
[2019-06-03T11:37:27.258+0930][gc,metaspace  ] GC(56) Metaspace: 32779K->32779K(1079296K)
[2019-06-03T11:37:27.258+0930][gc            ] GC(56) Pause Young (Normal) (G1 Evacuation Pause) 664M->159M(1024M) 14.668ms
[2019-06-03T11:37:27.258+0930][gc,cpu        ] GC(56) User=0.00s Sys=0.00s Real=0.01s
[2019-06-03T11:37:45.921+0930][gc,start      ] GC(57) Pause Young (Normal) (G1 Evacuation Pause)
[2019-06-03T11:37:45.921+0930][gc,task       ] GC(57) Using 8 workers of 8 for evacuation
[2019-06-03T11:37:45.943+0930][gc,mmu        ] GC(57) MMU target violated: 21.0ms (20.0ms/21.0ms)
[2019-06-03T11:37:45.944+0930][gc,phases     ] GC(57)   Pre Evacuate Collection Set: 0.2ms
[2019-06-03T11:37:45.944+0930][gc,phases     ] GC(57)   Evacuate Collection Set: 20.5ms
[2019-06-03T11:37:45.944+0930][gc,phases     ] GC(57)   Post Evacuate Collection Set: 1.3ms
[2019-06-03T11:37:45.944+0930][gc,phases     ] GC(57)   Other: 0.5ms
[2019-06-03T11:37:45.944+0930][gc,heap       ] GC(57) Eden regions: 512->0(513)
[2019-06-03T11:37:45.944+0930][gc,heap       ] GC(57) Survivor regions: 7->7(65)
[2019-06-03T11:37:45.944+0930][gc,heap       ] GC(57) Old regions: 26->26
[2019-06-03T11:37:45.944+0930][gc,heap       ] GC(57) Humongous regions: 129->129
[2019-06-03T11:37:45.944+0930][gc,metaspace  ] GC(57) Metaspace: 32789K->32789K(1079296K)
[2019-06-03T11:37:45.944+0930][gc            ] GC(57) Pause Young (Normal) (G1 Evacuation Pause) 671M->159M(1024M) 22.548ms
[2019-06-03T11:37:45.944+0930][gc,cpu        ] GC(57) User=0.12s Sys=0.06s Real=0.02s
[2019-06-03T11:38:03.374+0930][gc,start      ] GC(58) Pause Young (Normal) (G1 Evacuation Pause)
[2019-06-03T11:38:03.374+0930][gc,task       ] GC(58) Using 8 workers of 8 for evacuation
[2019-06-03T11:38:03.386+0930][gc,phases     ] GC(58)   Pre Evacuate Collection Set: 0.0ms
[2019-06-03T11:38:03.386+0930][gc,phases     ] GC(58)   Evacuate Collection Set: 10.3ms
[2019-06-03T11:38:03.386+0930][gc,phases     ] GC(58)   Post Evacuate Collection Set: 1.3ms
[2019-06-03T11:38:03.386+0930][gc,phases     ] GC(58)   Other: 0.3ms
[2019-06-03T11:38:03.386+0930][gc,heap       ] GC(58) Eden regions: 513->0(524)
[2019-06-03T11:38:03.386+0930][gc,heap       ] GC(58) Survivor regions: 7->7(65)
[2019-06-03T11:38:03.386+0930][gc,heap       ] GC(58) Old regions: 26->27
[2019-06-03T11:38:03.386+0930][gc,heap       ] GC(58) Humongous regions: 129->129
[2019-06-03T11:38:03.387+0930][gc,metaspace  ] GC(58) Metaspace: 32794K->32794K(1079296K)
[2019-06-03T11:38:03.387+0930][gc            ] GC(58) Pause Young (Normal) (G1 Evacuation Pause) 672M->160M(1024M) 12.343ms
[2019-06-03T11:38:03.387+0930][gc,cpu        ] GC(58) User=0.00s Sys=0.00s Real=0.01s
[2019-06-03T11:38:20.845+0930][gc,start      ] GC(59) Pause Young (Normal) (G1 Evacuation Pause)
[2019-06-03T11:38:20.845+0930][gc,task       ] GC(59) Using 8 workers of 8 for evacuation
[2019-06-03T11:38:20.866+0930][gc,mmu        ] GC(59) MMU target violated: 21.0ms (20.0ms/21.0ms)
[2019-06-03T11:38:20.867+0930][gc,phases     ] GC(59)   Pre Evacuate Collection Set: 0.0ms
[2019-06-03T11:38:20.867+0930][gc,phases     ] GC(59)   Evacuate Collection Set: 19.6ms
[2019-06-03T11:38:20.867+0930][gc,phases     ] GC(59)   Post Evacuate Collection Set: 1.3ms
[2019-06-03T11:38:20.867+0930][gc,phases     ] GC(59)   Other: 0.4ms
[2019-06-03T11:38:20.867+0930][gc,heap       ] GC(59) Eden regions: 524->0(526)
[2019-06-03T11:38:20.867+0930][gc,heap       ] GC(59) Survivor regions: 7->7(67)
[2019-06-03T11:38:20.867+0930][gc,heap       ] GC(59) Old regions: 27->27
[2019-06-03T11:38:20.867+0930][gc,heap       ] GC(59) Humongous regions: 129->129
[2019-06-03T11:38:20.867+0930][gc,metaspace  ] GC(59) Metaspace: 32799K->32799K(1079296K)
[2019-06-03T11:38:20.867+0930][gc            ] GC(59) Pause Young (Normal) (G1 Evacuation Pause) 684M->160M(1024M) 21.699ms
[2019-06-03T11:38:20.867+0930][gc,cpu        ] GC(59) User=0.05s Sys=0.08s Real=0.02s
[2019-06-03T11:38:39.802+0930][gc,start      ] GC(60) Pause Young (Normal) (G1 Evacuation Pause)
[2019-06-03T11:38:39.802+0930][gc,task       ] GC(60) Using 8 workers of 8 for evacuation
[2019-06-03T11:38:39.816+0930][gc,phases     ] GC(60)   Pre Evacuate Collection Set: 0.0ms
[2019-06-03T11:38:39.816+0930][gc,phases     ] GC(60)   Evacuate Collection Set: 12.1ms
[2019-06-03T11:38:39.816+0930][gc,phases     ] GC(60)   Post Evacuate Collection Set: 1.4ms
[2019-06-03T11:38:39.816+0930][gc,phases     ] GC(60)   Other: 0.3ms
[2019-06-03T11:38:39.816+0930][gc,heap       ] GC(60) Eden regions: 526->0(529)
[2019-06-03T11:38:39.816+0930][gc,heap       ] GC(60) Survivor regions: 7->7(67)
[2019-06-03T11:38:39.816+0930][gc,heap       ] GC(60) Old regions: 27->27
[2019-06-03T11:38:39.816+0930][gc,heap       ] GC(60) Humongous regions: 129->129
[2019-06-03T11:38:39.816+0930][gc,metaspace  ] GC(60) Metaspace: 32811K->32811K(1079296K)
[2019-06-03T11:38:39.816+0930][gc            ] GC(60) Pause Young (Normal) (G1 Evacuation Pause) 686M->161M(1024M) 14.221ms
[2019-06-03T11:38:39.816+0930][gc,cpu        ] GC(60) User=0.00s Sys=0.00s Real=0.01s
[2019-06-03T11:38:58.389+0930][gc,start      ] GC(61) Pause Young (Normal) (G1 Evacuation Pause)
[2019-06-03T11:38:58.389+0930][gc,task       ] GC(61) Using 8 workers of 8 for evacuation
[2019-06-03T11:38:58.406+0930][gc,phases     ] GC(61)   Pre Evacuate Collection Set: 0.0ms
[2019-06-03T11:38:58.406+0930][gc,phases     ] GC(61)   Evacuate Collection Set: 15.1ms
[2019-06-03T11:38:58.406+0930][gc,phases     ] GC(61)   Post Evacuate Collection Set: 1.4ms
[2019-06-03T11:38:58.406+0930][gc,phases     ] GC(61)   Other: 0.3ms
[2019-06-03T11:38:58.406+0930][gc,heap       ] GC(61) Eden regions: 529->0(533)
[2019-06-03T11:38:58.406+0930][gc,heap       ] GC(61) Survivor regions: 7->7(67)
[2019-06-03T11:38:58.406+0930][gc,heap       ] GC(61) Old regions: 27->28
[2019-06-03T11:38:58.406+0930][gc,heap       ] GC(61) Humongous regions: 129->129
[2019-06-03T11:38:58.406+0930][gc,metaspace  ] GC(61) Metaspace: 32813K->32813K(1079296K)
[2019-06-03T11:38:58.406+0930][gc            ] GC(61) Pause Young (Normal) (G1 Evacuation Pause) 690M->161M(1024M) 17.160ms
[2019-06-03T11:38:58.406+0930][gc,cpu        ] GC(61) User=0.02s Sys=0.00s Real=0.02s
[2019-06-03T11:39:22.610+0930][gc,start      ] GC(62) Pause Young (Normal) (G1 Evacuation Pause)
[2019-06-03T11:39:22.610+0930][gc,task       ] GC(62) Using 8 workers of 8 for evacuation
[2019-06-03T11:39:22.632+0930][gc,mmu        ] GC(62) MMU target violated: 21.0ms (20.0ms/21.0ms)
[2019-06-03T11:39:22.632+0930][gc,phases     ] GC(62)   Pre Evacuate Collection Set: 0.0ms
[2019-06-03T11:39:22.632+0930][gc,phases     ] GC(62)   Evacuate Collection Set: 20.3ms
[2019-06-03T11:39:22.632+0930][gc,phases     ] GC(62)   Post Evacuate Collection Set: 1.4ms
[2019-06-03T11:39:22.632+0930][gc,phases     ] GC(62)   Other: 0.5ms
[2019-06-03T11:39:22.632+0930][gc,heap       ] GC(62) Eden regions: 532->0(533)
[2019-06-03T11:39:22.632+0930][gc,heap       ] GC(62) Survivor regions: 7->7(68)
[2019-06-03T11:39:22.632+0930][gc,heap       ] GC(62) Old regions: 28->28
[2019-06-03T11:39:22.632+0930][gc,heap       ] GC(62) Humongous regions: 129->129
[2019-06-03T11:39:22.632+0930][gc,metaspace  ] GC(62) Metaspace: 32817K->32817K(1079296K)
[2019-06-03T11:39:22.632+0930][gc            ] GC(62) Pause Young (Normal) (G1 Evacuation Pause) 693M->162M(1024M) 22.498ms
[2019-06-03T11:39:22.632+0930][gc,cpu        ] GC(62) User=0.05s Sys=0.11s Real=0.03s
[2019-06-03T11:39:56.774+0930][gc,start      ] GC(63) Pause Young (Normal) (G1 Evacuation Pause)
[2019-06-03T11:39:56.774+0930][gc,task       ] GC(63) Using 8 workers of 8 for evacuation
[2019-06-03T11:39:56.793+0930][gc,phases     ] GC(63)   Pre Evacuate Collection Set: 0.0ms
[2019-06-03T11:39:56.793+0930][gc,phases     ] GC(63)   Evacuate Collection Set: 16.5ms
[2019-06-03T11:39:56.793+0930][gc,phases     ] GC(63)   Post Evacuate Collection Set: 1.6ms
[2019-06-03T11:39:56.793+0930][gc,phases     ] GC(63)   Other: 0.6ms
[2019-06-03T11:39:56.793+0930][gc,heap       ] GC(63) Eden regions: 533->0(535)
[2019-06-03T11:39:56.793+0930][gc,heap       ] GC(63) Survivor regions: 7->7(68)
[2019-06-03T11:39:56.793+0930][gc,heap       ] GC(63) Old regions: 28->29
[2019-06-03T11:39:56.793+0930][gc,heap       ] GC(63) Humongous regions: 129->129
[2019-06-03T11:39:56.793+0930][gc,metaspace  ] GC(63) Metaspace: 32829K->32829K(1079296K)
[2019-06-03T11:39:56.793+0930][gc            ] GC(63) Pause Young (Normal) (G1 Evacuation Pause) 695M->162M(1024M) 19.043ms
[2019-06-03T11:39:56.793+0930][gc,cpu        ] GC(63) User=0.06s Sys=0.06s Real=0.02s
[2019-06-03T11:40:49.758+0930][gc,start      ] GC(64) Pause Young (Normal) (G1 Evacuation Pause)
[2019-06-03T11:40:49.758+0930][gc,task       ] GC(64) Using 8 workers of 8 for evacuation
[2019-06-03T11:40:49.779+0930][gc,mmu        ] GC(64) MMU target violated: 21.0ms (20.0ms/21.0ms)
[2019-06-03T11:40:49.779+0930][gc,phases     ] GC(64)   Pre Evacuate Collection Set: 0.0ms
[2019-06-03T11:40:49.780+0930][gc,phases     ] GC(64)   Evacuate Collection Set: 19.4ms
[2019-06-03T11:40:49.780+0930][gc,phases     ] GC(64)   Post Evacuate Collection Set: 1.4ms
[2019-06-03T11:40:49.780+0930][gc,phases     ] GC(64)   Other: 0.6ms
[2019-06-03T11:40:49.780+0930][gc,heap       ] GC(64) Eden regions: 535->0(534)
[2019-06-03T11:40:49.780+0930][gc,heap       ] GC(64) Survivor regions: 7->7(68)
[2019-06-03T11:40:49.780+0930][gc,heap       ] GC(64) Old regions: 29->29
[2019-06-03T11:40:49.780+0930][gc,heap       ] GC(64) Humongous regions: 129->129
[2019-06-03T11:40:49.780+0930][gc,metaspace  ] GC(64) Metaspace: 32834K->32834K(1079296K)
[2019-06-03T11:40:49.780+0930][gc            ] GC(64) Pause Young (Normal) (G1 Evacuation Pause) 697M->163M(1024M) 21.734ms
[2019-06-03T11:40:49.780+0930][gc,cpu        ] GC(64) User=0.00s Sys=0.11s Real=0.02s
[2019-06-03T11:41:35.275+0930][gc,start      ] GC(65) Pause Young (Normal) (G1 Evacuation Pause)
[2019-06-03T11:41:35.275+0930][gc,task       ] GC(65) Using 8 workers of 8 for evacuation
[2019-06-03T11:41:35.294+0930][gc,phases     ] GC(65)   Pre Evacuate Collection Set: 0.3ms
[2019-06-03T11:41:35.294+0930][gc,phases     ] GC(65)   Evacuate Collection Set: 16.7ms
[2019-06-03T11:41:35.294+0930][gc,phases     ] GC(65)   Post Evacuate Collection Set: 1.7ms
[2019-06-03T11:41:35.295+0930][gc,phases     ] GC(65)   Other: 0.7ms
[2019-06-03T11:41:35.295+0930][gc,heap       ] GC(65) Eden regions: 534->0(535)
[2019-06-03T11:41:35.295+0930][gc,heap       ] GC(65) Survivor regions: 7->8(68)
[2019-06-03T11:41:35.295+0930][gc,heap       ] GC(65) Old regions: 29->29
[2019-06-03T11:41:35.295+0930][gc,heap       ] GC(65) Humongous regions: 129->129
[2019-06-03T11:41:35.295+0930][gc,metaspace  ] GC(65) Metaspace: 32841K->32841K(1079296K)
[2019-06-03T11:41:35.295+0930][gc            ] GC(65) Pause Young (Normal) (G1 Evacuation Pause) 697M->164M(1024M) 19.723ms
[2019-06-03T11:41:35.295+0930][gc,cpu        ] GC(65) User=0.12s Sys=0.00s Real=0.02s
[2019-06-03T11:42:26.891+0930][gc,start      ] GC(66) Pause Young (Normal) (G1 Evacuation Pause)
[2019-06-03T11:42:26.891+0930][gc,task       ] GC(66) Using 8 workers of 8 for evacuation
[2019-06-03T11:42:26.943+0930][gc,mmu        ] GC(66) MMU target violated: 21.0ms (20.0ms/21.0ms)
[2019-06-03T11:42:26.944+0930][gc,phases     ] GC(66)   Pre Evacuate Collection Set: 0.0ms
[2019-06-03T11:42:26.944+0930][gc,phases     ] GC(66)   Evacuate Collection Set: 43.9ms
[2019-06-03T11:42:26.944+0930][gc,phases     ] GC(66)   Post Evacuate Collection Set: 7.5ms
[2019-06-03T11:42:26.945+0930][gc,phases     ] GC(66)   Other: 2.2ms
[2019-06-03T11:42:26.945+0930][gc,heap       ] GC(66) Eden regions: 535->0(42)
[2019-06-03T11:42:26.946+0930][gc,heap       ] GC(66) Survivor regions: 8->9(68)
[2019-06-03T11:42:26.946+0930][gc,heap       ] GC(66) Old regions: 29->30
[2019-06-03T11:42:26.947+0930][gc,heap       ] GC(66) Humongous regions: 129->129
[2019-06-03T11:42:26.947+0930][gc,metaspace  ] GC(66) Metaspace: 32841K->32841K(1079296K)
[2019-06-03T11:42:26.947+0930][gc            ] GC(66) Pause Young (Normal) (G1 Evacuation Pause) 699M->165M(1024M) 56.275ms
[2019-06-03T11:42:26.949+0930][gc,cpu        ] GC(66) User=0.14s Sys=0.01s Real=0.06s
[2019-06-03T11:42:32.472+0930][gc,start      ] GC(67) Pause Young (Normal) (G1 Evacuation Pause)
[2019-06-03T11:42:32.472+0930][gc,task       ] GC(67) Using 8 workers of 8 for evacuation
[2019-06-03T11:42:32.485+0930][gc,phases     ] GC(67)   Pre Evacuate Collection Set: 0.0ms
[2019-06-03T11:42:32.485+0930][gc,phases     ] GC(67)   Evacuate Collection Set: 11.8ms
[2019-06-03T11:42:32.485+0930][gc,phases     ] GC(67)   Post Evacuate Collection Set: 0.6ms
[2019-06-03T11:42:32.485+0930][gc,phases     ] GC(67)   Other: 0.3ms
[2019-06-03T11:42:32.485+0930][gc,heap       ] GC(67) Eden regions: 42->0(373)
[2019-06-03T11:42:32.485+0930][gc,heap       ] GC(67) Survivor regions: 9->4(7)
[2019-06-03T11:42:32.485+0930][gc,heap       ] GC(67) Old regions: 30->34
[2019-06-03T11:42:32.485+0930][gc,heap       ] GC(67) Humongous regions: 129->129
[2019-06-03T11:42:32.485+0930][gc,metaspace  ] GC(67) Metaspace: 32841K->32841K(1079296K)
[2019-06-03T11:42:32.485+0930][gc            ] GC(67) Pause Young (Normal) (G1 Evacuation Pause) 207M->165M(1024M) 12.928ms
[2019-06-03T11:42:32.485+0930][gc,cpu        ] GC(67) User=0.06s Sys=0.05s Real=0.01s
[2019-06-03T11:43:05.339+0930][gc,start      ] GC(68) Pause Young (Normal) (G1 Evacuation Pause)
[2019-06-03T11:43:05.339+0930][gc,task       ] GC(68) Using 8 workers of 8 for evacuation
[2019-06-03T11:43:05.349+0930][gc,phases     ] GC(68)   Pre Evacuate Collection Set: 0.0ms
[2019-06-03T11:43:05.349+0930][gc,phases     ] GC(68)   Evacuate Collection Set: 8.8ms
[2019-06-03T11:43:05.349+0930][gc,phases     ] GC(68)   Post Evacuate Collection Set: 1.3ms
[2019-06-03T11:43:05.349+0930][gc,phases     ] GC(68)   Other: 0.5ms
[2019-06-03T11:43:05.350+0930][gc,heap       ] GC(68) Eden regions: 373->0(274)
[2019-06-03T11:43:05.350+0930][gc,heap       ] GC(68) Survivor regions: 4->5(48)
[2019-06-03T11:43:05.350+0930][gc,heap       ] GC(68) Old regions: 34->34
[2019-06-03T11:43:05.350+0930][gc,heap       ] GC(68) Humongous regions: 129->129
[2019-06-03T11:43:05.350+0930][gc,metaspace  ] GC(68) Metaspace: 32843K->32843K(1079296K)
[2019-06-03T11:43:05.350+0930][gc            ] GC(68) Pause Young (Normal) (G1 Evacuation Pause) 538M->165M(1024M) 10.991ms
[2019-06-03T11:43:05.350+0930][gc,cpu        ] GC(68) User=0.01s Sys=0.00s Real=0.01s
[2019-06-03T11:43:24.523+0930][gc,start      ] GC(69) Pause Young (Normal) (G1 Evacuation Pause)
[2019-06-03T11:43:24.523+0930][gc,task       ] GC(69) Using 8 workers of 8 for evacuation
[2019-06-03T11:43:24.531+0930][gc,phases     ] GC(69)   Pre Evacuate Collection Set: 0.0ms
[2019-06-03T11:43:24.531+0930][gc,phases     ] GC(69)   Evacuate Collection Set: 6.9ms
[2019-06-03T11:43:24.531+0930][gc,phases     ] GC(69)   Post Evacuate Collection Set: 0.9ms
[2019-06-03T11:43:24.531+0930][gc,phases     ] GC(69)   Other: 0.3ms
[2019-06-03T11:43:24.531+0930][gc,heap       ] GC(69) Eden regions: 274->0(288)
[2019-06-03T11:43:24.531+0930][gc,heap       ] GC(69) Survivor regions: 5->5(35)
[2019-06-03T11:43:24.531+0930][gc,heap       ] GC(69) Old regions: 34->34
[2019-06-03T11:43:24.531+0930][gc,heap       ] GC(69) Humongous regions: 129->129
[2019-06-03T11:43:24.531+0930][gc,metaspace  ] GC(69) Metaspace: 32845K->32845K(1079296K)
[2019-06-03T11:43:24.531+0930][gc            ] GC(69) Pause Young (Normal) (G1 Evacuation Pause) 439M->166M(1024M) 8.453ms
[2019-06-03T11:43:24.531+0930][gc,cpu        ] GC(69) User=0.00s Sys=0.00s Real=0.00s
[2019-06-03T11:43:48.539+0930][gc,start      ] GC(70) Pause Young (Normal) (G1 Evacuation Pause)
[2019-06-03T11:43:48.539+0930][gc,task       ] GC(70) Using 8 workers of 8 for evacuation
[2019-06-03T11:43:48.548+0930][gc,phases     ] GC(70)   Pre Evacuate Collection Set: 0.0ms
[2019-06-03T11:43:48.548+0930][gc,phases     ] GC(70)   Evacuate Collection Set: 7.7ms
[2019-06-03T11:43:48.548+0930][gc,phases     ] GC(70)   Post Evacuate Collection Set: 1.1ms
[2019-06-03T11:43:48.548+0930][gc,phases     ] GC(70)   Other: 0.4ms
[2019-06-03T11:43:48.548+0930][gc,heap       ] GC(70) Eden regions: 288->0(292)
[2019-06-03T11:43:48.548+0930][gc,heap       ] GC(70) Survivor regions: 5->6(37)
[2019-06-03T11:43:48.548+0930][gc,heap       ] GC(70) Old regions: 34->34
[2019-06-03T11:43:48.548+0930][gc,heap       ] GC(70) Humongous regions: 129->129
[2019-06-03T11:43:48.548+0930][gc,metaspace  ] GC(70) Metaspace: 32845K->32845K(1079296K)
[2019-06-03T11:43:48.548+0930][gc            ] GC(70) Pause Young (Normal) (G1 Evacuation Pause) 454M->166M(1024M) 9.558ms
[2019-06-03T11:43:48.548+0930][gc,cpu        ] GC(70) User=0.00s Sys=0.00s Real=0.01s
[2019-06-03T11:44:05.161+0930][gc,start      ] GC(71) Pause Young (Normal) (G1 Evacuation Pause)
[2019-06-03T11:44:05.161+0930][gc,task       ] GC(71) Using 8 workers of 8 for evacuation
[2019-06-03T11:44:05.176+0930][gc,phases     ] GC(71)   Pre Evacuate Collection Set: 0.1ms
[2019-06-03T11:44:05.176+0930][gc,phases     ] GC(71)   Evacuate Collection Set: 13.2ms
[2019-06-03T11:44:05.177+0930][gc,phases     ] GC(71)   Post Evacuate Collection Set: 1.4ms
[2019-06-03T11:44:05.177+0930][gc,phases     ] GC(71)   Other: 0.7ms
[2019-06-03T11:44:05.177+0930][gc,heap       ] GC(71) Eden regions: 292->0(292)
[2019-06-03T11:44:05.177+0930][gc,heap       ] GC(71) Survivor regions: 6->6(38)
[2019-06-03T11:44:05.177+0930][gc,heap       ] GC(71) Old regions: 34->34
[2019-06-03T11:44:05.177+0930][gc,heap       ] GC(71) Humongous regions: 129->129
[2019-06-03T11:44:05.177+0930][gc,metaspace  ] GC(71) Metaspace: 32845K->32845K(1079296K)
[2019-06-03T11:44:05.177+0930][gc            ] GC(71) Pause Young (Normal) (G1 Evacuation Pause) 458M->167M(1024M) 15.705ms
[2019-06-03T11:44:05.177+0930][gc,cpu        ] GC(71) User=0.02s Sys=0.03s Real=0.01s
[2019-06-03T11:44:31.393+0930][gc,start      ] GC(72) Pause Young (Normal) (G1 Evacuation Pause)
[2019-06-03T11:44:31.393+0930][gc,task       ] GC(72) Using 8 workers of 8 for evacuation
[2019-06-03T11:44:31.401+0930][gc,phases     ] GC(72)   Pre Evacuate Collection Set: 0.1ms
[2019-06-03T11:44:31.401+0930][gc,phases     ] GC(72)   Evacuate Collection Set: 6.5ms
[2019-06-03T11:44:31.401+0930][gc,phases     ] GC(72)   Post Evacuate Collection Set: 1.0ms
[2019-06-03T11:44:31.401+0930][gc,phases     ] GC(72)   Other: 0.5ms
[2019-06-03T11:44:31.401+0930][gc,heap       ] GC(72) Eden regions: 292->0(297)
[2019-06-03T11:44:31.401+0930][gc,heap       ] GC(72) Survivor regions: 6->7(38)
[2019-06-03T11:44:31.401+0930][gc,heap       ] GC(72) Old regions: 34->34
[2019-06-03T11:44:31.401+0930][gc,heap       ] GC(72) Humongous regions: 129->129
[2019-06-03T11:44:31.401+0930][gc,metaspace  ] GC(72) Metaspace: 32859K->32859K(1079296K)
[2019-06-03T11:44:31.401+0930][gc            ] GC(72) Pause Young (Normal) (G1 Evacuation Pause) 459M->167M(1024M) 8.275ms
[2019-06-03T11:44:31.401+0930][gc,cpu        ] GC(72) User=0.13s Sys=0.00s Real=0.00s
[2019-06-03T11:44:57.534+0930][gc,start      ] GC(73) Pause Young (Normal) (G1 Evacuation Pause)
[2019-06-03T11:44:57.534+0930][gc,task       ] GC(73) Using 8 workers of 8 for evacuation
[2019-06-03T11:44:57.547+0930][gc,phases     ] GC(73)   Pre Evacuate Collection Set: 0.0ms
[2019-06-03T11:44:57.547+0930][gc,phases     ] GC(73)   Evacuate Collection Set: 11.6ms
[2019-06-03T11:44:57.547+0930][gc,phases     ] GC(73)   Post Evacuate Collection Set: 1.4ms
[2019-06-03T11:44:57.547+0930][gc,phases     ] GC(73)   Other: 0.5ms
[2019-06-03T11:44:57.547+0930][gc,heap       ] GC(73) Eden regions: 296->0(299)
[2019-06-03T11:44:57.547+0930][gc,heap       ] GC(73) Survivor regions: 7->8(38)
[2019-06-03T11:44:57.547+0930][gc,heap       ] GC(73) Old regions: 34->34
[2019-06-03T11:44:57.548+0930][gc,heap       ] GC(73) Humongous regions: 129->129
[2019-06-03T11:44:57.548+0930][gc,metaspace  ] GC(73) Metaspace: 32862K->32862K(1079296K)
[2019-06-03T11:44:57.548+0930][gc            ] GC(73) Pause Young (Normal) (G1 Evacuation Pause) 463M->168M(1024M) 13.916ms
[2019-06-03T11:44:57.548+0930][gc,cpu        ] GC(73) User=0.11s Sys=0.02s Real=0.01s
