[2019-06-03T11:52:48.581+0930][gc,heap] Heap region size: 1M
[2019-06-03T11:52:48.637+0930][gc     ] Using G1
[2019-06-03T11:52:48.637+0930][gc,heap,coops] Heap address: 0x00000000c0000000, size: 1024 MB, Compressed Oops mode: 32-bit
[2019-06-03T11:52:48.639+0930][gc,cds       ] Mark closed archive regions in map: [0x00000000fff00000, 0x00000000fff69ff8]
[2019-06-03T11:52:48.640+0930][gc,cds       ] Mark open archive regions in map: [0x00000000ffe00000, 0x00000000ffe34ff8]
[2019-06-03T11:52:51.412+0930][gc,start     ] GC(0) Pause Young (Normal) (G1 Evacuation Pause)
[2019-06-03T11:52:51.416+0930][gc,task      ] GC(0) Using 8 workers of 8 for evacuation
[2019-06-03T11:52:51.449+0930][gc,mmu       ] GC(0) MMU target violated: 21.0ms (20.0ms/21.0ms)
[2019-06-03T11:52:51.449+0930][gc,phases    ] GC(0)   Pre Evacuate Collection Set: 0.0ms
[2019-06-03T11:52:51.449+0930][gc,phases    ] GC(0)   Evacuate Collection Set: 28.3ms
[2019-06-03T11:52:51.449+0930][gc,phases    ] GC(0)   Post Evacuate Collection Set: 0.9ms
[2019-06-03T11:52:51.449+0930][gc,phases    ] GC(0)   Other: 7.9ms
[2019-06-03T11:52:51.449+0930][gc,heap      ] GC(0) Eden regions: 51->0(45)
[2019-06-03T11:52:51.449+0930][gc,heap      ] GC(0) Survivor regions: 0->6(7)
[2019-06-03T11:52:51.449+0930][gc,heap      ] GC(0) Old regions: 2->2
[2019-06-03T11:52:51.449+0930][gc,heap      ] GC(0) Humongous regions: 0->0
[2019-06-03T11:52:51.449+0930][gc,metaspace ] GC(0) Metaspace: 16757K->16757K(1064960K)
[2019-06-03T11:52:51.450+0930][gc           ] GC(0) Pause Young (Normal) (G1 Evacuation Pause) 51M->6M(1024M) 37.387ms
[2019-06-03T11:52:51.450+0930][gc,cpu       ] GC(0) User=0.08s Sys=0.17s Real=0.03s
[2019-06-03T11:52:52.267+0930][gc,start     ] GC(1) Pause Young (Concurrent Start) (Metadata GC Threshold)
[2019-06-03T11:52:52.267+0930][gc,task      ] GC(1) Using 8 workers of 8 for evacuation
[2019-06-03T11:52:52.298+0930][gc,mmu       ] GC(1) MMU target violated: 21.0ms (20.0ms/21.0ms)
[2019-06-03T11:52:52.298+0930][gc,phases    ] GC(1)   Pre Evacuate Collection Set: 0.1ms
[2019-06-03T11:52:52.298+0930][gc,phases    ] GC(1)   Evacuate Collection Set: 29.6ms
[2019-06-03T11:52:52.298+0930][gc,phases    ] GC(1)   Post Evacuate Collection Set: 0.7ms
[2019-06-03T11:52:52.298+0930][gc,phases    ] GC(1)   Other: 0.7ms
[2019-06-03T11:52:52.298+0930][gc,heap      ] GC(1) Eden regions: 15->0(50)
[2019-06-03T11:52:52.298+0930][gc,heap      ] GC(1) Survivor regions: 6->1(7)
[2019-06-03T11:52:52.298+0930][gc,heap      ] GC(1) Old regions: 2->8
[2019-06-03T11:52:52.298+0930][gc,heap      ] GC(1) Humongous regions: 0->0
[2019-06-03T11:52:52.298+0930][gc,metaspace ] GC(1) Metaspace: 20478K->20478K(1067008K)
[2019-06-03T11:52:52.298+0930][gc           ] GC(1) Pause Young (Concurrent Start) (Metadata GC Threshold) 21M->7M(1024M) 31.331ms
[2019-06-03T11:52:52.298+0930][gc,cpu       ] GC(1) User=0.06s Sys=0.08s Real=0.03s
[2019-06-03T11:52:52.298+0930][gc           ] GC(2) Concurrent Cycle
[2019-06-03T11:52:52.298+0930][gc,marking   ] GC(2) Concurrent Clear Claimed Marks
[2019-06-03T11:52:52.299+0930][gc,marking   ] GC(2) Concurrent Clear Claimed Marks 0.132ms
[2019-06-03T11:52:52.299+0930][gc,marking   ] GC(2) Concurrent Scan Root Regions
[2019-06-03T11:52:52.300+0930][gc,marking   ] GC(2) Concurrent Scan Root Regions 1.871ms
[2019-06-03T11:52:52.301+0930][gc,marking   ] GC(2) Concurrent Mark (3.740s)
[2019-06-03T11:52:52.301+0930][gc,marking   ] GC(2) Concurrent Mark From Roots
[2019-06-03T11:52:52.301+0930][gc,task      ] GC(2) Using 2 workers of 2 for marking
[2019-06-03T11:52:52.311+0930][gc,marking   ] GC(2) Concurrent Mark From Roots 10.860ms
[2019-06-03T11:52:52.311+0930][gc,marking   ] GC(2) Concurrent Preclean
[2019-06-03T11:52:52.312+0930][gc,marking   ] GC(2) Concurrent Preclean 0.575ms
[2019-06-03T11:52:52.312+0930][gc,marking   ] GC(2) Concurrent Mark (3.740s, 3.751s) 11.694ms
[2019-06-03T11:52:52.313+0930][gc,start     ] GC(2) Pause Remark
[2019-06-03T11:52:52.315+0930][gc,stringtable] GC(2) Cleaned string and symbol table, strings: 4754 processed, 0 removed, symbols: 49517 processed, 50 removed
[2019-06-03T11:52:52.316+0930][gc            ] GC(2) Pause Remark 7M->7M(1024M) 2.730ms
[2019-06-03T11:52:52.316+0930][gc,cpu        ] GC(2) User=0.00s Sys=0.00s Real=0.00s
[2019-06-03T11:52:52.316+0930][gc,marking    ] GC(2) Concurrent Rebuild Remembered Sets
[2019-06-03T11:52:52.321+0930][gc,marking    ] GC(2) Concurrent Rebuild Remembered Sets 5.403ms
[2019-06-03T11:52:52.322+0930][gc,start      ] GC(2) Pause Cleanup
[2019-06-03T11:52:52.322+0930][gc            ] GC(2) Pause Cleanup 7M->7M(1024M) 0.454ms
[2019-06-03T11:52:52.322+0930][gc,cpu        ] GC(2) User=0.00s Sys=0.00s Real=0.00s
[2019-06-03T11:52:52.322+0930][gc,marking    ] GC(2) Concurrent Cleanup for Next Mark
[2019-06-03T11:52:52.364+0930][gc,marking    ] GC(2) Concurrent Cleanup for Next Mark 42.126ms
[2019-06-03T11:52:52.364+0930][gc            ] GC(2) Concurrent Cycle 66.100ms
[2019-06-03T11:52:54.648+0930][gc,start      ] GC(3) Pause Young (Normal) (G1 Evacuation Pause)
[2019-06-03T11:52:54.648+0930][gc,task       ] GC(3) Using 8 workers of 8 for evacuation
[2019-06-03T11:52:54.657+0930][gc,phases     ] GC(3)   Pre Evacuate Collection Set: 0.0ms
[2019-06-03T11:52:54.657+0930][gc,phases     ] GC(3)   Evacuate Collection Set: 7.5ms
[2019-06-03T11:52:54.657+0930][gc,phases     ] GC(3)   Post Evacuate Collection Set: 0.6ms
[2019-06-03T11:52:54.657+0930][gc,phases     ] GC(3)   Other: 0.4ms
[2019-06-03T11:52:54.657+0930][gc,heap       ] GC(3) Eden regions: 50->0(46)
[2019-06-03T11:52:54.657+0930][gc,heap       ] GC(3) Survivor regions: 1->5(7)
[2019-06-03T11:52:54.657+0930][gc,heap       ] GC(3) Old regions: 8->8
[2019-06-03T11:52:54.657+0930][gc,heap       ] GC(3) Humongous regions: 129->129
[2019-06-03T11:52:54.657+0930][gc,metaspace  ] GC(3) Metaspace: 28912K->28912K(1075200K)
[2019-06-03T11:52:54.657+0930][gc            ] GC(3) Pause Young (Normal) (G1 Evacuation Pause) 186M->140M(1024M) 8.828ms
[2019-06-03T11:52:54.657+0930][gc,cpu        ] GC(3) User=0.00s Sys=0.00s Real=0.01s
[2019-06-03T11:53:13.917+0930][gc,start      ] GC(4) Pause Young (Normal) (G1 Evacuation Pause)
[2019-06-03T11:53:13.917+0930][gc,task       ] GC(4) Using 8 workers of 8 for evacuation
[2019-06-03T11:53:13.932+0930][gc,phases     ] GC(4)   Pre Evacuate Collection Set: 0.0ms
[2019-06-03T11:53:13.932+0930][gc,phases     ] GC(4)   Evacuate Collection Set: 14.0ms
[2019-06-03T11:53:13.932+0930][gc,phases     ] GC(4)   Post Evacuate Collection Set: 0.7ms
[2019-06-03T11:53:13.932+0930][gc,phases     ] GC(4)   Other: 0.3ms
[2019-06-03T11:53:13.932+0930][gc,heap       ] GC(4) Eden regions: 46->0(48)
[2019-06-03T11:53:13.932+0930][gc,heap       ] GC(4) Survivor regions: 5->3(7)
[2019-06-03T11:53:13.932+0930][gc,heap       ] GC(4) Old regions: 8->13
[2019-06-03T11:53:13.932+0930][gc,heap       ] GC(4) Humongous regions: 129->129
[2019-06-03T11:53:13.932+0930][gc,metaspace  ] GC(4) Metaspace: 32143K->32143K(1079296K)
[2019-06-03T11:53:13.932+0930][gc            ] GC(4) Pause Young (Normal) (G1 Evacuation Pause) 186M->142M(1024M) 15.313ms
[2019-06-03T11:53:13.932+0930][gc,cpu        ] GC(4) User=0.05s Sys=0.05s Real=0.02s
[2019-06-03T11:53:17.875+0930][gc,start      ] GC(5) Pause Young (Normal) (G1 Evacuation Pause)
[2019-06-03T11:53:17.875+0930][gc,task       ] GC(5) Using 8 workers of 8 for evacuation
[2019-06-03T11:53:17.884+0930][gc,phases     ] GC(5)   Pre Evacuate Collection Set: 0.1ms
[2019-06-03T11:53:17.884+0930][gc,phases     ] GC(5)   Evacuate Collection Set: 7.2ms
[2019-06-03T11:53:17.884+0930][gc,phases     ] GC(5)   Post Evacuate Collection Set: 1.2ms
[2019-06-03T11:53:17.884+0930][gc,phases     ] GC(5)   Other: 0.8ms
[2019-06-03T11:53:17.884+0930][gc,heap       ] GC(5) Eden regions: 48->0(48)
[2019-06-03T11:53:17.884+0930][gc,heap       ] GC(5) Survivor regions: 3->3(7)
[2019-06-03T11:53:17.884+0930][gc,heap       ] GC(5) Old regions: 13->13
[2019-06-03T11:53:17.884+0930][gc,heap       ] GC(5) Humongous regions: 129->129
[2019-06-03T11:53:17.884+0930][gc,metaspace  ] GC(5) Metaspace: 32170K->32170K(1079296K)
[2019-06-03T11:53:17.885+0930][gc            ] GC(5) Pause Young (Normal) (G1 Evacuation Pause) 190M->142M(1024M) 9.612ms
[2019-06-03T11:53:17.885+0930][gc,cpu        ] GC(5) User=0.11s Sys=0.00s Real=0.01s
[2019-06-03T11:53:21.818+0930][gc,start      ] GC(6) Pause Young (Normal) (G1 Evacuation Pause)
[2019-06-03T11:53:21.818+0930][gc,task       ] GC(6) Using 8 workers of 8 for evacuation
[2019-06-03T11:53:21.824+0930][gc,phases     ] GC(6)   Pre Evacuate Collection Set: 0.0ms
[2019-06-03T11:53:21.824+0930][gc,phases     ] GC(6)   Evacuate Collection Set: 4.6ms
[2019-06-03T11:53:21.824+0930][gc,phases     ] GC(6)   Post Evacuate Collection Set: 0.8ms
[2019-06-03T11:53:21.824+0930][gc,phases     ] GC(6)   Other: 0.3ms
[2019-06-03T11:53:21.824+0930][gc,heap       ] GC(6) Eden regions: 48->0(48)
[2019-06-03T11:53:21.824+0930][gc,heap       ] GC(6) Survivor regions: 3->3(7)
[2019-06-03T11:53:21.824+0930][gc,heap       ] GC(6) Old regions: 13->13
[2019-06-03T11:53:21.824+0930][gc,heap       ] GC(6) Humongous regions: 129->129
[2019-06-03T11:53:21.824+0930][gc,metaspace  ] GC(6) Metaspace: 32179K->32179K(1079296K)
[2019-06-03T11:53:21.824+0930][gc            ] GC(6) Pause Young (Normal) (G1 Evacuation Pause) 190M->142M(1024M) 5.844ms
[2019-06-03T11:53:21.824+0930][gc,cpu        ] GC(6) User=0.00s Sys=0.00s Real=0.01s
[2019-06-03T11:53:24.593+0930][gc,start      ] GC(7) Pause Young (Normal) (G1 Evacuation Pause)
[2019-06-03T11:53:24.593+0930][gc,task       ] GC(7) Using 8 workers of 8 for evacuation
[2019-06-03T11:53:24.604+0930][gc,phases     ] GC(7)   Pre Evacuate Collection Set: 0.0ms
[2019-06-03T11:53:24.604+0930][gc,phases     ] GC(7)   Evacuate Collection Set: 9.0ms
[2019-06-03T11:53:24.604+0930][gc,phases     ] GC(7)   Post Evacuate Collection Set: 1.1ms
[2019-06-03T11:53:24.604+0930][gc,phases     ] GC(7)   Other: 0.5ms
[2019-06-03T11:53:24.604+0930][gc,heap       ] GC(7) Eden regions: 48->0(48)
[2019-06-03T11:53:24.604+0930][gc,heap       ] GC(7) Survivor regions: 3->3(7)
[2019-06-03T11:53:24.604+0930][gc,heap       ] GC(7) Old regions: 13->13
[2019-06-03T11:53:24.604+0930][gc,heap       ] GC(7) Humongous regions: 129->129
[2019-06-03T11:53:24.604+0930][gc,metaspace  ] GC(7) Metaspace: 32463K->32463K(1079296K)
[2019-06-03T11:53:24.604+0930][gc            ] GC(7) Pause Young (Normal) (G1 Evacuation Pause) 190M->142M(1024M) 11.019ms
[2019-06-03T11:53:24.604+0930][gc,cpu        ] GC(7) User=0.11s Sys=0.00s Real=0.01s
[2019-06-03T11:53:27.822+0930][gc,start      ] GC(8) Pause Young (Normal) (G1 Evacuation Pause)
[2019-06-03T11:53:27.822+0930][gc,task       ] GC(8) Using 8 workers of 8 for evacuation
[2019-06-03T11:53:27.827+0930][gc,phases     ] GC(8)   Pre Evacuate Collection Set: 0.0ms
[2019-06-03T11:53:27.827+0930][gc,phases     ] GC(8)   Evacuate Collection Set: 4.2ms
[2019-06-03T11:53:27.827+0930][gc,phases     ] GC(8)   Post Evacuate Collection Set: 0.7ms
[2019-06-03T11:53:27.827+0930][gc,phases     ] GC(8)   Other: 0.3ms
[2019-06-03T11:53:27.827+0930][gc,heap       ] GC(8) Eden regions: 48->0(48)
[2019-06-03T11:53:27.827+0930][gc,heap       ] GC(8) Survivor regions: 3->3(7)
[2019-06-03T11:53:27.827+0930][gc,heap       ] GC(8) Old regions: 13->13
[2019-06-03T11:53:27.827+0930][gc,heap       ] GC(8) Humongous regions: 129->129
[2019-06-03T11:53:27.827+0930][gc,metaspace  ] GC(8) Metaspace: 32466K->32466K(1079296K)
[2019-06-03T11:53:27.827+0930][gc            ] GC(8) Pause Young (Normal) (G1 Evacuation Pause) 190M->142M(1024M) 5.509ms
[2019-06-03T11:53:27.827+0930][gc,cpu        ] GC(8) User=0.00s Sys=0.00s Real=0.00s
[2019-06-03T11:53:31.600+0930][gc,start      ] GC(9) Pause Young (Normal) (G1 Evacuation Pause)
[2019-06-03T11:53:31.600+0930][gc,task       ] GC(9) Using 8 workers of 8 for evacuation
[2019-06-03T11:53:31.605+0930][gc,phases     ] GC(9)   Pre Evacuate Collection Set: 0.0ms
[2019-06-03T11:53:31.605+0930][gc,phases     ] GC(9)   Evacuate Collection Set: 3.3ms
[2019-06-03T11:53:31.605+0930][gc,phases     ] GC(9)   Post Evacuate Collection Set: 0.8ms
[2019-06-03T11:53:31.605+0930][gc,phases     ] GC(9)   Other: 0.4ms
[2019-06-03T11:53:31.605+0930][gc,heap       ] GC(9) Eden regions: 48->0(59)
[2019-06-03T11:53:31.605+0930][gc,heap       ] GC(9) Survivor regions: 3->3(7)
[2019-06-03T11:53:31.605+0930][gc,heap       ] GC(9) Old regions: 13->13
[2019-06-03T11:53:31.605+0930][gc,heap       ] GC(9) Humongous regions: 129->129
[2019-06-03T11:53:31.605+0930][gc,metaspace  ] GC(9) Metaspace: 32478K->32478K(1079296K)
[2019-06-03T11:53:31.605+0930][gc            ] GC(9) Pause Young (Normal) (G1 Evacuation Pause) 190M->142M(1024M) 4.745ms
[2019-06-03T11:53:31.605+0930][gc,cpu        ] GC(9) User=0.00s Sys=0.00s Real=0.01s
[2019-06-03T11:53:35.128+0930][gc,start      ] GC(10) Pause Young (Normal) (G1 Evacuation Pause)
[2019-06-03T11:53:35.128+0930][gc,task       ] GC(10) Using 8 workers of 8 for evacuation
[2019-06-03T11:53:35.136+0930][gc,phases     ] GC(10)   Pre Evacuate Collection Set: 0.0ms
[2019-06-03T11:53:35.136+0930][gc,phases     ] GC(10)   Evacuate Collection Set: 7.1ms
[2019-06-03T11:53:35.136+0930][gc,phases     ] GC(10)   Post Evacuate Collection Set: 1.0ms
[2019-06-03T11:53:35.136+0930][gc,phases     ] GC(10)   Other: 0.4ms
[2019-06-03T11:53:35.136+0930][gc,heap       ] GC(10) Eden regions: 59->0(77)
[2019-06-03T11:53:35.136+0930][gc,heap       ] GC(10) Survivor regions: 3->3(8)
[2019-06-03T11:53:35.136+0930][gc,heap       ] GC(10) Old regions: 13->13
[2019-06-03T11:53:35.136+0930][gc,heap       ] GC(10) Humongous regions: 129->129
[2019-06-03T11:53:35.136+0930][gc,metaspace  ] GC(10) Metaspace: 32481K->32481K(1079296K)
[2019-06-03T11:53:35.136+0930][gc            ] GC(10) Pause Young (Normal) (G1 Evacuation Pause) 201M->142M(1024M) 8.756ms
[2019-06-03T11:53:35.136+0930][gc,cpu        ] GC(10) User=0.08s Sys=0.05s Real=0.01s
[2019-06-03T11:53:41.634+0930][gc,start      ] GC(11) Pause Young (Normal) (G1 Evacuation Pause)
[2019-06-03T11:53:41.634+0930][gc,task       ] GC(11) Using 8 workers of 8 for evacuation
[2019-06-03T11:53:41.643+0930][gc,phases     ] GC(11)   Pre Evacuate Collection Set: 0.0ms
[2019-06-03T11:53:41.643+0930][gc,phases     ] GC(11)   Evacuate Collection Set: 7.4ms
[2019-06-03T11:53:41.643+0930][gc,phases     ] GC(11)   Post Evacuate Collection Set: 1.0ms
[2019-06-03T11:53:41.643+0930][gc,phases     ] GC(11)   Other: 0.4ms
[2019-06-03T11:53:41.643+0930][gc,heap       ] GC(11) Eden regions: 77->0(97)
[2019-06-03T11:53:41.643+0930][gc,heap       ] GC(11) Survivor regions: 3->3(10)
[2019-06-03T11:53:41.643+0930][gc,heap       ] GC(11) Old regions: 13->13
[2019-06-03T11:53:41.643+0930][gc,heap       ] GC(11) Humongous regions: 129->129
[2019-06-03T11:53:41.643+0930][gc,metaspace  ] GC(11) Metaspace: 32494K->32494K(1079296K)
[2019-06-03T11:53:41.643+0930][gc            ] GC(11) Pause Young (Normal) (G1 Evacuation Pause) 219M->142M(1024M) 9.096ms
[2019-06-03T11:53:41.643+0930][gc,cpu        ] GC(11) User=0.00s Sys=0.00s Real=0.01s
[2019-06-03T11:53:47.828+0930][gc,start      ] GC(12) Pause Young (Normal) (G1 Evacuation Pause)
[2019-06-03T11:53:47.828+0930][gc,task       ] GC(12) Using 8 workers of 8 for evacuation
[2019-06-03T11:53:47.834+0930][gc,phases     ] GC(12)   Pre Evacuate Collection Set: 0.2ms
[2019-06-03T11:53:47.835+0930][gc,phases     ] GC(12)   Evacuate Collection Set: 5.4ms
[2019-06-03T11:53:47.835+0930][gc,phases     ] GC(12)   Post Evacuate Collection Set: 0.6ms
[2019-06-03T11:53:47.835+0930][gc,phases     ] GC(12)   Other: 0.3ms
[2019-06-03T11:53:47.835+0930][gc,heap       ] GC(12) Eden regions: 97->0(129)
[2019-06-03T11:53:47.835+0930][gc,heap       ] GC(12) Survivor regions: 3->3(13)
[2019-06-03T11:53:47.835+0930][gc,heap       ] GC(12) Old regions: 13->13
[2019-06-03T11:53:47.835+0930][gc,heap       ] GC(12) Humongous regions: 129->129
[2019-06-03T11:53:47.835+0930][gc,metaspace  ] GC(12) Metaspace: 32506K->32506K(1079296K)
[2019-06-03T11:53:47.835+0930][gc            ] GC(12) Pause Young (Normal) (G1 Evacuation Pause) 239M->142M(1024M) 6.559ms
[2019-06-03T11:53:47.835+0930][gc,cpu        ] GC(12) User=0.08s Sys=0.04s Real=0.01s
[2019-06-03T11:53:54.155+0930][gc,start      ] GC(13) Pause Young (Normal) (G1 Evacuation Pause)
[2019-06-03T11:53:54.155+0930][gc,task       ] GC(13) Using 8 workers of 8 for evacuation
[2019-06-03T11:53:54.162+0930][gc,phases     ] GC(13)   Pre Evacuate Collection Set: 0.0ms
[2019-06-03T11:53:54.162+0930][gc,phases     ] GC(13)   Evacuate Collection Set: 5.6ms
[2019-06-03T11:53:54.162+0930][gc,phases     ] GC(13)   Post Evacuate Collection Set: 0.6ms
[2019-06-03T11:53:54.162+0930][gc,phases     ] GC(13)   Other: 0.4ms
[2019-06-03T11:53:54.162+0930][gc,heap       ] GC(13) Eden regions: 129->0(195)
[2019-06-03T11:53:54.162+0930][gc,heap       ] GC(13) Survivor regions: 3->3(17)
[2019-06-03T11:53:54.162+0930][gc,heap       ] GC(13) Old regions: 13->13
[2019-06-03T11:53:54.162+0930][gc,heap       ] GC(13) Humongous regions: 129->129
[2019-06-03T11:53:54.162+0930][gc,metaspace  ] GC(13) Metaspace: 32510K->32510K(1079296K)
[2019-06-03T11:53:54.162+0930][gc            ] GC(13) Pause Young (Normal) (G1 Evacuation Pause) 271M->142M(1024M) 6.825ms
[2019-06-03T11:53:54.162+0930][gc,cpu        ] GC(13) User=0.11s Sys=0.00s Real=0.01s
[2019-06-03T11:54:09.919+0930][gc,start      ] GC(14) Pause Young (Normal) (G1 Evacuation Pause)
[2019-06-03T11:54:09.919+0930][gc,task       ] GC(14) Using 8 workers of 8 for evacuation
[2019-06-03T11:54:09.928+0930][gc,phases     ] GC(14)   Pre Evacuate Collection Set: 0.0ms
[2019-06-03T11:54:09.928+0930][gc,phases     ] GC(14)   Evacuate Collection Set: 7.0ms
[2019-06-03T11:54:09.928+0930][gc,phases     ] GC(14)   Post Evacuate Collection Set: 1.1ms
[2019-06-03T11:54:09.928+0930][gc,phases     ] GC(14)   Other: 0.4ms
[2019-06-03T11:54:09.928+0930][gc,heap       ] GC(14) Eden regions: 195->0(232)
[2019-06-03T11:54:09.928+0930][gc,heap       ] GC(14) Survivor regions: 3->3(25)
[2019-06-03T11:54:09.928+0930][gc,heap       ] GC(14) Old regions: 13->13
[2019-06-03T11:54:09.928+0930][gc,heap       ] GC(14) Humongous regions: 129->129
[2019-06-03T11:54:09.928+0930][gc,metaspace  ] GC(14) Metaspace: 32553K->32553K(1079296K)
[2019-06-03T11:54:09.928+0930][gc            ] GC(14) Pause Young (Normal) (G1 Evacuation Pause) 337M->142M(1024M) 8.864ms
[2019-06-03T11:54:09.928+0930][gc,cpu        ] GC(14) User=0.06s Sys=0.06s Real=0.01s
[2019-06-03T11:54:29.874+0930][gc,start      ] GC(15) Pause Young (Normal) (G1 Evacuation Pause)
[2019-06-03T11:54:29.874+0930][gc,task       ] GC(15) Using 8 workers of 8 for evacuation
[2019-06-03T11:54:29.885+0930][gc,phases     ] GC(15)   Pre Evacuate Collection Set: 0.0ms
[2019-06-03T11:54:29.885+0930][gc,phases     ] GC(15)   Evacuate Collection Set: 9.4ms
[2019-06-03T11:54:29.885+0930][gc,phases     ] GC(15)   Post Evacuate Collection Set: 1.2ms
[2019-06-03T11:54:29.886+0930][gc,phases     ] GC(15)   Other: 0.5ms
[2019-06-03T11:54:29.886+0930][gc,heap       ] GC(15) Eden regions: 232->0(266)
[2019-06-03T11:54:29.886+0930][gc,heap       ] GC(15) Survivor regions: 3->3(30)
[2019-06-03T11:54:29.886+0930][gc,heap       ] GC(15) Old regions: 13->13
[2019-06-03T11:54:29.886+0930][gc,heap       ] GC(15) Humongous regions: 129->129
[2019-06-03T11:54:29.886+0930][gc,metaspace  ] GC(15) Metaspace: 32567K->32567K(1079296K)
[2019-06-03T11:54:29.886+0930][gc            ] GC(15) Pause Young (Normal) (G1 Evacuation Pause) 374M->142M(1024M) 11.509ms
[2019-06-03T11:54:29.886+0930][gc,cpu        ] GC(15) User=0.06s Sys=0.06s Real=0.01s
[2019-06-03T11:54:50.394+0930][gc,start      ] GC(16) Pause Young (Normal) (G1 Evacuation Pause)
[2019-06-03T11:54:50.394+0930][gc,task       ] GC(16) Using 8 workers of 8 for evacuation
[2019-06-03T11:54:50.407+0930][gc,phases     ] GC(16)   Pre Evacuate Collection Set: 0.0ms
[2019-06-03T11:54:50.407+0930][gc,phases     ] GC(16)   Evacuate Collection Set: 11.2ms
[2019-06-03T11:54:50.407+0930][gc,phases     ] GC(16)   Post Evacuate Collection Set: 1.3ms
[2019-06-03T11:54:50.407+0930][gc,phases     ] GC(16)   Other: 0.5ms
[2019-06-03T11:54:50.407+0930][gc,heap       ] GC(16) Eden regions: 266->0(292)
[2019-06-03T11:54:50.407+0930][gc,heap       ] GC(16) Survivor regions: 3->3(34)
[2019-06-03T11:54:50.407+0930][gc,heap       ] GC(16) Old regions: 13->13
[2019-06-03T11:54:50.407+0930][gc,heap       ] GC(16) Humongous regions: 129->129
[2019-06-03T11:54:50.407+0930][gc,metaspace  ] GC(16) Metaspace: 32598K->32598K(1079296K)
[2019-06-03T11:54:50.407+0930][gc            ] GC(16) Pause Young (Normal) (G1 Evacuation Pause) 408M->142M(1024M) 13.380ms
[2019-06-03T11:54:50.407+0930][gc,cpu        ] GC(16) User=0.08s Sys=0.05s Real=0.01s
[2019-06-03T11:55:02.135+0930][gc,start      ] GC(17) Pause Young (Normal) (G1 Evacuation Pause)
[2019-06-03T11:55:02.135+0930][gc,task       ] GC(17) Using 8 workers of 8 for evacuation
[2019-06-03T11:55:02.141+0930][gc,phases     ] GC(17)   Pre Evacuate Collection Set: 0.0ms
[2019-06-03T11:55:02.141+0930][gc,phases     ] GC(17)   Evacuate Collection Set: 4.1ms
[2019-06-03T11:55:02.141+0930][gc,phases     ] GC(17)   Post Evacuate Collection Set: 0.9ms
[2019-06-03T11:55:02.141+0930][gc,phases     ] GC(17)   Other: 0.3ms
[2019-06-03T11:55:02.141+0930][gc,heap       ] GC(17) Eden regions: 126->0(248)
[2019-06-03T11:55:02.141+0930][gc,heap       ] GC(17) Survivor regions: 3->3(17)
[2019-06-03T11:55:02.141+0930][gc,heap       ] GC(17) Old regions: 13->13
[2019-06-03T11:55:02.141+0930][gc,heap       ] GC(17) Humongous regions: 129->129
[2019-06-03T11:55:02.141+0930][gc,metaspace  ] GC(17) Metaspace: 33268K->33268K(1079296K)
[2019-06-03T11:55:02.141+0930][gc            ] GC(17) Pause Young (Normal) (G1 Evacuation Pause) 268M->142M(1024M) 5.725ms
[2019-06-03T11:55:02.141+0930][gc,cpu        ] GC(17) User=0.00s Sys=0.00s Real=0.01s
[2019-06-03T11:55:02.185+0930][gc,heap,exit  ] Heap
[2019-06-03T11:55:02.185+0930][gc,heap,exit  ]  garbage-first heap   total 1048576K, used 147935K [0x00000000c0000000, 0x0000000100000000)
[2019-06-03T11:55:02.185+0930][gc,heap,exit  ]   region size 1024K, 6 young (6144K), 3 survivors (3072K)
[2019-06-03T11:55:02.186+0930][gc,heap,exit  ]  Metaspace       used 33301K, capacity 35376K, committed 35760K, reserved 1079296K
[2019-06-03T11:55:02.186+0930][gc,heap,exit  ]   class space    used 4785K, capacity 5784K, committed 5888K, reserved 1048576K
