[2019-06-03T12:24:09.624+0930][gc,heap       ] GC(87) Humongous regions: 129->129
[2019-06-03T12:24:09.625+0930][gc,metaspace  ] GC(87) Metaspace: 32993K->32993K(1079296K)
[2019-06-03T12:24:09.625+0930][gc            ] GC(87) Pause Young (Normal) (G1 Evacuation Pause) 388M->177M(1024M) 21.363ms
[2019-06-03T12:24:09.625+0930][gc,cpu        ] GC(87) User=0.06s Sys=0.05s Real=0.02s
[2019-06-03T12:24:32.026+0930][gc,start      ] GC(88) Pause Young (Normal) (G1 Evacuation Pause)
[2019-06-03T12:24:32.026+0930][gc,task       ] GC(88) Using 8 workers of 8 for evacuation
[2019-06-03T12:24:32.038+0930][gc,phases     ] GC(88)   Pre Evacuate Collection Set: 0.0ms
[2019-06-03T12:24:32.040+0930][gc,phases     ] GC(88)   Evacuate Collection Set: 11.0ms
[2019-06-03T12:24:32.040+0930][gc,phases     ] GC(88)   Post Evacuate Collection Set: 1.1ms
[2019-06-03T12:24:32.040+0930][gc,phases     ] GC(88)   Other: 0.6ms
[2019-06-03T12:24:32.040+0930][gc,heap       ] GC(88) Eden regions: 214->0(218)
[2019-06-03T12:24:32.040+0930][gc,heap       ] GC(88) Survivor regions: 6->7(28)
[2019-06-03T12:24:32.040+0930][gc,heap       ] GC(88) Old regions: 45->45
[2019-06-03T12:24:32.040+0930][gc,heap       ] GC(88) Humongous regions: 129->129
[2019-06-03T12:24:32.040+0930][gc,metaspace  ] GC(88) Metaspace: 32993K->32993K(1079296K)
[2019-06-03T12:24:32.040+0930][gc            ] GC(88) Pause Young (Normal) (G1 Evacuation Pause) 391M->178M(1024M) 14.333ms
[2019-06-03T12:24:32.040+0930][gc,cpu        ] GC(88) User=0.13s Sys=0.00s Real=0.01s
[2019-06-03T12:24:42.098+0930][gc,start      ] GC(89) Pause Young (Normal) (G1 Evacuation Pause)
[2019-06-03T12:24:42.098+0930][gc,task       ] GC(89) Using 8 workers of 8 for evacuation
[2019-06-03T12:24:42.107+0930][gc,phases     ] GC(89)   Pre Evacuate Collection Set: 0.0ms
[2019-06-03T12:24:42.107+0930][gc,phases     ] GC(89)   Evacuate Collection Set: 7.3ms
[2019-06-03T12:24:42.107+0930][gc,phases     ] GC(89)   Post Evacuate Collection Set: 0.9ms
[2019-06-03T12:24:42.107+0930][gc,phases     ] GC(89)   Other: 0.3ms
[2019-06-03T12:24:42.107+0930][gc,heap       ] GC(89) Eden regions: 218->0(225)
[2019-06-03T12:24:42.107+0930][gc,heap       ] GC(89) Survivor regions: 7->7(29)
[2019-06-03T12:24:42.107+0930][gc,heap       ] GC(89) Old regions: 45->46
[2019-06-03T12:24:42.107+0930][gc,heap       ] GC(89) Humongous regions: 129->129
[2019-06-03T12:24:42.107+0930][gc,metaspace  ] GC(89) Metaspace: 32993K->32993K(1079296K)
[2019-06-03T12:24:42.107+0930][gc            ] GC(89) Pause Young (Normal) (G1 Evacuation Pause) 396M->178M(1024M) 8.901ms
[2019-06-03T12:24:42.107+0930][gc,cpu        ] GC(89) User=0.00s Sys=0.00s Real=0.01s
[2019-06-03T12:24:55.661+0930][gc,start      ] GC(90) Pause Young (Normal) (G1 Evacuation Pause)
[2019-06-03T12:24:55.662+0930][gc,task       ] GC(90) Using 8 workers of 8 for evacuation
[2019-06-03T12:24:55.676+0930][gc,phases     ] GC(90)   Pre Evacuate Collection Set: 0.0ms
[2019-06-03T12:24:55.676+0930][gc,phases     ] GC(90)   Evacuate Collection Set: 13.1ms
[2019-06-03T12:24:55.676+0930][gc,phases     ] GC(90)   Post Evacuate Collection Set: 1.2ms
[2019-06-03T12:24:55.676+0930][gc,phases     ] GC(90)   Other: 0.5ms
[2019-06-03T12:24:55.676+0930][gc,heap       ] GC(90) Eden regions: 225->0(228)
[2019-06-03T12:24:55.676+0930][gc,heap       ] GC(90) Survivor regions: 7->7(29)
[2019-06-03T12:24:55.676+0930][gc,heap       ] GC(90) Old regions: 46->46
[2019-06-03T12:24:55.676+0930][gc,heap       ] GC(90) Humongous regions: 129->129
[2019-06-03T12:24:55.677+0930][gc,metaspace  ] GC(90) Metaspace: 32993K->32993K(1079296K)
[2019-06-03T12:24:55.677+0930][gc            ] GC(90) Pause Young (Normal) (G1 Evacuation Pause) 403M->179M(1024M) 15.110ms
[2019-06-03T12:24:55.677+0930][gc,cpu        ] GC(90) User=0.02s Sys=0.09s Real=0.01s
[2019-06-03T12:25:11.770+0930][gc,start      ] GC(91) Pause Young (Normal) (G1 Evacuation Pause)
[2019-06-03T12:25:11.770+0930][gc,task       ] GC(91) Using 8 workers of 8 for evacuation
[2019-06-03T12:25:11.779+0930][gc,phases     ] GC(91)   Pre Evacuate Collection Set: 0.0ms
[2019-06-03T12:25:11.779+0930][gc,phases     ] GC(91)   Evacuate Collection Set: 7.9ms
[2019-06-03T12:25:11.779+0930][gc,phases     ] GC(91)   Post Evacuate Collection Set: 0.9ms
[2019-06-03T12:25:11.779+0930][gc,phases     ] GC(91)   Other: 0.3ms
[2019-06-03T12:25:11.779+0930][gc,heap       ] GC(91) Eden regions: 228->0(239)
[2019-06-03T12:25:11.779+0930][gc,heap       ] GC(91) Survivor regions: 7->7(30)
[2019-06-03T12:25:11.779+0930][gc,heap       ] GC(91) Old regions: 46->46
[2019-06-03T12:25:11.779+0930][gc,heap       ] GC(91) Humongous regions: 129->129
[2019-06-03T12:25:11.779+0930][gc,metaspace  ] GC(91) Metaspace: 32994K->32994K(1079296K)
[2019-06-03T12:25:11.779+0930][gc            ] GC(91) Pause Young (Normal) (G1 Evacuation Pause) 407M->179M(1024M) 9.502ms
[2019-06-03T12:25:11.779+0930][gc,cpu        ] GC(91) User=0.00s Sys=0.00s Real=0.01s
[2019-06-03T12:25:22.816+0930][gc,start      ] GC(92) Pause Young (Normal) (G1 Evacuation Pause)
[2019-06-03T12:25:22.816+0930][gc,task       ] GC(92) Using 8 workers of 8 for evacuation
[2019-06-03T12:25:22.826+0930][gc,phases     ] GC(92)   Pre Evacuate Collection Set: 0.0ms
[2019-06-03T12:25:22.826+0930][gc,phases     ] GC(92)   Evacuate Collection Set: 8.5ms
[2019-06-03T12:25:22.826+0930][gc,phases     ] GC(92)   Post Evacuate Collection Set: 0.9ms
[2019-06-03T12:25:22.826+0930][gc,phases     ] GC(92)   Other: 0.3ms
[2019-06-03T12:25:22.826+0930][gc,heap       ] GC(92) Eden regions: 239->0(253)
[2019-06-03T12:25:22.826+0930][gc,heap       ] GC(92) Survivor regions: 7->7(31)
[2019-06-03T12:25:22.826+0930][gc,heap       ] GC(92) Old regions: 46->47
[2019-06-03T12:25:22.826+0930][gc,heap       ] GC(92) Humongous regions: 129->129
[2019-06-03T12:25:22.826+0930][gc,metaspace  ] GC(92) Metaspace: 33010K->33010K(1079296K)
[2019-06-03T12:25:22.826+0930][gc            ] GC(92) Pause Young (Normal) (G1 Evacuation Pause) 418M->180M(1024M) 10.051ms
[2019-06-03T12:25:22.826+0930][gc,cpu        ] GC(92) User=0.09s Sys=0.03s Real=0.01s
[2019-06-03T12:25:33.528+0930][gc,start      ] GC(93) Pause Young (Normal) (G1 Evacuation Pause)
[2019-06-03T12:25:33.528+0930][gc,task       ] GC(93) Using 8 workers of 8 for evacuation
[2019-06-03T12:25:33.534+0930][gc,phases     ] GC(93)   Pre Evacuate Collection Set: 0.0ms
[2019-06-03T12:25:33.534+0930][gc,phases     ] GC(93)   Evacuate Collection Set: 5.5ms
[2019-06-03T12:25:33.534+0930][gc,phases     ] GC(93)   Post Evacuate Collection Set: 0.5ms
[2019-06-03T12:25:33.534+0930][gc,phases     ] GC(93)   Other: 0.2ms
[2019-06-03T12:25:33.534+0930][gc,heap       ] GC(93) Eden regions: 253->0(277)
[2019-06-03T12:25:33.534+0930][gc,heap       ] GC(93) Survivor regions: 7->7(33)
[2019-06-03T12:25:33.534+0930][gc,heap       ] GC(93) Old regions: 47->47
[2019-06-03T12:25:33.534+0930][gc,heap       ] GC(93) Humongous regions: 129->129
[2019-06-03T12:25:33.534+0930][gc,metaspace  ] GC(93) Metaspace: 33010K->33010K(1079296K)
[2019-06-03T12:25:33.534+0930][gc            ] GC(93) Pause Young (Normal) (G1 Evacuation Pause) 433M->180M(1024M) 6.465ms
[2019-06-03T12:25:33.534+0930][gc,cpu        ] GC(93) User=0.00s Sys=0.00s Real=0.01s
[2019-06-03T12:25:46.298+0930][gc,start      ] GC(94) Pause Young (Normal) (G1 Evacuation Pause)
[2019-06-03T12:25:46.298+0930][gc,task       ] GC(94) Using 8 workers of 8 for evacuation
[2019-06-03T12:25:46.308+0930][gc,phases     ] GC(94)   Pre Evacuate Collection Set: 0.0ms
[2019-06-03T12:25:46.308+0930][gc,phases     ] GC(94)   Evacuate Collection Set: 8.4ms
[2019-06-03T12:25:46.308+0930][gc,phases     ] GC(94)   Post Evacuate Collection Set: 0.9ms
[2019-06-03T12:25:46.308+0930][gc,phases     ] GC(94)   Other: 0.3ms
[2019-06-03T12:25:46.308+0930][gc,heap       ] GC(94) Eden regions: 277->0(294)
[2019-06-03T12:25:46.308+0930][gc,heap       ] GC(94) Survivor regions: 7->7(36)
[2019-06-03T12:25:46.308+0930][gc,heap       ] GC(94) Old regions: 47->48
[2019-06-03T12:25:46.308+0930][gc,heap       ] GC(94) Humongous regions: 129->129
[2019-06-03T12:25:46.308+0930][gc,metaspace  ] GC(94) Metaspace: 33010K->33010K(1079296K)
[2019-06-03T12:25:46.308+0930][gc            ] GC(94) Pause Young (Normal) (G1 Evacuation Pause) 457M->181M(1024M) 9.878ms
[2019-06-03T12:25:46.308+0930][gc,cpu        ] GC(94) User=0.11s Sys=0.00s Real=0.01s
[2019-06-03T12:26:07.656+0930][gc,start      ] GC(95) Pause Young (Normal) (G1 Evacuation Pause)
[2019-06-03T12:26:07.656+0930][gc,task       ] GC(95) Using 8 workers of 8 for evacuation
[2019-06-03T12:26:07.667+0930][gc,phases     ] GC(95)   Pre Evacuate Collection Set: 0.0ms
[2019-06-03T12:26:07.667+0930][gc,phases     ] GC(95)   Evacuate Collection Set: 9.8ms
[2019-06-03T12:26:07.667+0930][gc,phases     ] GC(95)   Post Evacuate Collection Set: 1.0ms
[2019-06-03T12:26:07.667+0930][gc,phases     ] GC(95)   Other: 0.3ms
[2019-06-03T12:26:07.667+0930][gc,heap       ] GC(95) Eden regions: 294->0(308)
[2019-06-03T12:26:07.667+0930][gc,heap       ] GC(95) Survivor regions: 7->7(38)
[2019-06-03T12:26:07.667+0930][gc,heap       ] GC(95) Old regions: 48->48
[2019-06-03T12:26:07.667+0930][gc,heap       ] GC(95) Humongous regions: 129->129
[2019-06-03T12:26:07.667+0930][gc,metaspace  ] GC(95) Metaspace: 33013K->33013K(1079296K)
[2019-06-03T12:26:07.667+0930][gc            ] GC(95) Pause Young (Normal) (G1 Evacuation Pause) 475M->181M(1024M) 11.438ms
[2019-06-03T12:26:07.667+0930][gc,cpu        ] GC(95) User=0.10s Sys=0.00s Real=0.01s
[2019-06-03T12:26:32.656+0930][gc,start      ] GC(96) Pause Young (Normal) (G1 Evacuation Pause)
[2019-06-03T12:26:32.656+0930][gc,task       ] GC(96) Using 8 workers of 8 for evacuation
[2019-06-03T12:26:32.667+0930][gc,phases     ] GC(96)   Pre Evacuate Collection Set: 0.3ms
[2019-06-03T12:26:32.667+0930][gc,phases     ] GC(96)   Evacuate Collection Set: 9.6ms
[2019-06-03T12:26:32.667+0930][gc,phases     ] GC(96)   Post Evacuate Collection Set: 1.0ms
[2019-06-03T12:26:32.667+0930][gc,phases     ] GC(96)   Other: 0.4ms
[2019-06-03T12:26:32.667+0930][gc,heap       ] GC(96) Eden regions: 308->0(324)
[2019-06-03T12:26:32.667+0930][gc,heap       ] GC(96) Survivor regions: 7->7(40)
[2019-06-03T12:26:32.667+0930][gc,heap       ] GC(96) Old regions: 48->49
[2019-06-03T12:26:32.667+0930][gc,heap       ] GC(96) Humongous regions: 129->129
[2019-06-03T12:26:32.667+0930][gc,metaspace  ] GC(96) Metaspace: 33013K->33013K(1079296K)
[2019-06-03T12:26:32.667+0930][gc            ] GC(96) Pause Young (Normal) (G1 Evacuation Pause) 489M->182M(1024M) 11.606ms
[2019-06-03T12:26:32.667+0930][gc,cpu        ] GC(96) User=0.13s Sys=0.00s Real=0.01s
[2019-06-03T12:26:57.437+0930][gc,start      ] GC(97) Pause Young (Normal) (G1 Evacuation Pause)
[2019-06-03T12:26:57.437+0930][gc,task       ] GC(97) Using 8 workers of 8 for evacuation
[2019-06-03T12:26:57.450+0930][gc,phases     ] GC(97)   Pre Evacuate Collection Set: 0.0ms
[2019-06-03T12:26:57.450+0930][gc,phases     ] GC(97)   Evacuate Collection Set: 11.6ms
[2019-06-03T12:26:57.450+0930][gc,phases     ] GC(97)   Post Evacuate Collection Set: 1.0ms
[2019-06-03T12:26:57.450+0930][gc,phases     ] GC(97)   Other: 0.4ms
[2019-06-03T12:26:57.450+0930][gc,heap       ] GC(97) Eden regions: 324->0(345)
[2019-06-03T12:26:57.450+0930][gc,heap       ] GC(97) Survivor regions: 7->7(42)
[2019-06-03T12:26:57.450+0930][gc,heap       ] GC(97) Old regions: 49->49
[2019-06-03T12:26:57.450+0930][gc,heap       ] GC(97) Humongous regions: 129->129
[2019-06-03T12:26:57.450+0930][gc,metaspace  ] GC(97) Metaspace: 33017K->33017K(1079296K)
[2019-06-03T12:26:57.450+0930][gc            ] GC(97) Pause Young (Normal) (G1 Evacuation Pause) 506M->182M(1024M) 13.283ms
[2019-06-03T12:26:57.450+0930][gc,cpu        ] GC(97) User=0.09s Sys=0.00s Real=0.01s
[2019-06-03T12:27:22.578+0930][gc,start      ] GC(98) Pause Young (Normal) (G1 Evacuation Pause)
[2019-06-03T12:27:22.578+0930][gc,task       ] GC(98) Using 8 workers of 8 for evacuation
[2019-06-03T12:27:22.592+0930][gc,phases     ] GC(98)   Pre Evacuate Collection Set: 0.0ms
[2019-06-03T12:27:22.592+0930][gc,phases     ] GC(98)   Evacuate Collection Set: 11.9ms
[2019-06-03T12:27:22.592+0930][gc,phases     ] GC(98)   Post Evacuate Collection Set: 1.5ms
[2019-06-03T12:27:22.592+0930][gc,phases     ] GC(98)   Other: 0.4ms
[2019-06-03T12:27:22.592+0930][gc,heap       ] GC(98) Eden regions: 345->0(363)
[2019-06-03T12:27:22.592+0930][gc,heap       ] GC(98) Survivor regions: 7->7(44)
[2019-06-03T12:27:22.592+0930][gc,heap       ] GC(98) Old regions: 49->49
[2019-06-03T12:27:22.592+0930][gc,heap       ] GC(98) Humongous regions: 129->129
[2019-06-03T12:27:22.592+0930][gc,metaspace  ] GC(98) Metaspace: 33017K->33017K(1079296K)
[2019-06-03T12:27:22.592+0930][gc            ] GC(98) Pause Young (Normal) (G1 Evacuation Pause) 527M->183M(1024M) 14.204ms
[2019-06-03T12:27:22.592+0930][gc,cpu        ] GC(98) User=0.09s Sys=0.02s Real=0.02s
[2019-06-03T12:27:44.185+0930][gc,start      ] GC(99) Pause Young (Normal) (G1 Evacuation Pause)
[2019-06-03T12:27:44.185+0930][gc,task       ] GC(99) Using 8 workers of 8 for evacuation
[2019-06-03T12:27:44.198+0930][gc,phases     ] GC(99)   Pre Evacuate Collection Set: 0.0ms
[2019-06-03T12:27:44.199+0930][gc,phases     ] GC(99)   Evacuate Collection Set: 12.2ms
[2019-06-03T12:27:44.199+0930][gc,phases     ] GC(99)   Post Evacuate Collection Set: 1.0ms
[2019-06-03T12:27:44.199+0930][gc,phases     ] GC(99)   Other: 0.3ms
[2019-06-03T12:27:44.199+0930][gc,heap       ] GC(99) Eden regions: 363->0(374)
[2019-06-03T12:27:44.199+0930][gc,heap       ] GC(99) Survivor regions: 7->7(47)
[2019-06-03T12:27:44.199+0930][gc,heap       ] GC(99) Old regions: 49->50
[2019-06-03T12:27:44.199+0930][gc,heap       ] GC(99) Humongous regions: 129->129
[2019-06-03T12:27:44.199+0930][gc,metaspace  ] GC(99) Metaspace: 33022K->33022K(1079296K)
[2019-06-03T12:27:44.199+0930][gc            ] GC(99) Pause Young (Normal) (G1 Evacuation Pause) 546M->183M(1024M) 14.048ms
[2019-06-03T12:27:44.199+0930][gc,cpu        ] GC(99) User=0.11s Sys=0.00s Real=0.01s
[2019-06-03T12:28:09.590+0930][gc,start      ] GC(100) Pause Young (Normal) (G1 Evacuation Pause)
[2019-06-03T12:28:09.590+0930][gc,task       ] GC(100) Using 8 workers of 8 for evacuation
[2019-06-03T12:28:09.602+0930][gc,phases     ] GC(100)   Pre Evacuate Collection Set: 0.0ms
[2019-06-03T12:28:09.602+0930][gc,phases     ] GC(100)   Evacuate Collection Set: 10.6ms
[2019-06-03T12:28:09.602+0930][gc,phases     ] GC(100)   Post Evacuate Collection Set: 1.0ms
[2019-06-03T12:28:09.603+0930][gc,phases     ] GC(100)   Other: 0.4ms
[2019-06-03T12:28:09.603+0930][gc,heap       ] GC(100) Eden regions: 374->0(381)
[2019-06-03T12:28:09.603+0930][gc,heap       ] GC(100) Survivor regions: 7->7(48)
[2019-06-03T12:28:09.603+0930][gc,heap       ] GC(100) Old regions: 50->50
[2019-06-03T12:28:09.603+0930][gc,heap       ] GC(100) Humongous regions: 129->129
[2019-06-03T12:28:09.603+0930][gc,metaspace  ] GC(100) Metaspace: 33033K->33033K(1079296K)
[2019-06-03T12:28:09.603+0930][gc            ] GC(100) Pause Young (Normal) (G1 Evacuation Pause) 557M->184M(1024M) 12.372ms
[2019-06-03T12:28:09.603+0930][gc,cpu        ] GC(100) User=0.12s Sys=0.00s Real=0.02s
[2019-06-03T12:28:39.059+0930][gc,start      ] GC(101) Pause Young (Normal) (G1 Evacuation Pause)
[2019-06-03T12:28:39.059+0930][gc,task       ] GC(101) Using 8 workers of 8 for evacuation
[2019-06-03T12:28:39.071+0930][gc,phases     ] GC(101)   Pre Evacuate Collection Set: 0.0ms
[2019-06-03T12:28:39.071+0930][gc,phases     ] GC(101)   Evacuate Collection Set: 10.4ms
[2019-06-03T12:28:39.071+0930][gc,phases     ] GC(101)   Post Evacuate Collection Set: 1.1ms
[2019-06-03T12:28:39.071+0930][gc,phases     ] GC(101)   Other: 0.4ms
[2019-06-03T12:28:39.071+0930][gc,heap       ] GC(101) Eden regions: 381->0(388)
[2019-06-03T12:28:39.072+0930][gc,heap       ] GC(101) Survivor regions: 7->8(49)
[2019-06-03T12:28:39.072+0930][gc,heap       ] GC(101) Old regions: 50->50
[2019-06-03T12:28:39.072+0930][gc,heap       ] GC(101) Humongous regions: 129->129
[2019-06-03T12:28:39.072+0930][gc,metaspace  ] GC(101) Metaspace: 33033K->33033K(1079296K)
[2019-06-03T12:28:39.072+0930][gc            ] GC(101) Pause Young (Normal) (G1 Evacuation Pause) 565M->185M(1024M) 12.267ms
[2019-06-03T12:28:39.072+0930][gc,cpu        ] GC(101) User=0.13s Sys=0.00s Real=0.02s
[2019-06-03T12:29:09.628+0930][gc,start      ] GC(102) Pause Young (Normal) (G1 Evacuation Pause)
[2019-06-03T12:29:09.628+0930][gc,task       ] GC(102) Using 8 workers of 8 for evacuation
[2019-06-03T12:29:09.640+0930][gc,phases     ] GC(102)   Pre Evacuate Collection Set: 0.0ms
[2019-06-03T12:29:09.640+0930][gc,phases     ] GC(102)   Evacuate Collection Set: 10.6ms
[2019-06-03T12:29:09.640+0930][gc,phases     ] GC(102)   Post Evacuate Collection Set: 1.1ms
[2019-06-03T12:29:09.640+0930][gc,phases     ] GC(102)   Other: 0.4ms
[2019-06-03T12:29:09.640+0930][gc,heap       ] GC(102) Eden regions: 388->0(395)
[2019-06-03T12:29:09.640+0930][gc,heap       ] GC(102) Survivor regions: 8->8(50)
[2019-06-03T12:29:09.640+0930][gc,heap       ] GC(102) Old regions: 50->51
[2019-06-03T12:29:09.640+0930][gc,heap       ] GC(102) Humongous regions: 129->129
[2019-06-03T12:29:09.640+0930][gc,metaspace  ] GC(102) Metaspace: 33033K->33033K(1079296K)
[2019-06-03T12:29:09.641+0930][gc            ] GC(102) Pause Young (Normal) (G1 Evacuation Pause) 573M->185M(1024M) 12.443ms
[2019-06-03T12:29:09.641+0930][gc,cpu        ] GC(102) User=0.11s Sys=0.02s Real=0.01s
[2019-06-03T12:29:39.438+0930][gc,start      ] GC(103) Pause Young (Normal) (G1 Evacuation Pause)
[2019-06-03T12:29:39.438+0930][gc,task       ] GC(103) Using 8 workers of 8 for evacuation
[2019-06-03T12:29:39.450+0930][gc,phases     ] GC(103)   Pre Evacuate Collection Set: 0.0ms
[2019-06-03T12:29:39.450+0930][gc,phases     ] GC(103)   Evacuate Collection Set: 10.8ms
[2019-06-03T12:29:39.450+0930][gc,phases     ] GC(103)   Post Evacuate Collection Set: 1.1ms
[2019-06-03T12:29:39.450+0930][gc,phases     ] GC(103)   Other: 0.5ms
[2019-06-03T12:29:39.450+0930][gc,heap       ] GC(103) Eden regions: 395->0(402)
[2019-06-03T12:29:39.450+0930][gc,heap       ] GC(103) Survivor regions: 8->8(51)
[2019-06-03T12:29:39.450+0930][gc,heap       ] GC(103) Old regions: 51->51
[2019-06-03T12:29:39.450+0930][gc,heap       ] GC(103) Humongous regions: 129->129
[2019-06-03T12:29:39.450+0930][gc,metaspace  ] GC(103) Metaspace: 33033K->33033K(1079296K)
[2019-06-03T12:29:39.450+0930][gc            ] GC(103) Pause Young (Normal) (G1 Evacuation Pause) 580M->186M(1024M) 12.709ms
[2019-06-03T12:29:39.451+0930][gc,cpu        ] GC(103) User=0.13s Sys=0.00s Real=0.01s
[2019-06-03T12:30:10.939+0930][gc,start      ] GC(104) Pause Young (Normal) (G1 Evacuation Pause)
[2019-06-03T12:30:10.939+0930][gc,task       ] GC(104) Using 8 workers of 8 for evacuation
[2019-06-03T12:30:10.951+0930][gc,phases     ] GC(104)   Pre Evacuate Collection Set: 0.0ms
[2019-06-03T12:30:10.951+0930][gc,phases     ] GC(104)   Evacuate Collection Set: 11.2ms
[2019-06-03T12:30:10.951+0930][gc,phases     ] GC(104)   Post Evacuate Collection Set: 1.2ms
[2019-06-03T12:30:10.952+0930][gc,phases     ] GC(104)   Other: 0.4ms
[2019-06-03T12:30:10.952+0930][gc,heap       ] GC(104) Eden regions: 402->0(408)
[2019-06-03T12:30:10.952+0930][gc,heap       ] GC(104) Survivor regions: 8->8(52)
[2019-06-03T12:30:10.952+0930][gc,heap       ] GC(104) Old regions: 51->52
[2019-06-03T12:30:10.952+0930][gc,heap       ] GC(104) Humongous regions: 129->129
[2019-06-03T12:30:10.952+0930][gc,metaspace  ] GC(104) Metaspace: 33033K->33033K(1079296K)
[2019-06-03T12:30:10.952+0930][gc            ] GC(104) Pause Young (Normal) (G1 Evacuation Pause) 588M->187M(1024M) 13.178ms
[2019-06-03T12:30:10.952+0930][gc,cpu        ] GC(104) User=0.13s Sys=0.00s Real=0.02s
[2019-06-03T12:30:45.076+0930][gc,start      ] GC(105) Pause Young (Normal) (G1 Evacuation Pause)
[2019-06-03T12:30:45.076+0930][gc,task       ] GC(105) Using 8 workers of 8 for evacuation
[2019-06-03T12:30:45.091+0930][gc,phases     ] GC(105)   Pre Evacuate Collection Set: 0.0ms
[2019-06-03T12:30:45.091+0930][gc,phases     ] GC(105)   Evacuate Collection Set: 13.4ms
[2019-06-03T12:30:45.091+0930][gc,phases     ] GC(105)   Post Evacuate Collection Set: 1.3ms
[2019-06-03T12:30:45.091+0930][gc,phases     ] GC(105)   Other: 0.5ms
[2019-06-03T12:30:45.091+0930][gc,heap       ] GC(105) Eden regions: 408->0(410)
[2019-06-03T12:30:45.091+0930][gc,heap       ] GC(105) Survivor regions: 8->9(52)
[2019-06-03T12:30:45.092+0930][gc,heap       ] GC(105) Old regions: 52->52
[2019-06-03T12:30:45.092+0930][gc,heap       ] GC(105) Humongous regions: 129->129
[2019-06-03T12:30:45.092+0930][gc,metaspace  ] GC(105) Metaspace: 33036K->33036K(1079296K)
[2019-06-03T12:30:45.092+0930][gc            ] GC(105) Pause Young (Normal) (G1 Evacuation Pause) 595M->187M(1024M) 15.530ms
[2019-06-03T12:30:45.092+0930][gc,cpu        ] GC(105) User=0.13s Sys=0.00s Real=0.02s
[2019-06-03T12:31:19.237+0930][gc,start      ] GC(106) Pause Young (Normal) (G1 Evacuation Pause)
[2019-06-03T12:31:19.237+0930][gc,task       ] GC(106) Using 8 workers of 8 for evacuation
[2019-06-03T12:31:19.250+0930][gc,phases     ] GC(106)   Pre Evacuate Collection Set: 0.0ms
[2019-06-03T12:31:19.250+0930][gc,phases     ] GC(106)   Evacuate Collection Set: 11.6ms
[2019-06-03T12:31:19.250+0930][gc,phases     ] GC(106)   Post Evacuate Collection Set: 1.0ms
[2019-06-03T12:31:19.250+0930][gc,phases     ] GC(106)   Other: 0.4ms
[2019-06-03T12:31:19.250+0930][gc,heap       ] GC(106) Eden regions: 410->0(415)
[2019-06-03T12:31:19.250+0930][gc,heap       ] GC(106) Survivor regions: 9->9(53)
[2019-06-03T12:31:19.250+0930][gc,heap       ] GC(106) Old regions: 52->53
[2019-06-03T12:31:19.250+0930][gc,heap       ] GC(106) Humongous regions: 129->129
[2019-06-03T12:31:19.250+0930][gc,metaspace  ] GC(106) Metaspace: 33045K->33045K(1079296K)
[2019-06-03T12:31:19.250+0930][gc            ] GC(106) Pause Young (Normal) (G1 Evacuation Pause) 597M->188M(1024M) 13.378ms
[2019-06-03T12:31:19.250+0930][gc,cpu        ] GC(106) User=0.11s Sys=0.02s Real=0.01s
[2019-06-03T12:31:54.818+0930][gc,start      ] GC(107) Pause Young (Normal) (G1 Evacuation Pause)
[2019-06-03T12:31:54.818+0930][gc,task       ] GC(107) Using 8 workers of 8 for evacuation
[2019-06-03T12:31:54.836+0930][gc,phases     ] GC(107)   Pre Evacuate Collection Set: 0.0ms
[2019-06-03T12:31:54.836+0930][gc,phases     ] GC(107)   Evacuate Collection Set: 15.8ms
[2019-06-03T12:31:54.836+0930][gc,phases     ] GC(107)   Post Evacuate Collection Set: 1.6ms
[2019-06-03T12:31:54.836+0930][gc,phases     ] GC(107)   Other: 0.5ms
[2019-06-03T12:31:54.836+0930][gc,heap       ] GC(107) Eden regions: 415->0(416)
[2019-06-03T12:31:54.836+0930][gc,heap       ] GC(107) Survivor regions: 9->10(53)
[2019-06-03T12:31:54.836+0930][gc,heap       ] GC(107) Old regions: 53->53
[2019-06-03T12:31:54.836+0930][gc,heap       ] GC(107) Humongous regions: 129->129
[2019-06-03T12:31:54.836+0930][gc,metaspace  ] GC(107) Metaspace: 33045K->33045K(1079296K)
[2019-06-03T12:31:54.836+0930][gc            ] GC(107) Pause Young (Normal) (G1 Evacuation Pause) 603M->189M(1024M) 18.309ms
[2019-06-03T12:31:54.836+0930][gc,cpu        ] GC(107) User=0.06s Sys=0.06s Real=0.02s
[2019-06-03T12:32:18.867+0930][gc,start      ] GC(108) Pause Young (Normal) (G1 Evacuation Pause)
[2019-06-03T12:32:18.867+0930][gc,task       ] GC(108) Using 8 workers of 8 for evacuation
[2019-06-03T12:32:18.874+0930][gc,phases     ] GC(108)   Pre Evacuate Collection Set: 0.1ms
[2019-06-03T12:32:18.874+0930][gc,phases     ] GC(108)   Evacuate Collection Set: 5.7ms
[2019-06-03T12:32:18.874+0930][gc,phases     ] GC(108)   Post Evacuate Collection Set: 1.0ms
[2019-06-03T12:32:18.874+0930][gc,phases     ] GC(108)   Other: 0.2ms
[2019-06-03T12:32:18.874+0930][gc,heap       ] GC(108) Eden regions: 416->0(427)
[2019-06-03T12:32:18.874+0930][gc,heap       ] GC(108) Survivor regions: 10->10(54)
[2019-06-03T12:32:18.874+0930][gc,heap       ] GC(108) Old regions: 53->54
[2019-06-03T12:32:18.874+0930][gc,heap       ] GC(108) Humongous regions: 129->129
[2019-06-03T12:32:18.874+0930][gc,metaspace  ] GC(108) Metaspace: 33045K->33045K(1079296K)
[2019-06-03T12:32:18.874+0930][gc            ] GC(108) Pause Young (Normal) (G1 Evacuation Pause) 605M->190M(1024M) 7.114ms
[2019-06-03T12:32:18.874+0930][gc,cpu        ] GC(108) User=0.00s Sys=0.00s Real=0.01s
[2019-06-03T12:32:50.063+0930][gc,start      ] GC(109) Pause Young (Normal) (G1 Evacuation Pause)
[2019-06-03T12:32:50.063+0930][gc,task       ] GC(109) Using 8 workers of 8 for evacuation
[2019-06-03T12:32:50.076+0930][gc,phases     ] GC(109)   Pre Evacuate Collection Set: 0.0ms
[2019-06-03T12:32:50.076+0930][gc,phases     ] GC(109)   Evacuate Collection Set: 11.9ms
[2019-06-03T12:32:50.076+0930][gc,phases     ] GC(109)   Post Evacuate Collection Set: 1.1ms
[2019-06-03T12:32:50.076+0930][gc,phases     ] GC(109)   Other: 0.3ms
[2019-06-03T12:32:50.076+0930][gc,heap       ] GC(109) Eden regions: 427->0(434)
[2019-06-03T12:32:50.076+0930][gc,heap       ] GC(109) Survivor regions: 10->10(55)
[2019-06-03T12:32:50.076+0930][gc,heap       ] GC(109) Old regions: 54->54
[2019-06-03T12:32:50.076+0930][gc,heap       ] GC(109) Humongous regions: 129->129
[2019-06-03T12:32:50.076+0930][gc,metaspace  ] GC(109) Metaspace: 33047K->33047K(1079296K)
[2019-06-03T12:32:50.077+0930][gc            ] GC(109) Pause Young (Normal) (G1 Evacuation Pause) 617M->190M(1024M) 13.664ms
[2019-06-03T12:32:50.077+0930][gc,cpu        ] GC(109) User=0.12s Sys=0.00s Real=0.01s
[2019-06-03T12:33:27.672+0930][gc,start      ] GC(110) Pause Young (Normal) (G1 Evacuation Pause)
[2019-06-03T12:33:27.672+0930][gc,task       ] GC(110) Using 8 workers of 8 for evacuation
[2019-06-03T12:33:27.689+0930][gc,phases     ] GC(110)   Pre Evacuate Collection Set: 0.0ms
[2019-06-03T12:33:27.689+0930][gc,phases     ] GC(110)   Evacuate Collection Set: 15.1ms
[2019-06-03T12:33:27.689+0930][gc,phases     ] GC(110)   Post Evacuate Collection Set: 1.3ms
[2019-06-03T12:33:27.689+0930][gc,phases     ] GC(110)   Other: 0.5ms
[2019-06-03T12:33:27.689+0930][gc,heap       ] GC(110) Eden regions: 434->0(434)
[2019-06-03T12:33:27.689+0930][gc,heap       ] GC(110) Survivor regions: 10->11(56)
[2019-06-03T12:33:27.689+0930][gc,heap       ] GC(110) Old regions: 54->54
[2019-06-03T12:33:27.689+0930][gc,heap       ] GC(110) Humongous regions: 129->129
[2019-06-03T12:33:27.689+0930][gc,metaspace  ] GC(110) Metaspace: 33047K->33047K(1079296K)
[2019-06-03T12:33:27.689+0930][gc            ] GC(110) Pause Young (Normal) (G1 Evacuation Pause) 624M->191M(1024M) 17.241ms
[2019-06-03T12:33:27.689+0930][gc,cpu        ] GC(110) User=0.12s Sys=0.00s Real=0.01s
[2019-06-03T12:34:05.342+0930][gc,start      ] GC(111) Pause Young (Normal) (G1 Evacuation Pause)
[2019-06-03T12:34:05.342+0930][gc,task       ] GC(111) Using 8 workers of 8 for evacuation
[2019-06-03T12:34:05.360+0930][gc,phases     ] GC(111)   Pre Evacuate Collection Set: 0.0ms
[2019-06-03T12:34:05.360+0930][gc,phases     ] GC(111)   Evacuate Collection Set: 16.2ms
[2019-06-03T12:34:05.360+0930][gc,phases     ] GC(111)   Post Evacuate Collection Set: 1.3ms
[2019-06-03T12:34:05.360+0930][gc,phases     ] GC(111)   Other: 0.5ms
[2019-06-03T12:34:05.360+0930][gc,heap       ] GC(111) Eden regions: 434->0(434)
[2019-06-03T12:34:05.360+0930][gc,heap       ] GC(111) Survivor regions: 11->11(56)
[2019-06-03T12:34:05.360+0930][gc,heap       ] GC(111) Old regions: 54->55
[2019-06-03T12:34:05.360+0930][gc,heap       ] GC(111) Humongous regions: 129->129
[2019-06-03T12:34:05.360+0930][gc,metaspace  ] GC(111) Metaspace: 33049K->33049K(1079296K)
[2019-06-03T12:34:05.360+0930][gc            ] GC(111) Pause Young (Normal) (G1 Evacuation Pause) 625M->192M(1024M) 18.399ms
[2019-06-03T12:34:05.360+0930][gc,cpu        ] GC(111) User=0.13s Sys=0.00s Real=0.01s
[2019-06-03T12:34:43.247+0930][gc,start      ] GC(112) Pause Young (Normal) (G1 Evacuation Pause)
[2019-06-03T12:34:43.247+0930][gc,task       ] GC(112) Using 8 workers of 8 for evacuation
[2019-06-03T12:34:43.266+0930][gc,phases     ] GC(112)   Pre Evacuate Collection Set: 0.0ms
[2019-06-03T12:34:43.266+0930][gc,phases     ] GC(112)   Evacuate Collection Set: 17.0ms
[2019-06-03T12:34:43.266+0930][gc,phases     ] GC(112)   Post Evacuate Collection Set: 1.4ms
[2019-06-03T12:34:43.266+0930][gc,phases     ] GC(112)   Other: 0.6ms
[2019-06-03T12:34:43.266+0930][gc,heap       ] GC(112) Eden regions: 434->0(434)
[2019-06-03T12:34:43.266+0930][gc,heap       ] GC(112) Survivor regions: 11->11(56)
[2019-06-03T12:34:43.266+0930][gc,heap       ] GC(112) Old regions: 55->55
[2019-06-03T12:34:43.266+0930][gc,heap       ] GC(112) Humongous regions: 129->129
[2019-06-03T12:34:43.266+0930][gc,metaspace  ] GC(112) Metaspace: 33049K->33049K(1079296K)
[2019-06-03T12:34:43.266+0930][gc            ] GC(112) Pause Young (Normal) (G1 Evacuation Pause) 626M->193M(1024M) 19.332ms
[2019-06-03T12:34:43.267+0930][gc,cpu        ] GC(112) User=0.12s Sys=0.00s Real=0.02s
[2019-06-03T12:35:19.480+0930][gc,start      ] GC(113) Pause Young (Normal) (G1 Evacuation Pause)
[2019-06-03T12:35:19.480+0930][gc,task       ] GC(113) Using 8 workers of 8 for evacuation
[2019-06-03T12:35:19.495+0930][gc,phases     ] GC(113)   Pre Evacuate Collection Set: 0.0ms
[2019-06-03T12:35:19.495+0930][gc,phases     ] GC(113)   Evacuate Collection Set: 13.7ms
[2019-06-03T12:35:19.495+0930][gc,phases     ] GC(113)   Post Evacuate Collection Set: 1.1ms
[2019-06-03T12:35:19.495+0930][gc,phases     ] GC(113)   Other: 0.4ms
[2019-06-03T12:35:19.495+0930][gc,heap       ] GC(113) Eden regions: 434->0(441)
[2019-06-03T12:35:19.495+0930][gc,heap       ] GC(113) Survivor regions: 11->12(56)
[2019-06-03T12:35:19.495+0930][gc,heap       ] GC(113) Old regions: 55->56
[2019-06-03T12:35:19.495+0930][gc,heap       ] GC(113) Humongous regions: 129->129
[2019-06-03T12:35:19.495+0930][gc,metaspace  ] GC(113) Metaspace: 33049K->33049K(1079296K)
[2019-06-03T12:35:19.495+0930][gc            ] GC(113) Pause Young (Normal) (G1 Evacuation Pause) 627M->194M(1024M) 15.471ms
[2019-06-03T12:35:19.495+0930][gc,cpu        ] GC(113) User=0.13s Sys=0.00s Real=0.02s
[2019-06-03T12:35:54.655+0930][gc,start      ] GC(114) Pause Young (Normal) (G1 Evacuation Pause)
[2019-06-03T12:35:54.655+0930][gc,task       ] GC(114) Using 8 workers of 8 for evacuation
[2019-06-03T12:35:54.687+0930][gc,mmu        ] GC(114) MMU target violated: 21.0ms (20.0ms/21.0ms)
[2019-06-03T12:35:54.688+0930][gc,phases     ] GC(114)   Pre Evacuate Collection Set: 0.0ms
[2019-06-03T12:35:54.688+0930][gc,phases     ] GC(114)   Evacuate Collection Set: 30.4ms
[2019-06-03T12:35:54.688+0930][gc,phases     ] GC(114)   Post Evacuate Collection Set: 1.4ms
[2019-06-03T12:35:54.688+0930][gc,phases     ] GC(114)   Other: 0.6ms
[2019-06-03T12:35:54.688+0930][gc,heap       ] GC(114) Eden regions: 441->0(151)
[2019-06-03T12:35:54.688+0930][gc,heap       ] GC(114) Survivor regions: 12->12(57)
[2019-06-03T12:35:54.688+0930][gc,heap       ] GC(114) Old regions: 56->57
[2019-06-03T12:35:54.688+0930][gc,heap       ] GC(114) Humongous regions: 129->129
[2019-06-03T12:35:54.688+0930][gc,metaspace  ] GC(114) Metaspace: 33051K->33051K(1079296K)
[2019-06-03T12:35:54.688+0930][gc            ] GC(114) Pause Young (Normal) (G1 Evacuation Pause) 635M->194M(1024M) 32.653ms
[2019-06-03T12:35:54.688+0930][gc,cpu        ] GC(114) User=0.17s Sys=0.07s Real=0.03s
[2019-06-03T12:36:08.043+0930][gc,start      ] GC(115) Pause Young (Normal) (G1 Evacuation Pause)
[2019-06-03T12:36:08.043+0930][gc,task       ] GC(115) Using 8 workers of 8 for evacuation
[2019-06-03T12:36:08.058+0930][gc,phases     ] GC(115)   Pre Evacuate Collection Set: 0.0ms
[2019-06-03T12:36:08.058+0930][gc,phases     ] GC(115)   Evacuate Collection Set: 13.5ms
[2019-06-03T12:36:08.058+0930][gc,phases     ] GC(115)   Post Evacuate Collection Set: 0.8ms
[2019-06-03T12:36:08.058+0930][gc,phases     ] GC(115)   Other: 0.4ms
[2019-06-03T12:36:08.058+0930][gc,heap       ] GC(115) Eden regions: 151->0(160)
[2019-06-03T12:36:08.058+0930][gc,heap       ] GC(115) Survivor regions: 12->11(21)
[2019-06-03T12:36:08.058+0930][gc,heap       ] GC(115) Old regions: 57->57
[2019-06-03T12:36:08.058+0930][gc,heap       ] GC(115) Humongous regions: 129->129
[2019-06-03T12:36:08.058+0930][gc,metaspace  ] GC(115) Metaspace: 33051K->33051K(1079296K)
[2019-06-03T12:36:08.058+0930][gc            ] GC(115) Pause Young (Normal) (G1 Evacuation Pause) 345M->195M(1024M) 15.044ms
[2019-06-03T12:36:08.059+0930][gc,cpu        ] GC(115) User=0.11s Sys=0.02s Real=0.01s
[2019-06-03T12:36:22.423+0930][gc,start      ] GC(116) Pause Young (Normal) (G1 Evacuation Pause)
[2019-06-03T12:36:22.423+0930][gc,task       ] GC(116) Using 8 workers of 8 for evacuation
[2019-06-03T12:36:22.458+0930][gc,mmu        ] GC(116) MMU target violated: 21.0ms (20.0ms/21.0ms)
[2019-06-03T12:36:22.458+0930][gc,phases     ] GC(116)   Pre Evacuate Collection Set: 0.0ms
[2019-06-03T12:36:22.458+0930][gc,phases     ] GC(116)   Evacuate Collection Set: 32.7ms
[2019-06-03T12:36:22.458+0930][gc,phases     ] GC(116)   Post Evacuate Collection Set: 1.2ms
[2019-06-03T12:36:22.458+0930][gc,phases     ] GC(116)   Other: 0.7ms
[2019-06-03T12:36:22.458+0930][gc,heap       ] GC(116) Eden regions: 160->0(162)
[2019-06-03T12:36:22.458+0930][gc,heap       ] GC(116) Survivor regions: 11->11(22)
[2019-06-03T12:36:22.458+0930][gc,heap       ] GC(116) Old regions: 57->58
[2019-06-03T12:36:22.458+0930][gc,heap       ] GC(116) Humongous regions: 129->129
[2019-06-03T12:36:22.458+0930][gc,metaspace  ] GC(116) Metaspace: 33051K->33051K(1079296K)
[2019-06-03T12:36:22.458+0930][gc            ] GC(116) Pause Young (Normal) (G1 Evacuation Pause) 355M->195M(1024M) 35.007ms
[2019-06-03T12:36:22.458+0930][gc,cpu        ] GC(116) User=0.14s Sys=0.00s Real=0.03s
[2019-06-03T12:36:38.204+0930][gc,start      ] GC(117) Pause Young (Normal) (G1 Evacuation Pause)
[2019-06-03T12:36:38.204+0930][gc,task       ] GC(117) Using 8 workers of 8 for evacuation
[2019-06-03T12:36:38.238+0930][gc,mmu        ] GC(117) MMU target violated: 21.0ms (20.0ms/21.0ms)
[2019-06-03T12:36:38.239+0930][gc,phases     ] GC(117)   Pre Evacuate Collection Set: 0.0ms
[2019-06-03T12:36:38.239+0930][gc,phases     ] GC(117)   Evacuate Collection Set: 32.5ms
[2019-06-03T12:36:38.239+0930][gc,phases     ] GC(117)   Post Evacuate Collection Set: 1.1ms
[2019-06-03T12:36:38.239+0930][gc,phases     ] GC(117)   Other: 0.8ms
[2019-06-03T12:36:38.239+0930][gc,heap       ] GC(117) Eden regions: 162->0(166)
[2019-06-03T12:36:38.239+0930][gc,heap       ] GC(117) Survivor regions: 11->11(22)
[2019-06-03T12:36:38.239+0930][gc,heap       ] GC(117) Old regions: 58->59
[2019-06-03T12:36:38.239+0930][gc,heap       ] GC(117) Humongous regions: 129->129
[2019-06-03T12:36:38.239+0930][gc,metaspace  ] GC(117) Metaspace: 33053K->33053K(1079296K)
[2019-06-03T12:36:38.239+0930][gc            ] GC(117) Pause Young (Normal) (G1 Evacuation Pause) 357M->196M(1024M) 34.859ms
[2019-06-03T12:36:38.239+0930][gc,cpu        ] GC(117) User=0.14s Sys=0.00s Real=0.03s
[2019-06-03T12:36:54.649+0930][gc,start      ] GC(118) Pause Young (Normal) (G1 Evacuation Pause)
[2019-06-03T12:36:54.649+0930][gc,task       ] GC(118) Using 8 workers of 8 for evacuation
[2019-06-03T12:36:54.678+0930][gc,mmu        ] GC(118) MMU target violated: 21.0ms (20.0ms/21.0ms)
[2019-06-03T12:36:54.678+0930][gc,phases     ] GC(118)   Pre Evacuate Collection Set: 0.0ms
[2019-06-03T12:36:54.678+0930][gc,phases     ] GC(118)   Evacuate Collection Set: 27.1ms
[2019-06-03T12:36:54.678+0930][gc,phases     ] GC(118)   Post Evacuate Collection Set: 1.0ms
[2019-06-03T12:36:54.678+0930][gc,phases     ] GC(118)   Other: 0.5ms
[2019-06-03T12:36:54.678+0930][gc,heap       ] GC(118) Eden regions: 166->0(174)
[2019-06-03T12:36:54.678+0930][gc,heap       ] GC(118) Survivor regions: 11->10(23)
[2019-06-03T12:36:54.678+0930][gc,heap       ] GC(118) Old regions: 59->59
[2019-06-03T12:36:54.678+0930][gc,heap       ] GC(118) Humongous regions: 129->129
[2019-06-03T12:36:54.678+0930][gc,metaspace  ] GC(118) Metaspace: 33054K->33054K(1079296K)
[2019-06-03T12:36:54.678+0930][gc            ] GC(118) Pause Young (Normal) (G1 Evacuation Pause) 362M->196M(1024M) 28.978ms
[2019-06-03T12:36:54.678+0930][gc,cpu        ] GC(118) User=0.13s Sys=0.00s Real=0.03s
[2019-06-03T12:37:11.448+0930][gc,start      ] GC(119) Pause Young (Normal) (G1 Evacuation Pause)
[2019-06-03T12:37:11.448+0930][gc,task       ] GC(119) Using 8 workers of 8 for evacuation
[2019-06-03T12:37:11.478+0930][gc,mmu        ] GC(119) MMU target violated: 21.0ms (20.0ms/21.0ms)
[2019-06-03T12:37:11.478+0930][gc,phases     ] GC(119)   Pre Evacuate Collection Set: 0.0ms
[2019-06-03T12:37:11.478+0930][gc,phases     ] GC(119)   Evacuate Collection Set: 28.0ms
[2019-06-03T12:37:11.478+0930][gc,phases     ] GC(119)   Post Evacuate Collection Set: 1.0ms
[2019-06-03T12:37:11.478+0930][gc,phases     ] GC(119)   Other: 0.6ms
[2019-06-03T12:37:11.478+0930][gc,heap       ] GC(119) Eden regions: 174->0(178)
[2019-06-03T12:37:11.478+0930][gc,heap       ] GC(119) Survivor regions: 10->10(23)
[2019-06-03T12:37:11.478+0930][gc,heap       ] GC(119) Old regions: 59->60
[2019-06-03T12:37:11.478+0930][gc,heap       ] GC(119) Humongous regions: 129->129
[2019-06-03T12:37:11.478+0930][gc,metaspace  ] GC(119) Metaspace: 33054K->33054K(1079296K)
[2019-06-03T12:37:11.478+0930][gc            ] GC(119) Pause Young (Normal) (G1 Evacuation Pause) 370M->196M(1024M) 29.900ms
[2019-06-03T12:37:11.478+0930][gc,cpu        ] GC(119) User=0.09s Sys=0.03s Real=0.03s
[2019-06-03T12:37:29.001+0930][gc,start      ] GC(120) Pause Young (Normal) (G1 Evacuation Pause)
[2019-06-03T12:37:29.001+0930][gc,task       ] GC(120) Using 8 workers of 8 for evacuation
[2019-06-03T12:37:29.029+0930][gc,mmu        ] GC(120) MMU target violated: 21.0ms (20.0ms/21.0ms)
[2019-06-03T12:37:29.029+0930][gc,phases     ] GC(120)   Pre Evacuate Collection Set: 0.0ms
[2019-06-03T12:37:29.029+0930][gc,phases     ] GC(120)   Evacuate Collection Set: 26.6ms
[2019-06-03T12:37:29.029+0930][gc,phases     ] GC(120)   Post Evacuate Collection Set: 1.2ms
[2019-06-03T12:37:29.029+0930][gc,phases     ] GC(120)   Other: 0.5ms
[2019-06-03T12:37:29.029+0930][gc,heap       ] GC(120) Eden regions: 178->0(185)
[2019-06-03T12:37:29.029+0930][gc,heap       ] GC(120) Survivor regions: 10->9(24)
[2019-06-03T12:37:29.029+0930][gc,heap       ] GC(120) Old regions: 60->61
[2019-06-03T12:37:29.029+0930][gc,heap       ] GC(120) Humongous regions: 129->129
[2019-06-03T12:37:29.029+0930][gc,metaspace  ] GC(120) Metaspace: 33062K->33062K(1079296K)
[2019-06-03T12:37:29.029+0930][gc            ] GC(120) Pause Young (Normal) (G1 Evacuation Pause) 374M->196M(1024M) 28.619ms
[2019-06-03T12:37:29.029+0930][gc,cpu        ] GC(120) User=0.13s Sys=0.00s Real=0.03s
[2019-06-03T12:37:46.223+0930][gc,start      ] GC(121) Pause Young (Normal) (G1 Evacuation Pause)
[2019-06-03T12:37:46.223+0930][gc,task       ] GC(121) Using 8 workers of 8 for evacuation
[2019-06-03T12:37:46.250+0930][gc,mmu        ] GC(121) MMU target violated: 21.0ms (20.0ms/21.0ms)
[2019-06-03T12:37:46.250+0930][gc,phases     ] GC(121)   Pre Evacuate Collection Set: 0.4ms
[2019-06-03T12:37:46.250+0930][gc,phases     ] GC(121)   Evacuate Collection Set: 24.9ms
[2019-06-03T12:37:46.250+0930][gc,phases     ] GC(121)   Post Evacuate Collection Set: 1.2ms
[2019-06-03T12:37:46.250+0930][gc,phases     ] GC(121)   Other: 0.5ms
[2019-06-03T12:37:46.251+0930][gc,heap       ] GC(121) Eden regions: 185->0(188)
[2019-06-03T12:37:46.251+0930][gc,heap       ] GC(121) Survivor regions: 9->9(25)
[2019-06-03T12:37:46.251+0930][gc,heap       ] GC(121) Old regions: 61->61
[2019-06-03T12:37:46.251+0930][gc,heap       ] GC(121) Humongous regions: 129->129
[2019-06-03T12:37:46.251+0930][gc,metaspace  ] GC(121) Metaspace: 33062K->33062K(1079296K)
[2019-06-03T12:37:46.251+0930][gc            ] GC(121) Pause Young (Normal) (G1 Evacuation Pause) 381M->197M(1024M) 27.268ms
[2019-06-03T12:37:46.251+0930][gc,cpu        ] GC(121) User=0.04s Sys=0.01s Real=0.02s
[2019-06-03T12:38:02.787+0930][gc,start      ] GC(122) Pause Young (Normal) (G1 Evacuation Pause)
[2019-06-03T12:38:02.787+0930][gc,task       ] GC(122) Using 8 workers of 8 for evacuation
[2019-06-03T12:38:02.814+0930][gc,mmu        ] GC(122) MMU target violated: 21.0ms (20.0ms/21.0ms)
[2019-06-03T12:38:02.814+0930][gc,phases     ] GC(122)   Pre Evacuate Collection Set: 0.0ms
[2019-06-03T12:38:02.814+0930][gc,phases     ] GC(122)   Evacuate Collection Set: 25.0ms
[2019-06-03T12:38:02.814+0930][gc,phases     ] GC(122)   Post Evacuate Collection Set: 1.0ms
[2019-06-03T12:38:02.814+0930][gc,phases     ] GC(122)   Other: 0.6ms
[2019-06-03T12:38:02.814+0930][gc,heap       ] GC(122) Eden regions: 188->0(192)
[2019-06-03T12:38:02.814+0930][gc,heap       ] GC(122) Survivor regions: 9->9(25)
[2019-06-03T12:38:02.814+0930][gc,heap       ] GC(122) Old regions: 61->62
[2019-06-03T12:38:02.814+0930][gc,heap       ] GC(122) Humongous regions: 129->129
[2019-06-03T12:38:02.814+0930][gc,metaspace  ] GC(122) Metaspace: 33068K->33068K(1079296K)
[2019-06-03T12:38:02.814+0930][gc            ] GC(122) Pause Young (Normal) (G1 Evacuation Pause) 385M->197M(1024M) 26.936ms
[2019-06-03T12:38:02.814+0930][gc,cpu        ] GC(122) User=0.05s Sys=0.01s Real=0.03s
[2019-06-03T12:38:20.116+0930][gc,start      ] GC(123) Pause Young (Normal) (G1 Evacuation Pause)
[2019-06-03T12:38:20.116+0930][gc,task       ] GC(123) Using 8 workers of 8 for evacuation
[2019-06-03T12:38:20.141+0930][gc,mmu        ] GC(123) MMU target violated: 21.0ms (20.0ms/21.0ms)
[2019-06-03T12:38:20.141+0930][gc,phases     ] GC(123)   Pre Evacuate Collection Set: 0.0ms
[2019-06-03T12:38:20.141+0930][gc,phases     ] GC(123)   Evacuate Collection Set: 23.8ms
[2019-06-03T12:38:20.141+0930][gc,phases     ] GC(123)   Post Evacuate Collection Set: 1.0ms
[2019-06-03T12:38:20.141+0930][gc,phases     ] GC(123)   Other: 0.6ms
[2019-06-03T12:38:20.141+0930][gc,heap       ] GC(123) Eden regions: 192->0(198)
[2019-06-03T12:38:20.141+0930][gc,heap       ] GC(123) Survivor regions: 9->8(26)
[2019-06-03T12:38:20.141+0930][gc,heap       ] GC(123) Old regions: 62->63
[2019-06-03T12:38:20.141+0930][gc,heap       ] GC(123) Humongous regions: 129->129
[2019-06-03T12:38:20.141+0930][gc,metaspace  ] GC(123) Metaspace: 33070K->33070K(1079296K)
[2019-06-03T12:38:20.142+0930][gc            ] GC(123) Pause Young (Normal) (G1 Evacuation Pause) 389M->198M(1024M) 25.624ms
[2019-06-03T12:38:20.142+0930][gc,cpu        ] GC(123) User=0.05s Sys=0.02s Real=0.03s
[2019-06-03T12:38:36.641+0930][gc,start      ] GC(124) Pause Young (Normal) (G1 Evacuation Pause)
[2019-06-03T12:38:36.641+0930][gc,task       ] GC(124) Using 8 workers of 8 for evacuation
[2019-06-03T12:38:36.664+0930][gc,mmu        ] GC(124) MMU target violated: 21.0ms (20.0ms/21.0ms)
[2019-06-03T12:38:36.664+0930][gc,phases     ] GC(124)   Pre Evacuate Collection Set: 0.0ms
[2019-06-03T12:38:36.664+0930][gc,phases     ] GC(124)   Evacuate Collection Set: 22.0ms
[2019-06-03T12:38:36.664+0930][gc,phases     ] GC(124)   Post Evacuate Collection Set: 1.0ms
[2019-06-03T12:38:36.664+0930][gc,phases     ] GC(124)   Other: 0.5ms
[2019-06-03T12:38:36.664+0930][gc,heap       ] GC(124) Eden regions: 198->0(201)
[2019-06-03T12:38:36.664+0930][gc,heap       ] GC(124) Survivor regions: 8->8(26)
[2019-06-03T12:38:36.664+0930][gc,heap       ] GC(124) Old regions: 63->64
[2019-06-03T12:38:36.664+0930][gc,heap       ] GC(124) Humongous regions: 129->129
[2019-06-03T12:38:36.665+0930][gc,metaspace  ] GC(124) Metaspace: 33070K->33070K(1079296K)
[2019-06-03T12:38:36.665+0930][gc            ] GC(124) Pause Young (Normal) (G1 Evacuation Pause) 396M->198M(1024M) 23.852ms
[2019-06-03T12:38:36.665+0930][gc,cpu        ] GC(124) User=0.10s Sys=0.03s Real=0.03s
[2019-06-03T12:38:53.798+0930][gc,start      ] GC(125) Pause Young (Normal) (G1 Evacuation Pause)
[2019-06-03T12:38:53.798+0930][gc,task       ] GC(125) Using 8 workers of 8 for evacuation
[2019-06-03T12:38:53.822+0930][gc,mmu        ] GC(125) MMU target violated: 21.0ms (20.0ms/21.0ms)
[2019-06-03T12:38:53.822+0930][gc,phases     ] GC(125)   Pre Evacuate Collection Set: 0.0ms
[2019-06-03T12:38:53.822+0930][gc,phases     ] GC(125)   Evacuate Collection Set: 22.1ms
[2019-06-03T12:38:53.822+0930][gc,phases     ] GC(125)   Post Evacuate Collection Set: 1.1ms
[2019-06-03T12:38:53.822+0930][gc,phases     ] GC(125)   Other: 0.5ms
[2019-06-03T12:38:53.822+0930][gc,heap       ] GC(125) Eden regions: 201->0(206)
[2019-06-03T12:38:53.822+0930][gc,heap       ] GC(125) Survivor regions: 8->8(27)
[2019-06-03T12:38:53.822+0930][gc,heap       ] GC(125) Old regions: 64->64
[2019-06-03T12:38:53.822+0930][gc,heap       ] GC(125) Humongous regions: 129->129
[2019-06-03T12:38:53.822+0930][gc,metaspace  ] GC(125) Metaspace: 33079K->33079K(1079296K)
[2019-06-03T12:38:53.822+0930][gc            ] GC(125) Pause Young (Normal) (G1 Evacuation Pause) 399M->199M(1024M) 23.967ms
[2019-06-03T12:38:53.822+0930][gc,cpu        ] GC(125) User=0.13s Sys=0.00s Real=0.03s
[2019-06-03T12:39:10.656+0930][gc,start      ] GC(126) Pause Young (Normal) (G1 Evacuation Pause)
[2019-06-03T12:39:10.656+0930][gc,task       ] GC(126) Using 8 workers of 8 for evacuation
[2019-06-03T12:39:10.678+0930][gc,mmu        ] GC(126) MMU target violated: 21.0ms (20.0ms/21.0ms)
[2019-06-03T12:39:10.679+0930][gc,phases     ] GC(126)   Pre Evacuate Collection Set: 0.0ms
[2019-06-03T12:39:10.679+0930][gc,phases     ] GC(126)   Evacuate Collection Set: 21.4ms
[2019-06-03T12:39:10.679+0930][gc,phases     ] GC(126)   Post Evacuate Collection Set: 1.1ms
[2019-06-03T12:39:10.679+0930][gc,phases     ] GC(126)   Other: 0.5ms
[2019-06-03T12:39:10.679+0930][gc,heap       ] GC(126) Eden regions: 206->0(211)
[2019-06-03T12:39:10.679+0930][gc,heap       ] GC(126) Survivor regions: 8->8(27)
[2019-06-03T12:39:10.679+0930][gc,heap       ] GC(126) Old regions: 64->65
[2019-06-03T12:39:10.679+0930][gc,heap       ] GC(126) Humongous regions: 129->129
[2019-06-03T12:39:10.679+0930][gc,metaspace  ] GC(126) Metaspace: 33079K->33079K(1079296K)
[2019-06-03T12:39:10.679+0930][gc            ] GC(126) Pause Young (Normal) (G1 Evacuation Pause) 405M->199M(1024M) 23.316ms
[2019-06-03T12:39:10.679+0930][gc,cpu        ] GC(126) User=0.12s Sys=0.00s Real=0.02s
[2019-06-03T12:39:28.450+0930][gc,start      ] GC(127) Pause Young (Normal) (G1 Evacuation Pause)
[2019-06-03T12:39:28.450+0930][gc,task       ] GC(127) Using 8 workers of 8 for evacuation
[2019-06-03T12:39:28.472+0930][gc,mmu        ] GC(127) MMU target violated: 21.0ms (20.0ms/21.0ms)
[2019-06-03T12:39:28.472+0930][gc,phases     ] GC(127)   Pre Evacuate Collection Set: 0.0ms
[2019-06-03T12:39:28.472+0930][gc,phases     ] GC(127)   Evacuate Collection Set: 20.8ms
[2019-06-03T12:39:28.472+0930][gc,phases     ] GC(127)   Post Evacuate Collection Set: 1.1ms
[2019-06-03T12:39:28.472+0930][gc,phases     ] GC(127)   Other: 0.5ms
[2019-06-03T12:39:28.472+0930][gc,heap       ] GC(127) Eden regions: 211->0(218)
[2019-06-03T12:39:28.472+0930][gc,heap       ] GC(127) Survivor regions: 8->7(28)
[2019-06-03T12:39:28.472+0930][gc,heap       ] GC(127) Old regions: 65->66
[2019-06-03T12:39:28.472+0930][gc,heap       ] GC(127) Humongous regions: 129->129
[2019-06-03T12:39:28.472+0930][gc,metaspace  ] GC(127) Metaspace: 33079K->33079K(1079296K)
[2019-06-03T12:39:28.472+0930][gc            ] GC(127) Pause Young (Normal) (G1 Evacuation Pause) 410M->199M(1024M) 22.689ms
[2019-06-03T12:39:28.472+0930][gc,cpu        ] GC(127) User=0.06s Sys=0.00s Real=0.03s
[2019-06-03T12:39:46.837+0930][gc,start      ] GC(128) Pause Young (Normal) (G1 Evacuation Pause)
[2019-06-03T12:39:46.838+0930][gc,task       ] GC(128) Using 8 workers of 8 for evacuation
[2019-06-03T12:39:46.860+0930][gc,mmu        ] GC(128) MMU target violated: 21.0ms (20.0ms/21.0ms)
[2019-06-03T12:39:46.860+0930][gc,phases     ] GC(128)   Pre Evacuate Collection Set: 0.0ms
[2019-06-03T12:39:46.860+0930][gc,phases     ] GC(128)   Evacuate Collection Set: 20.8ms
[2019-06-03T12:39:46.860+0930][gc,phases     ] GC(128)   Post Evacuate Collection Set: 1.2ms
[2019-06-03T12:39:46.860+0930][gc,phases     ] GC(128)   Other: 0.5ms
[2019-06-03T12:39:46.860+0930][gc,heap       ] GC(128) Eden regions: 218->0(224)
[2019-06-03T12:39:46.860+0930][gc,heap       ] GC(128) Survivor regions: 7->7(29)
[2019-06-03T12:39:46.860+0930][gc,heap       ] GC(128) Old regions: 66->67
[2019-06-03T12:39:46.860+0930][gc,heap       ] GC(128) Humongous regions: 129->129
[2019-06-03T12:39:46.860+0930][gc,metaspace  ] GC(128) Metaspace: 33083K->33083K(1079296K)
[2019-06-03T12:39:46.860+0930][gc            ] GC(128) Pause Young (Normal) (G1 Evacuation Pause) 417M->200M(1024M) 22.807ms
[2019-06-03T12:39:46.860+0930][gc,cpu        ] GC(128) User=0.05s Sys=0.02s Real=0.02s
[2019-06-03T12:40:00.498+0930][gc,start      ] GC(129) Pause Young (Normal) (G1 Evacuation Pause)
[2019-06-03T12:40:00.498+0930][gc,task       ] GC(129) Using 8 workers of 8 for evacuation
[2019-06-03T12:40:00.512+0930][gc,phases     ] GC(129)   Pre Evacuate Collection Set: 0.0ms
[2019-06-03T12:40:00.512+0930][gc,phases     ] GC(129)   Evacuate Collection Set: 11.9ms
[2019-06-03T12:40:00.512+0930][gc,phases     ] GC(129)   Post Evacuate Collection Set: 1.3ms
[2019-06-03T12:40:00.512+0930][gc,phases     ] GC(129)   Other: 0.6ms
[2019-06-03T12:40:00.512+0930][gc,heap       ] GC(129) Eden regions: 224->0(230)
[2019-06-03T12:40:00.512+0930][gc,heap       ] GC(129) Survivor regions: 7->7(29)
[2019-06-03T12:40:00.512+0930][gc,heap       ] GC(129) Old regions: 67->68
[2019-06-03T12:40:00.512+0930][gc,heap       ] GC(129) Humongous regions: 129->129
[2019-06-03T12:40:00.512+0930][gc,metaspace  ] GC(129) Metaspace: 33291K->33291K(1079296K)
[2019-06-03T12:40:00.512+0930][gc            ] GC(129) Pause Young (Normal) (G1 Evacuation Pause) 424M->201M(1024M) 14.152ms
[2019-06-03T12:40:00.512+0930][gc,cpu        ] GC(129) User=0.09s Sys=0.02s Real=0.02s
[2019-06-03T12:40:17.371+0930][gc,start      ] GC(130) Pause Young (Normal) (G1 Evacuation Pause)
[2019-06-03T12:40:17.371+0930][gc,task       ] GC(130) Using 8 workers of 8 for evacuation
[2019-06-03T12:40:17.382+0930][gc,phases     ] GC(130)   Pre Evacuate Collection Set: 0.0ms
[2019-06-03T12:40:17.382+0930][gc,phases     ] GC(130)   Evacuate Collection Set: 9.0ms
[2019-06-03T12:40:17.382+0930][gc,phases     ] GC(130)   Post Evacuate Collection Set: 0.9ms
[2019-06-03T12:40:17.382+0930][gc,phases     ] GC(130)   Other: 0.4ms
[2019-06-03T12:40:17.382+0930][gc,heap       ] GC(130) Eden regions: 230->0(240)
[2019-06-03T12:40:17.382+0930][gc,heap       ] GC(130) Survivor regions: 7->7(30)
[2019-06-03T12:40:17.382+0930][gc,heap       ] GC(130) Old regions: 68->68
[2019-06-03T12:40:17.382+0930][gc,heap       ] GC(130) Humongous regions: 129->129
[2019-06-03T12:40:17.382+0930][gc,metaspace  ] GC(130) Metaspace: 33291K->33291K(1079296K)
[2019-06-03T12:40:17.382+0930][gc            ] GC(130) Pause Young (Normal) (G1 Evacuation Pause) 431M->201M(1024M) 10.699ms
[2019-06-03T12:40:17.382+0930][gc,cpu        ] GC(130) User=0.08s Sys=0.05s Real=0.01s
[2019-06-03T12:40:36.552+0930][gc,start      ] GC(131) Pause Young (Normal) (G1 Evacuation Pause)
[2019-06-03T12:40:36.552+0930][gc,task       ] GC(131) Using 8 workers of 8 for evacuation
[2019-06-03T12:40:36.566+0930][gc,phases     ] GC(131)   Pre Evacuate Collection Set: 0.0ms
[2019-06-03T12:40:36.566+0930][gc,phases     ] GC(131)   Evacuate Collection Set: 12.0ms
[2019-06-03T12:40:36.566+0930][gc,phases     ] GC(131)   Post Evacuate Collection Set: 1.3ms
[2019-06-03T12:40:36.566+0930][gc,phases     ] GC(131)   Other: 0.5ms
[2019-06-03T12:40:36.566+0930][gc,heap       ] GC(131) Eden regions: 239->0(241)
[2019-06-03T12:40:36.566+0930][gc,heap       ] GC(131) Survivor regions: 7->7(31)
[2019-06-03T12:40:36.566+0930][gc,heap       ] GC(131) Old regions: 68->69
[2019-06-03T12:40:36.566+0930][gc,heap       ] GC(131) Humongous regions: 129->129
[2019-06-03T12:40:36.566+0930][gc,metaspace  ] GC(131) Metaspace: 33291K->33291K(1079296K)
[2019-06-03T12:40:36.566+0930][gc            ] GC(131) Pause Young (Normal) (G1 Evacuation Pause) 440M->202M(1024M) 14.188ms
[2019-06-03T12:40:36.566+0930][gc,cpu        ] GC(131) User=0.00s Sys=0.00s Real=0.01s
[2019-06-03T12:40:53.859+0930][gc,start      ] GC(132) Pause Young (Normal) (G1 Evacuation Pause)
[2019-06-03T12:40:53.859+0930][gc,task       ] GC(132) Using 8 workers of 8 for evacuation
[2019-06-03T12:40:53.868+0930][gc,phases     ] GC(132)   Pre Evacuate Collection Set: 0.0ms
[2019-06-03T12:40:53.868+0930][gc,phases     ] GC(132)   Evacuate Collection Set: 8.0ms
[2019-06-03T12:40:53.868+0930][gc,phases     ] GC(132)   Post Evacuate Collection Set: 1.0ms
[2019-06-03T12:40:53.868+0930][gc,phases     ] GC(132)   Other: 0.3ms
[2019-06-03T12:40:53.868+0930][gc,heap       ] GC(132) Eden regions: 241->0(255)
[2019-06-03T12:40:53.868+0930][gc,heap       ] GC(132) Survivor regions: 7->7(31)
[2019-06-03T12:40:53.868+0930][gc,heap       ] GC(132) Old regions: 69->69
[2019-06-03T12:40:53.868+0930][gc,heap       ] GC(132) Humongous regions: 129->129
[2019-06-03T12:40:53.868+0930][gc,metaspace  ] GC(132) Metaspace: 33291K->33291K(1079296K)
[2019-06-03T12:40:53.868+0930][gc            ] GC(132) Pause Young (Normal) (G1 Evacuation Pause) 443M->202M(1024M) 9.620ms
[2019-06-03T12:40:53.868+0930][gc,cpu        ] GC(132) User=0.10s Sys=0.03s Real=0.01s
[2019-06-03T12:41:11.354+0930][gc,start      ] GC(133) Pause Young (Normal) (G1 Evacuation Pause)
[2019-06-03T12:41:11.354+0930][gc,task       ] GC(133) Using 8 workers of 8 for evacuation
[2019-06-03T12:41:11.364+0930][gc,phases     ] GC(133)   Pre Evacuate Collection Set: 0.1ms
[2019-06-03T12:41:11.364+0930][gc,phases     ] GC(133)   Evacuate Collection Set: 8.2ms
[2019-06-03T12:41:11.365+0930][gc,phases     ] GC(133)   Post Evacuate Collection Set: 1.3ms
[2019-06-03T12:41:11.365+0930][gc,phases     ] GC(133)   Other: 0.5ms
[2019-06-03T12:41:11.365+0930][gc,heap       ] GC(133) Eden regions: 254->0(268)
[2019-06-03T12:41:11.365+0930][gc,heap       ] GC(133) Survivor regions: 7->7(33)
[2019-06-03T12:41:11.365+0930][gc,heap       ] GC(133) Old regions: 69->69
[2019-06-03T12:41:11.365+0930][gc,heap       ] GC(133) Humongous regions: 129->129
[2019-06-03T12:41:11.365+0930][gc,metaspace  ] GC(133) Metaspace: 33291K->33291K(1079296K)
[2019-06-03T12:41:11.365+0930][gc            ] GC(133) Pause Young (Normal) (G1 Evacuation Pause) 456M->203M(1024M) 10.765ms
[2019-06-03T12:41:11.365+0930][gc,cpu        ] GC(133) User=0.00s Sys=0.00s Real=0.01s
[2019-06-03T12:41:35.603+0930][gc,start      ] GC(134) Pause Young (Normal) (G1 Evacuation Pause)
[2019-06-03T12:41:35.603+0930][gc,task       ] GC(134) Using 8 workers of 8 for evacuation
[2019-06-03T12:41:35.620+0930][gc,phases     ] GC(134)   Pre Evacuate Collection Set: 0.0ms
[2019-06-03T12:41:35.620+0930][gc,phases     ] GC(134)   Evacuate Collection Set: 15.3ms
[2019-06-03T12:41:35.621+0930][gc,phases     ] GC(134)   Post Evacuate Collection Set: 1.3ms
[2019-06-03T12:41:35.621+0930][gc,phases     ] GC(134)   Other: 0.5ms
[2019-06-03T12:41:35.621+0930][gc,heap       ] GC(134) Eden regions: 267->0(266)
[2019-06-03T12:41:35.621+0930][gc,heap       ] GC(134) Survivor regions: 7->7(35)
[2019-06-03T12:41:35.621+0930][gc,heap       ] GC(134) Old regions: 69->70
[2019-06-03T12:41:35.621+0930][gc,heap       ] GC(134) Humongous regions: 129->129
[2019-06-03T12:41:35.621+0930][gc,metaspace  ] GC(134) Metaspace: 33291K->33291K(1079296K)
[2019-06-03T12:41:35.621+0930][gc            ] GC(134) Pause Young (Normal) (G1 Evacuation Pause) 470M->203M(1024M) 17.545ms
[2019-06-03T12:41:35.621+0930][gc,cpu        ] GC(134) User=0.13s Sys=0.00s Real=0.02s
[2019-06-03T12:41:55.996+0930][gc,start      ] GC(135) Pause Young (Normal) (G1 Evacuation Pause)
[2019-06-03T12:41:55.996+0930][gc,task       ] GC(135) Using 8 workers of 8 for evacuation
[2019-06-03T12:41:56.008+0930][gc,phases     ] GC(135)   Pre Evacuate Collection Set: 0.0ms
[2019-06-03T12:41:56.008+0930][gc,phases     ] GC(135)   Evacuate Collection Set: 10.4ms
[2019-06-03T12:41:56.008+0930][gc,phases     ] GC(135)   Post Evacuate Collection Set: 1.0ms
[2019-06-03T12:41:56.008+0930][gc,phases     ] GC(135)   Other: 0.5ms
[2019-06-03T12:41:56.008+0930][gc,heap       ] GC(135) Eden regions: 265->0(271)
[2019-06-03T12:41:56.008+0930][gc,heap       ] GC(135) Survivor regions: 7->7(34)
[2019-06-03T12:41:56.008+0930][gc,heap       ] GC(135) Old regions: 70->70
[2019-06-03T12:41:56.008+0930][gc,heap       ] GC(135) Humongous regions: 129->129
[2019-06-03T12:41:56.008+0930][gc,metaspace  ] GC(135) Metaspace: 33291K->33291K(1079296K)
[2019-06-03T12:41:56.008+0930][gc            ] GC(135) Pause Young (Normal) (G1 Evacuation Pause) 468M->204M(1024M) 12.192ms
[2019-06-03T12:41:56.009+0930][gc,cpu        ] GC(135) User=0.11s Sys=0.02s Real=0.01s
[2019-06-03T12:42:20.903+0930][gc,start      ] GC(136) Pause Young (Normal) (G1 Evacuation Pause)
[2019-06-03T12:42:20.904+0930][gc,task       ] GC(136) Using 8 workers of 8 for evacuation
[2019-06-03T12:42:20.914+0930][gc,phases     ] GC(136)   Pre Evacuate Collection Set: 0.0ms
[2019-06-03T12:42:20.914+0930][gc,phases     ] GC(136)   Evacuate Collection Set: 9.6ms
[2019-06-03T12:42:20.914+0930][gc,phases     ] GC(136)   Post Evacuate Collection Set: 0.6ms
[2019-06-03T12:42:20.914+0930][gc,phases     ] GC(136)   Other: 0.3ms
[2019-06-03T12:42:20.914+0930][gc,heap       ] GC(136) Eden regions: 271->0(280)
[2019-06-03T12:42:20.914+0930][gc,heap       ] GC(136) Survivor regions: 7->7(35)
[2019-06-03T12:42:20.914+0930][gc,heap       ] GC(136) Old regions: 70->71
[2019-06-03T12:42:20.914+0930][gc,heap       ] GC(136) Humongous regions: 129->129
[2019-06-03T12:42:20.914+0930][gc,metaspace  ] GC(136) Metaspace: 33291K->33291K(1079296K)
[2019-06-03T12:42:20.914+0930][gc            ] GC(136) Pause Young (Normal) (G1 Evacuation Pause) 475M->204M(1024M) 10.725ms
[2019-06-03T12:42:20.914+0930][gc,cpu        ] GC(136) User=0.07s Sys=0.00s Real=0.01s
[2019-06-03T12:42:45.983+0930][gc,start      ] GC(137) Pause Young (Normal) (G1 Evacuation Pause)
[2019-06-03T12:42:45.983+0930][gc,task       ] GC(137) Using 8 workers of 8 for evacuation
[2019-06-03T12:42:45.998+0930][gc,phases     ] GC(137)   Pre Evacuate Collection Set: 0.0ms
[2019-06-03T12:42:45.998+0930][gc,phases     ] GC(137)   Evacuate Collection Set: 12.9ms
[2019-06-03T12:42:45.998+0930][gc,phases     ] GC(137)   Post Evacuate Collection Set: 1.2ms
[2019-06-03T12:42:45.998+0930][gc,phases     ] GC(137)   Other: 0.5ms
[2019-06-03T12:42:45.998+0930][gc,heap       ] GC(137) Eden regions: 280->0(282)
[2019-06-03T12:42:45.998+0930][gc,heap       ] GC(137) Survivor regions: 7->8(36)
[2019-06-03T12:42:45.998+0930][gc,heap       ] GC(137) Old regions: 71->71
[2019-06-03T12:42:45.998+0930][gc,heap       ] GC(137) Humongous regions: 129->129
[2019-06-03T12:42:45.998+0930][gc,metaspace  ] GC(137) Metaspace: 33291K->33291K(1079296K)
[2019-06-03T12:42:45.998+0930][gc            ] GC(137) Pause Young (Normal) (G1 Evacuation Pause) 484M->205M(1024M) 15.006ms
[2019-06-03T12:42:45.998+0930][gc,cpu        ] GC(137) User=0.13s Sys=0.00s Real=0.01s
[2019-06-03T12:43:09.411+0930][gc,start      ] GC(138) Pause Young (Normal) (G1 Evacuation Pause)
[2019-06-03T12:43:09.411+0930][gc,task       ] GC(138) Using 8 workers of 8 for evacuation
[2019-06-03T12:43:09.424+0930][gc,phases     ] GC(138)   Pre Evacuate Collection Set: 0.0ms
[2019-06-03T12:43:09.424+0930][gc,phases     ] GC(138)   Evacuate Collection Set: 11.6ms
[2019-06-03T12:43:09.424+0930][gc,phases     ] GC(138)   Post Evacuate Collection Set: 1.1ms
[2019-06-03T12:43:09.424+0930][gc,phases     ] GC(138)   Other: 0.5ms
[2019-06-03T12:43:09.425+0930][gc,heap       ] GC(138) Eden regions: 282->0(287)
[2019-06-03T12:43:09.425+0930][gc,heap       ] GC(138) Survivor regions: 8->8(37)
[2019-06-03T12:43:09.425+0930][gc,heap       ] GC(138) Old regions: 71->71
[2019-06-03T12:43:09.425+0930][gc,heap       ] GC(138) Humongous regions: 129->129
[2019-06-03T12:43:09.425+0930][gc,metaspace  ] GC(138) Metaspace: 33291K->33291K(1079296K)
[2019-06-03T12:43:09.425+0930][gc            ] GC(138) Pause Young (Normal) (G1 Evacuation Pause) 487M->205M(1024M) 13.490ms
[2019-06-03T12:43:09.425+0930][gc,cpu        ] GC(138) User=0.00s Sys=0.00s Real=0.01s
[2019-06-03T12:43:32.644+0930][gc,start      ] GC(139) Pause Young (Normal) (G1 Evacuation Pause)
[2019-06-03T12:43:32.644+0930][gc,task       ] GC(139) Using 8 workers of 8 for evacuation
[2019-06-03T12:43:32.657+0930][gc,phases     ] GC(139)   Pre Evacuate Collection Set: 0.0ms
[2019-06-03T12:43:32.657+0930][gc,phases     ] GC(139)   Evacuate Collection Set: 11.9ms
[2019-06-03T12:43:32.657+0930][gc,phases     ] GC(139)   Post Evacuate Collection Set: 1.2ms
[2019-06-03T12:43:32.657+0930][gc,phases     ] GC(139)   Other: 0.5ms
[2019-06-03T12:43:32.657+0930][gc,heap       ] GC(139) Eden regions: 287->0(291)
[2019-06-03T12:43:32.657+0930][gc,heap       ] GC(139) Survivor regions: 8->8(37)
[2019-06-03T12:43:32.657+0930][gc,heap       ] GC(139) Old regions: 71->72
[2019-06-03T12:43:32.657+0930][gc,heap       ] GC(139) Humongous regions: 129->129
[2019-06-03T12:43:32.658+0930][gc,metaspace  ] GC(139) Metaspace: 33291K->33291K(1079296K)
[2019-06-03T12:43:32.658+0930][gc            ] GC(139) Pause Young (Normal) (G1 Evacuation Pause) 492M->206M(1024M) 13.957ms
[2019-06-03T12:43:32.658+0930][gc,cpu        ] GC(139) User=0.12s Sys=0.00s Real=0.01s
[2019-06-03T12:43:55.433+0930][gc,start      ] GC(140) Pause Young (Normal) (G1 Evacuation Pause)
[2019-06-03T12:43:55.433+0930][gc,task       ] GC(140) Using 8 workers of 8 for evacuation
[2019-06-03T12:43:55.447+0930][gc,phases     ] GC(140)   Pre Evacuate Collection Set: 0.0ms
[2019-06-03T12:43:55.448+0930][gc,phases     ] GC(140)   Evacuate Collection Set: 13.1ms
[2019-06-03T12:43:55.448+0930][gc,phases     ] GC(140)   Post Evacuate Collection Set: 1.3ms
[2019-06-03T12:43:55.448+0930][gc,phases     ] GC(140)   Other: 0.5ms
[2019-06-03T12:43:55.448+0930][gc,heap       ] GC(140) Eden regions: 291->0(294)
[2019-06-03T12:43:55.448+0930][gc,heap       ] GC(140) Survivor regions: 8->8(38)
[2019-06-03T12:43:55.448+0930][gc,heap       ] GC(140) Old regions: 72->72
[2019-06-03T12:43:55.448+0930][gc,heap       ] GC(140) Humongous regions: 129->129
[2019-06-03T12:43:55.448+0930][gc,metaspace  ] GC(140) Metaspace: 33291K->33291K(1079296K)
[2019-06-03T12:43:55.448+0930][gc            ] GC(140) Pause Young (Normal) (G1 Evacuation Pause) 497M->207M(1024M) 15.298ms
[2019-06-03T12:43:55.448+0930][gc,cpu        ] GC(140) User=0.09s Sys=0.03s Real=0.01s
[2019-06-03T12:44:18.402+0930][gc,start      ] GC(141) Pause Young (Normal) (G1 Evacuation Pause)
[2019-06-03T12:44:18.402+0930][gc,task       ] GC(141) Using 8 workers of 8 for evacuation
[2019-06-03T12:44:18.419+0930][gc,phases     ] GC(141)   Pre Evacuate Collection Set: 0.0ms
[2019-06-03T12:44:18.419+0930][gc,phases     ] GC(141)   Evacuate Collection Set: 15.0ms
[2019-06-03T12:44:18.419+0930][gc,phases     ] GC(141)   Post Evacuate Collection Set: 1.5ms
[2019-06-03T12:44:18.419+0930][gc,phases     ] GC(141)   Other: 0.5ms
[2019-06-03T12:44:18.419+0930][gc,heap       ] GC(141) Eden regions: 294->0(295)
[2019-06-03T12:44:18.419+0930][gc,heap       ] GC(141) Survivor regions: 8->8(38)
[2019-06-03T12:44:18.419+0930][gc,heap       ] GC(141) Old regions: 72->73
[2019-06-03T12:44:18.419+0930][gc,heap       ] GC(141) Humongous regions: 129->129
[2019-06-03T12:44:18.419+0930][gc,metaspace  ] GC(141) Metaspace: 33291K->33291K(1079296K)
[2019-06-03T12:44:18.419+0930][gc            ] GC(141) Pause Young (Normal) (G1 Evacuation Pause) 501M->207M(1024M) 17.393ms
[2019-06-03T12:44:18.419+0930][gc,cpu        ] GC(141) User=0.12s Sys=0.00s Real=0.01s
[2019-06-03T12:44:47.885+0930][gc,start      ] GC(142) Pause Young (Normal) (G1 Evacuation Pause)
[2019-06-03T12:44:47.885+0930][gc,task       ] GC(142) Using 8 workers of 8 for evacuation
[2019-06-03T12:44:47.900+0930][gc,phases     ] GC(142)   Pre Evacuate Collection Set: 0.0ms
[2019-06-03T12:44:47.900+0930][gc,phases     ] GC(142)   Evacuate Collection Set: 13.3ms
[2019-06-03T12:44:47.900+0930][gc,phases     ] GC(142)   Post Evacuate Collection Set: 1.3ms
[2019-06-03T12:44:47.900+0930][gc,phases     ] GC(142)   Other: 0.5ms
[2019-06-03T12:44:47.900+0930][gc,heap       ] GC(142) Eden regions: 293->0(298)
[2019-06-03T12:44:47.900+0930][gc,heap       ] GC(142) Survivor regions: 8->8(38)
[2019-06-03T12:44:47.900+0930][gc,heap       ] GC(142) Old regions: 73->73
[2019-06-03T12:44:47.900+0930][gc,heap       ] GC(142) Humongous regions: 129->129
[2019-06-03T12:44:47.900+0930][gc,metaspace  ] GC(142) Metaspace: 33293K->33293K(1079296K)
[2019-06-03T12:44:47.900+0930][gc            ] GC(142) Pause Young (Normal) (G1 Evacuation Pause) 500M->208M(1024M) 15.441ms
[2019-06-03T12:44:47.900+0930][gc,cpu        ] GC(142) User=0.11s Sys=0.02s Real=0.01s
[2019-06-03T12:45:11.304+0930][gc,start      ] GC(143) Pause Young (Normal) (G1 Evacuation Pause)
[2019-06-03T12:45:11.304+0930][gc,task       ] GC(143) Using 8 workers of 8 for evacuation
[2019-06-03T12:45:11.317+0930][gc,phases     ] GC(143)   Pre Evacuate Collection Set: 0.0ms
[2019-06-03T12:45:11.317+0930][gc,phases     ] GC(143)   Evacuate Collection Set: 11.6ms
[2019-06-03T12:45:11.317+0930][gc,phases     ] GC(143)   Post Evacuate Collection Set: 1.0ms
[2019-06-03T12:45:11.317+0930][gc,phases     ] GC(143)   Other: 0.5ms
[2019-06-03T12:45:11.317+0930][gc,heap       ] GC(143) Eden regions: 287->0(301)
[2019-06-03T12:45:11.317+0930][gc,heap       ] GC(143) Survivor regions: 8->8(37)
[2019-06-03T12:45:11.317+0930][gc,heap       ] GC(143) Old regions: 73->74
[2019-06-03T12:45:11.317+0930][gc,heap       ] GC(143) Humongous regions: 129->129
[2019-06-03T12:45:11.317+0930][gc,metaspace  ] GC(143) Metaspace: 33300K->33300K(1079296K)
[2019-06-03T12:45:11.317+0930][gc            ] GC(143) Pause Young (Normal) (G1 Evacuation Pause) 495M->208M(1024M) 13.464ms
[2019-06-03T12:45:11.317+0930][gc,cpu        ] GC(143) User=0.00s Sys=0.08s Real=0.01s
[2019-06-03T12:45:36.426+0930][gc,start      ] GC(144) Pause Young (Normal) (G1 Evacuation Pause)
[2019-06-03T12:45:36.426+0930][gc,task       ] GC(144) Using 8 workers of 8 for evacuation
[2019-06-03T12:45:36.443+0930][gc,phases     ] GC(144)   Pre Evacuate Collection Set: 0.1ms
[2019-06-03T12:45:36.443+0930][gc,phases     ] GC(144)   Evacuate Collection Set: 15.3ms
[2019-06-03T12:45:36.443+0930][gc,phases     ] GC(144)   Post Evacuate Collection Set: 1.2ms
[2019-06-03T12:45:36.443+0930][gc,phases     ] GC(144)   Other: 0.5ms
[2019-06-03T12:45:36.443+0930][gc,heap       ] GC(144) Eden regions: 297->0(302)
[2019-06-03T12:45:36.443+0930][gc,heap       ] GC(144) Survivor regions: 8->9(39)
[2019-06-03T12:45:36.443+0930][gc,heap       ] GC(144) Old regions: 74->74
[2019-06-03T12:45:36.443+0930][gc,heap       ] GC(144) Humongous regions: 129->129
[2019-06-03T12:45:36.443+0930][gc,metaspace  ] GC(144) Metaspace: 33300K->33300K(1079296K)
[2019-06-03T12:45:36.443+0930][gc            ] GC(144) Pause Young (Normal) (G1 Evacuation Pause) 505M->209M(1024M) 17.458ms
[2019-06-03T12:45:36.443+0930][gc,cpu        ] GC(144) User=0.12s Sys=0.02s Real=0.02s
[2019-06-03T12:46:00.965+0930][gc,start      ] GC(145) Pause Young (Normal) (G1 Evacuation Pause)
[2019-06-03T12:46:00.966+0930][gc,task       ] GC(145) Using 8 workers of 8 for evacuation
[2019-06-03T12:46:00.981+0930][gc,phases     ] GC(145)   Pre Evacuate Collection Set: 0.0ms
[2019-06-03T12:46:00.981+0930][gc,phases     ] GC(145)   Evacuate Collection Set: 13.3ms
[2019-06-03T12:46:00.981+0930][gc,phases     ] GC(145)   Post Evacuate Collection Set: 1.3ms
[2019-06-03T12:46:00.981+0930][gc,phases     ] GC(145)   Other: 0.5ms
[2019-06-03T12:46:00.981+0930][gc,heap       ] GC(145) Eden regions: 296->0(303)
[2019-06-03T12:46:00.981+0930][gc,heap       ] GC(145) Survivor regions: 9->8(39)
[2019-06-03T12:46:00.981+0930][gc,heap       ] GC(145) Old regions: 74->75
[2019-06-03T12:46:00.981+0930][gc,heap       ] GC(145) Humongous regions: 129->129
[2019-06-03T12:46:00.981+0930][gc,metaspace  ] GC(145) Metaspace: 33301K->33301K(1079296K)
[2019-06-03T12:46:00.981+0930][gc            ] GC(145) Pause Young (Normal) (G1 Evacuation Pause) 505M->209M(1024M) 15.542ms
[2019-06-03T12:46:00.981+0930][gc,cpu        ] GC(145) User=0.12s Sys=0.00s Real=0.02s
[2019-06-03T12:46:26.108+0930][gc,start      ] GC(146) Pause Young (Normal) (G1 Evacuation Pause)
[2019-06-03T12:46:26.108+0930][gc,task       ] GC(146) Using 8 workers of 8 for evacuation
[2019-06-03T12:46:26.123+0930][gc,phases     ] GC(146)   Pre Evacuate Collection Set: 0.4ms
[2019-06-03T12:46:26.123+0930][gc,phases     ] GC(146)   Evacuate Collection Set: 12.5ms
[2019-06-03T12:46:26.123+0930][gc,phases     ] GC(146)   Post Evacuate Collection Set: 1.2ms
[2019-06-03T12:46:26.123+0930][gc,phases     ] GC(146)   Other: 0.5ms
[2019-06-03T12:46:26.123+0930][gc,heap       ] GC(146) Eden regions: 303->0(307)
[2019-06-03T12:46:26.123+0930][gc,heap       ] GC(146) Survivor regions: 8->9(39)
[2019-06-03T12:46:26.123+0930][gc,heap       ] GC(146) Old regions: 75->75
[2019-06-03T12:46:26.123+0930][gc,heap       ] GC(146) Humongous regions: 129->129
[2019-06-03T12:46:26.123+0930][gc,metaspace  ] GC(146) Metaspace: 33302K->33302K(1079296K)
[2019-06-03T12:46:26.123+0930][gc            ] GC(146) Pause Young (Normal) (G1 Evacuation Pause) 512M->210M(1024M) 14.955ms
[2019-06-03T12:46:26.123+0930][gc,cpu        ] GC(146) User=0.13s Sys=0.00s Real=0.02s
[2019-06-03T12:46:51.756+0930][gc,start      ] GC(147) Pause Young (Normal) (G1 Evacuation Pause)
[2019-06-03T12:46:51.756+0930][gc,task       ] GC(147) Using 8 workers of 8 for evacuation
[2019-06-03T12:46:51.769+0930][gc,phases     ] GC(147)   Pre Evacuate Collection Set: 0.0ms
[2019-06-03T12:46:51.769+0930][gc,phases     ] GC(147)   Evacuate Collection Set: 11.0ms
[2019-06-03T12:46:51.769+0930][gc,phases     ] GC(147)   Post Evacuate Collection Set: 1.0ms
[2019-06-03T12:46:51.769+0930][gc,phases     ] GC(147)   Other: 0.5ms
[2019-06-03T12:46:51.769+0930][gc,heap       ] GC(147) Eden regions: 307->0(312)
[2019-06-03T12:46:51.769+0930][gc,heap       ] GC(147) Survivor regions: 9->9(40)
[2019-06-03T12:46:51.769+0930][gc,heap       ] GC(147) Old regions: 75->76
[2019-06-03T12:46:51.769+0930][gc,heap       ] GC(147) Humongous regions: 129->129
[2019-06-03T12:46:51.769+0930][gc,metaspace  ] GC(147) Metaspace: 33302K->33302K(1079296K)
[2019-06-03T12:46:51.769+0930][gc            ] GC(147) Pause Young (Normal) (G1 Evacuation Pause) 517M->211M(1024M) 12.806ms
[2019-06-03T12:46:51.769+0930][gc,cpu        ] GC(147) User=0.02s Sys=0.00s Real=0.01s
[2019-06-03T12:47:16.432+0930][gc,start      ] GC(148) Pause Young (Normal) (G1 Evacuation Pause)
[2019-06-03T12:47:16.432+0930][gc,task       ] GC(148) Using 8 workers of 8 for evacuation
[2019-06-03T12:47:16.447+0930][gc,phases     ] GC(148)   Pre Evacuate Collection Set: 0.0ms
[2019-06-03T12:47:16.447+0930][gc,phases     ] GC(148)   Evacuate Collection Set: 13.2ms
[2019-06-03T12:47:16.447+0930][gc,phases     ] GC(148)   Post Evacuate Collection Set: 1.1ms
[2019-06-03T12:47:16.447+0930][gc,phases     ] GC(148)   Other: 0.5ms
[2019-06-03T12:47:16.447+0930][gc,heap       ] GC(148) Eden regions: 312->0(316)
[2019-06-03T12:47:16.447+0930][gc,heap       ] GC(148) Survivor regions: 9->9(41)
[2019-06-03T12:47:16.447+0930][gc,heap       ] GC(148) Old regions: 76->76
[2019-06-03T12:47:16.447+0930][gc,heap       ] GC(148) Humongous regions: 129->129
[2019-06-03T12:47:16.447+0930][gc,metaspace  ] GC(148) Metaspace: 33302K->33302K(1079296K)
[2019-06-03T12:47:16.447+0930][gc            ] GC(148) Pause Young (Normal) (G1 Evacuation Pause) 523M->212M(1024M) 15.133ms
[2019-06-03T12:47:16.447+0930][gc,cpu        ] GC(148) User=0.12s Sys=0.00s Real=0.01s
[2019-06-03T12:47:44.788+0930][gc,start      ] GC(149) Pause Young (Normal) (G1 Evacuation Pause)
[2019-06-03T12:47:44.788+0930][gc,task       ] GC(149) Using 8 workers of 8 for evacuation
[2019-06-03T12:47:44.804+0930][gc,phases     ] GC(149)   Pre Evacuate Collection Set: 0.0ms
[2019-06-03T12:47:44.804+0930][gc,phases     ] GC(149)   Evacuate Collection Set: 14.8ms
[2019-06-03T12:47:44.804+0930][gc,phases     ] GC(149)   Post Evacuate Collection Set: 1.2ms
[2019-06-03T12:47:44.805+0930][gc,phases     ] GC(149)   Other: 0.5ms
[2019-06-03T12:47:44.805+0930][gc,heap       ] GC(149) Eden regions: 316->0(319)
[2019-06-03T12:47:44.805+0930][gc,heap       ] GC(149) Survivor regions: 9->9(41)
[2019-06-03T12:47:44.805+0930][gc,heap       ] GC(149) Old regions: 76->77
[2019-06-03T12:47:44.805+0930][gc,heap       ] GC(149) Humongous regions: 129->129
[2019-06-03T12:47:44.805+0930][gc,metaspace  ] GC(149) Metaspace: 33306K->33306K(1079296K)
[2019-06-03T12:47:44.805+0930][gc            ] GC(149) Pause Young (Normal) (G1 Evacuation Pause) 528M->212M(1024M) 16.975ms
[2019-06-03T12:47:44.805+0930][gc,cpu        ] GC(149) User=0.09s Sys=0.03s Real=0.02s
[2019-06-03T12:48:10.312+0930][gc,start      ] GC(150) Pause Young (Normal) (G1 Evacuation Pause)
[2019-06-03T12:48:10.312+0930][gc,task       ] GC(150) Using 8 workers of 8 for evacuation
[2019-06-03T12:48:10.326+0930][gc,phases     ] GC(150)   Pre Evacuate Collection Set: 0.0ms
[2019-06-03T12:48:10.327+0930][gc,phases     ] GC(150)   Evacuate Collection Set: 13.1ms
[2019-06-03T12:48:10.327+0930][gc,phases     ] GC(150)   Post Evacuate Collection Set: 1.2ms
[2019-06-03T12:48:10.327+0930][gc,phases     ] GC(150)   Other: 0.5ms
[2019-06-03T12:48:10.327+0930][gc,heap       ] GC(150) Eden regions: 307->0(319)
[2019-06-03T12:48:10.327+0930][gc,heap       ] GC(150) Survivor regions: 9->9(40)
[2019-06-03T12:48:10.327+0930][gc,heap       ] GC(150) Old regions: 77->77
[2019-06-03T12:48:10.327+0930][gc,heap       ] GC(150) Humongous regions: 129->129
[2019-06-03T12:48:10.327+0930][gc,metaspace  ] GC(150) Metaspace: 33306K->33306K(1079296K)
[2019-06-03T12:48:10.327+0930][gc            ] GC(150) Pause Young (Normal) (G1 Evacuation Pause) 519M->213M(1024M) 15.185ms
[2019-06-03T12:48:10.327+0930][gc,cpu        ] GC(150) User=0.13s Sys=0.00s Real=0.01s
[2019-06-03T12:48:38.423+0930][gc,start      ] GC(151) Pause Young (Normal) (G1 Evacuation Pause)
[2019-06-03T12:48:38.423+0930][gc,task       ] GC(151) Using 8 workers of 8 for evacuation
[2019-06-03T12:48:38.441+0930][gc,phases     ] GC(151)   Pre Evacuate Collection Set: 0.0ms
[2019-06-03T12:48:38.441+0930][gc,phases     ] GC(151)   Evacuate Collection Set: 15.6ms
[2019-06-03T12:48:38.441+0930][gc,phases     ] GC(151)   Post Evacuate Collection Set: 1.4ms
[2019-06-03T12:48:38.441+0930][gc,phases     ] GC(151)   Other: 0.5ms
[2019-06-03T12:48:38.441+0930][gc,heap       ] GC(151) Eden regions: 319->0(322)
[2019-06-03T12:48:38.441+0930][gc,heap       ] GC(151) Survivor regions: 9->10(41)
[2019-06-03T12:48:38.441+0930][gc,heap       ] GC(151) Old regions: 77->78
[2019-06-03T12:48:38.441+0930][gc,heap       ] GC(151) Humongous regions: 129->129
[2019-06-03T12:48:38.441+0930][gc,metaspace  ] GC(151) Metaspace: 33306K->33306K(1079296K)
[2019-06-03T12:48:38.441+0930][gc            ] GC(151) Pause Young (Normal) (G1 Evacuation Pause) 532M->214M(1024M) 17.926ms
[2019-06-03T12:48:38.441+0930][gc,cpu        ] GC(151) User=0.12s Sys=0.00s Real=0.02s
[2019-06-03T12:49:04.745+0930][gc,start      ] GC(152) Pause Young (Normal) (G1 Evacuation Pause)
[2019-06-03T12:49:04.745+0930][gc,task       ] GC(152) Using 8 workers of 8 for evacuation
[2019-06-03T12:49:04.757+0930][gc,phases     ] GC(152)   Pre Evacuate Collection Set: 0.0ms
[2019-06-03T12:49:04.757+0930][gc,phases     ] GC(152)   Evacuate Collection Set: 11.3ms
[2019-06-03T12:49:04.757+0930][gc,phases     ] GC(152)   Post Evacuate Collection Set: 1.0ms
[2019-06-03T12:49:04.757+0930][gc,phases     ] GC(152)   Other: 0.4ms
[2019-06-03T12:49:04.757+0930][gc,heap       ] GC(152) Eden regions: 314->0(329)
[2019-06-03T12:49:04.758+0930][gc,heap       ] GC(152) Survivor regions: 10->10(41)
[2019-06-03T12:49:04.758+0930][gc,heap       ] GC(152) Old regions: 78->78
[2019-06-03T12:49:04.758+0930][gc,heap       ] GC(152) Humongous regions: 129->129
[2019-06-03T12:49:04.758+0930][gc,metaspace  ] GC(152) Metaspace: 33307K->33307K(1079296K)
[2019-06-03T12:49:04.758+0930][gc            ] GC(152) Pause Young (Normal) (G1 Evacuation Pause) 528M->214M(1024M) 12.982ms
[2019-06-03T12:49:04.758+0930][gc,cpu        ] GC(152) User=0.08s Sys=0.04s Real=0.01s
[2019-06-03T12:49:33.894+0930][gc,start      ] GC(153) Pause Young (Normal) (G1 Evacuation Pause)
[2019-06-03T12:49:33.895+0930][gc,task       ] GC(153) Using 8 workers of 8 for evacuation
[2019-06-03T12:49:33.912+0930][gc,phases     ] GC(153)   Pre Evacuate Collection Set: 0.0ms
[2019-06-03T12:49:33.912+0930][gc,phases     ] GC(153)   Evacuate Collection Set: 15.4ms
[2019-06-03T12:49:33.912+0930][gc,phases     ] GC(153)   Post Evacuate Collection Set: 1.5ms
[2019-06-03T12:49:33.912+0930][gc,phases     ] GC(153)   Other: 0.5ms
[2019-06-03T12:49:33.912+0930][gc,heap       ] GC(153) Eden regions: 329->0(331)
[2019-06-03T12:49:33.912+0930][gc,heap       ] GC(153) Survivor regions: 10->10(43)
[2019-06-03T12:49:33.912+0930][gc,heap       ] GC(153) Old regions: 78->79
[2019-06-03T12:49:33.912+0930][gc,heap       ] GC(153) Humongous regions: 129->129
[2019-06-03T12:49:33.912+0930][gc,metaspace  ] GC(153) Metaspace: 33307K->33307K(1079296K)
[2019-06-03T12:49:33.912+0930][gc            ] GC(153) Pause Young (Normal) (G1 Evacuation Pause) 543M->215M(1024M) 17.859ms
[2019-06-03T12:49:33.912+0930][gc,cpu        ] GC(153) User=0.09s Sys=0.04s Real=0.02s
[2019-06-03T12:50:00.356+0930][gc,start      ] GC(154) Pause Young (Normal) (G1 Evacuation Pause)
[2019-06-03T12:50:00.356+0930][gc,task       ] GC(154) Using 8 workers of 8 for evacuation
[2019-06-03T12:50:00.374+0930][gc,phases     ] GC(154)   Pre Evacuate Collection Set: 0.0ms
[2019-06-03T12:50:00.374+0930][gc,phases     ] GC(154)   Evacuate Collection Set: 16.3ms
[2019-06-03T12:50:00.374+0930][gc,phases     ] GC(154)   Post Evacuate Collection Set: 1.4ms
[2019-06-03T12:50:00.374+0930][gc,phases     ] GC(154)   Other: 0.6ms
[2019-06-03T12:50:00.375+0930][gc,heap       ] GC(154) Eden regions: 320->0(332)
[2019-06-03T12:50:00.375+0930][gc,heap       ] GC(154) Survivor regions: 10->10(42)
[2019-06-03T12:50:00.375+0930][gc,heap       ] GC(154) Old regions: 79->79
[2019-06-03T12:50:00.375+0930][gc,heap       ] GC(154) Humongous regions: 129->129
[2019-06-03T12:50:00.375+0930][gc,metaspace  ] GC(154) Metaspace: 33308K->33308K(1079296K)
[2019-06-03T12:50:00.375+0930][gc            ] GC(154) Pause Young (Normal) (G1 Evacuation Pause) 535M->215M(1024M) 18.625ms
[2019-06-03T12:50:00.375+0930][gc,cpu        ] GC(154) User=0.12s Sys=0.00s Real=0.02s
[2019-06-03T12:50:26.327+0930][gc,start      ] GC(155) Pause Young (Normal) (G1 Evacuation Pause)
[2019-06-03T12:50:26.327+0930][gc,task       ] GC(155) Using 8 workers of 8 for evacuation
[2019-06-03T12:50:26.340+0930][gc,phases     ] GC(155)   Pre Evacuate Collection Set: 0.0ms
[2019-06-03T12:50:26.340+0930][gc,phases     ] GC(155)   Evacuate Collection Set: 11.7ms
[2019-06-03T12:50:26.340+0930][gc,phases     ] GC(155)   Post Evacuate Collection Set: 1.1ms
[2019-06-03T12:50:26.341+0930][gc,phases     ] GC(155)   Other: 0.4ms
[2019-06-03T12:50:26.341+0930][gc,heap       ] GC(155) Eden regions: 332->0(345)
[2019-06-03T12:50:26.341+0930][gc,heap       ] GC(155) Survivor regions: 10->10(43)
[2019-06-03T12:50:26.341+0930][gc,heap       ] GC(155) Old regions: 79->80
[2019-06-03T12:50:26.341+0930][gc,heap       ] GC(155) Humongous regions: 129->129
[2019-06-03T12:50:26.341+0930][gc,metaspace  ] GC(155) Metaspace: 33308K->33308K(1079296K)
[2019-06-03T12:50:26.341+0930][gc            ] GC(155) Pause Young (Normal) (G1 Evacuation Pause) 547M->216M(1024M) 13.461ms
[2019-06-03T12:50:26.341+0930][gc,cpu        ] GC(155) User=0.13s Sys=0.00s Real=0.01s
[2019-06-03T12:50:54.871+0930][gc,start      ] GC(156) Pause Young (Normal) (G1 Evacuation Pause)
[2019-06-03T12:50:54.871+0930][gc,task       ] GC(156) Using 8 workers of 8 for evacuation
[2019-06-03T12:50:54.892+0930][gc,mmu        ] GC(156) MMU target violated: 20.5ms (20.0ms/21.0ms)
[2019-06-03T12:50:54.892+0930][gc,phases     ] GC(156)   Pre Evacuate Collection Set: 0.0ms
[2019-06-03T12:50:54.892+0930][gc,phases     ] GC(156)   Evacuate Collection Set: 18.9ms
[2019-06-03T12:50:54.892+0930][gc,phases     ] GC(156)   Post Evacuate Collection Set: 1.4ms
[2019-06-03T12:50:54.892+0930][gc,phases     ] GC(156)   Other: 0.6ms
[2019-06-03T12:50:54.892+0930][gc,heap       ] GC(156) Eden regions: 345->0(345)
[2019-06-03T12:50:54.892+0930][gc,heap       ] GC(156) Survivor regions: 10->10(45)
[2019-06-03T12:50:54.892+0930][gc,heap       ] GC(156) Old regions: 80->81
[2019-06-03T12:50:54.892+0930][gc,heap       ] GC(156) Humongous regions: 129->129
[2019-06-03T12:50:54.892+0930][gc,metaspace  ] GC(156) Metaspace: 33308K->33308K(1079296K)
[2019-06-03T12:50:54.892+0930][gc            ] GC(156) Pause Young (Normal) (G1 Evacuation Pause) 561M->217M(1024M) 21.222ms
[2019-06-03T12:50:54.892+0930][gc,cpu        ] GC(156) User=0.11s Sys=0.00s Real=0.03s
[2019-06-03T12:51:21.554+0930][gc,start      ] GC(157) Pause Young (Normal) (G1 Evacuation Pause)
[2019-06-03T12:51:21.554+0930][gc,task       ] GC(157) Using 8 workers of 8 for evacuation
[2019-06-03T12:51:21.570+0930][gc,phases     ] GC(157)   Pre Evacuate Collection Set: 0.3ms
[2019-06-03T12:51:21.570+0930][gc,phases     ] GC(157)   Evacuate Collection Set: 13.9ms
[2019-06-03T12:51:21.570+0930][gc,phases     ] GC(157)   Post Evacuate Collection Set: 1.2ms
[2019-06-03T12:51:21.570+0930][gc,phases     ] GC(157)   Other: 0.5ms
[2019-06-03T12:51:21.570+0930][gc,heap       ] GC(157) Eden regions: 345->0(352)
[2019-06-03T12:51:21.570+0930][gc,heap       ] GC(157) Survivor regions: 10->10(45)
[2019-06-03T12:51:21.570+0930][gc,heap       ] GC(157) Old regions: 81->81
[2019-06-03T12:51:21.570+0930][gc,heap       ] GC(157) Humongous regions: 129->129
[2019-06-03T12:51:21.570+0930][gc,metaspace  ] GC(157) Metaspace: 33309K->33309K(1079296K)
[2019-06-03T12:51:21.570+0930][gc            ] GC(157) Pause Young (Normal) (G1 Evacuation Pause) 562M->218M(1024M) 16.313ms
[2019-06-03T12:51:21.570+0930][gc,cpu        ] GC(157) User=0.01s Sys=0.11s Real=0.01s
[2019-06-03T12:51:52.215+0930][gc,start      ] GC(158) Pause Young (Normal) (G1 Evacuation Pause)
[2019-06-03T12:51:52.215+0930][gc,task       ] GC(158) Using 8 workers of 8 for evacuation
[2019-06-03T12:51:52.229+0930][gc,phases     ] GC(158)   Pre Evacuate Collection Set: 0.0ms
[2019-06-03T12:51:52.229+0930][gc,phases     ] GC(158)   Evacuate Collection Set: 12.4ms
[2019-06-03T12:51:52.229+0930][gc,phases     ] GC(158)   Post Evacuate Collection Set: 1.2ms
[2019-06-03T12:51:52.229+0930][gc,phases     ] GC(158)   Other: 0.5ms
[2019-06-03T12:51:52.229+0930][gc,heap       ] GC(158) Eden regions: 352->0(360)
[2019-06-03T12:51:52.229+0930][gc,heap       ] GC(158) Survivor regions: 10->10(46)
[2019-06-03T12:51:52.229+0930][gc,heap       ] GC(158) Old regions: 81->82
[2019-06-03T12:51:52.229+0930][gc,heap       ] GC(158) Humongous regions: 129->129
[2019-06-03T12:51:52.229+0930][gc,metaspace  ] GC(158) Metaspace: 33309K->33309K(1079296K)
[2019-06-03T12:51:52.229+0930][gc            ] GC(158) Pause Young (Normal) (G1 Evacuation Pause) 570M->218M(1024M) 14.321ms
[2019-06-03T12:51:52.229+0930][gc,cpu        ] GC(158) User=0.13s Sys=0.00s Real=0.01s
[2019-06-03T12:52:19.007+0930][gc,start      ] GC(159) Pause Young (Normal) (G1 Evacuation Pause)
[2019-06-03T12:52:19.007+0930][gc,task       ] GC(159) Using 8 workers of 8 for evacuation
[2019-06-03T12:52:19.023+0930][gc,phases     ] GC(159)   Pre Evacuate Collection Set: 0.0ms
[2019-06-03T12:52:19.024+0930][gc,phases     ] GC(159)   Evacuate Collection Set: 14.4ms
[2019-06-03T12:52:19.024+0930][gc,phases     ] GC(159)   Post Evacuate Collection Set: 1.4ms
[2019-06-03T12:52:19.024+0930][gc,phases     ] GC(159)   Other: 0.5ms
[2019-06-03T12:52:19.024+0930][gc,heap       ] GC(159) Eden regions: 360->0(363)
[2019-06-03T12:52:19.024+0930][gc,heap       ] GC(159) Survivor regions: 10->10(47)
[2019-06-03T12:52:19.024+0930][gc,heap       ] GC(159) Old regions: 82->82
[2019-06-03T12:52:19.024+0930][gc,heap       ] GC(159) Humongous regions: 129->129
[2019-06-03T12:52:19.024+0930][gc,metaspace  ] GC(159) Metaspace: 33309K->33309K(1079296K)
[2019-06-03T12:52:19.024+0930][gc            ] GC(159) Pause Young (Normal) (G1 Evacuation Pause) 578M->219M(1024M) 16.676ms
[2019-06-03T12:52:19.024+0930][gc,cpu        ] GC(159) User=0.12s Sys=0.00s Real=0.02s
[2019-06-03T12:52:51.142+0930][gc,start      ] GC(160) Pause Young (Normal) (G1 Evacuation Pause)
[2019-06-03T12:52:51.142+0930][gc,task       ] GC(160) Using 8 workers of 8 for evacuation
[2019-06-03T12:52:51.159+0930][gc,phases     ] GC(160)   Pre Evacuate Collection Set: 0.0ms
[2019-06-03T12:52:51.160+0930][gc,phases     ] GC(160)   Evacuate Collection Set: 16.0ms
[2019-06-03T12:52:51.160+0930][gc,phases     ] GC(160)   Post Evacuate Collection Set: 1.2ms
[2019-06-03T12:52:51.160+0930][gc,phases     ] GC(160)   Other: 0.5ms
[2019-06-03T12:52:51.160+0930][gc,heap       ] GC(160) Eden regions: 363->0(368)
[2019-06-03T12:52:51.160+0930][gc,heap       ] GC(160) Survivor regions: 10->11(47)
[2019-06-03T12:52:51.160+0930][gc,heap       ] GC(160) Old regions: 82->83
[2019-06-03T12:52:51.160+0930][gc,heap       ] GC(160) Humongous regions: 129->129
[2019-06-03T12:52:51.160+0930][gc,metaspace  ] GC(160) Metaspace: 33309K->33309K(1079296K)
[2019-06-03T12:52:51.160+0930][gc            ] GC(160) Pause Young (Normal) (G1 Evacuation Pause) 582M->220M(1024M) 18.144ms
[2019-06-03T12:52:51.160+0930][gc,cpu        ] GC(160) User=0.13s Sys=0.00s Real=0.01s
[2019-06-03T12:53:18.051+0930][gc,start      ] GC(161) Pause Young (Normal) (G1 Evacuation Pause)
[2019-06-03T12:53:18.051+0930][gc,task       ] GC(161) Using 8 workers of 8 for evacuation
[2019-06-03T12:53:18.072+0930][gc,mmu        ] GC(161) MMU target violated: 21.0ms (20.0ms/21.0ms)
[2019-06-03T12:53:18.072+0930][gc,phases     ] GC(161)   Pre Evacuate Collection Set: 0.1ms
[2019-06-03T12:53:18.073+0930][gc,phases     ] GC(161)   Evacuate Collection Set: 19.1ms
[2019-06-03T12:53:18.073+0930][gc,phases     ] GC(161)   Post Evacuate Collection Set: 1.6ms
[2019-06-03T12:53:18.073+0930][gc,phases     ] GC(161)   Other: 0.8ms
[2019-06-03T12:53:18.073+0930][gc,heap       ] GC(161) Eden regions: 361->0(362)
[2019-06-03T12:53:18.073+0930][gc,heap       ] GC(161) Survivor regions: 11->11(47)
[2019-06-03T12:53:18.073+0930][gc,heap       ] GC(161) Old regions: 83->84
[2019-06-03T12:53:18.073+0930][gc,heap       ] GC(161) Humongous regions: 129->129
[2019-06-03T12:53:18.073+0930][gc,metaspace  ] GC(161) Metaspace: 33309K->33309K(1079296K)
[2019-06-03T12:53:18.073+0930][gc            ] GC(161) Pause Young (Normal) (G1 Evacuation Pause) 581M->221M(1024M) 21.870ms
[2019-06-03T12:53:18.073+0930][gc,cpu        ] GC(161) User=0.11s Sys=0.01s Real=0.02s
[2019-06-03T12:53:22.366+0930][gc,start      ] GC(162) Pause Young (Normal) (G1 Evacuation Pause)
[2019-06-03T12:53:22.366+0930][gc,task       ] GC(162) Using 8 workers of 8 for evacuation
[2019-06-03T12:53:22.396+0930][gc,mmu        ] GC(162) MMU target violated: 21.0ms (20.0ms/21.0ms)
[2019-06-03T12:53:22.397+0930][gc,phases     ] GC(162)   Pre Evacuate Collection Set: 0.0ms
[2019-06-03T12:53:22.397+0930][gc,phases     ] GC(162)   Evacuate Collection Set: 29.2ms
[2019-06-03T12:53:22.397+0930][gc,phases     ] GC(162)   Post Evacuate Collection Set: 1.1ms
[2019-06-03T12:53:22.397+0930][gc,phases     ] GC(162)   Other: 0.6ms
[2019-06-03T12:53:22.397+0930][gc,heap       ] GC(162) Eden regions: 40->0(366)
[2019-06-03T12:53:22.397+0930][gc,heap       ] GC(162) Survivor regions: 11->5(7)
[2019-06-03T12:53:22.397+0930][gc,heap       ] GC(162) Old regions: 84->90
[2019-06-03T12:53:22.397+0930][gc,heap       ] GC(162) Humongous regions: 129->129
[2019-06-03T12:53:22.397+0930][gc,metaspace  ] GC(162) Metaspace: 33309K->33309K(1079296K)
[2019-06-03T12:53:22.397+0930][gc            ] GC(162) Pause Young (Normal) (G1 Evacuation Pause) 261M->221M(1024M) 31.222ms
[2019-06-03T12:53:22.397+0930][gc,cpu        ] GC(162) User=0.20s Sys=0.05s Real=0.03s
[2019-06-03T12:53:45.666+0930][gc,start      ] GC(163) Pause Young (Normal) (G1 Evacuation Pause)
[2019-06-03T12:53:45.666+0930][gc,task       ] GC(163) Using 8 workers of 8 for evacuation
[2019-06-03T12:53:45.679+0930][gc,phases     ] GC(163)   Pre Evacuate Collection Set: 0.1ms
[2019-06-03T12:53:45.679+0930][gc,phases     ] GC(163)   Evacuate Collection Set: 10.6ms
[2019-06-03T12:53:45.679+0930][gc,phases     ] GC(163)   Post Evacuate Collection Set: 1.5ms
[2019-06-03T12:53:45.680+0930][gc,phases     ] GC(163)   Other: 0.9ms
[2019-06-03T12:53:45.680+0930][gc,heap       ] GC(163) Eden regions: 366->0(375)
[2019-06-03T12:53:45.680+0930][gc,heap       ] GC(163) Survivor regions: 5->5(47)
[2019-06-03T12:53:45.680+0930][gc,heap       ] GC(163) Old regions: 90->90
[2019-06-03T12:53:45.680+0930][gc,heap       ] GC(163) Humongous regions: 129->129
[2019-06-03T12:53:45.680+0930][gc,metaspace  ] GC(163) Metaspace: 33309K->33309K(1079296K)
[2019-06-03T12:53:45.680+0930][gc            ] GC(163) Pause Young (Normal) (G1 Evacuation Pause) 587M->221M(1024M) 13.525ms
[2019-06-03T12:53:45.680+0930][gc,cpu        ] GC(163) User=0.07s Sys=0.04s Real=0.01s
[2019-06-03T12:54:10.990+0930][gc,start      ] GC(164) Pause Young (Normal) (G1 Evacuation Pause)
[2019-06-03T12:54:10.990+0930][gc,task       ] GC(164) Using 8 workers of 8 for evacuation
[2019-06-03T12:54:11.001+0930][gc,phases     ] GC(164)   Pre Evacuate Collection Set: 0.0ms
[2019-06-03T12:54:11.001+0930][gc,phases     ] GC(164)   Evacuate Collection Set: 9.1ms
[2019-06-03T12:54:11.001+0930][gc,phases     ] GC(164)   Post Evacuate Collection Set: 1.4ms
[2019-06-03T12:54:11.001+0930][gc,phases     ] GC(164)   Other: 0.5ms
[2019-06-03T12:54:11.002+0930][gc,heap       ] GC(164) Eden regions: 375->0(381)
[2019-06-03T12:54:11.002+0930][gc,heap       ] GC(164) Survivor regions: 5->5(48)
[2019-06-03T12:54:11.002+0930][gc,heap       ] GC(164) Old regions: 90->90
[2019-06-03T12:54:11.002+0930][gc,heap       ] GC(164) Humongous regions: 129->129
[2019-06-03T12:54:11.002+0930][gc,metaspace  ] GC(164) Metaspace: 33309K->33309K(1079296K)
[2019-06-03T12:54:11.002+0930][gc            ] GC(164) Pause Young (Normal) (G1 Evacuation Pause) 596M->221M(1024M) 11.456ms
[2019-06-03T12:54:11.002+0930][gc,cpu        ] GC(164) User=0.00s Sys=0.00s Real=0.02s
[2019-06-03T12:54:38.830+0930][gc,start      ] GC(165) Pause Young (Normal) (G1 Evacuation Pause)
[2019-06-03T12:54:38.830+0930][gc,task       ] GC(165) Using 8 workers of 8 for evacuation
[2019-06-03T12:54:38.836+0930][gc,phases     ] GC(165)   Pre Evacuate Collection Set: 0.0ms
[2019-06-03T12:54:38.836+0930][gc,phases     ] GC(165)   Evacuate Collection Set: 5.7ms
[2019-06-03T12:54:38.836+0930][gc,phases     ] GC(165)   Post Evacuate Collection Set: 0.7ms
[2019-06-03T12:54:38.836+0930][gc,phases     ] GC(165)   Other: 0.3ms
[2019-06-03T12:54:38.836+0930][gc,heap       ] GC(165) Eden regions: 381->0(387)
[2019-06-03T12:54:38.836+0930][gc,heap       ] GC(165) Survivor regions: 5->6(49)
[2019-06-03T12:54:38.837+0930][gc,heap       ] GC(165) Old regions: 90->90
[2019-06-03T12:54:38.837+0930][gc,heap       ] GC(165) Humongous regions: 129->129
[2019-06-03T12:54:38.837+0930][gc,metaspace  ] GC(165) Metaspace: 33309K->33309K(1079296K)
[2019-06-03T12:54:38.837+0930][gc            ] GC(165) Pause Young (Normal) (G1 Evacuation Pause) 602M->222M(1024M) 6.801ms
[2019-06-03T12:54:38.837+0930][gc,cpu        ] GC(165) User=0.09s Sys=0.02s Real=0.01s
[2019-06-03T12:55:05.880+0930][gc,start      ] GC(166) Pause Young (Normal) (G1 Evacuation Pause)
[2019-06-03T12:55:05.880+0930][gc,task       ] GC(166) Using 8 workers of 8 for evacuation
[2019-06-03T12:55:05.892+0930][gc,phases     ] GC(166)   Pre Evacuate Collection Set: 0.0ms
[2019-06-03T12:55:05.892+0930][gc,phases     ] GC(166)   Evacuate Collection Set: 10.4ms
[2019-06-03T12:55:05.892+0930][gc,phases     ] GC(166)   Post Evacuate Collection Set: 1.2ms
[2019-06-03T12:55:05.893+0930][gc,phases     ] GC(166)   Other: 0.5ms
[2019-06-03T12:55:05.893+0930][gc,heap       ] GC(166) Eden regions: 387->0(390)
[2019-06-03T12:55:05.893+0930][gc,heap       ] GC(166) Survivor regions: 6->7(50)
[2019-06-03T12:55:05.893+0930][gc,heap       ] GC(166) Old regions: 90->90
[2019-06-03T12:55:05.893+0930][gc,heap       ] GC(166) Humongous regions: 129->129
[2019-06-03T12:55:05.893+0930][gc,metaspace  ] GC(166) Metaspace: 33311K->33311K(1079296K)
[2019-06-03T12:55:05.893+0930][gc            ] GC(166) Pause Young (Normal) (G1 Evacuation Pause) 609M->223M(1024M) 12.545ms
[2019-06-03T12:55:05.893+0930][gc,cpu        ] GC(166) User=0.00s Sys=0.00s Real=0.02s
[2019-06-03T12:55:24.258+0930][gc,start      ] GC(167) Pause Young (Normal) (G1 Evacuation Pause)
[2019-06-03T12:55:24.258+0930][gc,task       ] GC(167) Using 8 workers of 8 for evacuation
[2019-06-03T12:55:24.268+0930][gc,phases     ] GC(167)   Pre Evacuate Collection Set: 0.0ms
[2019-06-03T12:55:24.268+0930][gc,phases     ] GC(167)   Evacuate Collection Set: 8.6ms
[2019-06-03T12:55:24.268+0930][gc,phases     ] GC(167)   Post Evacuate Collection Set: 1.0ms
[2019-06-03T12:55:24.268+0930][gc,phases     ] GC(167)   Other: 0.3ms
[2019-06-03T12:55:24.268+0930][gc,heap       ] GC(167) Eden regions: 390->0(396)
[2019-06-03T12:55:24.268+0930][gc,heap       ] GC(167) Survivor regions: 7->7(50)
[2019-06-03T12:55:24.268+0930][gc,heap       ] GC(167) Old regions: 90->90
[2019-06-03T12:55:24.268+0930][gc,heap       ] GC(167) Humongous regions: 129->129
[2019-06-03T12:55:24.268+0930][gc,metaspace  ] GC(167) Metaspace: 33311K->33311K(1079296K)
[2019-06-03T12:55:24.268+0930][gc            ] GC(167) Pause Young (Normal) (G1 Evacuation Pause) 613M->223M(1024M) 10.126ms
[2019-06-03T12:55:24.268+0930][gc,cpu        ] GC(167) User=0.00s Sys=0.00s Real=0.01s
[2019-06-03T12:55:42.187+0930][gc,start      ] GC(168) Pause Young (Normal) (G1 Evacuation Pause)
[2019-06-03T12:55:42.187+0930][gc,task       ] GC(168) Using 8 workers of 8 for evacuation
[2019-06-03T12:55:42.197+0930][gc,phases     ] GC(168)   Pre Evacuate Collection Set: 0.0ms
[2019-06-03T12:55:42.197+0930][gc,phases     ] GC(168)   Evacuate Collection Set: 8.7ms
[2019-06-03T12:55:42.197+0930][gc,phases     ] GC(168)   Post Evacuate Collection Set: 1.0ms
[2019-06-03T12:55:42.197+0930][gc,phases     ] GC(168)   Other: 0.3ms
[2019-06-03T12:55:42.197+0930][gc,heap       ] GC(168) Eden regions: 396->0(402)
[2019-06-03T12:55:42.197+0930][gc,heap       ] GC(168) Survivor regions: 7->8(51)
[2019-06-03T12:55:42.197+0930][gc,heap       ] GC(168) Old regions: 90->90
[2019-06-03T12:55:42.197+0930][gc,heap       ] GC(168) Humongous regions: 129->129
[2019-06-03T12:55:42.197+0930][gc,metaspace  ] GC(168) Metaspace: 33312K->33312K(1079296K)
[2019-06-03T12:55:42.197+0930][gc            ] GC(168) Pause Young (Normal) (G1 Evacuation Pause) 619M->224M(1024M) 10.284ms
[2019-06-03T12:55:42.197+0930][gc,cpu        ] GC(168) User=0.11s Sys=0.00s Real=0.01s
[2019-06-03T12:56:07.134+0930][gc,start      ] GC(169) Pause Young (Normal) (G1 Evacuation Pause)
[2019-06-03T12:56:07.134+0930][gc,task       ] GC(169) Using 8 workers of 8 for evacuation
[2019-06-03T12:56:07.156+0930][gc,mmu        ] GC(169) MMU target violated: 21.0ms (20.0ms/21.0ms)
[2019-06-03T12:56:07.156+0930][gc,phases     ] GC(169)   Pre Evacuate Collection Set: 0.4ms
[2019-06-03T12:56:07.156+0930][gc,phases     ] GC(169)   Evacuate Collection Set: 19.3ms
[2019-06-03T12:56:07.156+0930][gc,phases     ] GC(169)   Post Evacuate Collection Set: 1.7ms
[2019-06-03T12:56:07.157+0930][gc,phases     ] GC(169)   Other: 0.7ms
[2019-06-03T12:56:07.157+0930][gc,heap       ] GC(169) Eden regions: 402->0(396)
[2019-06-03T12:56:07.157+0930][gc,heap       ] GC(169) Survivor regions: 8->10(52)
[2019-06-03T12:56:07.157+0930][gc,heap       ] GC(169) Old regions: 90->90
[2019-06-03T12:56:07.157+0930][gc,heap       ] GC(169) Humongous regions: 129->129
[2019-06-03T12:56:07.157+0930][gc,metaspace  ] GC(169) Metaspace: 33393K->33393K(1079296K)
[2019-06-03T12:56:07.157+0930][gc            ] GC(169) Pause Young (Normal) (G1 Evacuation Pause) 626M->226M(1024M) 22.435ms
[2019-06-03T12:56:07.157+0930][gc,cpu        ] GC(169) User=0.11s Sys=0.00s Real=0.02s
[2019-06-03T12:56:32.732+0930][gc,start      ] GC(170) Pause Young (Normal) (G1 Evacuation Pause)
[2019-06-03T12:56:32.732+0930][gc,task       ] GC(170) Using 8 workers of 8 for evacuation
[2019-06-03T12:56:32.756+0930][gc,mmu        ] GC(170) MMU target violated: 21.0ms (20.0ms/21.0ms)
[2019-06-03T12:56:32.756+0930][gc,phases     ] GC(170)   Pre Evacuate Collection Set: 0.1ms
[2019-06-03T12:56:32.756+0930][gc,phases     ] GC(170)   Evacuate Collection Set: 21.7ms
[2019-06-03T12:56:32.756+0930][gc,phases     ] GC(170)   Post Evacuate Collection Set: 1.6ms
[2019-06-03T12:56:32.756+0930][gc,phases     ] GC(170)   Other: 0.9ms
[2019-06-03T12:56:32.756+0930][gc,heap       ] GC(170) Eden regions: 365->0(371)
[2019-06-03T12:56:32.756+0930][gc,heap       ] GC(170) Survivor regions: 10->10(47)
[2019-06-03T12:56:32.756+0930][gc,heap       ] GC(170) Old regions: 90->90
[2019-06-03T12:56:32.756+0930][gc,heap       ] GC(170) Humongous regions: 129->129
[2019-06-03T12:56:32.756+0930][gc,metaspace  ] GC(170) Metaspace: 33393K->33393K(1079296K)
[2019-06-03T12:56:32.757+0930][gc            ] GC(170) Pause Young (Normal) (G1 Evacuation Pause) 591M->226M(1024M) 24.712ms
[2019-06-03T12:56:32.757+0930][gc,cpu        ] GC(170) User=0.11s Sys=0.03s Real=0.02s
[2019-06-03T12:56:35.811+0930][gc,start      ] GC(171) Pause Young (Normal) (G1 Evacuation Pause)
[2019-06-03T12:56:35.811+0930][gc,task       ] GC(171) Using 8 workers of 8 for evacuation
[2019-06-03T12:56:35.853+0930][gc,mmu        ] GC(171) MMU target violated: 21.0ms (20.0ms/21.0ms)
[2019-06-03T12:56:35.853+0930][gc,phases     ] GC(171)   Pre Evacuate Collection Set: 0.0ms
[2019-06-03T12:56:35.853+0930][gc,phases     ] GC(171)   Evacuate Collection Set: 40.9ms
[2019-06-03T12:56:35.853+0930][gc,phases     ] GC(171)   Post Evacuate Collection Set: 0.8ms
[2019-06-03T12:56:35.853+0930][gc,phases     ] GC(171)   Other: 0.4ms
[2019-06-03T12:56:35.853+0930][gc,heap       ] GC(171) Eden regions: 41->0(57)
[2019-06-03T12:56:35.853+0930][gc,heap       ] GC(171) Survivor regions: 10->4(7)
[2019-06-03T12:56:35.853+0930][gc,heap       ] GC(171) Old regions: 90->96
[2019-06-03T12:56:35.853+0930][gc,heap       ] GC(171) Humongous regions: 129->129
[2019-06-03T12:56:35.853+0930][gc,metaspace  ] GC(171) Metaspace: 33393K->33393K(1079296K)
[2019-06-03T12:56:35.853+0930][gc            ] GC(171) Pause Young (Normal) (G1 Evacuation Pause) 267M->226M(1024M) 42.418ms
[2019-06-03T12:56:35.853+0930][gc,cpu        ] GC(171) User=0.13s Sys=0.22s Real=0.05s
[2019-06-03T12:56:38.367+0930][gc,start      ] GC(172) Pause Young (Normal) (G1 Evacuation Pause)
[2019-06-03T12:56:38.367+0930][gc,task       ] GC(172) Using 8 workers of 8 for evacuation
[2019-06-03T12:56:38.375+0930][gc,phases     ] GC(172)   Pre Evacuate Collection Set: 0.0ms
[2019-06-03T12:56:38.375+0930][gc,phases     ] GC(172)   Evacuate Collection Set: 6.2ms
[2019-06-03T12:56:38.375+0930][gc,phases     ] GC(172)   Post Evacuate Collection Set: 0.8ms
[2019-06-03T12:56:38.375+0930][gc,phases     ] GC(172)   Other: 0.4ms
[2019-06-03T12:56:38.375+0930][gc,heap       ] GC(172) Eden regions: 47->0(56)
[2019-06-03T12:56:38.375+0930][gc,heap       ] GC(172) Survivor regions: 4->4(7)
[2019-06-03T12:56:38.375+0930][gc,heap       ] GC(172) Old regions: 96->96
[2019-06-03T12:56:38.375+0930][gc,heap       ] GC(172) Humongous regions: 129->129
[2019-06-03T12:56:38.375+0930][gc,metaspace  ] GC(172) Metaspace: 33393K->33393K(1079296K)
[2019-06-03T12:56:38.375+0930][gc            ] GC(172) Pause Young (Normal) (G1 Evacuation Pause) 273M->226M(1024M) 7.683ms
[2019-06-03T12:56:38.375+0930][gc,cpu        ] GC(172) User=0.00s Sys=0.00s Real=0.01s
[2019-06-03T12:56:42.554+0930][gc,start      ] GC(173) Pause Young (Normal) (G1 Evacuation Pause)
[2019-06-03T12:56:42.554+0930][gc,task       ] GC(173) Using 8 workers of 8 for evacuation
[2019-06-03T12:56:42.561+0930][gc,phases     ] GC(173)   Pre Evacuate Collection Set: 0.1ms
[2019-06-03T12:56:42.561+0930][gc,phases     ] GC(173)   Evacuate Collection Set: 6.0ms
[2019-06-03T12:56:42.561+0930][gc,phases     ] GC(173)   Post Evacuate Collection Set: 0.8ms
[2019-06-03T12:56:42.561+0930][gc,phases     ] GC(173)   Other: 0.4ms
[2019-06-03T12:56:42.561+0930][gc,heap       ] GC(173) Eden regions: 49->0(60)
[2019-06-03T12:56:42.561+0930][gc,heap       ] GC(173) Survivor regions: 4->4(7)
[2019-06-03T12:56:42.561+0930][gc,heap       ] GC(173) Old regions: 96->96
[2019-06-03T12:56:42.561+0930][gc,heap       ] GC(173) Humongous regions: 129->129
[2019-06-03T12:56:42.561+0930][gc,metaspace  ] GC(173) Metaspace: 33393K->33393K(1079296K)
[2019-06-03T12:56:42.561+0930][gc            ] GC(173) Pause Young (Normal) (G1 Evacuation Pause) 275M->226M(1024M) 7.451ms
[2019-06-03T12:56:42.561+0930][gc,cpu        ] GC(173) User=0.00s Sys=0.00s Real=0.01s
[2019-06-03T12:56:47.328+0930][gc,start      ] GC(174) Pause Young (Normal) (G1 Evacuation Pause)
[2019-06-03T12:56:47.328+0930][gc,task       ] GC(174) Using 8 workers of 8 for evacuation
[2019-06-03T12:56:47.335+0930][gc,phases     ] GC(174)   Pre Evacuate Collection Set: 0.0ms
[2019-06-03T12:56:47.335+0930][gc,phases     ] GC(174)   Evacuate Collection Set: 6.0ms
[2019-06-03T12:56:47.335+0930][gc,phases     ] GC(174)   Post Evacuate Collection Set: 0.8ms
[2019-06-03T12:56:47.335+0930][gc,phases     ] GC(174)   Other: 0.4ms
[2019-06-03T12:56:47.335+0930][gc,heap       ] GC(174) Eden regions: 56->0(67)
[2019-06-03T12:56:47.335+0930][gc,heap       ] GC(174) Survivor regions: 4->4(8)
